
> medstint2@0.0.1 build
> next build

   Γû▓ Next.js 15.5.3
   - Environments: .env.local, .env.production, .env
   - Experiments (use with caution):
     ┬╖ optimizePackageImports

   Creating an optimized production build ...
node.exe :  ΓÜá Compiled with warnings in 13.9s
At C:\Users\Administrator\.trae\binaries\node\versions\22.17.1\npm.ps1:29 char:3
+   & $NODE_EXE $NPM_CLI_JS $args
+   ~~~~~~~~~~~~~~~~~~~~~~~~~~~~~
    + CategoryInfo          : NotSpecified: ( ΓÜá Compiled with warnings in 13.9s:String) [], RemoteException
    + FullyQualifiedErrorId : NativeCommandError
 

./node_modules/framer-motion/dist/cjs/feature-bundle-PNQ-8QDo.js
Module not found: Can't resolve '@emotion/is-prop-valid' in 'C:\Users\Administrator\Desktop\MedStintClerk1 - Backup\node_modules\framer-motion\dist\cjs'

Import trace for requested module:
./node_modules/framer-motion/dist/cjs/feature-bundle-PNQ-8QDo.js
./node_modules/framer-motion/dist/cjs/index.js
./src/components/ui/motion.tsx
./src/components/layout/mode-toggle.tsx
./src/components/layout/dashboard-layout-client.tsx

./src/app/dashboard/clinical-supervisor/competencies/page.tsx
The generated code contains 'async/await' because this module is using "topLevelAwait".
However, your target environment does not appear to support 'async/await'.
As a result, the code may not run as expected or may cause runtime errors.

Import trace for requested module:
./src/app/dashboard/clinical-supervisor/competencies/page.tsx

./src/app/dashboard/clinical-supervisor/competencies/page.tsx
The generated code contains 'async/await' because this module is using "topLevelAwait".
However, your target environment does not appear to support 'async/await'.
As a result, the code may not run as expected or may cause runtime errors.

Import trace for requested module:
./src/app/dashboard/clinical-supervisor/competencies/page.tsx

./src/app/api/facility-management/route.ts
Attempted import error: 'facilityManagement' is not exported from '@/database/schema' (imported as 'facilityManagement').

Import trace for requested module:
./src/app/api/facility-management/route.ts

./src/app/api/facility-management/route.ts
Attempted import error: 'facilityManagement' is not exported from '@/database/schema' (imported as 'facilityManagement').

Import trace for requested module:
./src/app/api/facility-management/route.ts

./src/app/api/facility-management/route.ts
Attempted import error: 'facilityManagement' is not exported from '@/database/schema' (imported as 'facilityManagement').

Import trace for requested module:
./src/app/api/facility-management/route.ts

./src/app/api/facility-management/route.ts
Attempted import error: 'facilityManagement' is not exported from '@/database/schema' (imported as 'facilityManagement').

Import trace for requested module:
./src/app/api/facility-management/route.ts

./src/app/api/facility-management/route.ts
Attempted import error: 'facilityManagement' is not exported from '@/database/schema' (imported as 'facilityManagement').

Import trace for requested module:
./src/app/api/facility-management/route.ts

./src/app/api/facility-management/route.ts
Attempted import error: 'facilityManagement' is not exported from '@/database/schema' (imported as 'facilityManagement').

Import trace for requested module:
./src/app/api/facility-management/route.ts

./src/app/api/facility-management/route.ts
Attempted import error: 'facilityManagement' is not exported from '@/database/schema' (imported as 'facilityManagement').

Import trace for requested module:
./src/app/api/facility-management/route.ts

./src/app/api/facility-management/route.ts
Attempted import error: 'facilityManagement' is not exported from '@/database/schema' (imported as 'facilityManagement').

Import trace for requested module:
./src/app/api/facility-management/route.ts

./src/app/api/facility-management/route.ts
Attempted import error: 'facilityManagement' is not exported from '@/database/schema' (imported as 'facilityManagement').

Import trace for requested module:
./src/app/api/facility-management/route.ts

./src/app/api/facility-management/route.ts
Attempted import error: 'facilityManagement' is not exported from '@/database/schema' (imported as 'facilityManagement').

Import trace for requested module:
./src/app/api/facility-management/route.ts

./src/app/api/facility-management/route.ts
Attempted import error: 'facilityManagement' is not exported from '@/database/schema' (imported as 'facilityManagement').

Import trace for requested module:
./src/app/api/facility-management/route.ts

./src/app/api/facility-management/route.ts
Attempted import error: 'facilityManagement' is not exported from '@/database/schema' (imported as 'facilityManagement').

Import trace for requested module:
./src/app/api/facility-management/route.ts

./src/app/api/facility-management/route.ts
Attempted import error: 'facilityManagement' is not exported from '@/database/schema' (imported as 'facilityManagement').

Import trace for requested module:
./src/app/api/facility-management/route.ts

./src/app/api/facility-management/route.ts
Attempted import error: 'facilityManagement' is not exported from '@/database/schema' (imported as 'facilityManagement').

Import trace for requested module:
./src/app/api/facility-management/route.ts

   Linting and checking validity of types ...
(node:23516) [MODULE_TYPELESS_PACKAGE_JSON] Warning: Module type of 
file:///C:/Users/Administrator/Desktop/MedStintClerk1%20-%20Backup/eslint.config.js?mtime=1758247793955 is not specified and it doesn't parse as CommonJS.
Reparsing as ES module because module syntax was detected. This incurs a performance overhead.
To eliminate this warning, add "type": "module" to C:\Users\Administrator\Desktop\MedStintClerk1 - Backup\package.json.
(Use `node --trace-warnings ...` to show where the warning was created)

Failed to compile.

./src/app/(marketing)/layout.tsx
2:67  Error: 'React' is not defined.  no-undef

./src/app/actions/medstint.ts
3:45  Error: 'sum' is defined but never used.  @typescript-eslint/no-unused-vars
60:7  Error: 'setTimeout' is not defined.  no-undef
86:9  Error: 'console' is not defined.  no-undef
86:9  Warning: Unexpected console statement.  no-console
123:9  Error: 'console' is not defined.  no-undef
123:9  Warning: Unexpected console statement.  no-console
158:9  Error: 'console' is not defined.  no-undef
158:9  Warning: Unexpected console statement.  no-console
174:9  Error: 'console' is not defined.  no-undef
174:9  Warning: Unexpected console statement.  no-console
200:9  Error: 'console' is not defined.  no-undef
200:9  Warning: Unexpected console statement.  no-console
249:9  Error: 'console' is not defined.  no-undef
249:9  Warning: Unexpected console statement.  no-console
275:9  Error: 'console' is not defined.  no-undef
275:9  Warning: Unexpected console statement.  no-console
295:5  Error: 'console' is not defined.  no-undef
295:5  Warning: Unexpected console statement.  no-console
315:28  Error: 'fetch' is not defined.  no-undef
336:5  Error: 'console' is not defined.  no-undef
336:5  Warning: Unexpected console statement.  no-console
346:28  Error: 'fetch' is not defined.  no-undef
367:5  Error: 'console' is not defined.  no-undef
367:5  Warning: Unexpected console statement.  no-console
397:5  Error: 'console' is not defined.  no-undef
397:5  Warning: Unexpected console statement.  no-console
426:5  Error: 'console' is not defined.  no-undef
426:5  Warning: Unexpected console statement.  no-console
463:5  Error: 'console' is not defined.  no-undef
463:5  Warning: Unexpected console statement.  no-console
508:5  Error: 'console' is not defined.  no-undef
508:5  Warning: Unexpected console statement.  no-console
526:5  Error: 'console' is not defined.  no-undef
526:5  Warning: Unexpected console statement.  no-console
540:28  Error: 'fetch' is not defined.  no-undef
558:5  Error: 'console' is not defined.  no-undef
558:5  Warning: Unexpected console statement.  no-console
574:30  Error: 'URLSearchParams' is not defined.  no-undef
581:28  Error: 'fetch' is not defined.  no-undef
590:5  Error: 'console' is not defined.  no-undef
590:5  Warning: Unexpected console statement.  no-console
604:28  Error: 'fetch' is not defined.  no-undef
625:5  Error: 'console' is not defined.  no-undef
625:5  Warning: Unexpected console statement.  no-console
635:28  Error: 'fetch' is not defined.  no-undef
653:5  Error: 'console' is not defined.  no-undef
653:5  Warning: Unexpected console statement.  no-console
663:28  Error: 'fetch' is not defined.  no-undef
676:5  Error: 'console' is not defined.  no-undef
676:5  Warning: Unexpected console statement.  no-console
686:28  Error: 'fetch' is not defined.  no-undef
695:5  Error: 'console' is not defined.  no-undef
695:5  Warning: Unexpected console statement.  no-console

./src/app/actions.ts
34:51  Error: 'FormData' is not defined.  no-undef
65:5  Error: 'console' is not defined.  no-undef
65:5  Warning: Unexpected console statement.  no-console
108:5  Error: 'console' is not defined.  no-undef
108:5  Warning: Unexpected console statement.  no-console
129:7  Error: 'console' is not defined.  no-undef
129:7  Warning: Unexpected console statement.  no-console
164:7  Error: 'console' is not defined.  no-undef
164:7  Warning: Unexpected console statement.  no-console
188:7  Error: 'console' is not defined.  no-undef
188:7  Warning: Unexpected console statement.  no-console
202:50  Error: 'FormData' is not defined.  no-undef
216:11  Error: '_validatedData' is assigned a value but never used.  @typescript-eslint/no-unused-vars
238:5  Error: 'console' is not defined.  no-undef
238:5  Warning: Unexpected console statement.  no-console
267:5  Error: 'console' is not defined.  no-undef
267:5  Warning: Unexpected console statement.  no-console
301:19  Error: Unreachable code.  no-unreachable
302:5  Error: 'console' is not defined.  no-undef
302:5  Warning: Unexpected console statement.  no-console
337:5  Error: 'console' is not defined.  no-undef
337:5  Warning: Unexpected console statement.  no-console
354:5  Error: 'console' is not defined.  no-undef
354:5  Warning: Unexpected console statement.  no-console

./src/app/admin/setup/page.tsx
28:30  Error: 'fetch' is not defined.  no-undef
35:7  Error: 'console' is not defined.  no-undef
35:7  Warning: Unexpected console statement.  no-console
58:30  Error: 'fetch' is not defined.  no-undef
76:7  Error: 'console' is not defined.  no-undef
76:7  Warning: Unexpected console statement.  no-console

./src/app/api/accreditation-options/route.ts
60:5  Error: 'console' is not defined.  no-undef
60:5  Warning: Unexpected console statement.  no-console
67:34  Error: 'URL' is not defined.  no-undef
81:5  Error: 'console' is not defined.  no-undef
81:5  Warning: Unexpected console statement.  no-console
125:5  Error: 'console' is not defined.  no-undef
125:5  Warning: Unexpected console statement.  no-console
131:7  Error: 'console' is not defined.  no-undef
131:7  Warning: Unexpected console statement.  no-console

./src/app/api/accreditation-options/[id]/route.ts
33:11  Error: '_context' is assigned a value but never used.  @typescript-eslint/no-unused-vars
34:34  Error: 'URL' is not defined.  no-undef
139:5  Error: 'console' is not defined.  no-undef
139:5  Warning: Unexpected console statement.  no-console
218:5  Error: 'console' is not defined.  no-undef
218:5  Warning: Unexpected console statement.  no-console
343:5  Error: 'console' is not defined.  no-undef
343:5  Warning: Unexpected console statement.  no-console
358:34  Error: 'URL' is not defined.  no-undef
414:5  Error: 'console' is not defined.  no-undef
414:5  Warning: Unexpected console statement.  no-console

./src/app/api/admin/db-health/route.ts
31:5  Error: 'console' is not defined.  no-undef
31:5  Warning: Unexpected console statement.  no-console
45:34  Error: 'URL' is not defined.  no-undef
96:5  Error: 'console' is not defined.  no-undef
96:5  Warning: Unexpected console statement.  no-console
166:5  Error: 'console' is not defined.  no-undef
166:5  Warning: Unexpected console statement.  no-console
172:7  Error: 'console' is not defined.  no-undef
172:7  Warning: Unexpected console statement.  no-console

./src/app/api/admin/performance/route.ts
113:5  Error: 'console' is not defined.  no-undef
113:5  Warning: Unexpected console statement.  no-console
120:34  Error: 'URL' is not defined.  no-undef
225:9  Error: 'console' is not defined.  no-undef
225:9  Warning: Unexpected console statement.  no-console
277:5  Error: 'console' is not defined.  no-undef
277:5  Warning: Unexpected console statement.  no-console
347:5  Error: 'console' is not defined.  no-undef
347:5  Warning: Unexpected console statement.  no-console
353:7  Error: 'console' is not defined.  no-undef
353:7  Warning: Unexpected console statement.  no-console

./src/app/api/admin/setup/route.ts
46:5  Error: 'console' is not defined.  no-undef
46:5  Warning: Unexpected console statement.  no-console
52:7  Error: 'console' is not defined.  no-undef
52:7  Warning: Unexpected console statement.  no-console

./src/app/api/admin/setup-status/route.ts
25:5  Error: 'console' is not defined.  no-undef
25:5  Warning: Unexpected console statement.  no-console
53:5  Error: 'console' is not defined.  no-undef
53:5  Warning: Unexpected console statement.  no-console

./src/app/api/analytics/onboarding/route.ts
43:5  Error: 'console' is not defined.  no-undef
43:5  Warning: Unexpected console statement.  no-console
158:5  Error: 'console' is not defined.  no-undef
158:5  Warning: Unexpected console statement.  no-console

./src/app/api/assessments/route.ts
55:5  Error: 'console' is not defined.  no-undef
55:5  Warning: Unexpected console statement.  no-console
63:34  Error: 'URL' is not defined.  no-undef
69:11  Error: '_type' is assigned a value but never used.  @typescript-eslint/no-unused-vars
70:11  Error: '_method' is assigned a value but never used.  @typescript-eslint/no-unused-vars
177:5  Error: 'console' is not defined.  no-undef
177:5  Warning: Unexpected console statement.  no-console
271:11  Error: 'crypto' is not defined.  no-undef
301:5  Error: 'console' is not defined.  no-undef
301:5  Warning: Unexpected console statement.  no-console
313:7  Error: 'console' is not defined.  no-undef
313:7  Warning: Unexpected console statement.  no-console
413:5  Error: 'console' is not defined.  no-undef
413:5  Warning: Unexpected console statement.  no-console
425:7  Error: 'console' is not defined.  no-undef
425:7  Warning: Unexpected console statement.  no-console
436:34  Error: 'URL' is not defined.  no-undef
466:5  Error: 'console' is not defined.  no-undef
466:5  Warning: Unexpected console statement.  no-console
472:7  Error: 'console' is not defined.  no-undef
472:7  Warning: Unexpected console statement.  no-console

./src/app/api/audit-logs/route.ts
17:7  Error: '_USER_ROLES' is assigned a value but never used.  @typescript-eslint/no-unused-vars
96:7  Error: '_generateIntegrityHash' is assigned a value but never used.  @typescript-eslint/no-unused-vars
204:3  Error: 'console' is not defined.  no-undef
204:3  Warning: Unexpected console statement.  no-console
207:7  Error: 'process' is not defined.  no-undef
324:7  Error: '_bulkDeleteSchema' is assigned a value but never used.  @typescript-eslint/no-unused-vars
330:7  Error: '_retentionPolicySchema' is assigned a value but never used.  @typescript-eslint/no-unused-vars
364:5  Error: 'console' is not defined.  no-undef
364:5  Warning: Unexpected console statement.  no-console
421:34  Error: 'URL' is not defined.  no-undef
506:39  Error: 'Buffer' is not defined.  no-undef
552:20  Error: 'Buffer' is not defined.  no-undef
633:15  Error: 'crypto' is not defined.  no-undef
683:11  Error: 'process' is not defined.  no-undef
794:15  Error: 'crypto' is not defined.  no-undef
798:22  Error: 'crypto' is not defined.  no-undef
866:13  Error: '_result' is assigned a value but never used.  @typescript-eslint/no-unused-vars
874:13  Error: 'crypto' is not defined.  no-undef
921:13  Error: 'process' is not defined.  no-undef
935:11  Error: 'process' is not defined.  no-undef
1044:34  Error: 'URL' is not defined.  no-undef
1224:13  Error: 'process' is not defined.  no-undef
1236:13  Error: 'crypto' is not defined.  no-undef
1256:7  Error: 'console' is not defined.  no-undef
1256:7  Warning: Unexpected console statement.  no-console
1280:11  Error: 'process' is not defined.  no-undef

./src/app/api/auth/redirect/route.ts
7:37  Error: 'Request' is not defined.  no-undef
23:5  Error: 'console' is not defined.  no-undef
23:5  Warning: Unexpected console statement.  no-console
29:19  Error: 'process' is not defined.  no-undef
33:23  Error: 'process' is not defined.  no-undef
34:28  Error: 'process' is not defined.  no-undef
42:7  Error: 'console' is not defined.  no-undef
42:7  Warning: Unexpected console statement.  no-console
43:40  Error: 'URL' is not defined.  no-undef
49:7  Error: 'setTimeout' is not defined.  no-undef
57:40  Error: 'URL' is not defined.  no-undef
64:40  Error: 'URL' is not defined.  no-undef
68:40  Error: 'URL' is not defined.  no-undef
75:38  Error: 'URL' is not defined.  no-undef
77:5  Error: 'console' is not defined.  no-undef
77:5  Warning: Unexpected console statement.  no-console
82:9  Error: 'console' is not defined.  no-undef
82:9  Warning: Unexpected console statement.  no-console
83:42  Error: 'URL' is not defined.  no-undef
86:9  Error: 'console' is not defined.  no-undef
86:9  Warning: Unexpected console statement.  no-console
87:42  Error: 'URL' is not defined.  no-undef
92:38  Error: 'URL' is not defined.  no-undef

./src/app/api/auth-test/route.ts
22:5  Error: 'console' is not defined.  no-undef
22:5  Warning: Unexpected console statement.  no-console

./src/app/api/billing/cancel-subscription/route.ts
52:5  Error: 'console' is not defined.  no-undef
52:5  Warning: Unexpected console statement.  no-console
58:7  Error: 'console' is not defined.  no-undef
58:7  Warning: Unexpected console statement.  no-console

./src/app/api/billing/create-subscription/route.ts
55:11  Error: 'crypto' is not defined.  no-undef
59:36  Error: 'crypto' is not defined.  no-undef
77:5  Error: 'console' is not defined.  no-undef
77:5  Warning: Unexpected console statement.  no-console
89:7  Error: 'console' is not defined.  no-undef
89:7  Warning: Unexpected console statement.  no-console

./src/app/api/clinical-sites/locations/route.ts
19:34  Error: 'URL' is not defined.  no-undef
121:31  Warning: Unexpected any. Specify a different type.  @typescript-eslint/no-explicit-any
143:5  Error: 'console' is not defined.  no-undef
143:5  Warning: Unexpected console statement.  no-console

./src/app/api/clinical-sites/route.ts
46:5  Error: 'console' is not defined.  no-undef
46:5  Warning: Unexpected console statement.  no-console
53:34  Error: 'URL' is not defined.  no-undef
71:5  Error: 'console' is not defined.  no-undef
71:5  Warning: Unexpected console statement.  no-console
124:5  Error: 'console' is not defined.  no-undef
124:5  Warning: Unexpected console statement.  no-console
135:7  Error: 'console' is not defined.  no-undef
135:7  Warning: Unexpected console statement.  no-console
191:5  Error: 'console' is not defined.  no-undef
191:5  Warning: Unexpected console statement.  no-console
202:7  Error: 'console' is not defined.  no-undef
202:7  Warning: Unexpected console statement.  no-console
219:34  Error: 'URL' is not defined.  no-undef
245:5  Error: 'console' is not defined.  no-undef
245:5  Warning: Unexpected console statement.  no-console
251:7  Error: 'console' is not defined.  no-undef
251:7  Warning: Unexpected console statement.  no-console

./src/app/api/clinical-sites/[id]/locations/route.ts
18:11  Error: 'UpdateLocationRequest' is defined but never used.  @typescript-eslint/no-unused-vars
85:5  Error: 'console' is not defined.  no-undef
85:5  Warning: Unexpected console statement.  no-console
204:5  Error: 'console' is not defined.  no-undef
204:5  Warning: Unexpected console statement.  no-console
306:23  Warning: Unexpected any. Specify a different type.  @typescript-eslint/no-explicit-any
337:5  Error: 'console' is not defined.  no-undef
337:5  Warning: Unexpected console statement.  no-console
361:34  Error: 'URL' is not defined.  no-undef
401:5  Error: 'console' is not defined.  no-undef
401:5  Warning: Unexpected console statement.  no-console

./src/app/api/clock/sync-in/route.ts
51:7  Error: 'clientTimestamp' is assigned a value but never used.  @typescript-eslint/no-unused-vars
178:14  Error: 'Response' is not defined.  no-undef

./src/app/api/clock/sync-out/route.ts
50:7  Error: 'clientTimestamp' is assigned a value but never used.  @typescript-eslint/no-unused-vars
197:14  Error: 'Response' is not defined.  no-undef

./src/app/api/competencies/route.ts
59:5  Error: 'console' is not defined.  no-undef
59:5  Warning: Unexpected console statement.  no-console
66:11  Error: '_context' is assigned a value but never used.  @typescript-eslint/no-unused-vars
67:34  Error: 'URL' is not defined.  no-undef
160:5  Error: 'console' is not defined.  no-undef
160:5  Warning: Unexpected console statement.  no-console
198:13  Error: 'crypto' is not defined.  no-undef
225:5  Error: 'console' is not defined.  no-undef
225:5  Warning: Unexpected console statement.  no-console
237:7  Error: 'console' is not defined.  no-undef
237:7  Warning: Unexpected console statement.  no-console
340:5  Error: 'console' is not defined.  no-undef
340:5  Warning: Unexpected console statement.  no-console
352:7  Error: 'console' is not defined.  no-undef
352:7  Warning: Unexpected console statement.  no-console
363:34  Error: 'URL' is not defined.  no-undef
406:5  Error: 'console' is not defined.  no-undef
406:5  Warning: Unexpected console statement.  no-console
412:7  Error: 'console' is not defined.  no-undef
412:7  Warning: Unexpected console statement.  no-console

./src/app/api/competency-analytics/route.ts
309:5  Error: 'console' is not defined.  no-undef
309:5  Warning: Unexpected console statement.  no-console
321:34  Error: 'URL' is not defined.  no-undef
349:11  Error: '_cacheKey' is assigned a value but never used.  @typescript-eslint/no-unused-vars
424:7  Error: 'console' is not defined.  no-undef
424:7  Warning: Unexpected console statement.  no-console
435:7  Error: '_cacheTTL' is assigned a value but never used.  @typescript-eslint/no-unused-vars
468:5  Error: 'console' is not defined.  no-undef
468:5  Warning: Unexpected console statement.  no-console
514:5  Error: 'console' is not defined.  no-undef
514:5  Warning: Unexpected console statement.  no-console
526:7  Error: 'console' is not defined.  no-undef
526:7  Warning: Unexpected console statement.  no-console
547:34  Error: 'URL' is not defined.  no-undef
562:5  Error: 'console' is not defined.  no-undef
562:5  Warning: Unexpected console statement.  no-console
568:7  Error: 'console' is not defined.  no-undef
568:7  Warning: Unexpected console statement.  no-console

./src/app/api/competency-assessments/route.ts
110:5  Error: 'console' is not defined.  no-undef
110:5  Warning: Unexpected console statement.  no-console
122:34  Error: 'URL' is not defined.  no-undef
214:5  Error: 'console' is not defined.  no-undef
214:5  Warning: Unexpected console statement.  no-console
279:5  Error: 'console' is not defined.  no-undef
279:5  Warning: Unexpected console statement.  no-console
292:5  Error: 'console' is not defined.  no-undef
292:5  Warning: Unexpected console statement.  no-console
304:7  Error: 'console' is not defined.  no-undef
304:7  Warning: Unexpected console statement.  no-console
351:17  Error: '_submission' is assigned a value but never used.  @typescript-eslint/no-unused-vars
361:7  Error: 'console' is not defined.  no-undef
361:7  Warning: Unexpected console statement.  no-console
373:5  Error: 'console' is not defined.  no-undef
373:5  Warning: Unexpected console statement.  no-console
385:7  Error: 'console' is not defined.  no-undef
385:7  Warning: Unexpected console statement.  no-console

./src/app/api/competency-assignments/route.ts
36:11  Error: '_context' is assigned a value but never used.  @typescript-eslint/no-unused-vars
37:34  Error: 'URL' is not defined.  no-undef
150:5  Error: 'console' is not defined.  no-undef
150:5  Warning: Unexpected console statement.  no-console
229:13  Error: 'crypto' is not defined.  no-undef
292:11  Error: 'crypto' is not defined.  no-undef
331:5  Error: 'console' is not defined.  no-undef
331:5  Warning: Unexpected console statement.  no-console
409:5  Error: 'console' is not defined.  no-undef
409:5  Warning: Unexpected console statement.  no-console

./src/app/api/competency-assignments/[id]/progress/route.ts
221:5  Error: 'console' is not defined.  no-undef
221:5  Warning: Unexpected console statement.  no-console
344:5  Error: 'console' is not defined.  no-undef
344:5  Warning: Unexpected console statement.  no-console
440:11  Error: '_results' is assigned a value but never used.  @typescript-eslint/no-unused-vars
505:5  Error: 'console' is not defined.  no-undef
505:5  Warning: Unexpected console statement.  no-console

./src/app/api/competency-assignments/[id]/route.ts
25:7  Error: '_progressUpdateSchema' is assigned a value but never used.  @typescript-eslint/no-unused-vars
48:5  Error: 'console' is not defined.  no-undef
48:5  Warning: Unexpected console statement.  no-console
124:5  Error: 'console' is not defined.  no-undef
124:5  Warning: Unexpected console statement.  no-console
224:5  Error: 'console' is not defined.  no-undef
224:5  Warning: Unexpected console statement.  no-console
236:7  Error: 'console' is not defined.  no-undef
236:7  Warning: Unexpected console statement.  no-console
296:5  Error: 'console' is not defined.  no-undef
296:5  Warning: Unexpected console statement.  no-console
302:7  Error: 'console' is not defined.  no-undef
302:7  Warning: Unexpected console statement.  no-console

./src/app/api/competency-deployments/route.ts
58:5  Error: 'console' is not defined.  no-undef
58:5  Warning: Unexpected console statement.  no-console
66:34  Error: 'URL' is not defined.  no-undef
74:11  Error: '_scope' is assigned a value but never used.  @typescript-eslint/no-unused-vars
170:5  Error: 'console' is not defined.  no-undef
170:5  Warning: Unexpected console statement.  no-console
230:26  Error: 'crypto' is not defined.  no-undef
294:5  Error: 'console' is not defined.  no-undef
294:5  Warning: Unexpected console statement.  no-console
306:7  Error: 'console' is not defined.  no-undef
306:7  Warning: Unexpected console statement.  no-console
388:5  Error: 'console' is not defined.  no-undef
388:5  Warning: Unexpected console statement.  no-console
400:7  Error: 'console' is not defined.  no-undef
400:7  Warning: Unexpected console statement.  no-console
416:9  Error: '_assignmentId' is assigned a value but never used.  @typescript-eslint/no-unused-vars
416:25  Error: 'crypto' is not defined.  no-undef

./src/app/api/competency-deployments/[id]/actions/route.ts
207:5  Error: 'console' is not defined.  no-undef
207:5  Warning: Unexpected console statement.  no-console
219:7  Error: 'console' is not defined.  no-undef
219:7  Warning: Unexpected console statement.  no-console
227:16  Error: '_createDeploymentAssignments' is defined but never used.  @typescript-eslint/no-unused-vars
255:17  Error: '_programIds' is assigned a value but never used.  @typescript-eslint/no-unused-vars
284:13  Error: 'crypto' is not defined.  no-undef
305:5  Error: 'console' is not defined.  no-undef
305:5  Warning: Unexpected console statement.  no-console

./src/app/api/competency-deployments/[id]/route.ts
83:7  Error: 'console' is not defined.  no-undef
83:7  Warning: Unexpected console statement.  no-console
100:5  Error: 'console' is not defined.  no-undef
100:5  Warning: Unexpected console statement.  no-console
173:5  Error: 'console' is not defined.  no-undef
173:5  Warning: Unexpected console statement.  no-console
179:7  Error: 'console' is not defined.  no-undef
179:7  Warning: Unexpected console statement.  no-console

./src/app/api/competency-notifications/route.ts
111:16  Error: '_generateAutomaticNotifications' is defined but never used.  @typescript-eslint/no-unused-vars
113:9  Error: '_tomorrow' is assigned a value but never used.  @typescript-eslint/no-unused-vars
204:5  Error: 'console' is not defined.  no-undef
204:5  Warning: Unexpected console statement.  no-console
216:34  Error: 'URL' is not defined.  no-undef
317:5  Error: 'console' is not defined.  no-undef
317:5  Warning: Unexpected console statement.  no-console
364:7  Error: 'console' is not defined.  no-undef
364:7  Warning: Unexpected console statement.  no-console
397:5  Error: 'console' is not defined.  no-undef
397:5  Warning: Unexpected console statement.  no-console
408:5  Error: 'console' is not defined.  no-undef
408:5  Warning: Unexpected console statement.  no-console
420:7  Error: 'console' is not defined.  no-undef
420:7  Warning: Unexpected console statement.  no-console
495:7  Error: 'console' is not defined.  no-undef
495:7  Warning: Unexpected console statement.  no-console
503:5  Error: 'console' is not defined.  no-undef
503:5  Warning: Unexpected console statement.  no-console
515:7  Error: 'console' is not defined.  no-undef
515:7  Warning: Unexpected console statement.  no-console
536:34  Error: 'URL' is not defined.  no-undef
565:5  Error: 'console' is not defined.  no-undef
565:5  Warning: Unexpected console statement.  no-console
571:7  Error: 'console' is not defined.  no-undef
571:7  Warning: Unexpected console statement.  no-console

./src/app/api/competency-progress/route.ts
87:5  Error: 'console' is not defined.  no-undef
87:5  Warning: Unexpected console statement.  no-console
99:34  Error: 'URL' is not defined.  no-undef
109:11  Error: '_cacheParams' is assigned a value but never used.  @typescript-eslint/no-unused-vars
212:5  Error: 'console' is not defined.  no-undef
212:5  Warning: Unexpected console statement.  no-console
267:5  Error: 'console' is not defined.  no-undef
267:5  Warning: Unexpected console statement.  no-console
285:5  Error: 'console' is not defined.  no-undef
285:5  Warning: Unexpected console statement.  no-console
297:7  Error: 'console' is not defined.  no-undef
297:7  Warning: Unexpected console statement.  no-console
354:7  Error: 'console' is not defined.  no-undef
354:7  Warning: Unexpected console statement.  no-console
379:5  Error: 'console' is not defined.  no-undef
379:5  Warning: Unexpected console statement.  no-console
391:7  Error: 'console' is not defined.  no-undef
391:7  Warning: Unexpected console statement.  no-console

./src/app/api/competency-submissions/route.ts
105:5  Error: 'console' is not defined.  no-undef
105:5  Warning: Unexpected console statement.  no-console
145:21  Error: 'URL' is not defined.  no-undef
314:20  Error: 'crypto' is not defined.  no-undef
318:5  Error: 'console' is not defined.  no-undef
318:5  Warning: Unexpected console statement.  no-console
487:17  Error: 'crypto' is not defined.  no-undef
558:17  Error: 'crypto' is not defined.  no-undef
621:9  Error: 'console' is not defined.  no-undef
621:9  Warning: Unexpected console statement.  no-console
636:21  Error: 'crypto' is not defined.  no-undef
671:20  Error: 'crypto' is not defined.  no-undef
680:5  Error: 'console' is not defined.  no-undef
680:5  Warning: Unexpected console statement.  no-console
688:7  Error: 'console' is not defined.  no-undef
688:7  Warning: Unexpected console statement.  no-console

./src/app/api/competency-templates/bulk/route.ts
119:30  Error: 'crypto' is not defined.  no-undef
164:19  Error: 'crypto' is not defined.  no-undef
197:13  Error: 'crypto' is not defined.  no-undef
235:5  Error: 'console' is not defined.  no-undef
235:5  Warning: Unexpected console statement.  no-console
247:7  Error: 'console' is not defined.  no-undef
247:7  Warning: Unexpected console statement.  no-console
271:5  Error: 'console' is not defined.  no-undef
271:5  Warning: Unexpected console statement.  no-console
280:34  Error: 'URL' is not defined.  no-undef
345:11  Error: 'crypto' is not defined.  no-undef
414:5  Error: 'console' is not defined.  no-undef
414:5  Warning: Unexpected console statement.  no-console

./src/app/api/competency-templates/route.ts
41:7  Error: '_bulkImportSchema' is assigned a value but never used.  @typescript-eslint/no-unused-vars
64:5  Error: 'console' is not defined.  no-undef
64:5  Warning: Unexpected console statement.  no-console
72:34  Error: 'URL' is not defined.  no-undef
83:11  Error: '_isPublic' is assigned a value but never used.  @typescript-eslint/no-unused-vars
85:11  Error: '_tags' is assigned a value but never used.  @typescript-eslint/no-unused-vars
181:5  Error: 'console' is not defined.  no-undef
181:5  Warning: Unexpected console statement.  no-console
222:13  Error: 'crypto' is not defined.  no-undef
261:5  Error: 'console' is not defined.  no-undef
261:5  Warning: Unexpected console statement.  no-console
273:7  Error: 'console' is not defined.  no-undef
273:7  Warning: Unexpected console statement.  no-console
354:5  Error: 'console' is not defined.  no-undef
354:5  Warning: Unexpected console statement.  no-console
366:7  Error: 'console' is not defined.  no-undef
366:7  Warning: Unexpected console statement.  no-console
383:34  Error: 'URL' is not defined.  no-undef
447:5  Error: 'console' is not defined.  no-undef
447:5  Warning: Unexpected console statement.  no-console
453:7  Error: 'console' is not defined.  no-undef
453:7  Warning: Unexpected console statement.  no-console

./src/app/api/competency-templates/[id]/route.ts
32:5  Error: 'console' is not defined.  no-undef
32:5  Warning: Unexpected console statement.  no-console
95:5  Error: 'console' is not defined.  no-undef
95:5  Warning: Unexpected console statement.  no-console
155:27  Error: 'crypto' is not defined.  no-undef
185:17  Error: 'crypto' is not defined.  no-undef
220:5  Error: 'console' is not defined.  no-undef
220:5  Warning: Unexpected console statement.  no-console
226:7  Error: 'console' is not defined.  no-undef
226:7  Warning: Unexpected console statement.  no-console

./src/app/api/evaluations/route.ts
56:7  Error: 'console' is not defined.  no-undef
56:7  Warning: Unexpected console statement.  no-console
88:24  Error: 'crypto' is not defined.  no-undef
135:27  Error: 'crypto' is not defined.  no-undef
180:5  Error: 'console' is not defined.  no-undef
180:5  Warning: Unexpected console statement.  no-console
211:7  Error: 'console' is not defined.  no-undef
211:7  Warning: Unexpected console statement.  no-console

./src/app/api/facility-management/route.ts
51:21  Error: 'URL' is not defined.  no-undef
116:5  Error: 'console' is not defined.  no-undef
116:5  Warning: Unexpected console statement.  no-console
199:5  Error: 'console' is not defined.  no-undef
199:5  Warning: Unexpected console statement.  no-console
230:21  Error: 'URL' is not defined.  no-undef
254:23  Warning: Unexpected any. Specify a different type.  @typescript-eslint/no-explicit-any
312:5  Error: 'console' is not defined.  no-undef
312:5  Warning: Unexpected console statement.  no-console
343:21  Error: 'URL' is not defined.  no-undef
379:5  Error: 'console' is not defined.  no-undef
379:5  Warning: Unexpected console statement.  no-console

./src/app/api/handler-test/route.ts
22:5  Error: 'console' is not defined.  no-undef
22:5  Warning: Unexpected console statement.  no-console
39:5  Error: 'console' is not defined.  no-undef
39:5  Warning: Unexpected console statement.  no-console

./src/app/api/health/route.ts
26:5  Error: 'console' is not defined.  no-undef
26:5  Warning: Unexpected console statement.  no-console
48:15  Error: 'process' is not defined.  no-undef
49:20  Error: 'process' is not defined.  no-undef
50:16  Error: 'process' is not defined.  no-undef
53:26  Error: 'process' is not defined.  no-undef
54:27  Error: 'process' is not defined.  no-undef
64:7  Error: 'console' is not defined.  no-undef
64:7  Warning: Unexpected console statement.  no-console
70:5  Error: 'console' is not defined.  no-undef
70:5  Warning: Unexpected console statement.  no-console

./src/app/api/location/capture/route.ts
6:3  Error: 'locationVerifications' is defined but never used.  @typescript-eslint/no-unused-vars
8:3  Error: 'locationPermissions' is defined but never used.  @typescript-eslint/no-unused-vars
20:14  Warning: Unexpected any. Specify a different type.  @typescript-eslint/no-explicit-any
112:7  Error: 'timestamp' is assigned a value but never used.  @typescript-eslint/no-unused-vars
150:23  Warning: Unexpected any. Specify a different type.  @typescript-eslint/no-explicit-any
225:5  Error: 'console' is not defined.  no-undef
225:5  Warning: Unexpected console statement.  no-console
248:34  Error: 'URL' is not defined.  no-undef
317:5  Error: 'console' is not defined.  no-undef
317:5  Warning: Unexpected console statement.  no-console

./src/app/api/location/permissions/route.ts
11:14  Warning: Unexpected any. Specify a different type.  @typescript-eslint/no-explicit-any
14:27  Error: 'request' is defined but never used. Allowed unused args must match /^_/u.  @typescript-eslint/no-unused-vars
52:5  Error: 'console' is not defined.  no-undef
52:5  Warning: Unexpected console statement.  no-console
126:5  Error: 'console' is not defined.  no-undef
126:5  Warning: Unexpected console statement.  no-console
138:30  Error: 'request' is defined but never used. Allowed unused args must match /^_/u.  @typescript-eslint/no-unused-vars
160:5  Error: 'console' is not defined.  no-undef
160:5  Warning: Unexpected console statement.  no-console

./src/app/api/location/verify/route.ts
7:3  Error: 'clinicalSiteLocations' is defined but never used.  @typescript-eslint/no-unused-vars
24:14  Warning: Unexpected any. Specify a different type.  @typescript-eslint/no-explicit-any
35:11  Error: 'VerificationResult' is defined but never used.  @typescript-eslint/no-unused-vars
63:16  Error: 'verifyLocationProximity' is defined but never used.  @typescript-eslint/no-unused-vars
132:5  Error: 'console' is not defined.  no-undef
132:5  Warning: Unexpected console statement.  no-console
141:10  Error: 'validateLocationAccuracy' is defined but never used.  @typescript-eslint/no-unused-vars
245:5  Error: 'console' is not defined.  no-undef
245:5  Warning: Unexpected console statement.  no-console
268:34  Error: 'URL' is not defined.  no-undef
332:5  Error: 'console' is not defined.  no-undef
332:5  Warning: Unexpected console statement.  no-console

./src/app/api/notification-templates/route.ts
30:7  Error: '_updateNotificationTemplateSchema' is assigned a value but never used.  @typescript-eslint/no-unused-vars
55:5  Error: 'console' is not defined.  no-undef
55:5  Warning: Unexpected console statement.  no-console
63:34  Error: 'URL' is not defined.  no-undef
148:5  Error: 'console' is not defined.  no-undef
148:5  Warning: Unexpected console statement.  no-console
170:24  Error: 'crypto' is not defined.  no-undef
211:5  Error: 'console' is not defined.  no-undef
211:5  Warning: Unexpected console statement.  no-console
223:7  Error: 'console' is not defined.  no-undef
223:7  Warning: Unexpected console statement.  no-console

./src/app/api/onboarding/analytics/route.ts
57:25  Error: 'crypto' is not defined.  no-undef
79:5  Error: 'console' is not defined.  no-undef
79:5  Warning: Unexpected console statement.  no-console
85:7  Error: 'console' is not defined.  no-undef
85:7  Warning: Unexpected console statement.  no-console
112:5  Error: 'console' is not defined.  no-undef
112:5  Warning: Unexpected console statement.  no-console
127:34  Error: 'URL' is not defined.  no-undef
167:5  Error: 'console' is not defined.  no-undef
167:5  Warning: Unexpected console statement.  no-console

./src/app/api/onboarding/progress/route.ts
26:5  Error: 'console' is not defined.  no-undef
26:5  Warning: Unexpected console statement.  no-console
69:5  Error: 'console' is not defined.  no-undef
69:5  Warning: Unexpected console statement.  no-console
131:5  Error: 'console' is not defined.  no-undef
131:5  Warning: Unexpected console statement.  no-console
137:7  Error: 'console' is not defined.  no-undef
137:7  Warning: Unexpected console statement.  no-console

./src/app/api/onboarding/school/route.ts
62:5  Error: 'console' is not defined.  no-undef
62:5  Warning: Unexpected console statement.  no-console
70:34  Error: 'URL' is not defined.  no-undef
78:11  Error: '_recommendForAdvancement' is assigned a value but never used.  @typescript-eslint/no-unused-vars
180:5  Error: 'console' is not defined.  no-undef
180:5  Warning: Unexpected console statement.  no-console
257:13  Error: 'crypto' is not defined.  no-undef
258:23  Error: 'crypto' is not defined.  no-undef
295:5  Error: 'console' is not defined.  no-undef
295:5  Warning: Unexpected console statement.  no-console
307:7  Error: 'console' is not defined.  no-undef
307:7  Warning: Unexpected console statement.  no-console
406:5  Error: 'console' is not defined.  no-undef
406:5  Warning: Unexpected console statement.  no-console
418:7  Error: 'console' is not defined.  no-undef
418:7  Warning: Unexpected console statement.  no-console
429:34  Error: 'URL' is not defined.  no-undef
459:5  Error: 'console' is not defined.  no-undef
459:5  Warning: Unexpected console statement.  no-console
465:7  Error: 'console' is not defined.  no-undef
465:7  Warning: Unexpected console statement.  no-console

./src/app/api/onboarding/session/extend/route.ts
61:5  Error: 'console' is not defined.  no-undef
61:5  Warning: Unexpected console statement.  no-console
67:7  Error: 'console' is not defined.  no-undef
67:7  Warning: Unexpected console statement.  no-console

./src/app/api/onboarding/session/recover/route.ts
10:28  Error: 'request' is defined but never used. Allowed unused args must match /^_/u.  @typescript-eslint/no-unused-vars
44:11  Error: '_newSessionId' is assigned a value but never used.  @typescript-eslint/no-unused-vars
81:7  Error: 'console' is not defined.  no-undef
81:7  Warning: Unexpected console statement.  no-console
90:7  Error: 'console' is not defined.  no-undef
90:7  Warning: Unexpected console statement.  no-console
108:5  Error: 'console' is not defined.  no-undef
108:5  Warning: Unexpected console statement.  no-console
114:7  Error: 'console' is not defined.  no-undef
114:7  Warning: Unexpected console statement.  no-console

./src/app/api/onboarding/session/route.ts
80:28  Error: 'crypto' is not defined.  no-undef
109:5  Error: 'console' is not defined.  no-undef
109:5  Warning: Unexpected console statement.  no-console
115:7  Error: 'console' is not defined.  no-undef
115:7  Warning: Unexpected console statement.  no-console
139:5  Error: 'console' is not defined.  no-undef
139:5  Warning: Unexpected console statement.  no-console
191:5  Error: 'console' is not defined.  no-undef
191:5  Warning: Unexpected console statement.  no-console
209:34  Error: 'URL' is not defined.  no-undef
227:5  Error: 'console' is not defined.  no-undef
227:5  Warning: Unexpected console statement.  no-console
233:7  Error: 'console' is not defined.  no-undef
233:7  Warning: Unexpected console statement.  no-console

./src/app/api/onboarding/state/route.ts
22:5  Error: 'console' is not defined.  no-undef
22:5  Warning: Unexpected console statement.  no-console
32:5  Error: 'console' is not defined.  no-undef
32:5  Warning: Unexpected console statement.  no-console

./src/app/api/onboarding/student/route.ts
36:7  Error: 'console' is not defined.  no-undef
36:7  Warning: Unexpected console statement.  no-console
197:5  Error: 'console' is not defined.  no-undef
197:5  Warning: Unexpected console statement.  no-console
228:7  Error: 'console' is not defined.  no-undef
228:7  Warning: Unexpected console statement.  no-console

./src/app/api/pending-tasks/route.ts
25:5  Error: 'console' is not defined.  no-undef
25:5  Warning: Unexpected console statement.  no-console
52:34  Error: 'URL' is not defined.  no-undef
208:5  Error: 'console' is not defined.  no-undef
208:5  Warning: Unexpected console statement.  no-console

./src/app/api/preceptors/route.ts
85:5  Error: 'console' is not defined.  no-undef
85:5  Warning: Unexpected console statement.  no-console
101:5  Error: 'console' is not defined.  no-undef
101:5  Warning: Unexpected console statement.  no-console
121:7  Error: 'console' is not defined.  no-undef
121:7  Warning: Unexpected console statement.  no-console
144:5  Error: 'console' is not defined.  no-undef
144:5  Warning: Unexpected console statement.  no-console
200:5  Error: 'console' is not defined.  no-undef
200:5  Warning: Unexpected console statement.  no-console

./src/app/api/programs/route.ts
44:5  Error: 'console' is not defined.  no-undef
44:5  Warning: Unexpected console statement.  no-console
52:34  Error: 'URL' is not defined.  no-undef
152:5  Error: 'console' is not defined.  no-undef
152:5  Warning: Unexpected console statement.  no-console
210:13  Error: 'crypto' is not defined.  no-undef
229:5  Error: 'console' is not defined.  no-undef
229:5  Warning: Unexpected console statement.  no-console
241:7  Error: 'console' is not defined.  no-undef
241:7  Warning: Unexpected console statement.  no-console
332:5  Error: 'console' is not defined.  no-undef
332:5  Warning: Unexpected console statement.  no-console
344:7  Error: 'console' is not defined.  no-undef
344:7  Warning: Unexpected console statement.  no-console
355:34  Error: 'URL' is not defined.  no-undef
401:5  Error: 'console' is not defined.  no-undef
401:5  Warning: Unexpected console statement.  no-console
407:7  Error: 'console' is not defined.  no-undef
407:7  Warning: Unexpected console statement.  no-console

./src/app/api/reports/comprehensive/route.ts
2:10  Error: 'db' is defined but never used.  @typescript-eslint/no-unused-vars
3:10  Error: 'sql' is defined but never used.  @typescript-eslint/no-unused-vars
6:43  Error: 'URLSearchParams' is not defined.  no-undef
7:9  Error: 'from' is assigned a value but never used.  @typescript-eslint/no-unused-vars
8:9  Error: 'to' is assigned a value but never used.  @typescript-eslint/no-unused-vars
9:9  Error: 'program' is assigned a value but never used.  @typescript-eslint/no-unused-vars
10:9  Error: 'department' is assigned a value but never used.  @typescript-eslint/no-unused-vars
56:34  Error: 'URL' is not defined.  no-undef
74:5  Error: 'console' is not defined.  no-undef
74:5  Warning: Unexpected console statement.  no-console

./src/app/api/reports/export/route.ts
4:40  Warning: Unexpected any. Specify a different type.  @typescript-eslint/no-explicit-any
62:10  Error: 'Buffer' is not defined.  no-undef
66:40  Warning: Unexpected any. Specify a different type.  @typescript-eslint/no-explicit-any
80:50  Warning: Unexpected any. Specify a different type.  @typescript-eslint/no-explicit-any
87:61  Warning: Unexpected any. Specify a different type.  @typescript-eslint/no-explicit-any
94:63  Warning: Unexpected any. Specify a different type.  @typescript-eslint/no-explicit-any
100:10  Error: 'Buffer' is not defined.  no-undef
104:42  Warning: Unexpected any. Specify a different type.  @typescript-eslint/no-explicit-any
113:34  Error: 'URL' is not defined.  no-undef
143:23  Error: 'Buffer' is not defined.  no-undef
180:5  Error: 'console' is not defined.  no-undef
180:5  Warning: Unexpected console statement.  no-console

./src/app/api/reports/route.ts
250:34  Error: 'URL' is not defined.  no-undef
334:5  Error: 'console' is not defined.  no-undef
334:5  Warning: Unexpected console statement.  no-console
366:5  Error: 'console' is not defined.  no-undef
366:5  Warning: Unexpected console statement.  no-console
385:11  Error: '_deleted' is assigned a value but never used.  @typescript-eslint/no-unused-vars
392:5  Error: 'console' is not defined.  no-undef
392:5  Warning: Unexpected console statement.  no-console

./src/app/api/reports/schedule/route.ts
73:5  Error: 'console' is not defined.  no-undef
73:5  Warning: Unexpected console statement.  no-console
81:27  Error: 'request' is defined but never used. Allowed unused args must match /^_/u.  @typescript-eslint/no-unused-vars
89:5  Error: 'console' is not defined.  no-undef
89:5  Warning: Unexpected console statement.  no-console
99:34  Error: 'URL' is not defined.  no-undef
125:5  Error: 'console' is not defined.  no-undef
125:5  Warning: Unexpected console statement.  no-console

./src/app/api/reports/scheduled/route.ts
82:5  Error: 'console' is not defined.  no-undef
82:5  Warning: Unexpected console statement.  no-console
120:5  Error: 'console' is not defined.  no-undef
120:5  Warning: Unexpected console statement.  no-console
143:5  Error: 'console' is not defined.  no-undef
143:5  Warning: Unexpected console statement.  no-console
164:5  Error: 'console' is not defined.  no-undef
164:5  Warning: Unexpected console statement.  no-console
191:5  Error: 'console' is not defined.  no-undef
191:5  Warning: Unexpected console statement.  no-console
237:5  Error: 'console' is not defined.  no-undef
237:5  Warning: Unexpected console statement.  no-console
248:7  Error: 'console' is not defined.  no-undef
248:7  Warning: Unexpected console statement.  no-console
269:34  Error: 'URL' is not defined.  no-undef
284:5  Error: 'console' is not defined.  no-undef
284:5  Warning: Unexpected console statement.  no-console
290:7  Error: 'console' is not defined.  no-undef
290:7  Warning: Unexpected console statement.  no-console

./src/app/api/reports/scheduled/[id]/route.ts
89:5  Error: 'console' is not defined.  no-undef
89:5  Warning: Unexpected console statement.  no-console
122:5  Error: 'console' is not defined.  no-undef
122:5  Warning: Unexpected console statement.  no-console
179:5  Error: 'console' is not defined.  no-undef
179:5  Warning: Unexpected console statement.  no-console
190:7  Error: 'console' is not defined.  no-undef
190:7  Warning: Unexpected console statement.  no-console
235:5  Error: 'console' is not defined.  no-undef
235:5  Warning: Unexpected console statement.  no-console
241:7  Error: 'console' is not defined.  no-undef
241:7  Warning: Unexpected console statement.  no-console

./src/app/api/reports/scheduled/[id]/run/route.ts
114:5  Error: 'console' is not defined.  no-undef
114:5  Warning: Unexpected console statement.  no-console
138:7  Error: 'console' is not defined.  no-undef
138:7  Warning: Unexpected console statement.  no-console
140:7  Error: 'console' is not defined.  no-undef
140:7  Warning: Unexpected console statement.  no-console
145:5  Error: 'console' is not defined.  no-undef
145:5  Warning: Unexpected console statement.  no-console
165:5  Error: 'console' is not defined.  no-undef
165:5  Warning: Unexpected console statement.  no-console
192:5  Error: 'console' is not defined.  no-undef
192:5  Warning: Unexpected console statement.  no-console
258:5  Error: 'console' is not defined.  no-undef
258:5  Warning: Unexpected console statement.  no-console
264:7  Error: 'console' is not defined.  no-undef
264:7  Warning: Unexpected console statement.  no-console

./src/app/api/rotation-templates/route.ts
62:13  Error: 'crypto' is not defined.  no-undef
81:5  Error: 'console' is not defined.  no-undef
81:5  Warning: Unexpected console statement.  no-console
98:7  Error: 'console' is not defined.  no-undef
98:7  Warning: Unexpected console statement.  no-console
121:5  Error: 'console' is not defined.  no-undef
121:5  Warning: Unexpected console statement.  no-console
202:5  Error: 'console' is not defined.  no-undef
202:5  Warning: Unexpected console statement.  no-console

./src/app/api/rotations/route.ts
37:34  Error: 'URL' is not defined.  no-undef
135:12  Error: '_error' is defined but never used.  @typescript-eslint/no-unused-vars
212:13  Error: 'crypto' is not defined.  no-undef
364:34  Error: 'URL' is not defined.  no-undef
401:12  Error: '_error' is defined but never used.  @typescript-eslint/no-unused-vars

./src/app/api/school-context/route.ts
12:7  Error: 'console' is not defined.  no-undef
12:7  Warning: Unexpected console statement.  no-console
29:5  Error: 'console' is not defined.  no-undef
29:5  Warning: Unexpected console statement.  no-console

./src/app/api/schools/create/route.ts
87:5  Error: 'console' is not defined.  no-undef
87:5  Warning: Unexpected console statement.  no-console
93:7  Error: 'console' is not defined.  no-undef
93:7  Warning: Unexpected console statement.  no-console

./src/app/api/schools/route.ts
25:5  Error: 'console' is not defined.  no-undef
25:5  Warning: Unexpected console statement.  no-console
37:34  Error: 'URL' is not defined.  no-undef
111:5  Error: 'console' is not defined.  no-undef
111:5  Warning: Unexpected console statement.  no-console
134:22  Error: 'crypto' is not defined.  no-undef
169:5  Error: 'console' is not defined.  no-undef
169:5  Warning: Unexpected console statement.  no-console
180:7  Error: 'console' is not defined.  no-undef
180:7  Warning: Unexpected console statement.  no-console

./src/app/api/schools/[id]/route.ts
49:5  Error: 'console' is not defined.  no-undef
49:5  Warning: Unexpected console statement.  no-console
55:7  Error: 'console' is not defined.  no-undef
55:7  Warning: Unexpected console statement.  no-console
94:5  Error: 'console' is not defined.  no-undef
94:5  Warning: Unexpected console statement.  no-console
100:7  Error: 'console' is not defined.  no-undef
100:7  Warning: Unexpected console statement.  no-console
123:5  Error: 'console' is not defined.  no-undef
123:5  Warning: Unexpected console statement.  no-console
142:5  Error: 'console' is not defined.  no-undef
142:5  Warning: Unexpected console statement.  no-console

./src/app/api/sites/available/route.ts
72:5  Error: 'console' is not defined.  no-undef
72:5  Warning: Unexpected console statement.  no-console

./src/app/api/student/clock-status/route.ts
7:27  Error: 'request' is defined but never used. Allowed unused args must match /^_/u.  @typescript-eslint/no-unused-vars

./src/app/api/student/dashboard-stats/route.ts
25:5  Error: 'console' is not defined.  no-undef
25:5  Warning: Unexpected console statement.  no-console
155:12  Error: '_error' is defined but never used.  @typescript-eslint/no-unused-vars

./src/app/api/students/assigned-site/route.ts
73:5  Error: 'console' is not defined.  no-undef
73:5  Warning: Unexpected console statement.  no-console

./src/app/api/students/[userId]/analytics/route.ts
25:34  Error: 'URL' is not defined.  no-undef
205:5  Error: 'console' is not defined.  no-undef
205:5  Warning: Unexpected console statement.  no-console

./src/app/api/students/[userId]/reports/route.ts
9:3  Error: 'timeRecords' is defined but never used.  @typescript-eslint/no-unused-vars
37:34  Error: 'URL' is not defined.  no-undef
70:29  Error: 'competencies' is not defined.  no-undef
71:33  Error: 'competencies' is not defined.  no-undef
72:36  Error: 'competencies' is not defined.  no-undef
80:21  Error: 'competencies' is not defined.  no-undef
80:74  Error: 'competencies' is not defined.  no-undef
204:30  Error: 'count' is not defined.  no-undef
214:30  Error: 'count' is not defined.  no-undef
224:30  Error: 'count' is not defined.  no-undef
254:5  Error: 'console' is not defined.  no-undef
254:5  Warning: Unexpected console statement.  no-console

./src/app/api/students/[userId]/schedule/route.ts
33:34  Error: 'URL' is not defined.  no-undef
93:7  Error: 'console' is not defined.  no-undef
93:7  Warning: Unexpected console statement.  no-console
121:5  Error: 'console' is not defined.  no-undef
121:5  Warning: Unexpected console statement.  no-console

./src/app/api/students/[userId]/tasks/route.ts
19:34  Error: 'URL' is not defined.  no-undef
126:5  Error: 'console' is not defined.  no-undef
126:5  Warning: Unexpected console statement.  no-console

./src/app/api/students/[userId]/upcoming-rotations/route.ts
2:10  Error: 'and' is defined but never used.  @typescript-eslint/no-unused-vars
2:24  Error: 'lte' is defined but never used.  @typescript-eslint/no-unused-vars
5:10  Error: 'clinicalSites' is defined but never used.  @typescript-eslint/no-unused-vars
20:34  Error: 'URL' is not defined.  no-undef
94:5  Error: 'console' is not defined.  no-undef
94:5  Warning: Unexpected console statement.  no-console

./src/app/api/system/readiness/route.ts
29:5  Error: 'console' is not defined.  no-undef
29:5  Warning: Unexpected console statement.  no-console
139:5  Error: 'console' is not defined.  no-undef
139:5  Warning: Unexpected console statement.  no-console
201:5  Error: 'console' is not defined.  no-undef
201:5  Warning: Unexpected console statement.  no-console
207:7  Error: 'console' is not defined.  no-undef
207:7  Warning: Unexpected console statement.  no-console

./src/app/api/test-catchall/[...slug]/route.ts
24:5  Error: 'console' is not defined.  no-undef
24:5  Warning: Unexpected console statement.  no-console
51:7  Error: 'console' is not defined.  no-undef
51:7  Warning: Unexpected console statement.  no-console

./src/app/api/time-records/clock/route.ts
6:33  Error: 'SchoolContext' is defined but never used.  @typescript-eslint/no-unused-vars
45:40  Warning: Unexpected any. Specify a different type.  @typescript-eslint/no-explicit-any
109:16  Error: 'error' is defined but never used.  @typescript-eslint/no-unused-vars
144:7  Error: 'console' is not defined.  no-undef
144:7  Warning: Unexpected console statement.  no-console
156:36  Error: 'URL' is not defined.  no-undef
246:7  Error: 'console' is not defined.  no-undef
246:7  Warning: Unexpected console statement.  no-console
342:9  Error: 'console' is not defined.  no-undef
342:9  Warning: Unexpected console statement.  no-console
476:9  Error: 'console' is not defined.  no-undef
476:9  Warning: Unexpected console statement.  no-console

./src/app/api/time-records/history/route.ts
25:5  Error: 'console' is not defined.  no-undef
25:5  Warning: Unexpected console statement.  no-console
53:34  Error: 'URL' is not defined.  no-undef
140:5  Error: 'console' is not defined.  no-undef
140:5  Warning: Unexpected console statement.  no-console

./src/app/api/time-records/route.ts
36:34  Error: 'URL' is not defined.  no-undef
110:5  Error: 'console' is not defined.  no-undef
110:5  Warning: Unexpected console statement.  no-console
160:24  Error: 'crypto' is not defined.  no-undef
229:22  Error: 'crypto' is not defined.  no-undef
274:5  Error: 'console' is not defined.  no-undef
274:5  Warning: Unexpected console statement.  no-console
390:5  Error: 'console' is not defined.  no-undef
390:5  Warning: Unexpected console statement.  no-console
405:34  Error: 'URL' is not defined.  no-undef
463:5  Error: 'console' is not defined.  no-undef
463:5  Warning: Unexpected console statement.  no-console

./src/app/api/time-sync/connect/route.ts
13:18  Error: 'Response' is not defined.  no-undef
17:21  Error: 'URL' is not defined.  no-undef
18:58  Error: 'crypto' is not defined.  no-undef
43:25  Error: 'Headers' is not defined.  no-undef
52:24  Error: 'ReadableStream' is not defined.  no-undef
65:30  Error: 'setInterval' is not defined.  no-undef
84:22  Error: 'console' is not defined.  no-undef
84:22  Warning: Unexpected console statement.  no-console
88:13  Error: 'console' is not defined.  no-undef
88:13  Warning: Unexpected console statement.  no-console
93:35  Error: 'setInterval' is not defined.  no-undef
102:13  Error: 'console' is not defined.  no-undef
102:13  Warning: Unexpected console statement.  no-console
108:11  Error: 'clearInterval' is not defined.  no-undef
109:11  Error: 'clearInterval' is not defined.  no-undef
120:13  Error: 'console' is not defined.  no-undef
120:13  Warning: Unexpected console statement.  no-console
128:25  Warning: Unexpected any. Specify a different type.  @typescript-eslint/no-explicit-any
133:22  Warning: Unexpected any. Specify a different type.  @typescript-eslint/no-explicit-any
134:20  Warning: Unexpected any. Specify a different type.  @typescript-eslint/no-explicit-any
139:16  Error: 'Response' is not defined.  no-undef
142:5  Error: 'console' is not defined.  no-undef
142:5  Warning: Unexpected console statement.  no-console
143:16  Error: 'Response' is not defined.  no-undef
149:14  Error: 'Response' is not defined.  no-undef

./src/app/api/time-sync/poll/route.ts
5:10  Error: 'eq' is defined but never used.  @typescript-eslint/no-unused-vars
5:14  Error: 'and' is defined but never used.  @typescript-eslint/no-unused-vars
5:19  Error: 'gte' is defined but never used.  @typescript-eslint/no-unused-vars
13:18  Error: 'Response' is not defined.  no-undef
16:21  Error: 'URL' is not defined.  no-undef
17:58  Error: 'crypto' is not defined.  no-undef
63:18  Error: 'console' is not defined.  no-undef
63:18  Warning: Unexpected console statement.  no-console
78:43  Warning: Unexpected any. Specify a different type.  @typescript-eslint/no-explicit-any
86:38  Error: 'setTimeout' is not defined.  no-undef
102:12  Error: 'Response' is not defined.  no-undef
110:5  Error: 'console' is not defined.  no-undef
110:5  Warning: Unexpected console statement.  no-console
111:16  Error: 'Response' is not defined.  no-undef
117:14  Error: 'Response' is not defined.  no-undef

./src/app/api/time-sync/status/route.ts
13:18  Error: 'Response' is not defined.  no-undef
16:21  Error: 'URL' is not defined.  no-undef
22:28  Error: 'performance' is not defined.  no-undef
68:16  Error: 'Response' is not defined.  no-undef
75:9  Error: 'console' is not defined.  no-undef
75:9  Warning: Unexpected console statement.  no-console
80:12  Error: 'Response' is not defined.  no-undef
83:5  Error: 'console' is not defined.  no-undef
83:5  Warning: Unexpected console statement.  no-console
84:16  Error: 'Response' is not defined.  no-undef
94:18  Error: 'Response' is not defined.  no-undef
101:18  Error: 'Response' is not defined.  no-undef
133:12  Error: 'Response' is not defined.  no-undef
143:5  Error: 'console' is not defined.  no-undef
143:5  Warning: Unexpected console statement.  no-console
144:16  Error: 'Response' is not defined.  no-undef
150:14  Error: 'Response' is not defined.  no-undef

./src/app/api/timecard-audit/[id]/route.ts
41:5  Error: 'console' is not defined.  no-undef
41:5  Warning: Unexpected console statement.  no-console
224:5  Error: 'console' is not defined.  no-undef
224:5  Warning: Unexpected console statement.  no-console

./src/app/api/timecard-corrections/route.ts
70:5  Error: 'console' is not defined.  no-undef
70:5  Warning: Unexpected console statement.  no-console
90:34  Error: 'URL' is not defined.  no-undef
236:5  Error: 'console' is not defined.  no-undef
236:5  Warning: Unexpected console statement.  no-console
358:5  Error: 'console' is not defined.  no-undef
358:5  Warning: Unexpected console statement.  no-console
372:7  Error: 'console' is not defined.  no-undef
372:7  Warning: Unexpected console statement.  no-console

./src/app/api/timecard-corrections/[id]/apply/route.ts
102:14  Error: '_error' is defined but never used.  @typescript-eslint/no-unused-vars
232:7  Error: 'console' is not defined.  no-undef
232:7  Warning: Unexpected console statement.  no-console
243:5  Error: 'console' is not defined.  no-undef
243:5  Warning: Unexpected console statement.  no-console
249:7  Error: 'console' is not defined.  no-undef
249:7  Warning: Unexpected console statement.  no-console
273:5  Error: 'console' is not defined.  no-undef
273:5  Warning: Unexpected console statement.  no-console
361:7  Error: 'console' is not defined.  no-undef
361:7  Warning: Unexpected console statement.  no-console
420:5  Error: 'console' is not defined.  no-undef
420:5  Warning: Unexpected console statement.  no-console

./src/app/api/timecard-corrections/[id]/approve/route.ts
173:9  Error: 'console' is not defined.  no-undef
173:9  Warning: Unexpected console statement.  no-console
218:5  Error: 'console' is not defined.  no-undef
218:5  Warning: Unexpected console statement.  no-console
224:7  Error: 'console' is not defined.  no-undef
224:7  Warning: Unexpected console statement.  no-console
248:5  Error: 'console' is not defined.  no-undef
248:5  Warning: Unexpected console statement.  no-console
347:7  Error: 'console' is not defined.  no-undef
347:7  Warning: Unexpected console statement.  no-console
355:5  Error: 'console' is not defined.  no-undef
355:5  Warning: Unexpected console statement.  no-console

./src/app/api/timecard-corrections/[id]/review/route.ts
244:5  Error: 'console' is not defined.  no-undef
244:5  Warning: Unexpected console statement.  no-console
258:7  Error: 'console' is not defined.  no-undef
258:7  Warning: Unexpected console statement.  no-console
282:5  Error: 'console' is not defined.  no-undef
282:5  Warning: Unexpected console statement.  no-console
372:5  Error: 'console' is not defined.  no-undef
372:5  Warning: Unexpected console statement.  no-console

./src/app/api/timecard-corrections/[id]/route.ts
36:5  Error: 'console' is not defined.  no-undef
36:5  Warning: Unexpected console statement.  no-console
156:5  Error: 'console' is not defined.  no-undef
156:5  Warning: Unexpected console statement.  no-console
264:5  Error: 'console' is not defined.  no-undef
264:5  Warning: Unexpected console statement.  no-console
278:7  Error: 'console' is not defined.  no-undef
278:7  Warning: Unexpected console statement.  no-console
354:5  Error: 'console' is not defined.  no-undef
354:5  Warning: Unexpected console statement.  no-console
360:7  Error: 'console' is not defined.  no-undef
360:7  Warning: Unexpected console statement.  no-console

./src/app/api/uploadthing/core.ts
6:5  Error: 'console' is not defined.  no-undef
6:5  Warning: Unexpected console statement.  no-console
33:9  Error: 'console' is not defined.  no-undef
33:9  Warning: Unexpected console statement.  no-console
41:9  Error: 'console' is not defined.  no-undef
41:9  Warning: Unexpected console statement.  no-console

./src/app/api/uploadthing/route.ts
3:10  Error: 'cacheIntegrationService' is defined but never used.  @typescript-eslint/no-unused-vars

./src/app/api/user/onboarding-complete/route.ts
25:5  Error: 'console' is not defined.  no-undef
25:5  Warning: Unexpected console statement.  no-console
48:7  Error: 'console' is not defined.  no-undef
48:7  Warning: Unexpected console statement.  no-console

./src/app/api/user/onboarding-status/route.ts
26:5  Error: 'console' is not defined.  no-undef
26:5  Warning: Unexpected console statement.  no-console
57:5  Error: 'console' is not defined.  no-undef
57:5  Warning: Unexpected console statement.  no-console

./src/app/api/user/update/route.ts
26:5  Error: 'console' is not defined.  no-undef
26:5  Warning: Unexpected console statement.  no-console
29:5  Error: 'console' is not defined.  no-undef
29:5  Warning: Unexpected console statement.  no-console
29:49  Error: 'process' is not defined.  no-undef
30:5  Error: 'console' is not defined.  no-undef
30:5  Warning: Unexpected console statement.  no-console
30:51  Error: 'process' is not defined.  no-undef
34:7  Error: 'console' is not defined.  no-undef
34:7  Warning: Unexpected console statement.  no-console
36:7  Error: 'console' is not defined.  no-undef
36:7  Warning: Unexpected console statement.  no-console
38:7  Error: 'console' is not defined.  no-undef
38:7  Warning: Unexpected console statement.  no-console
42:20  Error: 'process' is not defined.  no-undef
49:5  Error: 'console' is not defined.  no-undef
49:5  Warning: Unexpected console statement.  no-console
52:7  Error: 'console' is not defined.  no-undef
52:7  Warning: Unexpected console statement.  no-console
61:7  Error: 'console' is not defined.  no-undef
61:7  Warning: Unexpected console statement.  no-console
65:7  Error: 'console' is not defined.  no-undef
65:7  Warning: Unexpected console statement.  no-console
74:7  Error: 'console' is not defined.  no-undef
74:7  Warning: Unexpected console statement.  no-console
76:7  Error: 'console' is not defined.  no-undef
76:7  Warning: Unexpected console statement.  no-console
98:5  Error: 'console' is not defined.  no-undef
98:5  Warning: Unexpected console statement.  no-console
105:9  Error: 'console' is not defined.  no-undef
105:9  Warning: Unexpected console statement.  no-console
115:9  Error: 'console' is not defined.  no-undef
115:9  Warning: Unexpected console statement.  no-console
119:11  Error: 'console' is not defined.  no-undef
119:11  Warning: Unexpected console statement.  no-console
125:11  Error: 'console' is not defined.  no-undef
125:11  Warning: Unexpected console statement.  no-console
129:9  Error: 'console' is not defined.  no-undef
129:9  Warning: Unexpected console statement.  no-console
130:37  Error: 'fetch' is not defined.  no-undef
132:38  Error: 'process' is not defined.  no-undef
138:11  Error: 'console' is not defined.  no-undef
138:11  Warning: Unexpected console statement.  no-console
182:13  Error: 'console' is not defined.  no-undef
182:13  Warning: Unexpected console statement.  no-console
275:15  Error: 'console' is not defined.  no-undef
275:15  Warning: Unexpected console statement.  no-console
277:15  Error: 'console' is not defined.  no-undef
277:15  Warning: Unexpected console statement.  no-console
298:11  Error: 'console' is not defined.  no-undef
298:11  Warning: Unexpected console statement.  no-console
302:9  Error: 'console' is not defined.  no-undef
302:9  Warning: Unexpected console statement.  no-console
317:9  Error: 'console' is not defined.  no-undef
317:9  Warning: Unexpected console statement.  no-console
321:9  Error: 'console' is not defined.  no-undef
321:9  Warning: Unexpected console statement.  no-console
325:7  Error: 'console' is not defined.  no-undef
325:7  Warning: Unexpected console statement.  no-console
363:20  Error: 'process' is not defined.  no-undef
389:5  Error: 'console' is not defined.  no-undef
389:5  Warning: Unexpected console statement.  no-console
392:5  Error: 'console' is not defined.  no-undef
392:5  Warning: Unexpected console statement.  no-console
393:5  Error: 'console' is not defined.  no-undef
393:5  Warning: Unexpected console statement.  no-console
394:5  Error: 'console' is not defined.  no-undef
394:5  Warning: Unexpected console statement.  no-console
395:5  Error: 'console' is not defined.  no-undef
395:5  Warning: Unexpected console statement.  no-console
396:5  Error: 'console' is not defined.  no-undef
396:5  Warning: Unexpected console statement.  no-console
397:5  Error: 'console' is not defined.  no-undef
397:5  Warning: Unexpected console statement.  no-console
398:5  Error: 'console' is not defined.  no-undef
398:5  Warning: Unexpected console statement.  no-console
399:5  Error: 'console' is not defined.  no-undef
399:5  Warning: Unexpected console statement.  no-console
400:5  Error: 'console' is not defined.  no-undef
400:5  Warning: Unexpected console statement.  no-console
401:5  Error: 'console' is not defined.  no-undef
401:5  Warning: Unexpected console statement.  no-console
402:5  Error: 'console' is not defined.  no-undef
402:5  Warning: Unexpected console statement.  no-console
426:11  Error: 'process' is not defined.  no-undef

./src/app/api/users/link-school/bulk/route.ts
56:5  Error: 'console' is not defined.  no-undef
56:5  Warning: Unexpected console statement.  no-console
62:7  Error: 'console' is not defined.  no-undef
62:7  Warning: Unexpected console statement.  no-console

./src/app/api/users/link-school/route.ts
31:34  Error: 'URL' is not defined.  no-undef
52:5  Error: 'console' is not defined.  no-undef
52:5  Warning: Unexpected console statement.  no-console
58:7  Error: 'console' is not defined.  no-undef
58:7  Warning: Unexpected console statement.  no-console

./src/app/api/users/link-school/unlinked/route.ts
25:5  Error: 'console' is not defined.  no-undef
25:5  Warning: Unexpected console statement.  no-console
69:5  Error: 'console' is not defined.  no-undef
69:5  Warning: Unexpected console statement.  no-console

./src/app/api/users/route.ts
47:5  Error: 'console' is not defined.  no-undef
47:5  Warning: Unexpected console statement.  no-console

./src/app/api/users/[id]/route.ts
93:5  Error: 'console' is not defined.  no-undef
93:5  Warning: Unexpected console statement.  no-console
99:7  Error: 'console' is not defined.  no-undef
99:7  Warning: Unexpected console statement.  no-console

./src/app/api/webhooks/clerk/route.ts
7:10  Error: 'cacheIntegrationService' is defined but never used.  @typescript-eslint/no-unused-vars
35:16  Error: 'Response' is not defined.  no-undef
42:9  Error: '_body' is assigned a value but never used.  @typescript-eslint/no-unused-vars
45:26  Error: 'process' is not defined.  no-undef
57:5  Error: 'console' is not defined.  no-undef
57:5  Warning: Unexpected console statement.  no-console
58:16  Error: 'Response' is not defined.  no-undef
74:7  Error: 'console' is not defined.  no-undef
74:7  Warning: Unexpected console statement.  no-console
75:18  Error: 'Response' is not defined.  no-undef
126:5  Error: 'console' is not defined.  no-undef
126:5  Warning: Unexpected console statement.  no-console
127:16  Error: 'Response' is not defined.  no-undef
130:14  Error: 'Response' is not defined.  no-undef

./src/app/auth/sign-in/sso-callback/page.tsx
12:26  Error: 'process' is not defined.  no-undef

./src/app/auth/sign-in/[[...rest]]/page.tsx
20:26  Error: 'process' is not defined.  no-undef

./src/app/auth/sign-up/sso-callback/page.tsx
12:26  Error: 'process' is not defined.  no-undef

./src/app/auth/sign-up/[[...rest]]/page.tsx
20:26  Error: 'process' is not defined.  no-undef

./src/app/dashboard/admin/audit/page.tsx
52:28  Error: 'fetch' is not defined.  no-undef
53:10  Error: 'process' is not defined.  no-undef
62:7  Error: 'console' is not defined.  no-undef
62:7  Warning: Unexpected console statement.  no-console
69:5  Error: 'console' is not defined.  no-undef
69:5  Warning: Unexpected console statement.  no-console
75:9  Error: '_user' is assigned a value but never used.  @typescript-eslint/no-unused-vars

./src/app/dashboard/admin/facility-management/page.tsx
99:11  Error: 'userId' is assigned a value but never used.  @typescript-eslint/no-unused-vars
118:30  Error: 'fetch' is not defined.  no-undef
126:7  Error: 'console' is not defined.  no-undef
126:7  Warning: Unexpected console statement.  no-console
137:34  Error: 'React' is not defined.  no-undef
146:30  Error: 'fetch' is not defined.  no-undef
165:7  Error: 'console' is not defined.  no-undef
165:7  Warning: Unexpected console statement.  no-console
186:10  Error: 'confirm' is not defined.  no-undef
191:30  Error: 'fetch' is not defined.  no-undef
203:7  Error: 'console' is not defined.  no-undef
203:7  Warning: Unexpected console statement.  no-console

./src/app/dashboard/admin/page.tsx
43:7  Error: 'console' is not defined.  no-undef
43:7  Warning: Unexpected console statement.  no-console
52:7  Error: 'console' is not defined.  no-undef
52:7  Warning: Unexpected console statement.  no-console
56:5  Error: 'console' is not defined.  no-undef
56:5  Warning: Unexpected console statement.  no-console
62:23  Error: 'process' is not defined.  no-undef
66:30  Error: 'fetch' is not defined.  no-undef
82:7  Error: 'console' is not defined.  no-undef
82:7  Warning: Unexpected console statement.  no-console
104:9  Error: '_quickActions' is assigned a value but never used.  @typescript-eslint/no-unused-vars

./src/app/dashboard/admin/reports/page.tsx
28:9  Error: '_user' is assigned a value but never used.  @typescript-eslint/no-unused-vars
46:9  Error: '_monthlyRegistrations' is assigned a value but never used.  @typescript-eslint/no-unused-vars

./src/app/dashboard/admin/schools/page.tsx
115:37  Error: 'fetch' is not defined.  no-undef
126:35  Error: 'fetch' is not defined.  no-undef
137:38  Error: 'fetch' is not defined.  no-undef
147:7  Error: 'console' is not defined.  no-undef
147:7  Warning: Unexpected console statement.  no-console
161:30  Error: 'fetch' is not defined.  no-undef
185:7  Error: 'console' is not defined.  no-undef
185:7  Warning: Unexpected console statement.  no-console
195:30  Error: 'fetch' is not defined.  no-undef
218:7  Error: 'console' is not defined.  no-undef
218:7  Warning: Unexpected console statement.  no-console
226:30  Error: 'fetch' is not defined.  no-undef
241:7  Error: 'console' is not defined.  no-undef
241:7  Warning: Unexpected console statement.  no-console
254:30  Error: 'fetch' is not defined.  no-undef
277:7  Error: 'console' is not defined.  no-undef
277:7  Warning: Unexpected console statement.  no-console
285:30  Error: 'fetch' is not defined.  no-undef
300:7  Error: 'console' is not defined.  no-undef
300:7  Warning: Unexpected console statement.  no-console

./src/app/dashboard/admin/sites/page.tsx
49:9  Error: '_user' is assigned a value but never used.  @typescript-eslint/no-unused-vars

./src/app/dashboard/admin/users/page.tsx
37:9  Error: '_user' is assigned a value but never used.  @typescript-eslint/no-unused-vars

./src/app/dashboard/billing/cancel-sub-button.tsx
19:13  Error: 'fetch' is not defined.  no-undef
26:7  Error: 'setTimeout' is not defined.  no-undef
29:14  Error: '_error' is defined but never used.  @typescript-eslint/no-unused-vars

./src/app/dashboard/billing/subscription-button.tsx
46:11  Error: 'setTimeout' is not defined.  no-undef
55:32  Error: 'fetch' is not defined.  no-undef
72:13  Error: 'window' is not defined.  no-undef
76:14  Error: '_err' is defined but never used.  @typescript-eslint/no-unused-vars

./src/app/dashboard/clinical-preceptor/page.tsx
138:5  Error: 'console' is not defined.  no-undef
138:5  Warning: Unexpected console statement.  no-console
166:9  Error: 'console' is not defined.  no-undef
166:9  Warning: Unexpected console statement.  no-console
193:11  Error: 'console' is not defined.  no-undef
193:11  Warning: Unexpected console statement.  no-console
250:9  Error: 'console' is not defined.  no-undef
250:9  Warning: Unexpected console statement.  no-console
278:11  Error: 'console' is not defined.  no-undef
278:11  Warning: Unexpected console statement.  no-console

./src/app/dashboard/clinical-preceptor/reports/page.tsx
72:9  Error: '_studentPerformanceData' is assigned a value but never used.  @typescript-eslint/no-unused-vars
83:9  Error: '_evaluationTypes' is assigned a value but never used.  @typescript-eslint/no-unused-vars
137:9  Error: '_radarData' is assigned a value but never used.  @typescript-eslint/no-unused-vars

./src/app/dashboard/clinical-supervisor/analytics/page.tsx
41:7  Error: '_performanceTrends' is assigned a value but never used.  @typescript-eslint/no-unused-vars
58:7  Error: '_assessmentTypes' is assigned a value but never used.  @typescript-eslint/no-unused-vars
66:7  Error: '_radarData' is assigned a value but never used.  @typescript-eslint/no-unused-vars

./src/app/dashboard/clinical-supervisor/competencies/page.tsx
4:20  Error: 'useEffect' is defined but never used.  @typescript-eslint/no-unused-vars
56:37  Error: 'fetch' is not defined.  no-undef
57:8  Error: 'process' is not defined.  no-undef
179:3  Error: 'console' is not defined.  no-undef
179:3  Warning: Unexpected console statement.  no-console
201:10  Error: 'refreshKey' is assigned a value but never used.  @typescript-eslint/no-unused-vars

./src/app/dashboard/clinical-supervisor/evaluations/page.tsx
143:9  Error: 'console' is not defined.  no-undef
143:9  Warning: Unexpected console statement.  no-console

./src/app/dashboard/clinical-supervisor/page.tsx
185:5  Error: 'console' is not defined.  no-undef
185:5  Warning: Unexpected console statement.  no-console

./src/app/dashboard/clinical-supervisor/skills/page.tsx
128:27  Error: '_setSelectedStudent' is assigned a value but never used.  @typescript-eslint/no-unused-vars

./src/app/dashboard/clinical-supervisor/students/page.tsx
222:7  Error: 'console' is not defined.  no-undef
222:7  Warning: Unexpected console statement.  no-console

./src/app/dashboard/layout.tsx
6:73  Error: 'React' is not defined.  no-undef
12:36  Error: 'setTimeout' is not defined.  no-undef
26:5  Error: 'console' is not defined.  no-undef
26:5  Warning: Unexpected console statement.  no-console
37:28  Error: 'window' is not defined.  no-undef

./src/app/dashboard/page.tsx
22:3  Error: 'console' is not defined.  no-undef
22:3  Warning: Unexpected console statement.  no-console
26:7  Error: 'console' is not defined.  no-undef
26:7  Warning: Unexpected console statement.  no-console
29:7  Error: 'console' is not defined.  no-undef
29:7  Warning: Unexpected console statement.  no-console
32:7  Error: 'console' is not defined.  no-undef
32:7  Warning: Unexpected console statement.  no-console
35:7  Error: 'console' is not defined.  no-undef
35:7  Warning: Unexpected console statement.  no-console
38:7  Error: 'console' is not defined.  no-undef
38:7  Warning: Unexpected console statement.  no-console
41:7  Error: 'console' is not defined.  no-undef
41:7  Warning: Unexpected console statement.  no-console
53:3  Error: 'console' is not defined.  no-undef
53:3  Warning: Unexpected console statement.  no-console
59:12  Error: 'console' is not defined.  no-undef
59:12  Warning: Unexpected console statement.  no-console
75:3  Error: 'console' is not defined.  no-undef
75:3  Warning: Unexpected console statement.  no-console
80:5  Error: 'console' is not defined.  no-undef
80:5  Warning: Unexpected console statement.  no-console
82:5  Error: 'console' is not defined.  no-undef
82:5  Warning: Unexpected console statement.  no-console
85:7  Error: 'console' is not defined.  no-undef
85:7  Warning: Unexpected console statement.  no-console
90:5  Error: 'console' is not defined.  no-undef
90:5  Warning: Unexpected console statement.  no-console
91:5  Error: 'console' is not defined.  no-undef
91:5  Warning: Unexpected console statement.  no-console
104:5  Error: 'console' is not defined.  no-undef
104:5  Warning: Unexpected console statement.  no-console
105:5  Error: 'console' is not defined.  no-undef
105:5  Warning: Unexpected console statement.  no-console
108:5  Error: 'console' is not defined.  no-undef
108:5  Warning: Unexpected console statement.  no-console
111:7  Error: 'console' is not defined.  no-undef
111:7  Warning: Unexpected console statement.  no-console
115:5  Error: 'console' is not defined.  no-undef
115:5  Warning: Unexpected console statement.  no-console
116:5  Error: 'console' is not defined.  no-undef
116:5  Warning: Unexpected console statement.  no-console
119:5  Error: 'console' is not defined.  no-undef
119:5  Warning: Unexpected console statement.  no-console
121:5  Error: 'console' is not defined.  no-undef
121:5  Warning: Unexpected console statement.  no-console
123:5  Error: 'console' is not defined.  no-undef
123:5  Warning: Unexpected console statement.  no-console
126:5  Error: 'console' is not defined.  no-undef
126:5  Warning: Unexpected console statement.  no-console
127:5  Error: 'console' is not defined.  no-undef
127:5  Warning: Unexpected console statement.  no-console
130:5  Error: 'console' is not defined.  no-undef
130:5  Warning: Unexpected console statement.  no-console

./src/app/dashboard/school-admin/competencies/dashboard/page.tsx
124:28  Error: 'fetch' is not defined.  no-undef
127:40  Error: 'setTimeout' is not defined.  no-undef
136:38  Error: 'setTimeout' is not defined.  no-undef
139:5  Error: 'console' is not defined.  no-undef
139:5  Warning: Unexpected console statement.  no-console
146:28  Error: 'fetch' is not defined.  no-undef
149:40  Error: 'setTimeout' is not defined.  no-undef
158:38  Error: 'setTimeout' is not defined.  no-undef
161:5  Error: 'console' is not defined.  no-undef
161:5  Warning: Unexpected console statement.  no-console
168:28  Error: 'fetch' is not defined.  no-undef
171:40  Error: 'setTimeout' is not defined.  no-undef
180:38  Error: 'setTimeout' is not defined.  no-undef
183:5  Error: 'console' is not defined.  no-undef
183:5  Warning: Unexpected console statement.  no-console
278:7  Error: 'console' is not defined.  no-undef
278:7  Warning: Unexpected console statement.  no-console
336:36  Error: 'window' is not defined.  no-undef

./src/app/dashboard/school-admin/competencies/deployment/page.tsx
107:28  Error: 'fetch' is not defined.  no-undef
117:5  Error: 'console' is not defined.  no-undef
117:5  Warning: Unexpected console statement.  no-console
120:5  Error: 'console' is not defined.  no-undef
120:5  Warning: Unexpected console statement.  no-console
127:28  Error: 'fetch' is not defined.  no-undef
133:5  Error: 'console' is not defined.  no-undef
133:5  Warning: Unexpected console statement.  no-console
191:9  Error: 'console' is not defined.  no-undef
191:9  Warning: Unexpected console statement.  no-console
617:10  Error: '_isCreating' is assigned a value but never used.  @typescript-eslint/no-unused-vars
618:10  Error: '_editingTemplate' is assigned a value but never used.  @typescript-eslint/no-unused-vars
782:9  Error: '_completedDeployments' is assigned a value but never used.  @typescript-eslint/no-unused-vars

./src/app/dashboard/school-admin/competencies/import-export/page.tsx
93:22  Error: '_setImportJobs' is assigned a value but never used.  @typescript-eslint/no-unused-vars
94:22  Error: '_setExportJobs' is assigned a value but never used.  @typescript-eslint/no-unused-vars
97:31  Error: 'HTMLInputElement' is not defined.  no-undef
99:26  Error: 'React' is not defined.  no-undef
109:26  Error: 'React' is not defined.  no-undef
119:32  Error: 'FileList' is not defined.  no-undef
202:19  Error: 'React' is not defined.  no-undef
203:19  Error: 'React' is not defined.  no-undef
204:17  Error: 'React' is not defined.  no-undef
204:33  Error: 'HTMLInputElement' is not defined.  no-undef
205:24  Error: 'FileList' is not defined.  no-undef
365:9  Error: '_someSelected' is assigned a value but never used.  @typescript-eslint/no-unused-vars

./src/app/dashboard/school-admin/competencies/page.tsx
50:9  Error: 'console' is not defined.  no-undef
50:9  Warning: Unexpected console statement.  no-console

./src/app/dashboard/school-admin/competencies/templates/page.tsx
61:9  Error: 'console' is not defined.  no-undef
61:9  Warning: Unexpected console statement.  no-console

./src/app/dashboard/school-admin/competencies/templates/templates-client.tsx
52:10  Error: '_isLoading' is assigned a value but never used.  @typescript-eslint/no-unused-vars
52:22  Error: '_setIsLoading' is assigned a value but never used.  @typescript-eslint/no-unused-vars
53:17  Error: '_setError' is assigned a value but never used.  @typescript-eslint/no-unused-vars

./src/app/dashboard/school-admin/deployment-import/page.tsx
47:9  Error: 'console' is not defined.  no-undef
47:9  Warning: Unexpected console statement.  no-console
140:9  Error: '_getStatusColor' is assigned a value but never used.  @typescript-eslint/no-unused-vars

./src/app/dashboard/school-admin/faculty-staff/page.tsx
64:5  Error: 'console' is not defined.  no-undef
64:5  Warning: Unexpected console statement.  no-console
101:5  Error: 'console' is not defined.  no-undef
101:5  Warning: Unexpected console statement.  no-console
155:5  Error: 'console' is not defined.  no-undef
155:5  Warning: Unexpected console statement.  no-console

./src/app/dashboard/school-admin/page.tsx
98:7  Error: 'console' is not defined.  no-undef
98:7  Warning: Unexpected console statement.  no-console
113:5  Error: 'console' is not defined.  no-undef
113:5  Warning: Unexpected console statement.  no-console
128:30  Error: 'window' is not defined.  no-undef

./src/app/dashboard/school-admin/reports/page.tsx
50:9  Error: '_startOfMonth' is assigned a value but never used.  @typescript-eslint/no-unused-vars

./src/app/dashboard/school-admin/sites/page.tsx
50:9  Error: '_user' is assigned a value but never used.  @typescript-eslint/no-unused-vars

./src/app/dashboard/school-admin/templates-builder/page.tsx
37:9  Error: 'console' is not defined.  no-undef
37:9  Warning: Unexpected console statement.  no-console

./src/app/dashboard/school-admin/time-records/page.tsx
68:54  Error: '_student' is assigned a value but never used.  @typescript-eslint/no-unused-vars
68:74  Error: '_rotation' is assigned a value but never used.  @typescript-eslint/no-unused-vars
71:3  Error: 'console' is not defined.  no-undef
71:3  Warning: Unexpected console statement.  no-console
72:3  Error: 'console' is not defined.  no-undef
72:3  Warning: Unexpected console statement.  no-console
90:7  Error: 'console' is not defined.  no-undef
90:7  Warning: Unexpected console statement.  no-console
93:7  Error: 'console' is not defined.  no-undef
93:7  Warning: Unexpected console statement.  no-console
98:7  Error: 'console' is not defined.  no-undef
98:7  Warning: Unexpected console statement.  no-console
107:5  Error: 'console' is not defined.  no-undef
107:5  Warning: Unexpected console statement.  no-console
111:9  Error: 'console' is not defined.  no-undef
111:9  Warning: Unexpected console statement.  no-console
116:9  Error: 'console' is not defined.  no-undef
116:9  Warning: Unexpected console statement.  no-console
122:9  Error: 'console' is not defined.  no-undef
122:9  Warning: Unexpected console statement.  no-console
127:9  Error: 'console' is not defined.  no-undef
127:9  Warning: Unexpected console statement.  no-console
130:5  Error: 'console' is not defined.  no-undef
130:5  Warning: Unexpected console statement.  no-console
132:5  Error: 'console' is not defined.  no-undef
132:5  Warning: Unexpected console statement.  no-console
137:3  Error: 'console' is not defined.  no-undef
137:3  Warning: Unexpected console statement.  no-console
193:5  Error: 'console' is not defined.  no-undef
193:5  Warning: Unexpected console statement.  no-console
200:7  Error: 'console' is not defined.  no-undef
200:7  Warning: Unexpected console statement.  no-console
203:7  Error: 'console' is not defined.  no-undef
203:7  Warning: Unexpected console statement.  no-console
223:5  Error: 'console' is not defined.  no-undef
223:5  Warning: Unexpected console statement.  no-console
261:5  Error: 'console' is not defined.  no-undef
261:5  Warning: Unexpected console statement.  no-console
267:5  Error: 'console' is not defined.  no-undef
267:5  Warning: Unexpected console statement.  no-console
275:3  Error: 'console' is not defined.  no-undef
275:3  Warning: Unexpected console statement.  no-console
280:7  Error: 'console' is not defined.  no-undef
280:7  Warning: Unexpected console statement.  no-console
291:7  Error: 'console' is not defined.  no-undef
291:7  Warning: Unexpected console statement.  no-console
292:7  Error: 'console' is not defined.  no-undef
292:7  Warning: Unexpected console statement.  no-console
294:7  Error: 'console' is not defined.  no-undef
294:7  Warning: Unexpected console statement.  no-console
298:5  Error: 'console' is not defined.  no-undef
298:5  Warning: Unexpected console statement.  no-console
302:3  Error: 'console' is not defined.  no-undef
302:3  Warning: Unexpected console statement.  no-console
303:3  Error: 'console' is not defined.  no-undef
303:3  Warning: Unexpected console statement.  no-console
304:3  Error: 'console' is not defined.  no-undef
304:3  Warning: Unexpected console statement.  no-console
311:11  Error: 'console' is not defined.  no-undef
311:11  Warning: Unexpected console statement.  no-console
318:13  Error: 'console' is not defined.  no-undef
318:13  Warning: Unexpected console statement.  no-console
329:7  Error: 'console' is not defined.  no-undef
329:7  Warning: Unexpected console statement.  no-console
331:7  Error: 'console' is not defined.  no-undef
331:7  Warning: Unexpected console statement.  no-console
335:5  Error: 'console' is not defined.  no-undef
335:5  Warning: Unexpected console statement.  no-console
378:7  Error: 'console' is not defined.  no-undef
378:7  Warning: Unexpected console statement.  no-console
399:5  Error: 'console' is not defined.  no-undef
399:5  Warning: Unexpected console statement.  no-console
417:5  Error: 'console' is not defined.  no-undef
417:5  Warning: Unexpected console statement.  no-console
418:5  Error: '_uniqueStudents' is assigned a value but never used.  @typescript-eslint/no-unused-vars
430:5  Error: 'console' is not defined.  no-undef
430:5  Warning: Unexpected console statement.  no-console
431:5  Error: '_uniqueRotations' is assigned a value but never used.  @typescript-eslint/no-unused-vars

./src/app/dashboard/student/evaluations/page.tsx
74:37  Error: 'fetch' is not defined.  no-undef
75:8  Error: 'process' is not defined.  no-undef

./src/app/dashboard/student/page.tsx
86:5  Error: 'console' is not defined.  no-undef
86:5  Warning: Unexpected console statement.  no-console
249:9  Error: '_competencyProgressDisplay' is assigned a value but never used.  @typescript-eslint/no-unused-vars

./src/app/dashboard/student/reports/page.tsx
34:9  Error: '_user' is assigned a value but never used.  @typescript-eslint/no-unused-vars
294:5  Error: 'console' is not defined.  no-undef
294:5  Warning: Unexpected console statement.  no-console

./src/app/location-demo/page.tsx
4:29  Error: 'CardDescription' is defined but never used.  @typescript-eslint/no-unused-vars
6:10  Error: 'Button' is defined but never used.  @typescript-eslint/no-unused-vars

./src/app/onboarding/complete/page.tsx
33:5  Error: 'console' is not defined.  no-undef
33:5  Warning: Unexpected console statement.  no-console

./src/app/onboarding/page.tsx
32:5  Error: 'console' is not defined.  no-undef
32:5  Warning: Unexpected console statement.  no-console

./src/app/onboarding/programs/page.tsx
33:5  Error: 'console' is not defined.  no-undef
33:5  Warning: Unexpected console statement.  no-console

./src/app/onboarding/review/page.tsx
33:5  Error: 'console' is not defined.  no-undef
33:5  Warning: Unexpected console statement.  no-console

./src/app/onboarding/rotations/page.tsx
33:5  Error: 'console' is not defined.  no-undef
33:5  Warning: Unexpected console statement.  no-console

./src/app/onboarding/school/page.tsx
37:5  Error: 'console' is not defined.  no-undef
37:5  Warning: Unexpected console statement.  no-console
58:5  Error: 'console' is not defined.  no-undef
58:5  Warning: Unexpected console statement.  no-console

./src/app/onboarding/school-profile/page.tsx
33:5  Error: 'console' is not defined.  no-undef
33:5  Warning: Unexpected console statement.  no-console

./src/app/onboarding/student/page.tsx
100:5  Error: 'console' is not defined.  no-undef
100:5  Warning: Unexpected console statement.  no-console

./src/app/onboarding/super-admin/page.tsx
36:5  Error: 'console' is not defined.  no-undef
36:5  Warning: Unexpected console statement.  no-console

./src/app/onboarding/user-type/page.tsx
26:28  Error: 'process' is not defined.  no-undef
27:23  Error: 'process' is not defined.  no-undef
86:5  Error: 'console' is not defined.  no-undef
86:5  Warning: Unexpected console statement.  no-console
210:14  Error: '_error' is defined but never used.  @typescript-eslint/no-unused-vars
293:9  Error: 'console' is not defined.  no-undef
293:9  Warning: Unexpected console statement.  no-console
313:13  Error: 'console' is not defined.  no-undef
313:13  Warning: Unexpected console statement.  no-console
325:5  Error: 'console' is not defined.  no-undef
325:5  Warning: Unexpected console statement.  no-console

./src/app/onboarding/welcome/page.tsx
33:5  Error: 'console' is not defined.  no-undef
33:5  Warning: Unexpected console statement.  no-console

./src/app/providers.tsx
10:26  Error: 'process' is not defined.  no-undef
35:18  Error: 'process' is not defined.  no-undef
36:18  Error: 'process' is not defined.  no-undef
37:23  Error: 'process' is not defined.  no-undef
38:23  Error: 'process' is not defined.  no-undef

./src/components/admin/admin-activity-feed.tsx
86:5  Error: 'setTimeout' is not defined.  no-undef
92:9  Error: '_getActivityIcon' is assigned a value but never used.  @typescript-eslint/no-unused-vars

./src/components/admin/admin-quick-actions.tsx
22:9  Error: 'React' is not defined.  no-undef

./src/components/admin/PerformanceDashboard.tsx
101:30  Error: 'fetch' is not defined.  no-undef
123:22  Error: 'setInterval' is not defined.  no-undef
124:18  Error: 'clearInterval' is not defined.  no-undef
127:9  Error: '_getHealthStatusColor' is assigned a value but never used.  @typescript-eslint/no-unused-vars

./src/components/admin/system-status.tsx
111:5  Error: 'setTimeout' is not defined.  no-undef

./src/components/admin/time-sync-dashboard.tsx
3:27  Error: 'useEffect' is defined but never used.  @typescript-eslint/no-unused-vars
26:10  Error: 'timeSyncTester' is defined but never used.  @typescript-eslint/no-unused-vars
30:13  Warning: Unexpected any. Specify a different type.  @typescript-eslint/no-explicit-any
31:16  Warning: Unexpected any. Specify a different type.  @typescript-eslint/no-explicit-any
34:12  Warning: Unexpected any. Specify a different type.  @typescript-eslint/no-explicit-any
83:32  Error: 'setInterval' is not defined.  no-undef
90:7  Error: 'clearInterval' is not defined.  no-undef
96:7  Error: 'console' is not defined.  no-undef
96:7  Warning: Unexpected console statement.  no-console
100:7  Error: 'setTimeout' is not defined.  no-undef

./src/components/analytics/onboarding-analytics-dashboard.tsx
64:7  Error: '_COLORS' is assigned a value but never used.  @typescript-eslint/no-unused-vars
87:32  Error: 'fetch' is not defined.  no-undef

./src/components/competency/assessment-center.tsx
103:30  Error: 'fetch' is not defined.  no-undef
177:30  Error: 'fetch' is not defined.  no-undef
200:14  Error: '_err' is defined but never used.  @typescript-eslint/no-unused-vars

./src/components/competency/assignment-creation-form.tsx
3:10  Error: 'Calendar' is defined but never used.  @typescript-eslint/no-unused-vars
3:20  Error: 'Plus' is defined but never used.  @typescript-eslint/no-unused-vars
3:26  Error: 'Search' is defined but never used.  @typescript-eslint/no-unused-vars
3:34  Error: 'Users' is defined but never used.  @typescript-eslint/no-unused-vars
3:41  Error: 'X' is defined but never used.  @typescript-eslint/no-unused-vars
7:29  Error: 'CardDescription' is defined but never used.  @typescript-eslint/no-unused-vars
7:46  Error: 'CardHeader' is defined but never used.  @typescript-eslint/no-unused-vars
7:58  Error: 'CardTitle' is defined but never used.  @typescript-eslint/no-unused-vars
31:11  Error: 'Competency' is defined but never used.  @typescript-eslint/no-unused-vars
94:38  Error: 'fetch' is not defined.  no-undef
101:41  Error: 'fetch' is not defined.  no-undef
107:7  Error: 'console' is not defined.  no-undef
107:7  Warning: Unexpected console statement.  no-console
169:30  Error: 'fetch' is not defined.  no-undef
209:7  Error: 'console' is not defined.  no-undef
209:7  Warning: Unexpected console statement.  no-console

./src/components/competency/bulk-assignment-manager.tsx
3:10  Error: 'Calendar' is defined but never used.  @typescript-eslint/no-unused-vars
3:20  Error: 'Download' is defined but never used.  @typescript-eslint/no-unused-vars
3:30  Error: 'Filter' is defined but never used.  @typescript-eslint/no-unused-vars
3:44  Error: 'Search' is defined but never used.  @typescript-eslint/no-unused-vars
3:52  Error: 'Upload' is defined but never used.  @typescript-eslint/no-unused-vars
3:67  Error: 'X' is defined but never used.  @typescript-eslint/no-unused-vars
19:10  Error: 'Progress' is defined but never used.  @typescript-eslint/no-unused-vars
101:38  Error: 'fetch' is not defined.  no-undef
108:41  Error: 'fetch' is not defined.  no-undef
114:7  Error: 'console' is not defined.  no-undef
114:7  Warning: Unexpected console statement.  no-console
229:30  Error: 'fetch' is not defined.  no-undef
265:7  Error: 'console' is not defined.  no-undef
265:7  Warning: Unexpected console statement.  no-console

./src/components/competency/competency-analytics-dashboard.tsx
6:3  Error: 'Calendar' is defined but never used.  @typescript-eslint/no-unused-vars
9:3  Error: 'Filter' is defined but never used.  @typescript-eslint/no-unused-vars
98:6  Warning: React Hook useEffect has a missing dependency: 'fetchAnalytics'. Either include it or remove the dependency array.  react-hooks/exhaustive-deps
103:26  Error: 'URLSearchParams' is not defined.  no-undef
109:30  Error: 'fetch' is not defined.  no-undef
115:7  Error: 'console' is not defined.  no-undef
115:7  Warning: Unexpected console statement.  no-console
123:26  Error: 'URLSearchParams' is not defined.  no-undef
130:30  Error: 'fetch' is not defined.  no-undef
133:21  Error: 'window' is not defined.  no-undef
134:19  Error: 'document' is not defined.  no-undef
137:9  Error: 'document' is not defined.  no-undef
139:9  Error: 'window' is not defined.  no-undef
140:9  Error: 'document' is not defined.  no-undef
143:7  Error: 'console' is not defined.  no-undef
143:7  Warning: Unexpected console statement.  no-console

./src/components/competency/competency-dashboard.tsx
8:10  Error: 'Alert' is defined but never used.  @typescript-eslint/no-unused-vars
8:17  Error: 'AlertDescription' is defined but never used.  @typescript-eslint/no-unused-vars
59:10  Error: '_analytics' is assigned a value but never used.  @typescript-eslint/no-unused-vars
69:38  Error: 'fetch' is not defined.  no-undef
73:14  Error: '_err' is defined but never used.  @typescript-eslint/no-unused-vars
81:39  Error: 'fetch' is not defined.  no-undef
96:9  Error: 'process' is not defined.  no-undef
108:43  Error: 'fetch' is not defined.  no-undef
123:9  Error: 'process' is not defined.  no-undef
151:22  Error: 'setInterval' is not defined.  no-undef
156:18  Error: 'clearInterval' is not defined.  no-undef
169:30  Error: 'fetch' is not defined.  no-undef
183:14  Error: '_err' is defined but never used.  @typescript-eslint/no-unused-vars

./src/components/competency/competency-evaluation-form.tsx
3:43  Error: 'Save' is defined but never used.  @typescript-eslint/no-unused-vars
3:55  Error: 'X' is defined but never used.  @typescript-eslint/no-unused-vars
162:30  Error: 'fetch' is not defined.  no-undef
188:7  Error: 'console' is not defined.  no-undef
188:7  Warning: Unexpected console statement.  no-console

./src/components/competency/competency-progress-tracker.tsx
3:60  Error: 'User' is defined but never used.  @typescript-eslint/no-unused-vars
87:26  Error: 'URLSearchParams' is not defined.  no-undef
98:30  Error: 'fetch' is not defined.  no-undef
138:9  Error: 'getStatusColor' is assigned a value but never used.  @typescript-eslint/no-unused-vars
151:9  Error: 'getPriorityColor' is assigned a value but never used.  @typescript-eslint/no-unused-vars
323:54  Error: 'onRefresh' is defined but never used. Allowed unused args must match /^_/u.  @typescript-eslint/no-unused-vars
358:37  Error: 'getStatusColor' is not defined.  no-undef
382:22  Error: 'isOverdue' is not defined.  no-undef

./src/components/dashboard/dashboard-loading.tsx
5:10  Error: 'motion' is defined but never used.  @typescript-eslint/no-unused-vars
89:9  Error: '_skeletonItems' is assigned a value but never used.  @typescript-eslint/no-unused-vars

./src/components/dashboard/faculty-staff-client.tsx
139:5  Error: 'console' is not defined.  no-undef
139:5  Warning: Unexpected console statement.  no-console
144:5  Error: 'console' is not defined.  no-undef
144:5  Warning: Unexpected console statement.  no-console

./src/components/dashboard/programs-client.tsx
76:30  Error: 'fetch' is not defined.  no-undef
105:14  Error: '_error' is defined but never used.  @typescript-eslint/no-unused-vars

./src/components/dashboard/school-admin-dashboard-client.tsx
332:28  Error: 'window' is not defined.  no-undef

./src/components/dashboard/school-preceptors-client.tsx
102:5  Error: 'window' is not defined.  no-undef

./src/components/dashboard/school-rotations-client.tsx
120:5  Error: 'window' is not defined.  no-undef

./src/components/dashboard/student-dashboard-client.tsx
79:30  Error: 'fetch' is not defined.  no-undef
92:14  Error: '_error' is defined but never used.  @typescript-eslint/no-unused-vars
109:30  Error: 'fetch' is not defined.  no-undef
122:14  Error: '_error' is defined but never used.  @typescript-eslint/no-unused-vars
139:30  Error: 'fetch' is not defined.  no-undef
152:14  Error: '_error' is defined but never used.  @typescript-eslint/no-unused-vars

./src/components/dashboard/welcome-banner.tsx
21:10  Error: 'AnimatePresence' is defined but never used.  @typescript-eslint/no-unused-vars
21:27  Error: 'motion' is defined but never used.  @typescript-eslint/no-unused-vars
32:9  Error: 'React' is not defined.  no-undef
39:23  Error: 'setCurrentStep' is assigned a value but never used.  @typescript-eslint/no-unused-vars
54:23  Error: 'URL' is not defined.  no-undef
54:27  Error: 'window' is not defined.  no-undef

./src/components/email/email-notification-system.tsx
57:10  Error: 'preferences' is assigned a value but never used.  @typescript-eslint/no-unused-vars
72:39  Error: 'fetch' is not defined.  no-undef
79:41  Error: 'fetch' is not defined.  no-undef
86:39  Error: 'fetch' is not defined.  no-undef
92:7  Error: 'console' is not defined.  no-undef
92:7  Warning: Unexpected console statement.  no-console
101:30  Error: 'fetch' is not defined.  no-undef
118:7  Error: 'console' is not defined.  no-undef
118:7  Warning: Unexpected console statement.  no-console
125:30  Error: 'fetch' is not defined.  no-undef
136:7  Error: 'console' is not defined.  no-undef
136:7  Warning: Unexpected console statement.  no-console
143:30  Error: 'fetch' is not defined.  no-undef
160:7  Error: 'console' is not defined.  no-undef
160:7  Warning: Unexpected console statement.  no-console
165:9  Error: 'updatePreferences' is assigned a value but never used.  @typescript-eslint/no-unused-vars
167:30  Error: 'fetch' is not defined.  no-undef
185:7  Error: 'console' is not defined.  no-undef
185:7  Warning: Unexpected console statement.  no-console
192:30  Error: 'fetch' is not defined.  no-undef
207:7  Error: 'console' is not defined.  no-undef
207:7  Warning: Unexpected console statement.  no-console
354:46  Warning: Unexpected any. Specify a different type.  @typescript-eslint/no-explicit-any

./src/components/error-boundary/dashboard-error-boundary.tsx
51:9  Error: 'process' is not defined.  no-undef
52:7  Error: 'console' is not defined.  no-undef
52:7  Warning: Unexpected console statement.  no-console

./src/components/error-boundary/unified-error-boundary.tsx
54:20  Error: 'process' is not defined.  no-undef
83:9  Error: 'process' is not defined.  no-undef
84:7  Error: 'console' is not defined.  no-undef
84:7  Warning: Unexpected console statement.  no-console
89:7  Error: 'console' is not defined.  no-undef
89:7  Warning: Unexpected console statement.  no-console
112:7  Error: 'window' is not defined.  no-undef
137:5  Error: 'window' is not defined.  no-undef
330:38  Error: 'ErrorEvent' is not defined.  no-undef
332:9  Error: 'console' is not defined.  no-undef
332:9  Warning: Unexpected console statement.  no-console
333:9  Error: 'window' is not defined.  no-undef
337:5  Error: 'window' is not defined.  no-undef
338:18  Error: 'window' is not defined.  no-undef
347:45  Warning: Unexpected any. Specify a different type.  @typescript-eslint/no-explicit-any
367:18  Error: 'process' is not defined.  no-undef
372:18  Error: 'process' is not defined.  no-undef
378:18  Error: 'process' is not defined.  no-undef
380:7  Error: 'console' is not defined.  no-undef
380:7  Warning: Unexpected console statement.  no-console

./src/components/error-boundary.tsx
33:5  Error: 'console' is not defined.  no-undef
33:5  Warning: Unexpected console statement.  no-console
37:7  Error: 'console' is not defined.  no-undef
37:7  Warning: Unexpected console statement.  no-console
58:7  Error: 'window' is not defined.  no-undef
90:16  Error: 'process' is not defined.  no-undef
104:21  Error: 'window' is not defined.  no-undef
127:38  Error: 'ErrorEvent' is not defined.  no-undef
129:9  Error: 'console' is not defined.  no-undef
129:9  Warning: Unexpected console statement.  no-console
130:9  Error: 'window' is not defined.  no-undef
134:5  Error: 'window' is not defined.  no-undef
135:18  Error: 'window' is not defined.  no-undef

./src/components/icons/discord-icon.tsx
3:44  Error: 'SVGSVGElement' is not defined.  no-undef

./src/components/icons/github-icon.tsx
3:43  Error: 'SVGSVGElement' is not defined.  no-undef

./src/components/icons/linkedin-icon.tsx
3:45  Error: 'SVGSVGElement' is not defined.  no-undef

./src/components/icons/x-icon.tsx
3:38  Error: 'SVGSVGElement' is not defined.  no-undef

./src/components/landing/medstint-features.tsx
28:8  Error: 'React' is already defined.  no-redeclare
34:3  Error: 'SidebarGroupAction' is defined but never used.  @typescript-eslint/no-unused-vars

./src/components/landing/medstint-footer-enhanced.tsx
4:3  Error: 'Award' is defined but never used.  @typescript-eslint/no-unused-vars
12:3  Error: 'TrendingUp' is defined but never used.  @typescript-eslint/no-unused-vars
14:3  Error: 'Youtube' is defined but never used.  @typescript-eslint/no-unused-vars
22:10  Error: 'Badge' is defined but never used.  @typescript-eslint/no-unused-vars

./src/components/landing/medstint-hero-enhanced.tsx
7:3  Error: 'ChevronRight' is defined but never used.  @typescript-eslint/no-unused-vars
46:33  Error: 'MouseEvent' is not defined.  no-undef
50:5  Error: 'window' is not defined.  no-undef
51:18  Error: 'window' is not defined.  no-undef

./src/components/landing/medstint-stats-enhanced.tsx
123:10  Error: '_animatedValues' is assigned a value but never used.  @typescript-eslint/no-unused-vars
130:19  Error: 'setTimeout' is not defined.  no-undef
138:18  Error: 'clearTimeout' is not defined.  no-undef

./src/components/layout/dashboard-layout-client.tsx
15:13  Error: 'React' is not defined.  no-undef

./src/components/layout/school-name-display.tsx
32:30  Error: 'sessionStorage' is not defined.  no-undef
41:32  Error: 'fetch' is not defined.  no-undef
46:16  Error: '_error' is defined but never used.  @typescript-eslint/no-unused-vars

./src/components/layout/sections/contact.tsx
43:7  Error: 'window' is not defined.  no-undef

./src/components/layout/sections/footer.tsx
17:10  Error: 'React' is not defined.  no-undef

./src/components/layout/sections/testimonial.tsx
32:31  Error: 'React' is not defined.  no-undef
58:23  Error: '_setIsCollapsed' is assigned a value but never used.  @typescript-eslint/no-unused-vars

./src/components/layout/user-nav.tsx
44:21  Error: 'setTimeout' is not defined.  no-undef
47:20  Error: 'clearTimeout' is not defined.  no-undef

./src/components/location/location-analytics-chart.tsx
11:3  Error: 'TrendingUp' is defined but never used.  @typescript-eslint/no-unused-vars
56:21  Error: 'setIsLoading' is assigned a value but never used.  @typescript-eslint/no-unused-vars
110:22  Error: 'setInterval' is not defined.  no-undef
111:18  Error: 'clearInterval' is not defined.  no-undef
112:6  Warning: React Hook useEffect has a missing dependency: 'updateMetrics'. Either include it or remove the dependency array.  react-hooks/exhaustive-deps
117:6  Warning: React Hook useEffect has a missing dependency: 'updateMetrics'. Either include it or remove the dependency array.  react-hooks/exhaustive-deps

./src/components/location/location-dashboard.tsx
3:51  Error: 'useMemo' is defined but never used.  @typescript-eslint/no-unused-vars
13:3  Error: 'Clock' is defined but never used.  @typescript-eslint/no-unused-vars
17:3  Error: 'CheckCircle' is defined but never used.  @typescript-eslint/no-unused-vars
18:3  Error: 'XCircle' is defined but never used.  @typescript-eslint/no-unused-vars
19:3  Error: 'BarChart3' is defined but never used.  @typescript-eslint/no-unused-vars
65:58  Error: 'NodeJS' is not defined.  no-undef
101:24  Error: 'setInterval' is not defined.  no-undef
103:20  Error: 'clearInterval' is not defined.  no-undef
105:7  Error: 'clearInterval' is not defined.  no-undef
108:6  Warning: React Hook useEffect has a missing dependency: 'refreshInterval'. Either include it or remove the dependency array.  react-hooks/exhaustive-deps
352:15  Error: 'console' is not defined.  no-undef
352:15  Warning: Unexpected console statement.  no-console

./src/components/location/location-display.tsx
3:73  Error: 'Wifi' is defined but never used.  @typescript-eslint/no-unused-vars
3:79  Error: 'WifiOff' is defined but never used.  @typescript-eslint/no-unused-vars
7:10  Error: 'Button' is defined but never used.  @typescript-eslint/no-unused-vars
11:3  Error: 'formatCoordinates' is defined but never used.  @typescript-eslint/no-unused-vars
15:10  Error: 'StatusIndicator' is defined but never used.  @typescript-eslint/no-unused-vars
60:7  Error: 'console' is not defined.  no-undef
60:7  Warning: Unexpected console statement.  no-console
66:9  Error: 'mapUrl' is assigned a value but never used.  @typescript-eslint/no-unused-vars
214:9  Error: 'console' is not defined.  no-undef
214:9  Warning: Unexpected console statement.  no-console
334:11  Error: 'level' is assigned a value but never used.  @typescript-eslint/no-unused-vars
347:9  Error: 'console' is not defined.  no-undef
347:9  Warning: Unexpected console statement.  no-console

./src/components/location/location-map-visualization.tsx
12:3  Error: 'Clock' is defined but never used.  @typescript-eslint/no-unused-vars
54:34  Error: 'HTMLDivElement' is not defined.  no-undef
91:6  Warning: React Hook useEffect has a missing dependency: 'fetchLocationData'. Either include it or remove the dependency array.  react-hooks/exhaustive-deps
167:13  Error: 'maxRange' is assigned a value but never used.  @typescript-eslint/no-unused-vars

./src/components/location/location-permission-handler.tsx
13:31  Warning: Unexpected any. Specify a different type.  @typescript-eslint/no-explicit-any
69:7  Error: 'console' is not defined.  no-undef
69:7  Warning: Unexpected console statement.  no-console
80:7  Error: 'console' is not defined.  no-undef
80:7  Warning: Unexpected console statement.  no-console

./src/components/location/location-status-indicator.tsx
42:33  Error: 'GeolocationPosition' is not defined.  no-undef
43:21  Error: 'GeolocationPositionError' is not defined.  no-undef
68:10  Error: 'navigator' is not defined.  no-undef
78:28  Error: 'navigator' is not defined.  no-undef
79:34  Error: 'navigator' is not defined.  no-undef
86:7  Error: 'console' is not defined.  no-undef
86:7  Warning: Unexpected console statement.  no-console
92:10  Error: 'navigator' is not defined.  no-undef
121:25  Error: 'GeolocationPosition' is not defined.  no-undef
147:30  Error: 'GeolocationPositionError' is not defined.  no-undef
170:24  Error: 'setInterval' is not defined.  no-undef
171:20  Error: 'clearInterval' is not defined.  no-undef
173:6  Warning: React Hook useEffect has a missing dependency: 'refresh'. Either include it or remove the dependency array.  react-hooks/exhaustive-deps
383:29  Error: 'navigator' is not defined.  no-undef
384:16  Error: 'navigator' is not defined.  no-undef

./src/components/modals/add-faculty-modal.tsx
42:34  Error: 'React' is not defined.  no-undef
72:30  Error: 'fetch' is not defined.  no-undef
101:7  Error: 'console' is not defined.  no-undef
101:7  Warning: Unexpected console statement.  no-console

./src/components/modals/add-preceptor-modal.tsx
77:30  Error: 'fetch' is not defined.  no-undef
99:7  Error: 'console' is not defined.  no-undef
99:7  Warning: Unexpected console statement.  no-console

./src/components/modals/create-program-modal.tsx
65:30  Error: 'fetch' is not defined.  no-undef

./src/components/modals/create-rotation-modal.tsx
101:40  Error: 'fetch' is not defined.  no-undef
109:35  Error: 'fetch' is not defined.  no-undef
116:7  Error: 'console' is not defined.  no-undef
116:7  Warning: Unexpected console statement.  no-console
133:30  Error: 'fetch' is not defined.  no-undef
154:7  Error: 'console' is not defined.  no-undef
154:7  Warning: Unexpected console statement.  no-console

./src/components/onboarding/complete-onboarding.tsx
51:38  Error: 'user' is defined but never used. Allowed unused args must match /^_/u.  @typescript-eslint/no-unused-vars
68:30  Error: 'fetch' is not defined.  no-undef
81:7  Error: 'console' is not defined.  no-undef
81:7  Warning: Unexpected console statement.  no-console
85:9  Warning: The 'completeOnboarding' function makes the dependencies of useEffect Hook (at line 122) change on every render. Move it inside the useEffect callback. 
Alternatively, wrap the definition of 'completeOnboarding' in its own useCallback() Hook.  react-hooks/exhaustive-deps
91:30  Error: 'fetch' is not defined.  no-undef
111:7  Error: 'console' is not defined.  no-undef
111:7  Warning: Unexpected console statement.  no-console
130:5  Error: 'window' is not defined.  no-undef
299:34  Error: 'window' is not defined.  no-undef
339:32  Error: 'window' is not defined.  no-undef

./src/components/onboarding/enhanced-onboarding-flow.tsx
85:3  Error: 'clerkUser' is defined but never used. Allowed unused args must match /^_/u.  @typescript-eslint/no-unused-vars
132:5  Error: 'saveSession' is assigned a value but never used.  @typescript-eslint/no-unused-vars
154:27  Error: '_setTutorialEnabled' is assigned a value but never used.  @typescript-eslint/no-unused-vars
158:29  Error: 'localStorage' is not defined.  no-undef
164:9  Error: '_handleTutorialComplete' is assigned a value but never used.  @typescript-eslint/no-unused-vars
165:5  Error: 'localStorage' is not defined.  no-undef
176:9  Error: '_toggleTutorial' is assigned a value but never used.  @typescript-eslint/no-unused-vars
236:29  Error: 'console' is not defined.  no-undef
236:29  Warning: Unexpected console statement.  no-console
237:6  Warning: React Hook useEffect has a missing dependency: 'analytics'. Either include it or remove the dependency array.  react-hooks/exhaustive-deps
274:6  Warning: React Hook useEffect has a missing dependency: 'analytics'. Either include it or remove the dependency array.  react-hooks/exhaustive-deps
306:30  Error: 'fetch' is not defined.  no-undef
324:19  Error: Empty block statement.  no-empty
360:30  Error: 'fetch' is not defined.  no-undef
378:19  Error: Empty block statement.  no-empty
530:44  Error: 'fetch' is not defined.  no-undef

./src/components/onboarding/onboarding-completion.tsx
49:9  Error: 'React' is not defined.  no-undef
146:30  Error: 'fetch' is not defined.  no-undef
158:13  Error: '_result' is assigned a value but never used.  @typescript-eslint/no-unused-vars
163:9  Error: 'sessionStorage' is not defined.  no-undef
164:9  Error: 'sessionStorage' is not defined.  no-undef
165:9  Error: 'sessionStorage' is not defined.  no-undef
169:7  Error: 'setTimeout' is not defined.  no-undef

./src/components/onboarding/onboarding-flow.tsx
125:30  Error: 'fetch' is not defined.  no-undef
144:19  Error: Empty block statement.  no-empty
167:30  Error: 'fetch' is not defined.  no-undef
185:19  Error: Empty block statement.  no-empty
277:44  Error: 'fetch' is not defined.  no-undef
295:16  Error: '_error' is defined but never used.  @typescript-eslint/no-unused-vars

./src/components/onboarding/programs-onboarding.tsx
87:38  Error: 'user' is defined but never used. Allowed unused args must match /^_/u.  @typescript-eslint/no-unused-vars
87:44  Error: 'clerkUser' is defined but never used. Allowed unused args must match /^_/u.  @typescript-eslint/no-unused-vars
97:9  Warning: The 'loadSavedProgress' function makes the dependencies of useEffect Hook (at line 114) change on every render. Move it inside the useEffect callback. 
Alternatively, wrap the definition of 'loadSavedProgress' in its own useCallback() Hook.  react-hooks/exhaustive-deps
99:30  Error: 'fetch' is not defined.  no-undef
107:7  Error: 'console' is not defined.  no-undef
107:7  Warning: Unexpected console statement.  no-console
146:74  Warning: Unexpected any. Specify a different type.  @typescript-eslint/no-explicit-any
182:12  Warning: Unexpected any. Specify a different type.  @typescript-eslint/no-explicit-any
260:30  Error: 'fetch' is not defined.  no-undef
281:7  Error: 'console' is not defined.  no-undef
281:7  Warning: Unexpected console statement.  no-console

./src/components/onboarding/review-onboarding.tsx
131:36  Error: 'user' is defined but never used. Allowed unused args must match /^_/u.  @typescript-eslint/no-unused-vars
131:42  Error: 'clerkUser' is defined but never used. Allowed unused args must match /^_/u.  @typescript-eslint/no-unused-vars
141:9  Warning: The 'loadOnboardingData' function makes the dependencies of useEffect Hook (at line 158) change on every render. Move it inside the useEffect callback. 
Alternatively, wrap the definition of 'loadOnboardingData' in its own useCallback() Hook.  react-hooks/exhaustive-deps
143:30  Error: 'fetch' is not defined.  no-undef
150:7  Error: 'console' is not defined.  no-undef
150:7  Warning: Unexpected console statement.  no-console
287:30  Error: 'fetch' is not defined.  no-undef
307:7  Error: 'console' is not defined.  no-undef
307:7  Warning: Unexpected console statement.  no-console

./src/components/onboarding/rotations-onboarding.tsx
135:39  Error: 'user' is defined but never used. Allowed unused args must match /^_/u.  @typescript-eslint/no-unused-vars
135:45  Error: 'clerkUser' is defined but never used. Allowed unused args must match /^_/u.  @typescript-eslint/no-unused-vars
145:9  Warning: The 'loadSavedProgress' function makes the dependencies of useEffect Hook (at line 162) change on every render. Move it inside the useEffect callback. 
Alternatively, wrap the definition of 'loadSavedProgress' in its own useCallback() Hook.  react-hooks/exhaustive-deps
147:30  Error: 'fetch' is not defined.  no-undef
155:7  Error: 'console' is not defined.  no-undef
155:7  Warning: Unexpected console statement.  no-console
202:77  Warning: Unexpected any. Specify a different type.  @typescript-eslint/no-explicit-any
218:12  Warning: Unexpected any. Specify a different type.  @typescript-eslint/no-explicit-any
248:12  Warning: Unexpected any. Specify a different type.  @typescript-eslint/no-explicit-any
318:30  Error: 'fetch' is not defined.  no-undef
339:7  Error: 'console' is not defined.  no-undef
339:7  Warning: Unexpected console statement.  no-console

./src/components/onboarding/school-onboarding.tsx
19:9  Warning: Unexpected any. Specify a different type.  @typescript-eslint/no-explicit-any
20:14  Warning: Unexpected any. Specify a different type.  @typescript-eslint/no-explicit-any
21:20  Warning: Unexpected any. Specify a different type.  @typescript-eslint/no-explicit-any
34:53  Error: 'existingSchools' is defined but never used. Allowed unused args must match /^_/u.  @typescript-eslint/no-unused-vars
95:30  Error: 'fetch' is not defined.  no-undef
120:19  Error: Empty block statement.  no-empty
134:44  Warning: Unexpected any. Specify a different type.  @typescript-eslint/no-explicit-any
137:30  Error: 'fetch' is not defined.  no-undef
155:19  Error: Empty block statement.  no-empty
274:44  Error: 'fetch' is not defined.  no-undef
293:16  Error: '_error' is defined but never used.  @typescript-eslint/no-unused-vars

./src/components/onboarding/school-profile-onboarding.tsx
88:43  Error: 'user' is defined but never used. Allowed unused args must match /^_/u.  @typescript-eslint/no-unused-vars
88:49  Error: 'clerkUser' is defined but never used. Allowed unused args must match /^_/u.  @typescript-eslint/no-unused-vars
100:9  Warning: The 'loadSavedProgress' function makes the dependencies of useEffect Hook (at line 117) change on every render. Move it inside the useEffect callback. 
Alternatively, wrap the definition of 'loadSavedProgress' in its own useCallback() Hook.  react-hooks/exhaustive-deps
102:30  Error: 'fetch' is not defined.  no-undef
110:7  Error: 'console' is not defined.  no-undef
110:7  Warning: Unexpected console statement.  no-console
195:30  Error: 'fetch' is not defined.  no-undef
216:7  Error: 'console' is not defined.  no-undef
216:7  Warning: Unexpected console statement.  no-console

./src/components/onboarding/school-registration.tsx
63:7  Error: '_SCHOOL_TYPES' is assigned a value but never used.  @typescript-eslint/no-unused-vars
148:32  Error: 'fetch' is not defined.  no-undef
154:16  Error: '_error' is defined but never used.  @typescript-eslint/no-unused-vars
272:13  Error: '_submissionData' is assigned a value but never used.  @typescript-eslint/no-unused-vars
302:14  Error: '_error' is defined but never used.  @typescript-eslint/no-unused-vars

./src/components/onboarding/student-onboarding.tsx
28:9  Warning: Unexpected any. Specify a different type.  @typescript-eslint/no-explicit-any
29:14  Warning: Unexpected any. Specify a different type.  @typescript-eslint/no-explicit-any
30:21  Warning: Unexpected any. Specify a different type.  @typescript-eslint/no-explicit-any
31:22  Warning: Unexpected any. Specify a different type.  @typescript-eslint/no-explicit-any
127:44  Warning: Unexpected any. Specify a different type.  @typescript-eslint/no-explicit-any
130:30  Error: 'fetch' is not defined.  no-undef
148:19  Error: Empty block statement.  no-empty
232:44  Error: 'fetch' is not defined.  no-undef
249:25  Error: Empty block statement.  no-empty
260:16  Error: '_error' is defined but never used.  @typescript-eslint/no-unused-vars

./src/components/onboarding/student-registration.tsx
62:24  Error: 'URLSearchParams' is not defined.  no-undef
71:28  Error: 'fetch' is not defined.  no-undef
82:12  Error: '_error' is defined but never used.  @typescript-eslint/no-unused-vars
126:9  Warning: The 'loadSchools' function makes the dependencies of useEffect Hook (at line 148) change on every render. To fix this, wrap the definition of 
'loadSchools' in its own useCallback() Hook.  react-hooks/exhaustive-deps
126:9  Warning: The 'loadSchools' function makes the dependencies of useEffect Hook (at line 161) change on every render. To fix this, wrap the definition of 
'loadSchools' in its own useCallback() Hook.  react-hooks/exhaustive-deps
137:14  Error: '_error' is defined but never used.  @typescript-eslint/no-unused-vars
152:23  Error: 'setTimeout' is not defined.  no-undef
160:18  Error: 'clearTimeout' is not defined.  no-undef
223:30  Error: 'fetch' is not defined.  no-undef
237:13  Error: '_result' is assigned a value but never used.  @typescript-eslint/no-unused-vars
292:16  Error: '_error' is defined but never used.  @typescript-eslint/no-unused-vars

./src/components/onboarding/user-type-selection.tsx
51:10  Error: '_isSubmitting' is assigned a value but never used.  @typescript-eslint/no-unused-vars
83:30  Error: 'fetch' is not defined.  no-undef
101:19  Error: Empty block statement.  no-empty
115:9  Error: '_handleProfileUpdate' is assigned a value but never used.  @typescript-eslint/no-unused-vars
120:30  Error: 'fetch' is not defined.  no-undef
144:19  Error: Empty block statement.  no-empty
149:13  Error: '_data' is assigned a value but never used.  @typescript-eslint/no-unused-vars
152:33  Error: 'fetch' is not defined.  no-undef
202:44  Error: 'fetch' is not defined.  no-undef
221:16  Error: '_error' is defined but never used.  @typescript-eslint/no-unused-vars
462:18  Warning: Unexpected any. Specify a different type.  @typescript-eslint/no-explicit-any
465:37  Error: 'user' is defined but never used. Allowed unused args must match /^_/u.  @typescript-eslint/no-unused-vars
468:9  Error: '_handleUpdateUser' is assigned a value but never used.  @typescript-eslint/no-unused-vars
471:30  Error: 'fetch' is not defined.  no-undef
489:19  Error: Empty block statement.  no-empty

./src/components/onboarding/welcome-onboarding.tsx
91:10  Error: '_showTutorial' is assigned a value but never used.  @typescript-eslint/no-unused-vars
101:36  Error: 'localStorage' is not defined.  no-undef
105:7  Error: 'setTimeout' is not defined.  no-undef
115:7  Error: 'localStorage' is not defined.  no-undef
118:30  Error: 'fetch' is not defined.  no-undef
140:7  Error: 'console' is not defined.  no-undef
140:7  Warning: Unexpected console statement.  no-console
210:45  Error: 'index' is defined but never used. Allowed unused args must match /^_/u.  @typescript-eslint/no-unused-vars

./src/components/onboarding-analytics-dashboard.tsx
50:7  Error: '_COLORS' is assigned a value but never used.  @typescript-eslint/no-unused-vars
61:32  Error: 'fetch' is not defined.  no-undef
233:34  Warning: Unexpected any. Specify a different type.  @typescript-eslint/no-explicit-any

./src/components/reporting/comprehensive-reports-dashboard.tsx
9:3  Error: 'Filter' is defined but never used.  @typescript-eslint/no-unused-vars
128:3  Error: 'userRole' is assigned a value but never used. Allowed unused args must match /^_/u.  @typescript-eslint/no-unused-vars
139:22  Error: 'setReportType' is assigned a value but never used.  @typescript-eslint/no-unused-vars
143:6  Warning: React Hook useEffect has a missing dependency: 'fetchReportData'. Either include it or remove the dependency array.  react-hooks/exhaustive-deps
148:26  Error: 'URLSearchParams' is not defined.  no-undef
156:30  Error: 'fetch' is not defined.  no-undef
164:7  Error: 'console' is not defined.  no-undef
164:7  Warning: Unexpected console statement.  no-console
173:26  Error: 'URLSearchParams' is not defined.  no-undef
183:30  Error: 'fetch' is not defined.  no-undef
186:21  Error: 'window' is not defined.  no-undef
187:19  Error: 'document' is not defined.  no-undef
190:9  Error: 'document' is not defined.  no-undef
192:9  Error: 'window' is not defined.  no-undef
193:9  Error: 'document' is not defined.  no-undef
199:7  Error: 'console' is not defined.  no-undef
199:7  Warning: Unexpected console statement.  no-console
206:30  Error: 'fetch' is not defined.  no-undef
229:7  Error: 'console' is not defined.  no-undef
229:7  Warning: Unexpected console statement.  no-console
467:76  Error: 'index' is defined but never used. Allowed unused args must match /^_/u.  @typescript-eslint/no-unused-vars

./src/components/reports/reports-dashboard.tsx
37:9  Warning: Unexpected any. Specify a different type.  @typescript-eslint/no-explicit-any
38:12  Warning: Unexpected any. Specify a different type.  @typescript-eslint/no-explicit-any
64:62  Warning: Unexpected any. Specify a different type.  @typescript-eslint/no-explicit-any
65:10  Error: '_availableCompetencies' is assigned a value but never used.  @typescript-eslint/no-unused-vars
65:71  Warning: Unexpected any. Specify a different type.  @typescript-eslint/no-explicit-any
66:10  Error: '_availableRotations' is assigned a value but never used.  @typescript-eslint/no-unused-vars
66:65  Warning: Unexpected any. Specify a different type.  @typescript-eslint/no-explicit-any
68:9  Warning: The 'fetchFilterOptions' function makes the dependencies of useEffect Hook (at line 102) change on every render. Move it inside the useEffect callback. 
Alternatively, wrap the definition of 'fetchFilterOptions' in its own useCallback() Hook.  react-hooks/exhaustive-deps
72:9  Error: 'fetch' is not defined.  no-undef
73:9  Error: 'fetch' is not defined.  no-undef
74:9  Error: 'fetch' is not defined.  no-undef
91:14  Error: '_error' is defined but never used.  @typescript-eslint/no-unused-vars
107:26  Error: 'URLSearchParams' is not defined.  no-undef
131:30  Error: 'fetch' is not defined.  no-undef
139:14  Error: '_error' is defined but never used.  @typescript-eslint/no-unused-vars
149:26  Error: 'URLSearchParams' is not defined.  no-undef
165:30  Error: 'fetch' is not defined.  no-undef
171:19  Error: 'window' is not defined.  no-undef
172:17  Error: 'document' is not defined.  no-undef
176:7  Error: 'document' is not defined.  no-undef
178:7  Error: 'window' is not defined.  no-undef
181:14  Error: '_error' is defined but never used.  @typescript-eslint/no-unused-vars
236:28  Warning: Unexpected any. Specify a different type.  @typescript-eslint/no-explicit-any
244:37  Error: 'index' is defined but never used. Allowed unused args must match /^_/u.  @typescript-eslint/no-unused-vars
514:61  Warning: Unexpected any. Specify a different type.  @typescript-eslint/no-explicit-any

./src/components/reports/scheduled-reports.tsx
34:12  Warning: Unexpected any. Specify a different type.  @typescript-eslint/no-explicit-any
42:36  Error: 'userId' is defined but never used. Allowed unused args must match /^_/u.  @typescript-eslint/no-unused-vars
42:44  Error: 'userRole' is defined but never used. Allowed unused args must match /^_/u.  @typescript-eslint/no-unused-vars
56:9  Warning: The 'fetchScheduledReports' function makes the dependencies of useEffect Hook (at line 70) change on every render. To fix this, wrap the definition of 
'fetchScheduledReports' in its own useCallback() Hook.  react-hooks/exhaustive-deps
58:30  Error: 'fetch' is not defined.  no-undef
63:14  Error: '_error' is defined but never used.  @typescript-eslint/no-unused-vars
72:34  Error: 'React' is not defined.  no-undef
92:30  Error: 'fetch' is not defined.  no-undef
114:14  Error: '_error' is defined but never used.  @typescript-eslint/no-unused-vars
136:10  Error: 'confirm' is not defined.  no-undef
141:30  Error: 'fetch' is not defined.  no-undef
151:14  Error: '_error' is defined but never used.  @typescript-eslint/no-unused-vars
159:30  Error: 'fetch' is not defined.  no-undef
171:14  Error: '_error' is defined but never used.  @typescript-eslint/no-unused-vars
179:30  Error: 'fetch' is not defined.  no-undef
189:14  Error: '_error' is defined but never used.  @typescript-eslint/no-unused-vars

./src/components/school-selector.tsx
52:9  Error: 'sessionStorage' is not defined.  no-undef
54:9  Error: 'sessionStorage' is not defined.  no-undef
158:30  Error: 'sessionStorage' is not defined.  no-undef

./src/components/session-expiration-warning.tsx
13:35  Warning: Unexpected any. Specify a different type.  @typescript-eslint/no-explicit-any
53:7  Error: 'console' is not defined.  no-undef
53:7  Warning: Unexpected console statement.  no-console
64:7  Error: 'console' is not defined.  no-undef
64:7  Warning: Unexpected console statement.  no-console

./src/components/student/clock-interface.tsx
68:23  Warning: Unexpected any. Specify a different type.  @typescript-eslint/no-explicit-any
71:42  Error: 'className' is defined but never used. Allowed unused args must match /^_/u.  @typescript-eslint/no-unused-vars
76:10  Error: 'activities' is assigned a value but never used.  @typescript-eslint/no-unused-vars
92:10  Error: 'showLocationUI' is assigned a value but never used.  @typescript-eslint/no-unused-vars
92:26  Error: 'setShowLocationUI' is assigned a value but never used.  @typescript-eslint/no-unused-vars
93:28  Error: 'setLocationRequired' is assigned a value but never used.  @typescript-eslint/no-unused-vars
99:12  Error: 'locationError' is assigned a value but never used.  @typescript-eslint/no-unused-vars
108:19  Error: 'setInterval' is not defined.  no-undef
111:18  Error: 'clearInterval' is not defined.  no-undef
183:30  Error: 'fetch' is not defined.  no-undef
211:14  Error: 'error' is defined but never used.  @typescript-eslint/no-unused-vars
224:30  Error: 'fetch' is not defined.  no-undef
246:7  Error: 'console' is not defined.  no-undef
246:7  Warning: Unexpected console statement.  no-console
254:30  Error: 'fetch' is not defined.  no-undef
268:7  Error: 'console' is not defined.  no-undef
268:7  Warning: Unexpected console statement.  no-console
278:30  Error: 'fetch' is not defined.  no-undef
281:9  Error: 'console' is not defined.  no-undef
281:9  Warning: Unexpected console statement.  no-console
294:7  Error: 'console' is not defined.  no-undef
294:7  Warning: Unexpected console statement.  no-console
327:30  Error: 'fetch' is not defined.  no-undef
354:14  Error: '_error' is defined but never used.  @typescript-eslint/no-unused-vars
376:29  Error: 'confirm' is not defined.  no-undef
387:30  Error: 'fetch' is not defined.  no-undef
415:14  Error: '_error' is defined but never used.  @typescript-eslint/no-unused-vars

./src/components/student/clock-widget.tsx
20:10  Error: 'ProgressBar' is defined but never used.  @typescript-eslint/no-unused-vars
92:10  Error: 'elapsedTimeMs' is assigned a value but never used.  @typescript-eslint/no-unused-vars
95:10  Error: 'locationStatus' is assigned a value but never used.  @typescript-eslint/no-unused-vars
100:9  Error: 'validator' is assigned a value but never used.  @typescript-eslint/no-unused-vars
101:9  Error: 'errorRecovery' is assigned a value but never used.  @typescript-eslint/no-unused-vars
102:9  Error: 'retryManager' is assigned a value but never used.  @typescript-eslint/no-unused-vars
103:9  Error: 'networkErrorHandler' is assigned a value but never used.  @typescript-eslint/no-unused-vars
110:5  Error: 'driftMs' is assigned a value but never used.  @typescript-eslint/no-unused-vars
111:5  Error: 'syncAccuracy' is assigned a value but never used.  @typescript-eslint/no-unused-vars
112:5  Error: 'protocol' is assigned a value but never used.  @typescript-eslint/no-unused-vars
113:5  Error: 'stats' is assigned a value but never used.  @typescript-eslint/no-unused-vars
116:5  Error: 'reconnect' is assigned a value but never used.  @typescript-eslint/no-unused-vars
127:6  Warning: React Hook useMemo has a missing dependency: 'clockStatus'. Either include it or remove the dependency array.  react-hooks/exhaustive-deps
129:9  Error: 'syncStatusColor' is assigned a value but never used.  @typescript-eslint/no-unused-vars
166:19  Error: 'setInterval' is not defined.  no-undef
173:18  Error: 'clearInterval' is not defined.  no-undef
179:21  Error: 'setInterval' is not defined.  no-undef
191:20  Error: 'clearInterval' is not defined.  no-undef
204:9  Error: 'fetch' is not defined.  no-undef
205:9  Error: 'fetch' is not defined.  no-undef
220:7  Error: 'console' is not defined.  no-undef
220:7  Warning: Unexpected console statement.  no-console
235:11  Error: 'setTimeout' is not defined.  no-undef
240:13  Error: 'fetch' is not defined.  no-undef
241:23  Error: 'AbortSignal' is not defined.  no-undef
243:13  Error: 'fetch' is not defined.  no-undef
244:23  Error: 'AbortSignal' is not defined.  no-undef
248:15  Error: 'Response' is not defined.  no-undef
262:9  Error: 'console' is not defined.  no-undef
262:9  Warning: Unexpected console statement.  no-console
293:11  Error: 'navigator' is not defined.  no-undef
296:46  Error: 'GeolocationPosition' is not defined.  no-undef
297:13  Error: 'navigator' is not defined.  no-undef
317:11  Error: 'console' is not defined.  no-undef
317:11  Warning: Unexpected console statement.  no-console
326:30  Error: 'fetch' is not defined.  no-undef
355:7  Error: 'console' is not defined.  no-undef
355:7  Warning: Unexpected console statement.  no-console
385:30  Error: 'fetch' is not defined.  no-undef
414:7  Error: 'console' is not defined.  no-undef
414:7  Warning: Unexpected console statement.  no-console
463:30  Error: React Hook "useMemo" is called conditionally. React Hooks must be called in the exact same order in every component render. Did you accidentally call a 
React Hook after an early return?  react-hooks/rules-of-hooks
479:30  Error: React Hook "useMemo" is called conditionally. React Hooks must be called in the exact same order in every component render. Did you accidentally call a 
React Hook after an early return?  react-hooks/rules-of-hooks
500:33  Error: React Hook "useMemo" is called conditionally. React Hooks must be called in the exact same order in every component render. Did you accidentally call a 
React Hook after an early return?  react-hooks/rules-of-hooks
527:25  Error: React Hook "useMemo" is called conditionally. React Hooks must be called in the exact same order in every component render. Did you accidentally call a 
React Hook after an early return?  react-hooks/rules-of-hooks
547:25  Error: React Hook "useMemo" is called conditionally. React Hooks must be called in the exact same order in every component render. Did you accidentally call a 
React Hook after an early return?  react-hooks/rules-of-hooks

./src/components/student/time-records-history.tsx
42:46  Error: 'studentId' is defined but never used. Allowed unused args must match /^_/u.  @typescript-eslint/no-unused-vars
53:9  Warning: The 'fetchTimeRecords' function makes the dependencies of useEffect Hook (at line 94) change on every render. Move it inside the useEffect callback. 
Alternatively, wrap the definition of 'fetchTimeRecords' in its own useCallback() Hook.  react-hooks/exhaustive-deps
56:26  Error: 'URLSearchParams' is not defined.  no-undef
63:30  Error: 'fetch' is not defined.  no-undef
71:14  Error: '_error' is defined but never used.  @typescript-eslint/no-unused-vars
79:9  Warning: The 'fetchSites' function makes the dependencies of useEffect Hook (at line 94) change on every render. Move it inside the useEffect callback. 
Alternatively, wrap the definition of 'fetchSites' in its own useCallback() Hook.  react-hooks/exhaustive-deps
81:30  Error: 'fetch' is not defined.  no-undef
86:14  Error: '_error' is defined but never used.  @typescript-eslint/no-unused-vars

./src/components/time-records-filter-form.tsx
27:26  Error: 'HTMLFormElement' is not defined.  no-undef
32:19  Error: 'window' is not defined.  no-undef

./src/components/time-tracker.tsx
4:10  Error: 'useCallback' is defined but never used.  @typescript-eslint/no-unused-vars
31:40  Warning: Unexpected any. Specify a different type.  @typescript-eslint/no-explicit-any
53:10  Error: '_locationPermission' is assigned a value but never used.  @typescript-eslint/no-unused-vars
53:31  Error: 'setLocationPermission' is assigned a value but never used.  @typescript-eslint/no-unused-vars
63:19  Error: 'setInterval' is not defined.  no-undef
67:18  Error: 'clearInterval' is not defined.  no-undef
74:21  Error: 'setInterval' is not defined.  no-undef
88:20  Error: 'clearInterval' is not defined.  no-undef
143:14  Error: '_error' is defined but never used.  @typescript-eslint/no-unused-vars
192:14  Error: '_error' is defined but never used.  @typescript-eslint/no-unused-vars
232:14  Error: '_error' is defined but never used.  @typescript-eslint/no-unused-vars

./src/components/timecard-audit-dialog.tsx
23:27  Warning: Unexpected any. Specify a different type.  @typescript-eslint/no-explicit-any
38:36  Warning: Unexpected any. Specify a different type.  @typescript-eslint/no-explicit-any
82:13  Error: 'React' is not defined.  no-undef
90:9  Warning: The 'fetchAuditData' function makes the dependencies of useEffect Hook (at line 113) change on every render. Move it inside the useEffect callback. 
Alternatively, wrap the definition of 'fetchAuditData' in its own useCallback() Hook.  react-hooks/exhaustive-deps
95:30  Error: 'fetch' is not defined.  no-undef
101:14  Error: '_error' is defined but never used.  @typescript-eslint/no-unused-vars
153:56  Warning: Unexpected any. Specify a different type.  @typescript-eslint/no-explicit-any

./src/components/timecard-correction-dialog.tsx
81:12  Error: 'React' is not defined.  no-undef
152:30  Error: 'fetch' is not defined.  no-undef
173:7  Error: 'window' is not defined.  no-undef

./src/components/timecard-correction-review-dialog.tsx
34:13  Error: 'React' is not defined.  no-undef
73:30  Error: 'fetch' is not defined.  no-undef
108:30  Error: 'fetch' is not defined.  no-undef

./src/components/timecard-corrections-list.tsx
24:36  Warning: Unexpected any. Specify a different type.  @typescript-eslint/no-explicit-any
63:10  Error: '_selectedCorrection' is assigned a value but never used.  @typescript-eslint/no-unused-vars
67:26  Error: 'URLSearchParams' is not defined.  no-undef
73:30  Error: 'fetch' is not defined.  no-undef
80:14  Error: '_error' is defined but never used.  @typescript-eslint/no-unused-vars

./src/components/tutorial/guided-walkthrough.tsx
244:9  Warning: The 'startTour' function makes the dependencies of useEffect Hook (at line 296) change on every render. To fix this, wrap the definition of 'startTour' 
in its own useCallback() Hook.  react-hooks/exhaustive-deps
414:58  Error: 'index' is defined but never used. Allowed unused args must match /^_/u.  @typescript-eslint/no-unused-vars

./src/components/tutorial/interactive-tooltip.tsx
56:29  Error: 'HTMLDivElement' is not defined.  no-undef
57:29  Error: 'HTMLDivElement' is not defined.  no-undef
58:29  Error: 'NodeJS' is not defined.  no-undef
68:27  Error: 'window' is not defined.  no-undef
69:28  Error: 'window' is not defined.  no-undef
96:7  Error: 'clearTimeout' is not defined.  no-undef
104:26  Error: 'setTimeout' is not defined.  no-undef
145:9  Error: 'clearTimeout' is not defined.  no-undef
230:17  Error: 'clearTimeout' is not defined.  no-undef

./src/components/tutorial/tutorial-integration.tsx
51:13  Error: 'React' is not defined.  no-undef
232:58  Error: 'NodeListOf' is not defined.  no-undef
232:69  Error: 'Element' is not defined.  no-undef
233:9  Error: '_tutorialRef' is assigned a value but never used.  @typescript-eslint/no-unused-vars
233:31  Warning: Unexpected any. Specify a different type.  @typescript-eslint/no-explicit-any
234:9  Error: '_audioRef' is assigned a value but never used.  @typescript-eslint/no-unused-vars
234:28  Error: 'HTMLAudioElement' is not defined.  no-undef
243:9  Error: 'localStorage' is not defined.  no-undef
248:9  Error: 'console' is not defined.  no-undef
248:9  Warning: Unexpected console statement.  no-console
255:9  Warning: The 'playTutorialSound' function makes the dependencies of useCallback Hook (at line 333) change on every render. To fix this, wrap the definition of 
'playTutorialSound' in its own useCallback() Hook.  react-hooks/exhaustive-deps
255:9  Warning: The 'playTutorialSound' function makes the dependencies of useCallback Hook (at line 399) change on every render. To fix this, wrap the definition of 
'playTutorialSound' in its own useCallback() Hook.  react-hooks/exhaustive-deps
259:31  Error: 'window' is not defined.  no-undef
259:55  Error: 'window' is not defined.  no-undef
259:105  Error: 'AudioContext' is not defined.  no-undef
284:9  Warning: The 'announceToScreenReader' function makes the dependencies of useCallback Hook (at line 333) change on every render. To fix this, wrap the definition 
of 'announceToScreenReader' in its own useCallback() Hook.  react-hooks/exhaustive-deps
284:9  Warning: The 'announceToScreenReader' function makes the dependencies of useCallback Hook (at line 399) change on every render. To fix this, wrap the definition 
of 'announceToScreenReader' in its own useCallback() Hook.  react-hooks/exhaustive-deps
284:9  Warning: The 'announceToScreenReader' function makes the dependencies of useCallback Hook (at line 409) change on every render. To fix this, wrap the definition 
of 'announceToScreenReader' in its own useCallback() Hook.  react-hooks/exhaustive-deps
284:9  Warning: The 'announceToScreenReader' function makes the dependencies of useCallback Hook (at line 425) change on every render. To fix this, wrap the definition 
of 'announceToScreenReader' in its own useCallback() Hook.  react-hooks/exhaustive-deps
285:26  Error: 'document' is not defined.  no-undef
291:5  Error: 'document' is not defined.  no-undef
292:5  Error: 'setTimeout' is not defined.  no-undef
292:22  Error: 'document' is not defined.  no-undef
296:9  Warning: The 'getTutorialIdForStep' function makes the dependencies of useCallback Hook (at line 359) change on every render. Move it inside the useCallback 
callback. Alternatively, wrap the definition of 'getTutorialIdForStep' in its own useCallback() Hook.  react-hooks/exhaustive-deps
339:26  Error: 'localStorage' is not defined.  no-undef
353:11  Error: 'setTimeout' is not defined.  no-undef
357:7  Error: 'console' is not defined.  no-undef
357:7  Warning: Unexpected console statement.  no-console
377:68  Warning: Forbidden non-null assertion.  @typescript-eslint/no-non-null-assertion
486:24  Error: 'document' is not defined.  no-undef
498:18  Error: 'document' is not defined.  no-undef
642:23  Error: 'document' is not defined.  no-undef
814:19  Error: '_tooltipType' is assigned a value but never used.  @typescript-eslint/no-unused-vars

./src/components/tutorial/tutorial-manager.tsx
97:3  Error: 'userRole' is defined but never used. Allowed unused args must match /^_/u.  @typescript-eslint/no-unused-vars
105:10  Error: '_abTests' is assigned a value but never used.  @typescript-eslint/no-unused-vars
105:20  Error: '_setABTests' is assigned a value but never used.  @typescript-eslint/no-unused-vars
120:30  Error: 'localStorage' is not defined.  no-undef
124:26  Warning: Unexpected any. Specify a different type.  @typescript-eslint/no-explicit-any
187:9  Error: 'localStorage' is not defined.  no-undef
191:30  Error: 'localStorage' is not defined.  no-undef
195:26  Warning: Unexpected any. Specify a different type.  @typescript-eslint/no-explicit-any
202:7  Error: 'console' is not defined.  no-undef
202:7  Warning: Unexpected console statement.  no-console
211:7  Error: 'localStorage' is not defined.  no-undef
214:7  Error: 'console' is not defined.  no-undef
214:7  Warning: Unexpected console statement.  no-console
291:26  Error: 'Blob' is not defined.  no-undef
292:17  Error: 'URL' is not defined.  no-undef
293:18  Error: 'document' is not defined.  no-undef
297:5  Error: 'URL' is not defined.  no-undef
768:36  Warning: Unexpected any. Specify a different type.  @typescript-eslint/no-explicit-any
785:36  Warning: Unexpected any. Specify a different type.  @typescript-eslint/no-explicit-any
859:42  Warning: Forbidden non-null assertion.  @typescript-eslint/no-non-null-assertion

./src/components/tutorial/tutorial-overlay.tsx
51:64  Error: 'Element' is not defined.  no-undef
53:29  Error: 'HTMLDivElement' is not defined.  no-undef
54:29  Error: 'HTMLDivElement' is not defined.  no-undef
67:21  Error: 'document' is not defined.  no-undef
69:7  Error: 'console' is not defined.  no-undef
69:7  Warning: Unexpected console statement.  no-console
78:27  Error: 'window' is not defined.  no-undef
79:28  Error: 'window' is not defined.  no-undef
129:7  Error: 'window' is not defined.  no-undef
130:20  Error: 'window' is not defined.  no-undef
134:9  Warning: The 'handleNext' function makes the dependencies of useEffect Hook (at line 181) change on every render. To fix this, wrap the definition of 
'handleNext' in its own useCallback() Hook.  react-hooks/exhaustive-deps
148:9  Warning: The 'handlePrevious' function makes the dependencies of useEffect Hook (at line 181) change on every render. To fix this, wrap the definition of 
'handlePrevious' in its own useCallback() Hook.  react-hooks/exhaustive-deps
158:31  Error: 'KeyboardEvent' is not defined.  no-undef
179:5  Error: 'document' is not defined.  no-undef
180:18  Error: 'document' is not defined.  no-undef

./src/components/tutorial/tutorial-progress.tsx
125:17  Error: 'TutorialProgress' is already defined.  no-redeclare
127:3  Error: 'userRole' is defined but never used. Allowed unused args must match /^_/u.  @typescript-eslint/no-unused-vars
153:29  Error: 'localStorage' is not defined.  no-undef
157:26  Warning: Unexpected any. Specify a different type.  @typescript-eslint/no-explicit-any
166:7  Error: 'console' is not defined.  no-undef
166:7  Warning: Unexpected console statement.  no-console
174:9  Error: 'localStorage' is not defined.  no-undef
176:9  Error: 'console' is not defined.  no-undef
176:9  Warning: Unexpected console statement.  no-console
248:35  Warning: Forbidden non-null assertion.  @typescript-eslint/no-non-null-assertion
272:9  Error: 'setTimeout' is not defined.  no-undef
329:9  Error: '_completeTutorial' is assigned a value but never used.  @typescript-eslint/no-unused-vars
343:9  Error: '_getTutorialProgress' is assigned a value but never used.  @typescript-eslint/no-unused-vars
586:62  Warning: Unexpected any. Specify a different type.  @typescript-eslint/no-explicit-any
594:11  Error: 'console' is not defined.  no-undef
594:11  Warning: Unexpected console statement.  no-console
598:11  Error: 'console' is not defined.  no-undef
598:11  Warning: Unexpected console statement.  no-console
609:7  Error: 'console' is not defined.  no-undef
609:7  Warning: Unexpected console statement.  no-console
613:7  Error: 'console' is not defined.  no-undef
613:7  Warning: Unexpected console statement.  no-console

./src/components/ui/alert.tsx
22:3  Error: 'HTMLDivElement' is not defined.  no-undef
23:24  Error: 'HTMLDivElement' is not defined.  no-undef
35:3  Error: 'HTMLParagraphElement' is not defined.  no-undef
36:24  Error: 'HTMLHeadingElement' is not defined.  no-undef
47:3  Error: 'HTMLParagraphElement' is not defined.  no-undef
48:24  Error: 'HTMLParagraphElement' is not defined.  no-undef

./src/components/ui/badge.tsx
26:32  Error: 'HTMLDivElement' is not defined.  no-undef

./src/components/ui/button.tsx
36:38  Error: 'HTMLButtonElement' is not defined.  no-undef
41:33  Error: 'HTMLButtonElement' is not defined.  no-undef

./src/components/ui/card.tsx
5:3  Error: 'HTMLDivElement' is not defined.  no-undef
6:24  Error: 'HTMLDivElement' is not defined.  no-undef
20:3  Error: 'HTMLDivElement' is not defined.  no-undef
21:24  Error: 'HTMLDivElement' is not defined.  no-undef
32:3  Error: 'HTMLParagraphElement' is not defined.  no-undef
33:24  Error: 'HTMLHeadingElement' is not defined.  no-undef
47:3  Error: 'HTMLParagraphElement' is not defined.  no-undef
48:24  Error: 'HTMLParagraphElement' is not defined.  no-undef
59:3  Error: 'HTMLDivElement' is not defined.  no-undef
60:24  Error: 'HTMLDivElement' is not defined.  no-undef
67:3  Error: 'HTMLDivElement' is not defined.  no-undef
68:24  Error: 'HTMLDivElement' is not defined.  no-undef

./src/components/ui/carousel.tsx
43:3  Error: 'HTMLDivElement' is not defined.  no-undef
44:24  Error: 'HTMLDivElement' is not defined.  no-undef
74:33  Error: 'HTMLDivElement' is not defined.  no-undef
134:42  Error: 'HTMLDivElement' is not defined.  no-undef
134:79  Error: 'HTMLDivElement' is not defined.  no-undef
155:39  Error: 'HTMLDivElement' is not defined.  no-undef
155:76  Error: 'HTMLDivElement' is not defined.  no-undef
176:43  Error: 'HTMLButtonElement' is not defined.  no-undef
204:39  Error: 'HTMLButtonElement' is not defined.  no-undef

./src/components/ui/dialog.tsx
56:69  Error: 'HTMLDivElement' is not defined.  no-undef
61:69  Error: 'HTMLDivElement' is not defined.  no-undef

./src/components/ui/form.tsx
70:35  Error: 'HTMLDivElement' is not defined.  no-undef
70:72  Error: 'HTMLDivElement' is not defined.  no-undef
120:3  Error: 'HTMLParagraphElement' is not defined.  no-undef
121:24  Error: 'HTMLParagraphElement' is not defined.  no-undef
137:3  Error: 'HTMLParagraphElement' is not defined.  no-undef
138:24  Error: 'HTMLParagraphElement' is not defined.  no-undef

./src/components/ui/input.tsx
5:63  Error: 'HTMLInputElement' is not defined.  no-undef
7:32  Error: 'HTMLInputElement' is not defined.  no-undef

./src/components/ui/lazy-wrapper.tsx
6:11  Error: 'LazyWrapperProps' is defined but never used.  @typescript-eslint/no-unused-vars
13:54  Warning: Unexpected any. Specify a different type.  @typescript-eslint/no-explicit-any
18:43  Warning: Unexpected any. Specify a different type.  @typescript-eslint/no-explicit-any
42:58  Warning: Unexpected any. Specify a different type.  @typescript-eslint/no-explicit-any

./src/components/ui/loading-skeleton.tsx
4:54  Error: 'HTMLDivElement' is not defined.  no-undef

./src/components/ui/marquee.tsx
7:14  Error: 'React' is not defined.  no-undef
10:46  Error: 'React' is not defined.  no-undef

./src/components/ui/motion.tsx
23:21  Error: 'React' is not defined.  no-undef
23:41  Error: 'React' is not defined.  no-undef
23:62  Error: 'HTMLDivElement' is not defined.  no-undef
23:80  Warning: Unexpected any. Specify a different type.  @typescript-eslint/no-explicit-any
24:27  Error: 'React' is not defined.  no-undef
24:47  Error: 'React' is not defined.  no-undef
24:68  Error: 'HTMLElement' is not defined.  no-undef
24:83  Warning: Unexpected any. Specify a different type.  @typescript-eslint/no-explicit-any

./src/components/ui/sheet.tsx
73:68  Error: 'HTMLDivElement' is not defined.  no-undef
78:68  Error: 'HTMLDivElement' is not defined.  no-undef

./src/components/ui/sidebar.tsx
32:7  Error: 'SidebarContext' is already defined.  no-redeclare
61:21  Error: 'window' is not defined.  no-undef
67:7  Error: 'window' is not defined.  no-undef
68:20  Error: 'window' is not defined.  no-undef
77:23  Error: 'document' is not defined.  no-undef
116:9  Error: 'document' is not defined.  no-undef
129:35  Error: 'KeyboardEvent' is not defined.  no-undef
137:7  Error: 'window' is not defined.  no-undef
138:20  Error: 'window' is not defined.  no-undef

./src/components/ui/skeleton.tsx
3:44  Error: 'React' is not defined.  no-undef
3:65  Error: 'HTMLDivElement' is not defined.  no-undef

./src/components/ui/table.tsx
4:32  Error: 'HTMLTableElement' is not defined.  no-undef
4:71  Error: 'HTMLTableElement' is not defined.  no-undef
14:3  Error: 'HTMLTableSectionElement' is not defined.  no-undef
15:24  Error: 'HTMLTableSectionElement' is not defined.  no-undef
22:3  Error: 'HTMLTableSectionElement' is not defined.  no-undef
23:24  Error: 'HTMLTableSectionElement' is not defined.  no-undef
30:3  Error: 'HTMLTableSectionElement' is not defined.  no-undef
31:24  Error: 'HTMLTableSectionElement' is not defined.  no-undef
41:35  Error: 'HTMLTableRowElement' is not defined.  no-undef
41:77  Error: 'HTMLTableRowElement' is not defined.  no-undef
56:3  Error: 'HTMLTableCellElement' is not defined.  no-undef
57:26  Error: 'HTMLTableCellElement' is not defined.  no-undef
71:3  Error: 'HTMLTableCellElement' is not defined.  no-undef
72:26  Error: 'HTMLTableCellElement' is not defined.  no-undef
83:3  Error: 'HTMLTableCaptionElement' is not defined.  no-undef
84:24  Error: 'HTMLTableCaptionElement' is not defined.  no-undef

./src/components/ui/textarea.tsx
5:69  Error: 'HTMLTextAreaElement' is not defined.  no-undef
7:35  Error: 'HTMLTextAreaElement' is not defined.  no-undef

./src/config/site.ts
1:18  Error: 'process' is not defined.  no-undef
11:13  Error: 'process' is not defined.  no-undef

./src/database/connection-pool.ts
53:12  Error: 'process' is not defined.  no-undef
69:7  Error: 'process' is not defined.  no-undef
70:34  Error: 'process' is not defined.  no-undef
71:34  Error: 'process' is not defined.  no-undef
72:48  Error: 'process' is not defined.  no-undef
76:7  Error: 'process' is not defined.  no-undef
77:34  Error: 'process' is not defined.  no-undef
78:34  Error: 'process' is not defined.  no-undef
79:48  Error: 'process' is not defined.  no-undef
86:26  Error: 'process' is not defined.  no-undef
114:29  Error: 'NodeJS' is not defined.  no-undef
126:28  Error: 'setInterval' is not defined.  no-undef
131:43  Error: 'process' is not defined.  no-undef
132:32  Warning: Unexpected any. Specify a different type.  @typescript-eslint/no-explicit-any
217:7  Error: 'clearInterval' is not defined.  no-undef
229:11  Error: 'process' is not defined.  no-undef
229:53  Error: 'process' is not defined.  no-undef
278:12  Error: '_error' is defined but never used.  @typescript-eslint/no-unused-vars
294:12  Error: '_error' is defined but never used.  @typescript-eslint/no-unused-vars

./src/database/db.ts
7:6  Error: 'process' is not defined.  no-undef
7:34  Error: 'process' is not defined.  no-undef
8:3  Error: 'console' is not defined.  no-undef
8:3  Warning: Unexpected console statement.  no-console
16:1  Error: 'process' is not defined.  no-undef
19:5  Error: 'console' is not defined.  no-undef
19:5  Warning: Unexpected console statement.  no-console
24:3  Error: 'console' is not defined.  no-undef
24:3  Warning: Unexpected console statement.  no-console
31:5  Error: 'process' is not defined.  no-undef
43:5  Error: 'console' is not defined.  no-undef
43:5  Warning: Unexpected console statement.  no-console
45:5  Error: 'console' is not defined.  no-undef
45:5  Warning: Unexpected console statement.  no-console
61:7  Error: 'setTimeout' is not defined.  no-undef
103:12  Error: '_error' is defined but never used.  @typescript-eslint/no-unused-vars
109:5  Error: 'process' is not defined.  no-undef

./src/database/neon-clerk.ts
16:5  Error: 'process' is not defined.  no-undef
17:5  Error: 'process' is not defined.  no-undef

./src/database/schema.ts
217:48  Error: 'crypto' is not defined.  no-undef
824:23  Error: 'crypto' is not defined.  no-undef
843:23  Error: 'crypto' is not defined.  no-undef
861:23  Error: 'crypto' is not defined.  no-undef
877:23  Error: 'crypto' is not defined.  no-undef
893:23  Error: 'crypto' is not defined.  no-undef
909:23  Error: 'crypto' is not defined.  no-undef
931:23  Error: 'crypto' is not defined.  no-undef
952:23  Error: 'crypto' is not defined.  no-undef
978:23  Error: 'crypto' is not defined.  no-undef
1002:23  Error: 'crypto' is not defined.  no-undef

./src/database/seed.ts
3:7  Error: '_seedUsers' is assigned a value but never used.  @typescript-eslint/no-unused-vars
4:7  Error: '_seedRotations' is assigned a value but never used.  @typescript-eslint/no-unused-vars
5:7  Error: '_seedTimeRecords' is assigned a value but never used.  @typescript-eslint/no-unused-vars
9:7  Error: '_seedSchools' is assigned a value but never used.  @typescript-eslint/no-unused-vars
10:7  Error: '_seedAssessments' is assigned a value but never used.  @typescript-eslint/no-unused-vars
14:7  Error: '_seedClinicalSites' is assigned a value but never used.  @typescript-eslint/no-unused-vars
15:7  Error: '_seedEvaluations' is assigned a value but never used.  @typescript-eslint/no-unused-vars
19:7  Error: '_seedPrograms' is assigned a value but never used.  @typescript-eslint/no-unused-vars
20:7  Error: '_seedStudentRotations' is assigned a value but never used.  @typescript-eslint/no-unused-vars
24:7  Error: '_seedCompetencies' is assigned a value but never used.  @typescript-eslint/no-unused-vars
28:5  Error: 'console' is not defined.  no-undef
28:5  Warning: Unexpected console statement.  no-console
29:5  Error: 'console' is not defined.  no-undef
29:5  Warning: Unexpected console statement.  no-console
30:5  Error: 'console' is not defined.  no-undef
30:5  Warning: Unexpected console statement.  no-console
33:5  Error: 'console' is not defined.  no-undef
33:5  Warning: Unexpected console statement.  no-console
35:5  Error: 'console' is not defined.  no-undef
35:5  Warning: Unexpected console statement.  no-console
41:5  Error: 'require' is not defined.  no-undef
41:22  Error: 'module' is not defined.  no-undef
45:7  Error: 'process' is not defined.  no-undef
49:7  Error: 'process' is not defined.  no-undef

./src/hooks/use-clerk-safe.ts
9:26  Error: 'process' is not defined.  no-undef

./src/hooks/use-dashboard-data.ts
40:46  Warning: Unexpected any. Specify a different type.  @typescript-eslint/no-explicit-any
80:9  Warning: The 'config' object makes the dependencies of useCallback Hook (at line 229) change on every render. Move it inside the useCallback callback. 
Alternatively, wrap the initialization of 'config' in its own useMemo() Hook.  react-hooks/exhaustive-deps
97:60  Error: 'AbortController' is not defined.  no-undef
98:36  Error: 'NodeJS' is not defined.  no-undef
116:68  Warning: Unexpected any. Specify a different type.  @typescript-eslint/no-explicit-any
135:7  Error: 'console' is not defined.  no-undef
135:7  Warning: Unexpected console statement.  no-console
177:32  Error: 'AbortController' is not defined.  no-undef
180:32  Error: 'fetch' is not defined.  no-undef
210:11  Error: 'process' is not defined.  no-undef
213:11  Error: 'console' is not defined.  no-undef
213:11  Warning: Unexpected console statement.  no-console
222:42  Error: 'setTimeout' is not defined.  no-undef
261:23  Warning: Unexpected any. Specify a different type.  @typescript-eslint/no-explicit-any
264:11  Error: 'process' is not defined.  no-undef
318:23  Warning: Unexpected any. Specify a different type.  @typescript-eslint/no-explicit-any
320:11  Error: 'process' is not defined.  no-undef
373:23  Warning: Unexpected any. Specify a different type.  @typescript-eslint/no-explicit-any
375:11  Error: 'process' is not defined.  no-undef
399:39  Error: 'showLoading' is assigned a value but never used.  @typescript-eslint/no-unused-vars
435:21  Error: 'setTimeout' is not defined.  no-undef
437:11  Error: 'console' is not defined.  no-undef
437:11  Warning: Unexpected console statement.  no-console
441:20  Error: 'clearTimeout' is not defined.  no-undef
452:27  Warning: The ref value 'abortControllersRef.current' will likely have changed by the time this effect cleanup function runs. If this ref points to a node 
rendered by React, copy 'abortControllersRef.current' to a variable inside the effect, and use that variable in the cleanup function.  react-hooks/exhaustive-deps
461:35  Error: 'setTimeout' is not defined.  no-undef
463:11  Error: 'console' is not defined.  no-undef
463:11  Warning: Unexpected console statement.  no-console
473:9  Error: 'clearTimeout' is not defined.  no-undef
485:27  Warning: The ref value 'abortControllersRef.current' will likely have changed by the time this effect cleanup function runs. If this ref points to a node 
rendered by React, copy 'abortControllersRef.current' to a variable inside the effect, and use that variable in the cleanup function.  react-hooks/exhaustive-deps
488:9  Error: 'clearTimeout' is not defined.  no-undef

./src/hooks/use-location-verification.ts
131:30  Error: 'fetch' is not defined.  no-undef
267:6  Warning: React Hook useCallback has a missing dependency: 'saveVerificationResult'. Either include it or remove the dependency array.  react-hooks/exhaustive-deps
275:30  Error: 'fetch' is not defined.  no-undef
300:9  Error: 'console' is not defined.  no-undef
300:9  Warning: Unexpected console statement.  no-console
303:7  Error: 'console' is not defined.  no-undef
303:7  Warning: Unexpected console statement.  no-console

./src/hooks/use-location.ts
45:9  Warning: The 'opts' object makes the dependencies of useCallback Hook (at line 196) change on every render. To fix this, wrap the initialization of 'opts' in its 
own useMemo() Hook.  react-hooks/exhaustive-deps
45:9  Warning: The 'opts' object makes the dependencies of useCallback Hook (at line 235) change on every render. To fix this, wrap the initialization of 'opts' in its 
own useMemo() Hook.  react-hooks/exhaustive-deps
57:37  Error: 'AbortController' is not defined.  no-undef
61:42  Error: 'navigator' is not defined.  no-undef
61:72  Error: 'navigator' is not defined.  no-undef
70:32  Error: 'navigator' is not defined.  no-undef
74:14  Error: 'error' is defined but never used.  @typescript-eslint/no-unused-vars
75:7  Error: 'console' is not defined.  no-undef
75:7  Warning: Unexpected console statement.  no-console
88:50  Error: 'GeolocationPosition' is not defined.  no-undef
106:43  Error: 'GeolocationPositionError' is not defined.  no-undef
144:38  Error: 'AbortController' is not defined.  no-undef
147:42  Error: 'GeolocationPosition' is not defined.  no-undef
173:37  Error: 'GeolocationPositionError' is not defined.  no-undef
184:30  Error: 'PositionOptions' is not defined.  no-undef
190:7  Error: 'navigator' is not defined.  no-undef
202:40  Error: 'GeolocationPosition' is not defined.  no-undef
215:35  Error: 'GeolocationPositionError' is not defined.  no-undef
224:28  Error: 'PositionOptions' is not defined.  no-undef
230:26  Error: 'navigator' is not defined.  no-undef
240:7  Error: 'navigator' is not defined.  no-undef
253:14  Error: 'error' is defined but never used.  @typescript-eslint/no-unused-vars

./src/hooks/use-onboarding-analytics.ts
37:35  Warning: Unexpected any. Specify a different type.  @typescript-eslint/no-explicit-any
57:9  Error: 'console' is not defined.  no-undef
57:9  Warning: Unexpected console statement.  no-console
62:32  Error: 'fetch' is not defined.  no-undef
72:11  Error: 'console' is not defined.  no-undef
72:11  Warning: Unexpected console statement.  no-console
75:9  Error: 'console' is not defined.  no-undef
75:9  Warning: Unexpected console statement.  no-console
82:80  Warning: Unexpected any. Specify a different type.  @typescript-eslint/no-explicit-any
90:22  Error: 'navigator' is not defined.  no-undef
92:20  Error: 'window' is not defined.  no-undef
93:21  Error: 'window' is not defined.  no-undef
106:33  Warning: Unexpected any. Specify a different type.  @typescript-eslint/no-explicit-any
138:84  Warning: Unexpected any. Specify a different type.  @typescript-eslint/no-explicit-any
189:83  Warning: Unexpected any. Specify a different type.  @typescript-eslint/no-explicit-any

./src/hooks/use-onboarding-session.ts
26:28  Warning: Unexpected any. Specify a different type.  @typescript-eslint/no-explicit-any
70:32  Error: 'fetch' is not defined.  no-undef
96:9  Error: 'console' is not defined.  no-undef
96:9  Warning: Unexpected console statement.  no-console
115:30  Error: 'fetch' is not defined.  no-undef
148:7  Error: 'console' is not defined.  no-undef
148:7  Warning: Unexpected console statement.  no-console
169:30  Error: 'fetch' is not defined.  no-undef
191:7  Error: 'console' is not defined.  no-undef
191:7  Warning: Unexpected console statement.  no-console
208:30  Error: 'fetch' is not defined.  no-undef
232:7  Error: 'console' is not defined.  no-undef
232:7  Warning: Unexpected console statement.  no-console
249:30  Error: 'fetch' is not defined.  no-undef
273:7  Error: 'console' is not defined.  no-undef
273:7  Warning: Unexpected console statement.  no-console
301:22  Error: 'setInterval' is not defined.  no-undef
303:18  Error: 'clearInterval' is not defined.  no-undef
315:16  Error: 'console' is not defined.  no-undef
315:16  Warning: Unexpected console statement.  no-console
341:35  Error: 'NodeJS' is not defined.  no-undef
347:7  Error: 'clearTimeout' is not defined.  no-undef
350:26  Error: 'setTimeout' is not defined.  no-undef
351:32  Error: 'console' is not defined.  no-undef
351:32  Warning: Unexpected console statement.  no-console
360:9  Error: 'clearTimeout' is not defined.  no-undef
368:9  Error: 'clearTimeout' is not defined.  no-undef

./src/hooks/use-time-sync.ts
63:33  Error: 'EventSource' is not defined.  no-undef
64:33  Error: 'NodeJS' is not defined.  no-undef
151:13  Error: 'fetch' is not defined.  no-undef
165:7  Error: 'console' is not defined.  no-undef
165:7  Warning: Unexpected console statement.  no-console
184:9  Error: 'console' is not defined.  no-undef
184:9  Warning: Unexpected console statement.  no-console
246:34  Error: 'EventSource' is not defined.  no-undef
263:9  Error: 'console' is not defined.  no-undef
263:9  Warning: Unexpected console statement.  no-console
268:7  Error: 'console' is not defined.  no-undef
268:7  Warning: Unexpected console statement.  no-console
276:7  Error: 'setTimeout' is not defined.  no-undef
277:52  Error: 'EventSource' is not defined.  no-undef
282:6  Warning: React Hook useCallback has a missing dependency: 'connectLongPoll'. Either include it or remove the dependency array.  react-hooks/exhaustive-deps
293:30  Error: 'fetch' is not defined.  no-undef
313:32  Error: 'setTimeout' is not defined.  no-undef
316:7  Error: 'console' is not defined.  no-undef
316:7  Warning: Unexpected console statement.  no-console
324:32  Error: 'setTimeout' is not defined.  no-undef
333:30  Error: 'fetch' is not defined.  no-undef
342:7  Error: 'console' is not defined.  no-undef
342:7  Warning: Unexpected console statement.  no-console
400:9  Error: 'clearTimeout' is not defined.  no-undef
410:30  Error: 'setInterval' is not defined.  no-undef
411:20  Error: 'clearInterval' is not defined.  no-undef

./src/lib/auth-clerk.ts
15:28  Error: 'process' is not defined.  no-undef
16:23  Error: 'process' is not defined.  no-undef
73:7  Error: 'console' is not defined.  no-undef
73:7  Warning: Unexpected console statement.  no-console
112:9  Error: 'console' is not defined.  no-undef
112:9  Warning: Unexpected console statement.  no-console
175:5  Error: 'console' is not defined.  no-undef
175:5  Warning: Unexpected console statement.  no-console

./src/lib/batch-processor.ts
106:24  Error: 'process' is not defined.  no-undef
113:9  Error: 'console' is not defined.  no-undef
113:9  Warning: Unexpected console statement.  no-console
123:24  Error: 'process' is not defined.  no-undef
129:9  Error: 'console' is not defined.  no-undef
129:9  Warning: Unexpected console statement.  no-console
172:11  Error: 'console' is not defined.  no-undef
172:11  Warning: Unexpected console statement.  no-console
178:11  Warning: Forbidden non-null assertion.  @typescript-eslint/no-non-null-assertion
198:37  Error: 'setTimeout' is not defined.  no-undef
221:11  Error: '_avgThroughput' is assigned a value but never used.  @typescript-eslint/no-unused-vars
232:7  Error: 'console' is not defined.  no-undef
232:7  Warning: Unexpected console statement.  no-console
236:7  Error: 'console' is not defined.  no-undef
236:7  Warning: Unexpected console statement.  no-console
243:7  Error: 'console' is not defined.  no-undef
243:7  Warning: Unexpected console statement.  no-console
252:7  Error: 'console' is not defined.  no-undef
252:7  Warning: Unexpected console statement.  no-console
286:5  Error: 'console' is not defined.  no-undef
286:5  Warning: Unexpected console statement.  no-console
342:23  Warning: Forbidden non-null assertion.  @typescript-eslint/no-non-null-assertion

./src/lib/bulk-operations.ts
89:5  Error: 'console' is not defined.  no-undef
89:5  Warning: Unexpected console statement.  no-console
96:15  Error: 'crypto' is not defined.  no-undef
122:7  Error: 'console' is not defined.  no-undef
122:7  Warning: Unexpected console statement.  no-console
134:7  Error: 'console' is not defined.  no-undef
134:7  Warning: Unexpected console statement.  no-console
146:5  Error: 'console' is not defined.  no-undef
146:5  Warning: Unexpected console statement.  no-console
153:15  Error: 'crypto' is not defined.  no-undef
173:7  Error: 'console' is not defined.  no-undef
173:7  Warning: Unexpected console statement.  no-console
185:7  Error: 'console' is not defined.  no-undef
185:7  Warning: Unexpected console statement.  no-console
202:5  Error: 'console' is not defined.  no-undef
202:5  Warning: Unexpected console statement.  no-console
220:7  Error: 'console' is not defined.  no-undef
220:7  Warning: Unexpected console statement.  no-console
232:7  Error: 'console' is not defined.  no-undef
232:7  Warning: Unexpected console statement.  no-console
253:23  Error: 'crypto' is not defined.  no-undef
277:7  Error: 'console' is not defined.  no-undef
277:7  Warning: Unexpected console statement.  no-console
292:5  Error: 'console' is not defined.  no-undef
292:5  Warning: Unexpected console statement.  no-console
339:7  Error: 'console' is not defined.  no-undef
339:7  Warning: Unexpected console statement.  no-console
353:7  Error: 'console' is not defined.  no-undef
353:7  Warning: Unexpected console statement.  no-console
366:5  Error: 'console' is not defined.  no-undef
366:5  Warning: Unexpected console statement.  no-console
385:15  Error: 'crypto' is not defined.  no-undef
401:7  Error: 'console' is not defined.  no-undef
401:7  Warning: Unexpected console statement.  no-console
415:7  Error: 'console' is not defined.  no-undef
415:7  Warning: Unexpected console statement.  no-console
454:5  Error: 'console' is not defined.  no-undef
454:5  Warning: Unexpected console statement.  no-console
475:7  Error: 'console' is not defined.  no-undef
475:7  Warning: Unexpected console statement.  no-console
488:7  Error: 'console' is not defined.  no-undef
488:7  Warning: Unexpected console statement.  no-console
501:5  Error: 'console' is not defined.  no-undef
501:5  Warning: Unexpected console statement.  no-console
526:7  Error: 'console' is not defined.  no-undef
526:7  Warning: Unexpected console statement.  no-console
537:7  Error: 'console' is not defined.  no-undef
537:7  Warning: Unexpected console statement.  no-console
543:23  Warning: Unexpected any. Specify a different type.  @typescript-eslint/no-explicit-any
543:28  Warning: Unexpected any. Specify a different type.  @typescript-eslint/no-explicit-any
543:33  Warning: Unexpected any. Specify a different type.  @typescript-eslint/no-explicit-any
562:23  Warning: Unexpected any. Specify a different type.  @typescript-eslint/no-explicit-any
562:28  Warning: Unexpected any. Specify a different type.  @typescript-eslint/no-explicit-any
562:33  Warning: Unexpected any. Specify a different type.  @typescript-eslint/no-explicit-any
580:23  Warning: Unexpected any. Specify a different type.  @typescript-eslint/no-explicit-any
580:28  Warning: Unexpected any. Specify a different type.  @typescript-eslint/no-explicit-any
580:33  Warning: Unexpected any. Specify a different type.  @typescript-eslint/no-explicit-any

./src/lib/cache-integration.ts
19:46  Warning: Unexpected any. Specify a different type.  @typescript-eslint/no-explicit-any

./src/lib/cache.ts
235:5  Error: 'console' is not defined.  no-undef
235:5  Warning: Unexpected console statement.  no-console
265:14  Error: 'React' is not defined.  no-undef
266:15  Error: 'React' is not defined.  no-undef

./src/lib/clock-service.ts
9:34  Error: 'clinicalSites' is defined but never used.  @typescript-eslint/no-unused-vars
13:3  Error: 'ClockErrorType' is defined but never used.  @typescript-eslint/no-unused-vars
250:20  Warning: Unexpected any. Specify a different type.  @typescript-eslint/no-explicit-any
358:20  Warning: Unexpected any. Specify a different type.  @typescript-eslint/no-explicit-any
430:25  Warning: Forbidden non-null assertion.  @typescript-eslint/no-non-null-assertion
461:14  Error: 'error' is defined but never used.  @typescript-eslint/no-unused-vars

./src/lib/competency-utils.ts
5:7  Error: 'require' is not defined.  no-undef
55:57  Warning: Unexpected any. Specify a different type.  @typescript-eslint/no-explicit-any
107:11  Error: 'crypto' is not defined.  no-undef
133:5  Error: 'console' is not defined.  no-undef
133:5  Warning: Unexpected console statement.  no-console
231:7  Error: 'console' is not defined.  no-undef
231:7  Warning: Unexpected console statement.  no-console
239:7  Error: 'console' is not defined.  no-undef
239:7  Warning: Unexpected console statement.  no-console
297:7  Error: 'console' is not defined.  no-undef
297:7  Warning: Unexpected console statement.  no-console
302:5  Error: 'console' is not defined.  no-undef
302:5  Warning: Unexpected console statement.  no-console

./src/lib/connection-monitor.ts
85:31  Error: 'NodeJS' is not defined.  no-undef
110:7  Error: 'console' is not defined.  no-undef
110:7  Warning: Unexpected console statement.  no-console
114:5  Error: 'console' is not defined.  no-undef
114:5  Warning: Unexpected console statement.  no-console
118:31  Error: 'setInterval' is not defined.  no-undef
125:5  Error: 'console' is not defined.  no-undef
125:5  Warning: Unexpected console statement.  no-console
136:5  Error: 'console' is not defined.  no-undef
136:5  Warning: Unexpected console statement.  no-console
139:7  Error: 'clearInterval' is not defined.  no-undef
144:5  Error: 'console' is not defined.  no-undef
144:5  Warning: Unexpected console statement.  no-console
154:27  Error: 'process' is not defined.  no-undef
195:7  Error: 'console' is not defined.  no-undef
195:7  Warning: Unexpected console statement.  no-console
205:7  Error: 'console' is not defined.  no-undef
205:7  Warning: Unexpected console statement.  no-console
209:7  Error: 'console' is not defined.  no-undef
209:7  Warning: Unexpected console statement.  no-console
222:9  Error: 'console' is not defined.  no-undef
222:9  Warning: Unexpected console statement.  no-console
229:7  Error: 'console' is not defined.  no-undef
229:7  Warning: Unexpected console statement.  no-console
363:5  Error: 'console' is not defined.  no-undef
363:5  Warning: Unexpected console statement.  no-console
555:5  Error: 'console' is not defined.  no-undef
555:5  Warning: Unexpected console statement.  no-console
606:5  Error: 'process' is not defined.  no-undef
610:3  Error: 'process' is not defined.  no-undef
614:3  Error: 'process' is not defined.  no-undef
652:9  Error: 'console' is not defined.  no-undef
652:9  Warning: Unexpected console statement.  no-console
659:9  Error: 'console' is not defined.  no-undef
659:9  Warning: Unexpected console statement.  no-console

./src/lib/dashboard-data.ts
153:5  Error: 'console' is not defined.  no-undef
153:5  Warning: Unexpected console statement.  no-console
217:19  Warning: Forbidden non-null assertion.  @typescript-eslint/no-non-null-assertion
222:5  Error: 'console' is not defined.  no-undef
222:5  Warning: Unexpected console statement.  no-console
280:5  Error: 'console' is not defined.  no-undef
280:5  Warning: Unexpected console statement.  no-console

./src/lib/dashboard-optimized.ts
155:7  Error: 'console' is not defined.  no-undef
155:7  Warning: Unexpected console statement.  no-console
408:21  Warning: Forbidden non-null assertion.  @typescript-eslint/no-non-null-assertion
428:7  Error: 'console' is not defined.  no-undef
428:7  Warning: Unexpected console statement.  no-console
430:7  Error: 'console' is not defined.  no-undef
430:7  Warning: Unexpected console statement.  no-console
438:79  Warning: Unexpected any. Specify a different type.  @typescript-eslint/no-explicit-any
442:44  Warning: Unexpected any. Specify a different type.  @typescript-eslint/no-explicit-any
447:7  Error: 'console' is not defined.  no-undef
447:7  Warning: Unexpected console statement.  no-console
488:48  Warning: Unexpected any. Specify a different type.  @typescript-eslint/no-explicit-any

./src/lib/data-validation.ts
151:26  Error: 'URL' is not defined.  no-undef
166:30  Warning: Unexpected any. Specify a different type.  @typescript-eslint/no-explicit-any
166:36  Warning: Unexpected any. Specify a different type.  @typescript-eslint/no-explicit-any
172:24  Warning: Unexpected any. Specify a different type.  @typescript-eslint/no-explicit-any
183:12  Warning: Unexpected any. Specify a different type.  @typescript-eslint/no-explicit-any
221:33  Warning: Unexpected any. Specify a different type.  @typescript-eslint/no-explicit-any
226:34  Warning: Unexpected any. Specify a different type.  @typescript-eslint/no-explicit-any
231:54  Warning: Unexpected any. Specify a different type.  @typescript-eslint/no-explicit-any
231:60  Warning: Unexpected any. Specify a different type.  @typescript-eslint/no-explicit-any
236:16  Warning: Unexpected any. Specify a different type.  @typescript-eslint/no-explicit-any
241:39  Warning: Unexpected any. Specify a different type.  @typescript-eslint/no-explicit-any
251:35  Warning: Unexpected any. Specify a different type.  @typescript-eslint/no-explicit-any
264:41  Warning: Unexpected any. Specify a different type.  @typescript-eslint/no-explicit-any
282:50  Warning: Unexpected any. Specify a different type.  @typescript-eslint/no-explicit-any
316:50  Warning: Unexpected any. Specify a different type.  @typescript-eslint/no-explicit-any
336:42  Warning: Unexpected any. Specify a different type.  @typescript-eslint/no-explicit-any
413:34  Warning: Unexpected any. Specify a different type.  @typescript-eslint/no-explicit-any
413:94  Warning: Unexpected any. Specify a different type.  @typescript-eslint/no-explicit-any
452:40  Warning: Unexpected any. Specify a different type.  @typescript-eslint/no-explicit-any
452:100  Warning: Unexpected any. Specify a different type.  @typescript-eslint/no-explicit-any
491:35  Warning: Unexpected any. Specify a different type.  @typescript-eslint/no-explicit-any
491:116  Warning: Unexpected any. Specify a different type.  @typescript-eslint/no-explicit-any
552:22  Error: 'Request' is not defined.  no-undef
558:20  Error: 'Response' is not defined.  no-undef
571:16  Warning: Unexpected any. Specify a different type.  @typescript-eslint/no-explicit-any
573:14  Error: 'error' is defined but never used.  @typescript-eslint/no-unused-vars
574:18  Error: 'Response' is not defined.  no-undef

./src/lib/database-optimization.ts
13:43  Warning: Unexpected any. Specify a different type.  @typescript-eslint/no-explicit-any
16:26  Warning: Unexpected any. Specify a different type.  @typescript-eslint/no-explicit-any
24:21  Warning: Unexpected any. Specify a different type.  @typescript-eslint/no-explicit-any
58:1  Error: 'setInterval' is not defined.  no-undef
259:19  Warning: Forbidden non-null assertion.  @typescript-eslint/no-non-null-assertion

./src/lib/design-tokens.ts
12:28  Error: 'NodeJS' is not defined.  no-undef
16:28  Error: 'setInterval' is not defined.  no-undef
24:43  Error: 'process' is not defined.  no-undef
25:32  Warning: Unexpected any. Specify a different type.  @typescript-eslint/no-explicit-any
88:5  Error: 'clearInterval' is not defined.  no-undef
193:13  Error: 'process' is not defined.  no-undef
193:55  Error: 'process' is not defined.  no-undef
198:7  Error: 'console' is not defined.  no-undef
198:7  Warning: Unexpected console statement.  no-console
206:13  Error: 'process' is not defined.  no-undef
206:55  Error: 'process' is not defined.  no-undef
211:7  Error: 'console' is not defined.  no-undef
211:7  Warning: Unexpected console statement.  no-console
217:5  Error: 'process' is not defined.  no-undef
217:47  Error: 'process' is not defined.  no-undef
218:3  Error: 'setInterval' is not defined.  no-undef
219:11  Error: '_stats' is assigned a value but never used.  @typescript-eslint/no-unused-vars
226:1  Error: 'process' is not defined.  no-undef
230:1  Error: 'process' is not defined.  no-undef

./src/lib/email-service.ts
4:27  Error: 'process' is not defined.  no-undef
14:14  Error: 'Buffer' is not defined.  no-undef
32:10  Error: 'process' is not defined.  no-undef
33:7  Error: 'console' is not defined.  no-undef
33:7  Warning: Unexpected console statement.  no-console
39:22  Warning: Unexpected any. Specify a different type.  @typescript-eslint/no-explicit-any
58:7  Error: 'console' is not defined.  no-undef
58:7  Warning: Unexpected console statement.  no-console
62:5  Error: 'console' is not defined.  no-undef
62:5  Warning: Unexpected console statement.  no-console
65:5  Error: 'console' is not defined.  no-undef
65:5  Warning: Unexpected console statement.  no-console
102:5  Error: 'console' is not defined.  no-undef
102:5  Warning: Unexpected console statement.  no-console
155:22  Error: 'process' is not defined.  no-undef
195:3  Error: 'process' is not defined.  no-undef

./src/lib/enhanced-error-handling.ts
37:46  Warning: Unexpected any. Specify a different type.  @typescript-eslint/no-explicit-any
62:30  Warning: Unexpected any. Specify a different type.  @typescript-eslint/no-explicit-any
70:80  Warning: Unexpected any. Specify a different type.  @typescript-eslint/no-explicit-any
80:98  Warning: Unexpected any. Specify a different type.  @typescript-eslint/no-explicit-any
90:95  Warning: Unexpected any. Specify a different type.  @typescript-eslint/no-explicit-any
110:109  Warning: Unexpected any. Specify a different type.  @typescript-eslint/no-explicit-any
129:27  Warning: Unexpected any. Specify a different type.  @typescript-eslint/no-explicit-any
131:20  Warning: Unexpected any. Specify a different type.  @typescript-eslint/no-explicit-any
150:38  Error: 'setTimeout' is not defined.  no-undef
241:68  Warning: Unexpected any. Specify a different type.  @typescript-eslint/no-explicit-any
253:5  Error: 'console' is not defined.  no-undef
253:5  Warning: Unexpected console statement.  no-console
260:3  Error: 'process' is not defined.  no-undef
261:5  Error: 'console' is not defined.  no-undef
261:5  Warning: Unexpected console statement.  no-console
269:3  Error: 'process' is not defined.  no-undef
270:5  Error: 'console' is not defined.  no-undef
270:5  Warning: Unexpected console statement.  no-console

./src/lib/error-handling.ts
9:28  Warning: Unexpected any. Specify a different type.  @typescript-eslint/no-explicit-any
65:14  Error: 'TimeTrackingError' is already defined.  no-redeclare
67:44  Warning: Unexpected any. Specify a different type.  @typescript-eslint/no-explicit-any
75:30  Warning: Unexpected any. Specify a different type.  @typescript-eslint/no-explicit-any
249:38  Error: 'setTimeout' is not defined.  no-undef
316:16  Warning: Unexpected any. Specify a different type.  @typescript-eslint/no-explicit-any
337:5  Error: 'console' is not defined.  no-undef
337:5  Warning: Unexpected console statement.  no-console
394:9  Error: 'process' is not defined.  no-undef
402:13  Error: 'fetch' is not defined.  no-undef
408:7  Error: 'console' is not defined.  no-undef
408:7  Warning: Unexpected console statement.  no-console

./src/lib/high-precision-timing.ts
35:26  Error: 'performance' is not defined.  no-undef
109:27  Error: 'performance' is not defined.  no-undef
120:24  Error: 'NodeJS' is not defined.  no-undef
134:25  Error: 'setInterval' is not defined.  no-undef
140:45  Error: 'process' is not defined.  no-undef
141:29  Warning: Unexpected any. Specify a different type.  @typescript-eslint/no-explicit-any
151:7  Error: 'clearInterval' is not defined.  no-undef
182:19  Error: 'performance' is not defined.  no-undef
184:17  Error: 'performance' is not defined.  no-undef
191:5  Warning: Forbidden non-null assertion.  @typescript-eslint/no-non-null-assertion
194:26  Warning: Forbidden non-null assertion.  @typescript-eslint/no-non-null-assertion

./src/lib/location-name-service.ts
75:7  Error: 'console' is not defined.  no-undef
75:7  Warning: Unexpected console statement.  no-console

./src/lib/logger.ts
25:27  Error: 'process' is not defined.  no-undef
26:26  Error: 'process' is not defined.  no-undef
63:7  Error: 'console' is not defined.  no-undef
63:7  Warning: Unexpected console statement.  no-console
65:9  Error: 'console' is not defined.  no-undef
65:9  Warning: Unexpected console statement.  no-console
71:9  Error: 'console' is not defined.  no-undef
71:9  Warning: Unexpected console statement.  no-console

./src/lib/network-security.ts
37:17  Error: 'process' is not defined.  no-undef

./src/lib/onboarding-verification.ts
123:12  Error: '_error' is defined but never used.  @typescript-eslint/no-unused-vars
231:36  Error: 'setTimeout' is not defined.  no-undef
253:5  Error: 'console' is not defined.  no-undef
253:5  Warning: Unexpected console statement.  no-console
295:5  Error: 'console' is not defined.  no-undef
295:5  Warning: Unexpected console statement.  no-console

./src/lib/openmap-service.ts
164:5  Error: 'setInterval' is not defined.  no-undef
169:5  Error: 'setInterval' is not defined.  no-undef
205:14  Error: 'RequestInit' is not defined.  no-undef
207:14  Error: 'Response' is not defined.  no-undef
216:20  Error: 'HeadersInit' is not defined.  no-undef
228:27  Error: 'RequestInit' is not defined.  no-undef
231:15  Error: 'AbortSignal' is not defined.  no-undef
237:30  Error: 'fetch' is not defined.  no-undef
255:38  Error: 'setTimeout' is not defined.  no-undef
266:30  Warning: Unexpected any. Specify a different type.  @typescript-eslint/no-explicit-any
292:14  Error: 'navigator' is not defined.  no-undef
297:9  Error: 'navigator' is not defined.  no-undef
430:7  Error: 'console' is not defined.  no-undef
430:7  Warning: Unexpected console statement.  no-console
479:7  Error: 'console' is not defined.  no-undef
479:7  Warning: Unexpected console statement.  no-console
505:7  Error: 'console' is not defined.  no-undef
505:7  Warning: Unexpected console statement.  no-console
538:11  Error: 'crypto' is not defined.  no-undef
648:15  Warning: Unexpected any. Specify a different type.  @typescript-eslint/no-explicit-any
674:24  Warning: Forbidden non-null assertion.  @typescript-eslint/no-non-null-assertion
674:45  Warning: Forbidden non-null assertion.  @typescript-eslint/no-non-null-assertion
680:3  Error: Duplicate name 'reverseGeocode'.  no-dupe-class-members
684:30  Error: 'fetch' is not defined.  no-undef
695:7  Error: 'console' is not defined.  no-undef
695:7  Warning: Unexpected console statement.  no-console
705:5  Error: 'userLocation' is defined but never used. Allowed unused args must match /^_/u.  @typescript-eslint/no-unused-vars
763:31  Warning: Unexpected any. Specify a different type.  @typescript-eslint/no-explicit-any
784:3  Error: Duplicate name 'getFromCache'.  no-dupe-class-members
795:3  Error: Duplicate name 'cacheResult'.  no-dupe-class-members
801:11  Error: 'crypto' is not defined.  no-undef
827:3  Error: Duplicate name 'clearCache'.  no-dupe-class-members

./src/lib/optimistic-updates.ts
7:32  Warning: Unexpected any. Specify a different type.  @typescript-eslint/no-explicit-any
76:7  Error: 'setTimeout' is not defined.  no-undef
102:5  Error: 'setTimeout' is not defined.  no-undef
121:7  Error: 'setTimeout' is not defined.  no-undef
140:30  Error: 'reason' is defined but never used. Allowed unused args must match /^_/u.  @typescript-eslint/no-unused-vars
149:7  Error: 'setTimeout' is not defined.  no-undef
187:5  Warning: Forbidden non-null assertion.  @typescript-eslint/no-non-null-assertion
353:79  Warning: Unexpected any. Specify a different type.  @typescript-eslint/no-explicit-any

./src/lib/optimized-query-wrapper.ts
82:26  Warning: Unexpected any. Specify a different type.  @typescript-eslint/no-explicit-any
109:53  Warning: Unexpected any. Specify a different type.  @typescript-eslint/no-explicit-any
111:56  Warning: Unexpected any. Specify a different type.  @typescript-eslint/no-explicit-any
117:53  Warning: Unexpected any. Specify a different type.  @typescript-eslint/no-explicit-any
119:60  Warning: Unexpected any. Specify a different type.  @typescript-eslint/no-explicit-any
123:47  Warning: Unexpected any. Specify a different type.  @typescript-eslint/no-explicit-any
448:5  Error: 'setInterval' is not defined.  no-undef
550:33  Warning: Unexpected any. Specify a different type.  @typescript-eslint/no-explicit-any

./src/lib/payments/actions.ts
17:22  Error: 'process' is not defined.  no-undef
18:16  Error: 'process' is not defined.  no-undef
92:12  Error: '_error' is defined but never used.  @typescript-eslint/no-unused-vars

./src/lib/performance-cache.ts
81:26  Error: 'NodeJS' is not defined.  no-undef
321:11  Error: '_now' is assigned a value but never used.  @typescript-eslint/no-unused-vars
344:7  Error: 'clearInterval' is not defined.  no-undef
448:25  Error: 'setInterval' is not defined.  no-undef
453:43  Error: 'process' is not defined.  no-undef
454:29  Warning: Unexpected any. Specify a different type.  @typescript-eslint/no-explicit-any

./src/lib/performance-monitor.ts
181:32  Error: 'NodeJS' is not defined.  no-undef
407:7  Error: 'clearInterval' is not defined.  no-undef
521:31  Error: 'setInterval' is not defined.  no-undef
544:12  Error: 'process' is not defined.  no-undef

./src/lib/production-config.ts
149:16  Error: 'process' is not defined.  no-undef
231:21  Error: 'process' is not defined.  no-undef
254:14  Error: 'process' is not defined.  no-undef
291:20  Error: 'process' is not defined.  no-undef
303:15  Error: 'process' is not defined.  no-undef
348:10  Error: 'process' is not defined.  no-undef
354:26  Error: 'process' is not defined.  no-undef
355:21  Error: 'process' is not defined.  no-undef
378:7  Error: 'process' is not defined.  no-undef
387:10  Error: 'process' is not defined.  no-undef
391:10  Error: 'process' is not defined.  no-undef
395:10  Error: 'process' is not defined.  no-undef
399:10  Error: 'process' is not defined.  no-undef
421:5  Error: 'setTimeout' is not defined.  no-undef
423:7  Error: 'process' is not defined.  no-undef
427:3  Error: 'process' is not defined.  no-undef
428:3  Error: 'process' is not defined.  no-undef
436:7  Error: 'setTimeout' is not defined.  no-undef
460:19  Error: 'process' is not defined.  no-undef
461:32  Error: 'process' is not defined.  no-undef

./src/lib/programs.ts
4:13  Error: 'window' is not defined.  no-undef
5:7  Error: 'require' is not defined.  no-undef

./src/lib/query-performance-logger.ts
24:26  Error: 'process' is not defined.  no-undef
49:24  Error: 'process' is not defined.  no-undef
114:23  Error: 'NodeJS' is not defined.  no-undef
140:11  Error: 'console' is not defined.  no-undef
140:11  Warning: Unexpected console statement.  no-console
194:7  Error: 'console' is not defined.  no-undef
194:7  Warning: Unexpected console statement.  no-console
231:7  Error: 'console' is not defined.  no-undef
231:7  Warning: Unexpected console statement.  no-console
281:7  Error: 'console' is not defined.  no-undef
281:7  Warning: Unexpected console statement.  no-console
449:5  Error: 'console' is not defined.  no-undef
449:5  Warning: Unexpected console statement.  no-console
457:7  Error: 'console' is not defined.  no-undef
457:7  Warning: Unexpected console statement.  no-console
461:7  Error: 'console' is not defined.  no-undef
461:7  Warning: Unexpected console statement.  no-console
471:23  Error: 'setInterval' is not defined.  no-undef
474:11  Error: 'console' is not defined.  no-undef
474:11  Warning: Unexpected console statement.  no-console
480:43  Error: 'process' is not defined.  no-undef
481:27  Warning: Unexpected any. Specify a different type.  @typescript-eslint/no-explicit-any
517:9  Error: 'console' is not defined.  no-undef
517:9  Warning: Unexpected console statement.  no-console
520:7  Error: 'console' is not defined.  no-undef
520:7  Warning: Unexpected console statement.  no-console
613:7  Error: 'console' is not defined.  no-undef
613:7  Warning: Unexpected console statement.  no-console
632:7  Error: 'console' is not defined.  no-undef
632:7  Warning: Unexpected console statement.  no-console
634:7  Error: 'console' is not defined.  no-undef
634:7  Warning: Unexpected console statement.  no-console
643:7  Error: 'clearInterval' is not defined.  no-undef
652:5  Error: 'console' is not defined.  no-undef
652:5  Warning: Unexpected console statement.  no-console
660:5  Error: 'process' is not defined.  no-undef
662:3  Error: 'process' is not defined.  no-undef
666:3  Error: 'process' is not defined.  no-undef

./src/lib/rate-limiter.ts
18:1  Error: 'setInterval' is not defined.  no-undef
44:11  Error: 'windowStart' is assigned a value but never used.  @typescript-eslint/no-unused-vars

./src/lib/rbac-middleware.ts
146:5  Error: 'console' is not defined.  no-undef
146:5  Warning: Unexpected console statement.  no-console
150:7  Error: 'console' is not defined.  no-undef
150:7  Warning: Unexpected console statement.  no-console
151:38  Error: 'setTimeout' is not defined.  no-undef
188:11  Error: 'crypto' is not defined.  no-undef
201:5  Error: 'console' is not defined.  no-undef
201:5  Warning: Unexpected console statement.  no-console
342:5  Error: 'console' is not defined.  no-undef
342:5  Warning: Unexpected console statement.  no-console
353:9  Error: '_creatorLevel' is assigned a value but never used.  @typescript-eslint/no-unused-vars
354:9  Error: '_targetLevel' is assigned a value but never used.  @typescript-eslint/no-unused-vars

./src/lib/redis-cache.ts
42:24  Error: 'process' is not defined.  no-undef
42:49  Error: 'process' is not defined.  no-undef
53:17  Error: 'process' is not defined.  no-undef
54:33  Error: 'process' is not defined.  no-undef
55:21  Error: 'process' is not defined.  no-undef
64:9  Error: 'console' is not defined.  no-undef
64:9  Warning: Unexpected console statement.  no-console
69:9  Error: 'console' is not defined.  no-undef
69:9  Warning: Unexpected console statement.  no-console
74:9  Error: 'console' is not defined.  no-undef
74:9  Warning: Unexpected console statement.  no-console
77:7  Error: 'console' is not defined.  no-undef
77:7  Warning: Unexpected console statement.  no-console
89:12  Error: 'Buffer' is not defined.  no-undef
105:7  Error: 'console' is not defined.  no-undef
105:7  Warning: Unexpected console statement.  no-console
120:7  Error: 'console' is not defined.  no-undef
120:7  Warning: Unexpected console statement.  no-console
134:7  Error: 'console' is not defined.  no-undef
134:7  Warning: Unexpected console statement.  no-console
151:7  Error: 'console' is not defined.  no-undef
151:7  Warning: Unexpected console statement.  no-console
333:7  Error: 'console' is not defined.  no-undef
333:7  Warning: Unexpected console statement.  no-console

./src/lib/request-batcher.ts
7:28  Warning: Unexpected any. Specify a different type.  @typescript-eslint/no-explicit-any
11:10  Warning: Unexpected any. Specify a different type.  @typescript-eslint/no-explicit-any
46:41  Error: 'NodeJS' is not defined.  no-undef
47:56  Warning: Unexpected any. Specify a different type.  @typescript-eslint/no-explicit-any
68:14  Warning: Unexpected any. Specify a different type.  @typescript-eslint/no-explicit-any
92:14  Warning: Forbidden non-null assertion.  @typescript-eslint/no-non-null-assertion
118:9  Error: 'setTimeout' is not defined.  no-undef
137:19  Warning: Forbidden non-null assertion.  @typescript-eslint/no-non-null-assertion
156:19  Warning: Forbidden non-null assertion.  @typescript-eslint/no-non-null-assertion
160:7  Error: 'clearTimeout' is not defined.  no-undef
160:20  Warning: Forbidden non-null assertion.  @typescript-eslint/no-non-null-assertion
176:19  Error: 'setTimeout' is not defined.  no-undef
199:51  Error: 'groupKey' is defined but never used. Allowed unused args must match /^_/u.  @typescript-eslint/no-unused-vars
218:7  Warning: Forbidden non-null assertion.  @typescript-eslint/no-non-null-assertion
258:14  Warning: Unexpected any. Specify a different type.  @typescript-eslint/no-explicit-any
264:25  Error: 'RequestInit' is not defined.  no-undef
276:28  Error: 'fetch' is not defined.  no-undef
295:75  Warning: Unexpected any. Specify a different type.  @typescript-eslint/no-explicit-any
323:39  Error: 'clearTimeout' is not defined.  no-undef
347:12  Warning: Unexpected any. Specify a different type.  @typescript-eslint/no-explicit-any
361:12  Warning: Unexpected any. Specify a different type.  @typescript-eslint/no-explicit-any
376:12  Warning: Unexpected any. Specify a different type.  @typescript-eslint/no-explicit-any

./src/lib/school-utils.ts
2:10  Error: 'redirect' is defined but never used.  @typescript-eslint/no-unused-vars
229:5  Error: 'console' is not defined.  no-undef
229:5  Warning: Unexpected console statement.  no-console

./src/lib/security-utils.ts
54:13  Error: 'process' is not defined.  no-undef
59:16  Error: 'process' is not defined.  no-undef
132:5  Error: 'setInterval' is not defined.  no-undef
157:7  Error: 'Buffer' is not defined.  no-undef
158:7  Error: 'Buffer' is not defined.  no-undef
205:34  Error: 'Request' is not defined.  no-undef

./src/lib/security.ts
36:29  Error: 'URL' is not defined.  no-undef
48:27  Error: 'URL' is not defined.  no-undef
60:28  Error: Unnecessary escape character: \..  no-useless-escape

./src/lib/transaction-batcher.ts
50:23  Error: 'NodeJS' is not defined.  no-undef
89:9  Error: 'setTimeout' is not defined.  no-undef
117:7  Error: 'console' is not defined.  no-undef
117:7  Warning: Unexpected console statement.  no-console
121:7  Error: 'console' is not defined.  no-undef
121:7  Warning: Unexpected console statement.  no-console
138:25  Error: 'setTimeout' is not defined.  no-undef
156:7  Error: 'clearTimeout' is not defined.  no-undef
164:5  Error: 'console' is not defined.  no-undef
164:5  Warning: Unexpected console statement.  no-console
177:9  Error: 'console' is not defined.  no-undef
177:9  Warning: Unexpected console statement.  no-console
182:9  Error: 'console' is not defined.  no-undef
182:9  Warning: Unexpected console statement.  no-console
320:5  Error: 'console' is not defined.  no-undef
320:5  Warning: Unexpected console statement.  no-console
324:7  Error: 'clearTimeout' is not defined.  no-undef
336:5  Error: 'console' is not defined.  no-undef
336:5  Warning: Unexpected console statement.  no-console
343:37  Error: 'setTimeout' is not defined.  no-undef
401:11  Error: 'console' is not defined.  no-undef
401:11  Warning: Unexpected console statement.  no-console
402:42  Error: 'setTimeout' is not defined.  no-undef

./src/lib/validation-utils.ts
6:37  Warning: Unexpected any. Specify a different type.  @typescript-eslint/no-explicit-any
8:34  Warning: Unexpected any. Specify a different type.  @typescript-eslint/no-explicit-any
47:38  Warning: Unexpected any. Specify a different type.  @typescript-eslint/no-explicit-any
47:53  Warning: Unexpected any. Specify a different type.  @typescript-eslint/no-explicit-any
201:10  Error: 'calculateDistance' is defined but never used.  @typescript-eslint/no-unused-vars
273:43  Warning: Unexpected any. Specify a different type.  @typescript-eslint/no-explicit-any
274:39  Error: 'NodeJS' is not defined.  no-undef
279:55  Warning: Unexpected any. Specify a different type.  @typescript-eslint/no-explicit-any
288:12  Warning: Unexpected any. Specify a different type.  @typescript-eslint/no-explicit-any
295:7  Error: 'clearTimeout' is not defined.  no-undef
299:19  Error: 'setTimeout' is not defined.  no-undef
315:42  Error: 'clearTimeout' is not defined.  no-undef

./src/middleware/enhanced-middleware.ts
40:7  Error: '_isDashboardRoute' is assigned a value but never used.  @typescript-eslint/no-unused-vars
43:7  Error: '_isSecureApiRoute' is assigned a value but never used.  @typescript-eslint/no-unused-vars
46:7  Error: '_securityConfig' is assigned a value but never used.  @typescript-eslint/no-unused-vars
85:13  Error: 'process' is not defined.  no-undef
160:23  Error: 'process' is not defined.  no-undef
161:25  Error: 'process' is not defined.  no-undef
162:32  Error: 'process' is not defined.  no-undef
163:23  Error: 'process' is not defined.  no-undef
164:18  Error: 'process' is not defined.  no-undef
165:35  Error: 'process' is not defined.  no-undef
166:35  Error: 'process' is not defined.  no-undef
183:5  Error: 'console' is not defined.  no-undef
183:5  Warning: Unexpected console statement.  no-console
219:5  Error: 'console' is not defined.  no-undef
219:5  Warning: Unexpected console statement.  no-console
220:5  Error: 'console' is not defined.  no-undef
220:5  Warning: Unexpected console statement.  no-console
228:5  Error: 'console' is not defined.  no-undef
228:5  Warning: Unexpected console statement.  no-console
243:5  Error: 'console' is not defined.  no-undef
243:5  Warning: Unexpected console statement.  no-console
246:5  Error: 'console' is not defined.  no-undef
246:5  Warning: Unexpected console statement.  no-console
247:5  Error: 'console' is not defined.  no-undef
247:5  Warning: Unexpected console statement.  no-console
318:29  Error: 'URL' is not defined.  no-undef
335:40  Error: 'URL' is not defined.  no-undef
347:40  Error: 'URL' is not defined.  no-undef
357:40  Error: 'URL' is not defined.  no-undef
385:42  Error: 'URL' is not defined.  no-undef
399:42  Error: 'URL' is not defined.  no-undef
456:38  Error: 'URL' is not defined.  no-undef

./src/middleware/simplified-auth-middleware.ts
15:15  Error: 'NextRequest' is defined but never used.  @typescript-eslint/no-unused-vars
21:10  Error: 'ClockError' is defined but never used.  @typescript-eslint/no-unused-vars
21:22  Error: 'ClockErrorType' is defined but never used.  @typescript-eslint/no-unused-vars
126:7  Error: 'process' is not defined.  no-undef
155:29  Error: 'URL' is not defined.  no-undef
171:40  Error: 'URL' is not defined.  no-undef
182:40  Error: 'URL' is not defined.  no-undef
207:40  Error: 'URL' is not defined.  no-undef
214:42  Error: 'URL' is not defined.  no-undef
220:42  Error: 'URL' is not defined.  no-undef
277:38  Error: 'URL' is not defined.  no-undef

./src/middleware.ts
12:26  Error: 'require' is not defined.  no-undef
13:18  Error: 'require' is not defined.  no-undef
113:29  Error: 'URL' is not defined.  no-undef
140:14  Error: '_error' is defined but never used.  @typescript-eslint/no-unused-vars
149:31  Error: 'URL' is not defined.  no-undef
191:35  Error: 'URL' is not defined.  no-undef
197:41  Error: 'URL' is not defined.  no-undef
205:40  Error: 'URL' is not defined.  no-undef
215:27  Error: 'URL' is not defined.  no-undef
227:28  Error: Unnecessary escape character: \..  no-useless-escape

./src/services/location-validation.ts
28:14  Warning: Unexpected any. Specify a different type.  @typescript-eslint/no-explicit-any
98:9  Warning: Unexpected any. Specify a different type.  @typescript-eslint/no-explicit-any
99:13  Warning: Unexpected any. Specify a different type.  @typescript-eslint/no-explicit-any
135:5  Error: 'console' is not defined.  no-undef
135:5  Warning: Unexpected console statement.  no-console
203:5  Error: 'console' is not defined.  no-undef
203:5  Warning: Unexpected console statement.  no-console
219:5  Error: 'userId' is assigned a value but never used.  @typescript-eslint/no-unused-vars
223:5  Error: 'timeRecordId' is assigned a value but never used.  @typescript-eslint/no-unused-vars
300:5  Error: 'console' is not defined.  no-undef
300:5  Warning: Unexpected console statement.  no-console
332:56  Warning: Unexpected any. Specify a different type.  @typescript-eslint/no-explicit-any
336:5  Error: 'console' is not defined.  no-undef
336:5  Warning: Unexpected console statement.  no-console
355:14  Warning: Unexpected any. Specify a different type.  @typescript-eslint/no-explicit-any
391:5  Error: 'console' is not defined.  no-undef
391:5  Warning: Unexpected console statement.  no-console

./src/stores/onboarding-store.ts
121:28  Error: 'fetch' is not defined.  no-undef
137:7  Error: 'console' is not defined.  no-undef
137:7  Warning: Unexpected console statement.  no-console
140:5  Error: 'console' is not defined.  no-undef
140:5  Warning: Unexpected console statement.  no-console
147:28  Error: 'fetch' is not defined.  no-undef
161:5  Error: 'console' is not defined.  no-undef
161:5  Warning: Unexpected console statement.  no-console
246:35  Error: 'crypto' is not defined.  no-undef
380:11  Error: 'console' is not defined.  no-undef
380:11  Warning: Unexpected console statement.  no-console
387:34  Error: 'fetch' is not defined.  no-undef
406:11  Error: 'console' is not defined.  no-undef
406:11  Warning: Unexpected console statement.  no-console
481:40  Error: 'localStorage' is not defined.  no-undef
508:22  Error: 'setInterval' is not defined.  no-undef
512:18  Error: 'clearInterval' is not defined.  no-undef

./src/tests/api-endpoints.test.ts
27:25  Warning: Unexpected any. Specify a different type.  @typescript-eslint/no-explicit-any
408:13  Error: 'response' is assigned a value but never used.  @typescript-eslint/no-unused-vars

./src/tests/clock-service.test.ts
10:10  Error: 'timeRecords' is defined but never used.  @typescript-eslint/no-unused-vars
10:23  Error: 'rotations' is defined but never used.  @typescript-eslint/no-unused-vars
10:34  Error: 'clinicalSites' is defined but never used.  @typescript-eslint/no-unused-vars
11:10  Error: 'eq' is defined but never used.  @typescript-eslint/no-unused-vars
11:14  Error: 'and' is defined but never used.  @typescript-eslint/no-unused-vars
40:15  Warning: Unexpected any. Specify a different type.  @typescript-eslint/no-explicit-any
44:20  Warning: Unexpected any. Specify a different type.  @typescript-eslint/no-explicit-any
409:18  Error: 'error' is defined but never used.  @typescript-eslint/no-unused-vars

./src/tests/database-optimization.test.ts
6:59  Error: 'Mock' is defined but never used.  @typescript-eslint/no-unused-vars
37:28  Warning: Unexpected any. Specify a different type.  @typescript-eslint/no-explicit-any
320:13  Error: 'mockCache' is assigned a value but never used.  @typescript-eslint/no-unused-vars
334:28  Warning: Unexpected any. Specify a different type.  @typescript-eslint/no-explicit-any
363:28  Warning: Unexpected any. Specify a different type.  @typescript-eslint/no-explicit-any
379:13  Error: 'mockRecord' is assigned a value but never used.  @typescript-eslint/no-unused-vars
395:28  Warning: Unexpected any. Specify a different type.  @typescript-eslint/no-explicit-any
419:28  Warning: Unexpected any. Specify a different type.  @typescript-eslint/no-explicit-any
450:26  Warning: Unexpected any. Specify a different type.  @typescript-eslint/no-explicit-any
464:26  Warning: Unexpected any. Specify a different type.  @typescript-eslint/no-explicit-any
477:26  Warning: Unexpected any. Specify a different type.  @typescript-eslint/no-explicit-any
495:26  Warning: Unexpected any. Specify a different type.  @typescript-eslint/no-explicit-any
508:26  Warning: Unexpected any. Specify a different type.  @typescript-eslint/no-explicit-any
524:26  Warning: Unexpected any. Specify a different type.  @typescript-eslint/no-explicit-any

./src/tests/setup.ts
10:1  Error: 'global' is not defined.  no-undef
18:20  Error: 'Event' is not defined.  no-undef
19:21  Error: 'CloseEvent' is not defined.  no-undef
20:23  Error: 'MessageEvent' is not defined.  no-undef
21:21  Error: 'Event' is not defined.  no-undef
27:8  Error: 'data' is defined but never used. Allowed unused args must match /^_/u.  @typescript-eslint/no-unused-vars
31:9  Error: 'code' is defined but never used. Allowed unused args must match /^_/u.  @typescript-eslint/no-unused-vars
31:24  Error: 'reason' is defined but never used. Allowed unused args must match /^_/u.  @typescript-eslint/no-unused-vars
34:6  Warning: Unexpected any. Specify a different type.  @typescript-eslint/no-explicit-any
37:1  Error: 'global' is not defined.  no-undef
40:23  Error: 'window' is not defined.  no-undef
51:23  Error: 'window' is not defined.  no-undef
62:23  Error: 'navigator' is not defined.  no-undef
72:1  Error: 'global' is not defined.  no-undef
73:6  Error: 'console' is not defined.  no-undef
82:1  Error: 'beforeEach' is not defined.  no-undef
86:1  Error: 'afterEach' is not defined.  no-undef

./src/tests/simple-integration.test.ts
6:32  Error: 'vi' is defined but never used.  @typescript-eslint/no-unused-vars

./src/types/dashboard.ts
49:9  Error: 'React' is not defined.  no-undef
49:29  Error: 'React' is not defined.  no-undef
49:44  Error: 'SVGSVGElement' is not defined.  no-undef
192:13  Error: 'React' is not defined.  no-undef

./src/types/index.ts
383:62  Error: 'React' is not defined.  no-undef

./src/utils/time-sync-test.ts
45:5  Error: 'console' is not defined.  no-undef
45:5  Warning: Unexpected console statement.  no-console
54:24  Error: 'setInterval' is not defined.  no-undef
58:34  Error: 'fetch' is not defined.  no-undef
74:13  Error: 'clearInterval' is not defined.  no-undef
108:11  Error: 'console' is not defined.  no-undef
108:11  Warning: Unexpected console statement.  no-console
118:5  Error: 'console' is not defined.  no-undef
118:5  Warning: Unexpected console statement.  no-console
127:31  Error: 'EventSource' is not defined.  no-undef
130:25  Error: 'setTimeout' is not defined.  no-undef
137:11  Error: 'clearTimeout' is not defined.  no-undef
140:34  Error: 'event' is defined but never used. Allowed unused args must match /^_/u.  @typescript-eslint/no-unused-vars
149:11  Error: 'clearTimeout' is not defined.  no-undef
155:7  Error: 'console' is not defined.  no-undef
155:7  Warning: Unexpected console statement.  no-console
161:17  Warning: Forbidden non-null assertion.  @typescript-eslint/no-non-null-assertion
230:5  Error: 'console' is not defined.  no-undef
230:5  Warning: Unexpected console statement.  no-console
235:30  Error: 'fetch' is not defined.  no-undef
256:7  Error: 'console' is not defined.  no-undef
256:7  Warning: Unexpected console statement.  no-console
276:5  Error: 'console' is not defined.  no-undef
276:5  Warning: Unexpected console statement.  no-console
283:37  Error: 'fetch' is not defined.  no-undef
309:40  Error: 'fetch' is not defined.  no-undef
336:7  Error: 'console' is not defined.  no-undef
336:7  Warning: Unexpected console statement.  no-console
364:5  Error: 'console' is not defined.  no-undef
364:5  Warning: Unexpected console statement.  no-console
436:5  Error: 'console' is not defined.  no-undef
436:5  Warning: Unexpected console statement.  no-console

info  - Need to disable some ESLint rules? Learn more here: https://nextjs.org/docs/app/api-reference/config/eslint#disabling-rules
