
[1m[46m RUN [49m[22m [36mv4.0.16 [39m[90mC:/Users/Administrator/Desktop/MedStintClerk1 - Backup[39m

[90mstdout[2m | src/test/workflows/facility-management.test.ts
[22m[39m[MockDB] Constructor called. Instance ID: k5sbt9

[90mstdout[2m | src/test/workflows/facility-management.test.ts[2m > [22m[2mFacility Management Workflow[2m > [22m[2mshould create a new facility with strict geofencing
[22m[39m[MockDB] getTableName called for: [36m<ref *1>[39m PgTable {
  id: PgText {
    name: [32m'id'[39m,
    keyAsName: [33mfalse[39m,
    primary: [33mtrue[39m,
    notNull: [33mtrue[39m,
    default: [90mundefined[39m,
    defaultFn: [90mundefined[39m,
    onUpdateFn: [90mundefined[39m,
    hasDefault: [33mfalse[39m,
    isUnique: [33mfalse[39m,
    uniqueName: [32m'schools_id_unique'[39m,
    uniqueType: [90mundefined[39m,
    dataType: [32m'string'[39m,
    columnType: [32m'PgText'[39m,
    enumValues: [90mundefined[39m,
    generated: [90mundefined[39m,
    generatedIdentity: [90mundefined[39m,
    config: {
      name: [32m'id'[39m,
      keyAsName: [33mfalse[39m,
      notNull: [33mtrue[39m,
      default: [90mundefined[39m,
      hasDefault: [33mfalse[39m,
      primaryKey: [33mtrue[39m,
      isUnique: [33mfalse[39m,
      uniqueName: [32m'schools_id_unique'[39m,
      uniqueType: [90mundefined[39m,
      dataType: [32m'string'[39m,
      columnType: [32m'PgText'[39m,
      generated: [90mundefined[39m,
      enumValues: [90mundefined[39m
    },
    table: [36m[Circular *1][39m
  },
  name: PgText {
    name: [32m'name'[39m,
    keyAsName: [33mfalse[39m,
    primary: [33mfalse[39m,
    notNull: [33mtrue[39m,
    default: [90mundefined[39m,
    defaultFn: [90mundefined[39m,
    onUpdateFn: [90mundefined[39m,
    hasDefault: [33mfalse[39m,
    isUnique: [33mfalse[39m,
    uniqueName: [32m'schools_name_unique'[39m,
    uniqueType: [90mundefined[39m,
    dataType: [32m'string'[39m,
    columnType: [32m'PgText'[39m,
    enumValues: [90mundefined[39m,
    generated: [90mundefined[39m,
    generatedIdentity: [90mundefined[39m,
    config: {
      name: [32m'name'[39m,
      keyAsName: [33mfalse[39m,
      notNull: [33mtrue[39m,
      default: [90mundefined[39m,
      hasDefault: [33mfalse[39m,
      primaryKey: [33mfalse[39m,
      isUnique: [33mfalse[39m,
      uniqueName: [32m'schools_name_unique'[39m,
      uniqueType: [90mundefined[39m,
      dataType: [32m'string'[39m,
      columnType: [32m'PgText'[39m,
      generated: [90mundefined[39m,
      enumValues: [90mundefined[39m
    },
    table: [36m[Circular *1][39m
  },
  address: PgText {
    name: [32m'address'[39m,
    keyAsName: [33mfalse[39m,
    primary: [33mfalse[39m,
    notNull: [33mfalse[39m,
    default: [90mundefined[39m,
    defaultFn: [90mundefined[39m,
    onUpdateFn: [90mundefined[39m,
    hasDefault: [33mfalse[39m,
    isUnique: [33mfalse[39m,
    uniqueName: [32m'schools_address_unique'[39m,
    uniqueType: [90mundefined[39m,
    dataType: [32m'string'[39m,
    columnType: [32m'PgText'[39m,
    enumValues: [90mundefined[39m,
    generated: [90mundefined[39m,
    generatedIdentity: [90mundefined[39m,
    config: {
      name: [32m'address'[39m,
      keyAsName: [33mfalse[39m,
      notNull: [33mfalse[39m,
      default: [90mundefined[39m,
      hasDefault: [33mfalse[39m,
      primaryKey: [33mfalse[39m,
      isUnique: [33mfalse[39m,
      uniqueName: [32m'schools_address_unique'[39m,
      uniqueType: [90mundefined[39m,
      dataType: [32m'string'[39m,
      columnType: [32m'PgText'[39m,
      generated: [90mundefined[39m,
      enumValues: [90mundefined[39m
    },
    table: [36m[Circular *1][39m
  },
  phone: PgText {
    name: [32m'phone'[39m,
    keyAsName: [33mfalse[39m,
    primary: [33mfalse[39m,
    notNull: [33mfalse[39m,
    default: [90mundefined[39m,
    defaultFn: [90mundefined[39m,
    onUpdateFn: [90mundefined[39m,
    hasDefault: [33mfalse[39m,
    isUnique: [33mfalse[39m,
    uniqueName: [32m'schools_phone_unique'[39m,
    uniqueType: [90mundefined[39m,
    dataType: [32m'string'[39m,
    columnType: [32m'PgText'[39m,
    enumValues: [90mundefined[39m,
    generated: [90mundefined[39m,
    generatedIdentity: [90mundefined[39m,
    config: {
      name: [32m'phone'[39m,
      keyAsName: [33mfalse[39m,
      notNull: [33mfalse[39m,
      default: [90mundefined[39m,
      hasDefault: [33mfalse[39m,
      primaryKey: [33mfalse[39m,
      isUnique: [33mfalse[39m,
      uniqueName: [32m'schools_phone_unique'[39m,
      uniqueType: [90mundefined[39m,
      dataType: [32m'string'[39m,
      columnType: [32m'PgText'[39m,
      generated: [90mundefined[39m,
      enumValues: [90mundefined[39m
    },
    table: [36m[Circular *1][39m
  },
  email: PgText {
    name: [32m'email'[39m,
    keyAsName: [33mfalse[39m,
    primary: [33mfalse[39m,
    notNull: [33mfalse[39m,
    default: [90mundefined[39m,
    defaultFn: [90mundefined[39m,
    onUpdateFn: [90mundefined[39m,
    hasDefault: [33mfalse[39m,
    isUnique: [33mfalse[39m,
    uniqueName: [32m'schools_email_unique'[39m,
    uniqueType: [90mundefined[39m,
    dataType: [32m'string'[39m,
    columnType: [32m'PgText'[39m,
    enumValues: [90mundefined[39m,
    generated: [90mundefined[39m,
    generatedIdentity: [90mundefined[39m,
    config: {
      name: [32m'email'[39m,
      keyAsName: [33mfalse[39m,
      notNull: [33mfalse[39m,
      default: [90mundefined[39m,
      hasDefault: [33mfalse[39m,
      primaryKey: [33mfalse[39m,
      isUnique: [33mfalse[39m,
      uniqueName: [32m'schools_email_unique'[39m,
      uniqueType: [90mundefined[39m,
      dataType: [32m'string'[39m,
      columnType: [32m'PgText'[39m,
      generated: [90mundefined[39m,
      enumValues: [90mundefined[39m
    },
    table: [36m[Circular *1][39m
  },
  website: PgText {
    name: [32m'website'[39m,
    keyAsName: [33mfalse[39m,
    primary: [33mfalse[39m,
    notNull: [33mfalse[39m,
    default: [90mundefined[39m,
    defaultFn: [90mundefined[39m,
    onUpdateFn: [90mundefined[39m,
    hasDefault: [33mfalse[39m,
    isUnique: [33mfalse[39m,
    uniqueName: [32m'schools_website_unique'[39m,
    uniqueType: [90mundefined[39m,
    dataType: [32m'string'[39m,
    columnType: [32m'PgText'[39m,
    enumValues: [90mundefined[39m,
    generated: [90mundefined[39m,
    generatedIdentity: [90mundefined[39m,
    config: {
      name: [32m'website'[39m,
      keyAsName: [33mfalse[39m,
      notNull: [33mfalse[39m,
      default: [90mundefined[39m,
      hasDefault: [33mfalse[39m,
      primaryKey: [33mfalse[39m,
      isUnique: [33mfalse[39m,
      uniqueName: [32m'schools_website_unique'[39m,
      uniqueType: [90mundefined[39m,
      dataType: [32m'string'[39m,
      columnType: [32m'PgText'[39m,
      generated: [90mundefined[39m,
      enumValues: [90mundefined[39m
    },
    table: [36m[Circular *1][39m
  },
  accreditation: PgText {
    name: [32m'accreditation'[39m,
    keyAsName: [33mfalse[39m,
    primary: [33mfalse[39m,
    notNull: [33mfalse[39m,
    default: [90mundefined[39m,
    defaultFn: [90mundefined[39m,
    onUpdateFn: [90mundefined[39m,
    hasDefault: [33mfalse[39m,
    isUnique: [33mfalse[39m,
    uniqueName: [32m'schools_accreditation_unique'[39m,
    uniqueType: [90mundefined[39m,
    dataType: [32m'string'[39m,
    columnType: [32m'PgText'[39m,
    enumValues: [90mundefined[39m,
    generated: [90mundefined[39m,
    generatedIdentity: [90mundefined[39m,
    config: {
      name: [32m'accreditation'[39m,
      keyAsName: [33mfalse[39m,
      notNull: [33mfalse[39m,
      default: [90mundefined[39m,
      hasDefault: [33mfalse[39m,
      primaryKey: [33mfalse[39m,
      isUnique: [33mfalse[39m,
      uniqueName: [32m'schools_accreditation_unique'[39m,
      uniqueType: [90mundefined[39m,
      dataType: [32m'string'[39m,
      columnType: [32m'PgText'[39m,
      generated: [90mundefined[39m,
      enumValues: [90mundefined[39m
    },
    table: [36m[Circular *1][39m
  },
  isActive: PgBoolean {
    name: [32m'is_active'[39m,
    keyAsName: [33mfalse[39m,
    primary: [33mfalse[39m,
    notNull: [33mtrue[39m,
    default: [33mtrue[39m,
    defaultFn: [90mundefined[39m,
    onUpdateFn: [90mundefined[39m,
    hasDefault: [33mtrue[39m,
    isUnique: [33mfalse[39m,
    uniqueName: [32m'schools_is_active_unique'[39m,
    uniqueType: [90mundefined[39m,
    dataType: [32m'boolean'[39m,
    columnType: [32m'PgBoolean'[39m,
    enumValues: [90mundefined[39m,
    generated: [90mundefined[39m,
    generatedIdentity: [90mundefined[39m,
    config: {
      name: [32m'is_active'[39m,
      keyAsName: [33mfalse[39m,
      notNull: [33mtrue[39m,
      default: [33mtrue[39m,
      hasDefault: [33mtrue[39m,
      primaryKey: [33mfalse[39m,
      isUnique: [33mfalse[39m,
      uniqueName: [32m'schools_is_active_unique'[39m,
      uniqueType: [90mundefined[39m,
      dataType: [32m'boolean'[39m,
      columnType: [32m'PgBoolean'[39m,
      generated: [90mundefined[39m
    },
    table: [36m[Circular *1][39m
  },
  adminId: PgText {
    name: [32m'admin_id'[39m,
    keyAsName: [33mfalse[39m,
    primary: [33mfalse[39m,
    notNull: [33mfalse[39m,
    default: [90mundefined[39m,
    defaultFn: [90mundefined[39m,
    onUpdateFn: [90mundefined[39m,
    hasDefault: [33mfalse[39m,
    isUnique: [33mfalse[39m,
    uniqueName: [32m'schools_admin_id_unique'[39m,
    uniqueType: [90mundefined[39m,
    dataType: [32m'string'[39m,
    columnType: [32m'PgText'[39m,
    enumValues: [90mundefined[39m,
    generated: [90mundefined[39m,
    generatedIdentity: [90mundefined[39m,
    config: {
      name: [32m'admin_id'[39m,
      keyAsName: [33mfalse[39m,
      notNull: [33mfalse[39m,
      default: [90mundefined[39m,
      hasDefault: [33mfalse[39m,
      primaryKey: [33mfalse[39m,
      isUnique: [33mfalse[39m,
      uniqueName: [32m'schools_admin_id_unique'[39m,
      uniqueType: [90mundefined[39m,
      dataType: [32m'string'[39m,
      columnType: [32m'PgText'[39m,
      generated: [90mundefined[39m,
      enumValues: [90mundefined[39m
    },
    table: [36m[Circular *1][39m
  },
  createdAt: PgTimestamp {
    name: [32m'created_at'[39m,
    keyAsName: [33mfalse[39m,
    primary: [33mfalse[39m,
    notNull: [33mtrue[39m,
    default: [90mundefined[39m,
    defaultFn: [36m[Function (anonymous)][39m,
    onUpdateFn: [90mundefined[39m,
    hasDefault: [33mtrue[39m,
    isUnique: [33mfalse[39m,
    uniqueName: [32m'schools_created_at_unique'[39m,
    uniqueType: [90mundefined[39m,
    dataType: [32m'date'[39m,
    columnType: [32m'PgTimestamp'[39m,
    enumValues: [90mundefined[39m,
    generated: [90mundefined[39m,
    generatedIdentity: [90mundefined[39m,
    config: {
      name: [32m'created_at'[39m,
      keyAsName: [33mfalse[39m,
      notNull: [33mtrue[39m,
      default: [90mundefined[39m,
      hasDefault: [33mtrue[39m,
      primaryKey: [33mfalse[39m,
      isUnique: [33mfalse[39m,
      uniqueName: [32m'schools_created_at_unique'[39m,
      uniqueType: [90mundefined[39m,
      dataType: [32m'date'[39m,
      columnType: [32m'PgTimestamp'[39m,
      generated: [90mundefined[39m,
      withTimezone: [33mfalse[39m,
      precision: [90mundefined[39m,
      defaultFn: [36m[Function (anonymous)][39m
    },
    table: [36m[Circular *1][39m,
    withTimezone: [33mfalse[39m,
    precision: [90mundefined[39m,
    mapFromDriverValue: [36m[Function: mapFromDriverValue][39m,
    mapToDriverValue: [36m[Function: mapToDriverValue][39m
  },
  updatedAt: PgTimestamp {
    name: [32m'updated_at'[39m,
    keyAsName: [33mfalse[39m,
    primary: [33mfalse[39m,
    notNull: [33mtrue[39m,
    default: [90mundefined[39m,
    defaultFn: [36m[Function (anonymous)][39m,
    onUpdateFn: [90mundefined[39m,
    hasDefault: [33mtrue[39m,
    isUnique: [33mfalse[39m,
    uniqueName: [32m'schools_updated_at_unique'[39m,
    uniqueType: [90mundefined[39m,
    dataType: [32m'date'[39m,
    columnType: [32m'PgTimestamp'[39m,
    enumValues: [90mundefined[39m,
    generated: [90mundefined[39m,
    generatedIdentity: [90mundefined[39m,
    config: {
      name: [32m'updated_at'[39m,
      keyAsName: [33mfalse[39m,
      notNull: [33mtrue[39m,
      default: [90mundefined[39m,
      hasDefault: [33mtrue[39m,
      primaryKey: [33mfalse[39m,
      isUnique: [33mfalse[39m,
      uniqueName: [32m'schools_updated_at_unique'[39m,
      uniqueType: [90mundefined[39m,
      dataType: [32m'date'[39m,
      columnType: [32m'PgTimestamp'[39m,
      generated: [90mundefined[39m,
      withTimezone: [33mfalse[39m,
      precision: [90mundefined[39m,
      defaultFn: [36m[Function (anonymous)][39m
    },
    table: [36m[Circular *1][39m,
    withTimezone: [33mfalse[39m,
    precision: [90mundefined[39m,
    mapFromDriverValue: [36m[Function: mapFromDriverValue][39m,
    mapToDriverValue: [36m[Function: mapToDriverValue][39m
  },
  enableRLS: [36m[Function: enableRLS][39m,
  [32mSymbol(drizzle:Name)[39m: [32m'schools'[39m,
  [32mSymbol(drizzle:OriginalName)[39m: [32m'schools'[39m,
  [32mSymbol(drizzle:Schema)[39m: [90mundefined[39m,
  [32mSymbol(drizzle:Columns)[39m: {
    id: PgText {
      name: [32m'id'[39m,
      keyAsName: [33mfalse[39m,
      primary: [33mtrue[39m,
      notNull: [33mtrue[39m,
      default: [90mundefined[39m,
      defaultFn: [90mundefined[39m,
      onUpdateFn: [90mundefined[39m,
      hasDefault: [33mfalse[39m,
      isUnique: [33mfalse[39m,
      uniqueName: [32m'schools_id_unique'[39m,
      uniqueType: [90mundefined[39m,
      dataType: [32m'string'[39m,
      columnType: [32m'PgText'[39m,
      enumValues: [90mundefined[39m,
      generated: [90mundefined[39m,
      generatedIdentity: [90mundefined[39m,
      config: [36m[Object][39m,
      table: [36m[Circular *1][39m
    },
    name: PgText {
      name: [32m'name'[39m,
      keyAsName: [33mfalse[39m,
      primary: [33mfalse[39m,
      notNull: [33mtrue[39m,
      default: [90mundefined[39m,
      defaultFn: [90mundefined[39m,
      onUpdateFn: [90mundefined[39m,
      hasDefault: [33mfalse[39m,
      isUnique: [33mfalse[39m,
      uniqueName: [32m'schools_name_unique'[39m,
      uniqueType: [90mundefined[39m,
      dataType: [32m'string'[39m,
      columnType: [32m'PgText'[39m,
      enumValues: [90mundefined[39m,
      generated: [90mundefined[39m,
      generatedIdentity: [90mundefined[39m,
      config: [36m[Object][39m,
      table: [36m[Circular *1][39m
    },
    address: PgText {
      name: [32m'address'[39m,
      keyAsName: [33mfalse[39m,
      primary: [33mfalse[39m,
      notNull: [33mfalse[39m,
      default: [90mundefined[39m,
      defaultFn: [90mundefined[39m,
      onUpdateFn: [90mundefined[39m,
      hasDefault: [33mfalse[39m,
      isUnique: [33mfalse[39m,
      uniqueName: [32m'schools_address_unique'[39m,
      uniqueType: [90mundefined[39m,
      dataType: [32m'string'[39m,
      columnType: [32m'PgText'[39m,
      enumValues: [90mundefined[39m,
      generated: [90mundefined[39m,
      generatedIdentity: [90mundefined[39m,
      config: [36m[Object][39m,
      table: [36m[Circular *1][39m
    },
    phone: PgText {
      name: [32m'phone'[39m,
      keyAsName: [33mfalse[39m,
      primary: [33mfalse[39m,
      notNull: [33mfalse[39m,
      default: [90mundefined[39m,
      defaultFn: [90mundefined[39m,
      onUpdateFn: [90mundefined[39m,
      hasDefault: [33mfalse[39m,
      isUnique: [33mfalse[39m,
      uniqueName: [32m'schools_phone_unique'[39m,
      uniqueType: [90mundefined[39m,
      dataType: [32m'string'[39m,
      columnType: [32m'PgText'[39m,
      enumValues: [90mundefined[39m,
      generated: [90mundefined[39m,
      generatedIdentity: [90mundefined[39m,
      config: [36m[Object][39m,
      table: [36m[Circular *1][39m
    },
    email: PgText {
      name: [32m'email'[39m,
      keyAsName: [33mfalse[39m,
      primary: [33mfalse[39m,
      notNull: [33mfalse[39m,
      default: [90mundefined[39m,
      defaultFn: [90mundefined[39m,
      onUpdateFn: [90mundefined[39m,
      hasDefault: [33mfalse[39m,
      isUnique: [33mfalse[39m,
      uniqueName: [32m'schools_email_unique'[39m,
      uniqueType: [90mundefined[39m,
      dataType: [32m'string'[39m,
      columnType: [32m'PgText'[39m,
      enumValues: [90mundefined[39m,
      generated: [90mundefined[39m,
      generatedIdentity: [90mundefined[39m,
      config: [36m[Object][39m,
      table: [36m[Circular *1][39m
    },
    website: PgText {
      name: [32m'website'[39m,
      keyAsName: [33mfalse[39m,
      primary: [33mfalse[39m,
      notNull: [33mfalse[39m,
      default: [90mundefined[39m,
      defaultFn: [90mundefined[39m,
      onUpdateFn: [90mundefined[39m,
      hasDefault: [33mfalse[39m,
      isUnique: [33mfalse[39m,
      uniqueName: [32m'schools_website_unique'[39m,
      uniqueType: [90mundefined[39m,
      dataType: [32m'string'[39m,
      columnType: [32m'PgText'[39m,
      enumValues: [90mundefined[39m,
      generated: [90mundefined[39m,
      generatedIdentity: [90mundefined[39m,
      config: [36m[Object][39m,
      table: [36m[Circular *1][39m
    },
    accreditation: PgText {
      name: [32m'accreditation'[39m,
      keyAsName: [33mfalse[39m,
      primary: [33mfalse[39m,
      notNull: [33mfalse[39m,
      default: [90mundefined[39m,
      defaultFn: [90mundefined[39m,
      onUpdateFn: [90mundefined[39m,
      hasDefault: [33mfalse[39m,
      isUnique: [33mfalse[39m,
      uniqueName: [32m'schools_accreditation_unique'[39m,
      uniqueType: [90mundefined[39m,
      dataType: [32m'string'[39m,
      columnType: [32m'PgText'[39m,
      enumValues: [90mundefined[39m,
      generated: [90mundefined[39m,
      generatedIdentity: [90mundefined[39m,
      config: [36m[Object][39m,
      table: [36m[Circular *1][39m
    },
    isActive: PgBoolean {
      name: [32m'is_active'[39m,
      keyAsName: [33mfalse[39m,
      primary: [33mfalse[39m,
      notNull: [33mtrue[39m,
      default: [33mtrue[39m,
      defaultFn: [90mundefined[39m,
      onUpdateFn: [90mundefined[39m,
      hasDefault: [33mtrue[39m,
      isUnique: [33mfalse[39m,
      uniqueName: [32m'schools_is_active_unique'[39m,
      uniqueType: [90mundefined[39m,
      dataType: [32m'boolean'[39m,
      columnType: [32m'PgBoolean'[39m,
      enumValues: [90mundefined[39m,
      generated: [90mundefined[39m,
      generatedIdentity: [90mundefined[39m,
      config: [36m[Object][39m,
      table: [36m[Circular *1][39m
    },
    adminId: PgText {
      name: [32m'admin_id'[39m,
      keyAsName: [33mfalse[39m,
      primary: [33mfalse[39m,
      notNull: [33mfalse[39m,
      default: [90mundefined[39m,
      defaultFn: [90mundefined[39m,
      onUpdateFn: [90mundefined[39m,
      hasDefault: [33mfalse[39m,
      isUnique: [33mfalse[39m,
      uniqueName: [32m'schools_admin_id_unique'[39m,
      uniqueType: [90mundefined[39m,
      dataType: [32m'string'[39m,
      columnType: [32m'PgText'[39m,
      enumValues: [90mundefined[39m,
      generated: [90mundefined[39m,
      generatedIdentity: [90mundefined[39m,
      config: [36m[Object][39m,
      table: [36m[Circular *1][39m
    },
    createdAt: PgTimestamp {
      name: [32m'created_at'[39m,
      keyAsName: [33mfalse[39m,
      primary: [33mfalse[39m,
      notNull: [33mtrue[39m,
      default: [90mundefined[39m,
      defaultFn: [36m[Function (anonymous)][39m,
      onUpdateFn: [90mundefined[39m,
      hasDefault: [33mtrue[39m,
      isUnique: [33mfalse[39m,
      uniqueName: [32m'schools_created_at_unique'[39m,
      uniqueType: [90mundefined[39m,
      dataType: [32m'date'[39m,
      columnType: [32m'PgTimestamp'[39m,
      enumValues: [90mundefined[39m,
      generated: [90mundefined[39m,
      generatedIdentity: [90mundefined[39m,
      config: [36m[Object][39m,
      table: [36m[Circular *1][39m,
      withTimezone: [33mfalse[39m,
      precision: [90mundefined[39m,
      mapFromDriverValue: [36m[Function: mapFromDriverValue][39m,
      mapToDriverValue: [36m[Function: mapToDriverValue][39m
    },
    updatedAt: PgTimestamp {
      name: [32m'updated_at'[39m,
      keyAsName: [33mfalse[39m,
      primary: [33mfalse[39m,
      notNull: [33mtrue[39m,
      default: [90mundefined[39m,
      defaultFn: [36m[Function (anonymous)][39m,
      onUpdateFn: [90mundefined[39m,
      hasDefault: [33mtrue[39m,
      isUnique: [33mfalse[39m,
      uniqueName: [32m'schools_updated_at_unique'[39m,
      uniqueType: [90mundefined[39m,
      dataType: [32m'date'[39m,
      columnType: [32m'PgTimestamp'[39m,
      enumValues: [90mundefined[39m,
      generated: [90mundefined[39m,
      generatedIdentity: [90mundefined[39m,
      config: [36m[Object][39m,
      table: [36m[Circular *1][39m,
      withTimezone: [33mfalse[39m,
      precision: [90mundefined[39m,
      mapFromDriverValue: [36m[Function: mapFromDriverValue][39m,
      mapToDriverValue: [36m[Function: mapToDriverValue][39m
    }
  },
  [32mSymbol(drizzle:ExtraConfigColumns)[39m: {
    id: ExtraConfigColumn {
      name: [32m'id'[39m,
      keyAsName: [33mfalse[39m,
      primary: [33mtrue[39m,
      notNull: [33mtrue[39m,
      default: [90mundefined[39m,
      defaultFn: [90mundefined[39m,
      onUpdateFn: [90mundefined[39m,
      hasDefault: [33mfalse[39m,
      isUnique: [33mfalse[39m,
      uniqueName: [32m'schools_id_unique'[39m,
      uniqueType: [90mundefined[39m,
      dataType: [32m'string'[39m,
      columnType: [32m'PgText'[39m,
      enumValues: [90mundefined[39m,
      generated: [90mundefined[39m,
      generatedIdentity: [90mundefined[39m,
      config: [36m[Object][39m,
      table: [36m[Circular *1][39m,
      indexConfig: [36m[Object][39m,
      defaultConfig: [36m[Object][39m
    },
    name: ExtraConfigColumn {
      name: [32m'name'[39m,
      keyAsName: [33mfalse[39m,
      primary: [33mfalse[39m,
      notNull: [33mtrue[39m,
      default: [90mundefined[39m,
      defaultFn: [90mundefined[39m,
      onUpdateFn: [90mundefined[39m,
      hasDefault: [33mfalse[39m,
      isUnique: [33mfalse[39m,
      uniqueName: [32m'schools_name_unique'[39m,
      uniqueType: [90mundefined[39m,
      dataType: [32m'string'[39m,
      columnType: [32m'PgText'[39m,
      enumValues: [90mundefined[39m,
      generated: [90mundefined[39m,
      generatedIdentity: [90mundefined[39m,
      config: [36m[Object][39m,
      table: [36m[Circular *1][39m,
      indexConfig: [36m[Object][39m,
      defaultConfig: [36m[Object][39m
    },
    address: ExtraConfigColumn {
      name: [32m'address'[39m,
      keyAsName: [33mfalse[39m,
      primary: [33mfalse[39m,
      notNull: [33mfalse[39m,
      default: [90mundefined[39m,
      defaultFn: [90mundefined[39m,
      onUpdateFn: [90mundefined[39m,
      hasDefault: [33mfalse[39m,
      isUnique: [33mfalse[39m,
      uniqueName: [32m'schools_address_unique'[39m,
      uniqueType: [90mundefined[39m,
      dataType: [32m'string'[39m,
      columnType: [32m'PgText'[39m,
      enumValues: [90mundefined[39m,
      generated: [90mundefined[39m,
      generatedIdentity: [90mundefined[39m,
      config: [36m[Object][39m,
      table: [36m[Circular *1][39m,
      indexConfig: [36m[Object][39m,
      defaultConfig: [36m[Object][39m
    },
    phone: ExtraConfigColumn {
      name: [32m'phone'[39m,
      keyAsName: [33mfalse[39m,
      primary: [33mfalse[39m,
      notNull: [33mfalse[39m,
      default: [90mundefined[39m,
      defaultFn: [90mundefined[39m,
      onUpdateFn: [90mundefined[39m,
      hasDefault: [33mfalse[39m,
      isUnique: [33mfalse[39m,
      uniqueName: [32m'schools_phone_unique'[39m,
      uniqueType: [90mundefined[39m,
      dataType: [32m'string'[39m,
      columnType: [32m'PgText'[39m,
      enumValues: [90mundefined[39m,
      generated: [90mundefined[39m,
      generatedIdentity: [90mundefined[39m,
      config: [36m[Object][39m,
      table: [36m[Circular *1][39m,
      indexConfig: [36m[Object][39m,
      defaultConfig: [36m[Object][39m
    },
    email: ExtraConfigColumn {
      name: [32m'email'[39m,
      keyAsName: [33mfalse[39m,
      primary: [33mfalse[39m,
      notNull: [33mfalse[39m,
      default: [90mundefined[39m,
      defaultFn: [90mundefined[39m,
      onUpdateFn: [90mundefined[39m,
      hasDefault: [33mfalse[39m,
      isUnique: [33mfalse[39m,
      uniqueName: [32m'schools_email_unique'[39m,
      uniqueType: [90mundefined[39m,
      dataType: [32m'string'[39m,
      columnType: [32m'PgText'[39m,
      enumValues: [90mundefined[39m,
      generated: [90mundefined[39m,
      generatedIdentity: [90mundefined[39m,
      config: [36m[Object][39m,
      table: [36m[Circular *1][39m,
      indexConfig: [36m[Object][39m,
      defaultConfig: [36m[Object][39m
    },
    website: ExtraConfigColumn {
      name: [32m'website'[39m,
      keyAsName: [33mfalse[39m,
      primary: [33mfalse[39m,
      notNull: [33mfalse[39m,
      default: [90mundefined[39m,
      defaultFn: [90mundefined[39m,
      onUpdateFn: [90mundefined[39m,
      hasDefault: [33mfalse[39m,
      isUnique: [33mfalse[39m,
      uniqueName: [32m'schools_website_unique'[39m,
      uniqueType: [90mundefined[39m,
      dataType: [32m'string'[39m,
      columnType: [32m'PgText'[39m,
      enumValues: [90mundefined[39m,
      generated: [90mundefined[39m,
      generatedIdentity: [90mundefined[39m,
      config: [36m[Object][39m,
      table: [36m[Circular *1][39m,
      indexConfig: [36m[Object][39m,
      defaultConfig: [36m[Object][39m
    },
    accreditation: ExtraConfigColumn {
      name: [32m'accreditation'[39m,
      keyAsName: [33mfalse[39m,
      primary: [33mfalse[39m,
      notNull: [33mfalse[39m,
      default: [90mundefined[39m,
      defaultFn: [90mundefined[39m,
      onUpdateFn: [90mundefined[39m,
      hasDefault: [33mfalse[39m,
      isUnique: [33mfalse[39m,
      uniqueName: [32m'schools_accreditation_unique'[39m,
      uniqueType: [90mundefined[39m,
      dataType: [32m'string'[39m,
      columnType: [32m'PgText'[39m,
      enumValues: [90mundefined[39m,
      generated: [90mundefined[39m,
      generatedIdentity: [90mundefined[39m,
      config: [36m[Object][39m,
      table: [36m[Circular *1][39m,
      indexConfig: [36m[Object][39m,
      defaultConfig: [36m[Object][39m
    },
    isActive: ExtraConfigColumn {
      name: [32m'is_active'[39m,
      keyAsName: [33mfalse[39m,
      primary: [33mfalse[39m,
      notNull: [33mtrue[39m,
      default: [33mtrue[39m,
      defaultFn: [90mundefined[39m,
      onUpdateFn: [90mundefined[39m,
      hasDefault: [33mtrue[39m,
      isUnique: [33mfalse[39m,
      uniqueName: [32m'schools_is_active_unique'[39m,
      uniqueType: [90mundefined[39m,
      dataType: [32m'boolean'[39m,
      columnType: [32m'PgBoolean'[39m,
      enumValues: [90mundefined[39m,
      generated: [90mundefined[39m,
      generatedIdentity: [90mundefined[39m,
      config: [36m[Object][39m,
      table: [36m[Circular *1][39m,
      indexConfig: [36m[Object][39m,
      defaultConfig: [36m[Object][39m
    },
    adminId: ExtraConfigColumn {
      name: [32m'admin_id'[39m,
      keyAsName: [33mfalse[39m,
      primary: [33mfalse[39m,
      notNull: [33mfalse[39m,
      default: [90mundefined[39m,
      defaultFn: [90mundefined[39m,
      onUpdateFn: [90mundefined[39m,
      hasDefault: [33mfalse[39m,
      isUnique: [33mfalse[39m,
      uniqueName: [32m'schools_admin_id_unique'[39m,
      uniqueType: [90mundefined[39m,
      dataType: [32m'string'[39m,
      columnType: [32m'PgText'[39m,
      enumValues: [90mundefined[39m,
      generated: [90mundefined[39m,
      generatedIdentity: [90mundefined[39m,
      config: [36m[Object][39m,
      table: [36m[Circular *1][39m,
      indexConfig: [36m[Object][39m,
      defaultConfig: [36m[Object][39m
    },
    createdAt: ExtraConfigColumn {
      name: [32m'created_at'[39m,
      keyAsName: [33mfalse[39m,
      primary: [33mfalse[39m,
      notNull: [33mtrue[39m,
      default: [90mundefined[39m,
      defaultFn: [36m[Function (anonymous)][39m,
      onUpdateFn: [90mundefined[39m,
      hasDefault: [33mtrue[39m,
      isUnique: [33mfalse[39m,
      uniqueName: [32m'schools_created_at_unique'[39m,
      uniqueType: [90mundefined[39m,
      dataType: [32m'date'[39m,
      columnType: [32m'PgTimestamp'[39m,
      enumValues: [90mundefined[39m,
      generated: [90mundefined[39m,
      generatedIdentity: [90mundefined[39m,
      config: [36m[Object][39m,
      table: [36m[Circular *1][39m,
      indexConfig: [36m[Object][39m,
      defaultConfig: [36m[Object][39m
    },
    updatedAt: ExtraConfigColumn {
      name: [32m'updated_at'[39m,
      keyAsName: [33mfalse[39m,
      primary: [33mfalse[39m,
      notNull: [33mtrue[39m,
      default: [90mundefined[39m,
      defaultFn: [36m[Function (anonymous)][39m,
      onUpdateFn: [90mundefined[39m,
      hasDefault: [33mtrue[39m,
      isUnique: [33mfalse[39m,
      uniqueName: [32m'schools_updated_at_unique'[39m,
      uniqueType: [90mundefined[39m,
      dataType: [32m'date'[39m,
      columnType: [32m'PgTimestamp'[39m,
      enumValues: [90mundefined[39m,
      generated: [90mundefined[39m,
      generatedIdentity: [90mundefined[39m,
      config: [36m[Object][39m,
      table: [36m[Circular *1][39m,
      indexConfig: [36m[Object][39m,
      defaultConfig: [36m[Object][39m
    }
  },
  [32mSymbol(drizzle:BaseName)[39m: [32m'schools'[39m,
  [32mSymbol(drizzle:IsAlias)[39m: [33mfalse[39m,
  [32mSymbol(drizzle:IsDrizzleTable)[39m: [33mtrue[39m,
  [32mSymbol(drizzle:ExtraConfigBuilder)[39m: [90mundefined[39m,
  [32mSymbol(drizzle:PgInlineForeignKeys)[39m: [
    ForeignKey {
      reference: [36m[Function (anonymous)][39m,
      onUpdate: [32m'no action'[39m,
      onDelete: [32m'no action'[39m,
      table: [36m[Circular *1][39m
    }
  ],
  [32mSymbol(drizzle:EnableRLS)[39m: [33mfalse[39m
}
[MockDB] Selecting from table: [object Object]

[90mstdout[2m | src/test/workflows/facility-management.test.ts[2m > [22m[2mFacility Management Workflow[2m > [22m[2mshould update an existing facility
[22m[39m[MockDB] getTableName called for: [36m<ref *1>[39m PgTable {
  id: PgText {
    name: [32m'id'[39m,
    keyAsName: [33mfalse[39m,
    primary: [33mtrue[39m,
    notNull: [33mtrue[39m,
    default: [90mundefined[39m,
    defaultFn: [90mundefined[39m,
    onUpdateFn: [90mundefined[39m,
    hasDefault: [33mfalse[39m,
    isUnique: [33mfalse[39m,
    uniqueName: [32m'schools_id_unique'[39m,
    uniqueType: [90mundefined[39m,
    dataType: [32m'string'[39m,
    columnType: [32m'PgText'[39m,
    enumValues: [90mundefined[39m,
    generated: [90mundefined[39m,
    generatedIdentity: [90mundefined[39m,
    config: {
      name: [32m'id'[39m,
      keyAsName: [33mfalse[39m,
      notNull: [33mtrue[39m,
      default: [90mundefined[39m,
      hasDefault: [33mfalse[39m,
      primaryKey: [33mtrue[39m,
      isUnique: [33mfalse[39m,
      uniqueName: [32m'schools_id_unique'[39m,
      uniqueType: [90mundefined[39m,
      dataType: [32m'string'[39m,
      columnType: [32m'PgText'[39m,
      generated: [90mundefined[39m,
      enumValues: [90mundefined[39m
    },
    table: [36m[Circular *1][39m
  },
  name: PgText {
    name: [32m'name'[39m,
    keyAsName: [33mfalse[39m,
    primary: [33mfalse[39m,
    notNull: [33mtrue[39m,
    default: [90mundefined[39m,
    defaultFn: [90mundefined[39m,
    onUpdateFn: [90mundefined[39m,
    hasDefault: [33mfalse[39m,
    isUnique: [33mfalse[39m,
    uniqueName: [32m'schools_name_unique'[39m,
    uniqueType: [90mundefined[39m,
    dataType: [32m'string'[39m,
    columnType: [32m'PgText'[39m,
    enumValues: [90mundefined[39m,
    generated: [90mundefined[39m,
    generatedIdentity: [90mundefined[39m,
    config: {
      name: [32m'name'[39m,
      keyAsName: [33mfalse[39m,
      notNull: [33mtrue[39m,
      default: [90mundefined[39m,
      hasDefault: [33mfalse[39m,
      primaryKey: [33mfalse[39m,
      isUnique: [33mfalse[39m,
      uniqueName: [32m'schools_name_unique'[39m,
      uniqueType: [90mundefined[39m,
      dataType: [32m'string'[39m,
      columnType: [32m'PgText'[39m,
      generated: [90mundefined[39m,
      enumValues: [90mundefined[39m
    },
    table: [36m[Circular *1][39m
  },
  address: PgText {
    name: [32m'address'[39m,
    keyAsName: [33mfalse[39m,
    primary: [33mfalse[39m,
    notNull: [33mfalse[39m,
    default: [90mundefined[39m,
    defaultFn: [90mundefined[39m,
    onUpdateFn: [90mundefined[39m,
    hasDefault: [33mfalse[39m,
    isUnique: [33mfalse[39m,
    uniqueName: [32m'schools_address_unique'[39m,
    uniqueType: [90mundefined[39m,
    dataType: [32m'string'[39m,
    columnType: [32m'PgText'[39m,
    enumValues: [90mundefined[39m,
    generated: [90mundefined[39m,
    generatedIdentity: [90mundefined[39m,
    config: {
      name: [32m'address'[39m,
      keyAsName: [33mfalse[39m,
      notNull: [33mfalse[39m,
      default: [90mundefined[39m,
      hasDefault: [33mfalse[39m,
      primaryKey: [33mfalse[39m,
      isUnique: [33mfalse[39m,
      uniqueName: [32m'schools_address_unique'[39m,
      uniqueType: [90mundefined[39m,
      dataType: [32m'string'[39m,
      columnType: [32m'PgText'[39m,
      generated: [90mundefined[39m,
      enumValues: [90mundefined[39m
    },
    table: [36m[Circular *1][39m
  },
  phone: PgText {
    name: [32m'phone'[39m,
    keyAsName: [33mfalse[39m,
    primary: [33mfalse[39m,
    notNull: [33mfalse[39m,
    default: [90mundefined[39m,
    defaultFn: [90mundefined[39m,
    onUpdateFn: [90mundefined[39m,
    hasDefault: [33mfalse[39m,
    isUnique: [33mfalse[39m,
    uniqueName: [32m'schools_phone_unique'[39m,
    uniqueType: [90mundefined[39m,
    dataType: [32m'string'[39m,
    columnType: [32m'PgText'[39m,
    enumValues: [90mundefined[39m,
    generated: [90mundefined[39m,
    generatedIdentity: [90mundefined[39m,
    config: {
      name: [32m'phone'[39m,
      keyAsName: [33mfalse[39m,
      notNull: [33mfalse[39m,
      default: [90mundefined[39m,
      hasDefault: [33mfalse[39m,
      primaryKey: [33mfalse[39m,
      isUnique: [33mfalse[39m,
      uniqueName: [32m'schools_phone_unique'[39m,
      uniqueType: [90mundefined[39m,
      dataType: [32m'string'[39m,
      columnType: [32m'PgText'[39m,
      generated: [90mundefined[39m,
      enumValues: [90mundefined[39m
    },
    table: [36m[Circular *1][39m
  },
  email: PgText {
    name: [32m'email'[39m,
    keyAsName: [33mfalse[39m,
    primary: [33mfalse[39m,
    notNull: [33mfalse[39m,
    default: [90mundefined[39m,
    defaultFn: [90mundefined[39m,
    onUpdateFn: [90mundefined[39m,
    hasDefault: [33mfalse[39m,
    isUnique: [33mfalse[39m,
    uniqueName: [32m'schools_email_unique'[39m,
    uniqueType: [90mundefined[39m,
    dataType: [32m'string'[39m,
    columnType: [32m'PgText'[39m,
    enumValues: [90mundefined[39m,
    generated: [90mundefined[39m,
    generatedIdentity: [90mundefined[39m,
    config: {
      name: [32m'email'[39m,
      keyAsName: [33mfalse[39m,
      notNull: [33mfalse[39m,
      default: [90mundefined[39m,
      hasDefault: [33mfalse[39m,
      primaryKey: [33mfalse[39m,
      isUnique: [33mfalse[39m,
      uniqueName: [32m'schools_email_unique'[39m,
      uniqueType: [90mundefined[39m,
      dataType: [32m'string'[39m,
      columnType: [32m'PgText'[39m,
      generated: [90mundefined[39m,
      enumValues: [90mundefined[39m
    },
    table: [36m[Circular *1][39m
  },
  website: PgText {
    name: [32m'website'[39m,
    keyAsName: [33mfalse[39m,
    primary: [33mfalse[39m,
    notNull: [33mfalse[39m,
    default: [90mundefined[39m,
    defaultFn: [90mundefined[39m,
    onUpdateFn: [90mundefined[39m,
    hasDefault: [33mfalse[39m,
    isUnique: [33mfalse[39m,
    uniqueName: [32m'schools_website_unique'[39m,
    uniqueType: [90mundefined[39m,
    dataType: [32m'string'[39m,
    columnType: [32m'PgText'[39m,
    enumValues: [90mundefined[39m,
    generated: [90mundefined[39m,
    generatedIdentity: [90mundefined[39m,
    config: {
      name: [32m'website'[39m,
      keyAsName: [33mfalse[39m,
      notNull: [33mfalse[39m,
      default: [90mundefined[39m,
      hasDefault: [33mfalse[39m,
      primaryKey: [33mfalse[39m,
      isUnique: [33mfalse[39m,
      uniqueName: [32m'schools_website_unique'[39m,
      uniqueType: [90mundefined[39m,
      dataType: [32m'string'[39m,
      columnType: [32m'PgText'[39m,
      generated: [90mundefined[39m,
      enumValues: [90mundefined[39m
    },
    table: [36m[Circular *1][39m
  },
  accreditation: PgText {
    name: [32m'accreditation'[39m,
    keyAsName: [33mfalse[39m,
    primary: [33mfalse[39m,
    notNull: [33mfalse[39m,
    default: [90mundefined[39m,
    defaultFn: [90mundefined[39m,
    onUpdateFn: [90mundefined[39m,
    hasDefault: [33mfalse[39m,
    isUnique: [33mfalse[39m,
    uniqueName: [32m'schools_accreditation_unique'[39m,
    uniqueType: [90mundefined[39m,
    dataType: [32m'string'[39m,
    columnType: [32m'PgText'[39m,
    enumValues: [90mundefined[39m,
    generated: [90mundefined[39m,
    generatedIdentity: [90mundefined[39m,
    config: {
      name: [32m'accreditation'[39m,
      keyAsName: [33mfalse[39m,
      notNull: [33mfalse[39m,
      default: [90mundefined[39m,
      hasDefault: [33mfalse[39m,
      primaryKey: [33mfalse[39m,
      isUnique: [33mfalse[39m,
      uniqueName: [32m'schools_accreditation_unique'[39m,
      uniqueType: [90mundefined[39m,
      dataType: [32m'string'[39m,
      columnType: [32m'PgText'[39m,
      generated: [90mundefined[39m,
      enumValues: [90mundefined[39m
    },
    table: [36m[Circular *1][39m
  },
  isActive: PgBoolean {
    name: [32m'is_active'[39m,
    keyAsName: [33mfalse[39m,
    primary: [33mfalse[39m,
    notNull: [33mtrue[39m,
    default: [33mtrue[39m,
    defaultFn: [90mundefined[39m,
    onUpdateFn: [90mundefined[39m,
    hasDefault: [33mtrue[39m,
    isUnique: [33mfalse[39m,
    uniqueName: [32m'schools_is_active_unique'[39m,
    uniqueType: [90mundefined[39m,
    dataType: [32m'boolean'[39m,
    columnType: [32m'PgBoolean'[39m,
    enumValues: [90mundefined[39m,
    generated: [90mundefined[39m,
    generatedIdentity: [90mundefined[39m,
    config: {
      name: [32m'is_active'[39m,
      keyAsName: [33mfalse[39m,
      notNull: [33mtrue[39m,
      default: [33mtrue[39m,
      hasDefault: [33mtrue[39m,
      primaryKey: [33mfalse[39m,
      isUnique: [33mfalse[39m,
      uniqueName: [32m'schools_is_active_unique'[39m,
      uniqueType: [90mundefined[39m,
      dataType: [32m'boolean'[39m,
      columnType: [32m'PgBoolean'[39m,
      generated: [90mundefined[39m
    },
    table: [36m[Circular *1][39m
  },
  adminId: PgText {
    name: [32m'admin_id'[39m,
    keyAsName: [33mfalse[39m,
    primary: [33mfalse[39m,
    notNull: [33mfalse[39m,
    default: [90mundefined[39m,
    defaultFn: [90mundefined[39m,
    onUpdateFn: [90mundefined[39m,
    hasDefault: [33mfalse[39m,
    isUnique: [33mfalse[39m,
    uniqueName: [32m'schools_admin_id_unique'[39m,
    uniqueType: [90mundefined[39m,
    dataType: [32m'string'[39m,
    columnType: [32m'PgText'[39m,
    enumValues: [90mundefined[39m,
    generated: [90mundefined[39m,
    generatedIdentity: [90mundefined[39m,
    config: {
      name: [32m'admin_id'[39m,
      keyAsName: [33mfalse[39m,
      notNull: [33mfalse[39m,
      default: [90mundefined[39m,
      hasDefault: [33mfalse[39m,
      primaryKey: [33mfalse[39m,
      isUnique: [33mfalse[39m,
      uniqueName: [32m'schools_admin_id_unique'[39m,
      uniqueType: [90mundefined[39m,
      dataType: [32m'string'[39m,
      columnType: [32m'PgText'[39m,
      generated: [90mundefined[39m,
      enumValues: [90mundefined[39m
    },
    table: [36m[Circular *1][39m
  },
  createdAt: PgTimestamp {
    name: [32m'created_at'[39m,
    keyAsName: [33mfalse[39m,
    primary: [33mfalse[39m,
    notNull: [33mtrue[39m,
    default: [90mundefined[39m,
    defaultFn: [36m[Function (anonymous)][39m,
    onUpdateFn: [90mundefined[39m,
    hasDefault: [33mtrue[39m,
    isUnique: [33mfalse[39m,
    uniqueName: [32m'schools_created_at_unique'[39m,
    uniqueType: [90mundefined[39m,
    dataType: [32m'date'[39m,
    columnType: [32m'PgTimestamp'[39m,
    enumValues: [90mundefined[39m,
    generated: [90mundefined[39m,
    generatedIdentity: [90mundefined[39m,
    config: {
      name: [32m'created_at'[39m,
      keyAsName: [33mfalse[39m,
      notNull: [33mtrue[39m,
      default: [90mundefined[39m,
      hasDefault: [33mtrue[39m,
      primaryKey: [33mfalse[39m,
      isUnique: [33mfalse[39m,
      uniqueName: [32m'schools_created_at_unique'[39m,
      uniqueType: [90mundefined[39m,
      dataType: [32m'date'[39m,
      columnType: [32m'PgTimestamp'[39m,
      generated: [90mundefined[39m,
      withTimezone: [33mfalse[39m,
      precision: [90mundefined[39m,
      defaultFn: [36m[Function (anonymous)][39m
    },
    table: [36m[Circular *1][39m,
    withTimezone: [33mfalse[39m,
    precision: [90mundefined[39m,
    mapFromDriverValue: [36m[Function: mapFromDriverValue][39m,
    mapToDriverValue: [36m[Function: mapToDriverValue][39m
  },
  updatedAt: PgTimestamp {
    name: [32m'updated_at'[39m,
    keyAsName: [33mfalse[39m,
    primary: [33mfalse[39m,
    notNull: [33mtrue[39m,
    default: [90mundefined[39m,
    defaultFn: [36m[Function (anonymous)][39m,
    onUpdateFn: [90mundefined[39m,
    hasDefault: [33mtrue[39m,
    isUnique: [33mfalse[39m,
    uniqueName: [32m'schools_updated_at_unique'[39m,
    uniqueType: [90mundefined[39m,
    dataType: [32m'date'[39m,
    columnType: [32m'PgTimestamp'[39m,
    enumValues: [90mundefined[39m,
    generated: [90mundefined[39m,
    generatedIdentity: [90mundefined[39m,
    config: {
      name: [32m'updated_at'[39m,
      keyAsName: [33mfalse[39m,
      notNull: [33mtrue[39m,
      default: [90mundefined[39m,
      hasDefault: [33mtrue[39m,
      primaryKey: [33mfalse[39m,
      isUnique: [33mfalse[39m,
      uniqueName: [32m'schools_updated_at_unique'[39m,
      uniqueType: [90mundefined[39m,
      dataType: [32m'date'[39m,
      columnType: [32m'PgTimestamp'[39m,
      generated: [90mundefined[39m,
      withTimezone: [33mfalse[39m,
      precision: [90mundefined[39m,
      defaultFn: [36m[Function (anonymous)][39m
    },
    table: [36m[Circular *1][39m,
    withTimezone: [33mfalse[39m,
    precision: [90mundefined[39m,
    mapFromDriverValue: [36m[Function: mapFromDriverValue][39m,
    mapToDriverValue: [36m[Function: mapToDriverValue][39m
  },
  enableRLS: [36m[Function: enableRLS][39m,
  [32mSymbol(drizzle:Name)[39m: [32m'schools'[39m,
  [32mSymbol(drizzle:OriginalName)[39m: [32m'schools'[39m,
  [32mSymbol(drizzle:Schema)[39m: [90mundefined[39m,
  [32mSymbol(drizzle:Columns)[39m: {
    id: PgText {
      name: [32m'id'[39m,
      keyAsName: [33mfalse[39m,
      primary: [33mtrue[39m,
      notNull: [33mtrue[39m,
      default: [90mundefined[39m,
      defaultFn: [90mundefined[39m,
      onUpdateFn: [90mundefined[39m,
      hasDefault: [33mfalse[39m,
      isUnique: [33mfalse[39m,
      uniqueName: [32m'schools_id_unique'[39m,
      uniqueType: [90mundefined[39m,
      dataType: [32m'string'[39m,
      columnType: [32m'PgText'[39m,
      enumValues: [90mundefined[39m,
      generated: [90mundefined[39m,
      generatedIdentity: [90mundefined[39m,
      config: [36m[Object][39m,
      table: [36m[Circular *1][39m
    },
    name: PgText {
      name: [32m'name'[39m,
      keyAsName: [33mfalse[39m,
      primary: [33mfalse[39m,
      notNull: [33mtrue[39m,
      default: [90mundefined[39m,
      defaultFn: [90mundefined[39m,
      onUpdateFn: [90mundefined[39m,
      hasDefault: [33mfalse[39m,
      isUnique: [33mfalse[39m,
      uniqueName: [32m'schools_name_unique'[39m,
      uniqueType: [90mundefined[39m,
      dataType: [32m'string'[39m,
      columnType: [32m'PgText'[39m,
      enumValues: [90mundefined[39m,
      generated: [90mundefined[39m,
      generatedIdentity: [90mundefined[39m,
      config: [36m[Object][39m,
      table: [36m[Circular *1][39m
    },
    address: PgText {
      name: [32m'address'[39m,
      keyAsName: [33mfalse[39m,
      primary: [33mfalse[39m,
      notNull: [33mfalse[39m,
      default: [90mundefined[39m,
      defaultFn: [90mundefined[39m,
      onUpdateFn: [90mundefined[39m,
      hasDefault: [33mfalse[39m,
      isUnique: [33mfalse[39m,
      uniqueName: [32m'schools_address_unique'[39m,
      uniqueType: [90mundefined[39m,
      dataType: [32m'string'[39m,
      columnType: [32m'PgText'[39m,
      enumValues: [90mundefined[39m,
      generated: [90mundefined[39m,
      generatedIdentity: [90mundefined[39m,
      config: [36m[Object][39m,
      table: [36m[Circular *1][39m
    },
    phone: PgText {
      name: [32m'phone'[39m,
      keyAsName: [33mfalse[39m,
      primary: [33mfalse[39m,
      notNull: [33mfalse[39m,
      default: [90mundefined[39m,
      defaultFn: [90mundefined[39m,
      onUpdateFn: [90mundefined[39m,
      hasDefault: [33mfalse[39m,
      isUnique: [33mfalse[39m,
      uniqueName: [32m'schools_phone_unique'[39m,
      uniqueType: [90mundefined[39m,
      dataType: [32m'string'[39m,
      columnType: [32m'PgText'[39m,
      enumValues: [90mundefined[39m,
      generated: [90mundefined[39m,
      generatedIdentity: [90mundefined[39m,
      config: [36m[Object][39m,
      table: [36m[Circular *1][39m
    },
    email: PgText {
      name: [32m'email'[39m,
      keyAsName: [33mfalse[39m,
      primary: [33mfalse[39m,
      notNull: [33mfalse[39m,
      default: [90mundefined[39m,
      defaultFn: [90mundefined[39m,
      onUpdateFn: [90mundefined[39m,
      hasDefault: [33mfalse[39m,
      isUnique: [33mfalse[39m,
      uniqueName: [32m'schools_email_unique'[39m,
      uniqueType: [90mundefined[39m,
      dataType: [32m'string'[39m,
      columnType: [32m'PgText'[39m,
      enumValues: [90mundefined[39m,
      generated: [90mundefined[39m,
      generatedIdentity: [90mundefined[39m,
      config: [36m[Object][39m,
      table: [36m[Circular *1][39m
    },
    website: PgText {
      name: [32m'website'[39m,
      keyAsName: [33mfalse[39m,
      primary: [33mfalse[39m,
      notNull: [33mfalse[39m,
      default: [90mundefined[39m,
      defaultFn: [90mundefined[39m,
      onUpdateFn: [90mundefined[39m,
      hasDefault: [33mfalse[39m,
      isUnique: [33mfalse[39m,
      uniqueName: [32m'schools_website_unique'[39m,
      uniqueType: [90mundefined[39m,
      dataType: [32m'string'[39m,
      columnType: [32m'PgText'[39m,
      enumValues: [90mundefined[39m,
      generated: [90mundefined[39m,
      generatedIdentity: [90mundefined[39m,
      config: [36m[Object][39m,
      table: [36m[Circular *1][39m
    },
    accreditation: PgText {
      name: [32m'accreditation'[39m,
      keyAsName: [33mfalse[39m,
      primary: [33mfalse[39m,
      notNull: [33mfalse[39m,
      default: [90mundefined[39m,
      defaultFn: [90mundefined[39m,
      onUpdateFn: [90mundefined[39m,
      hasDefault: [33mfalse[39m,
      isUnique: [33mfalse[39m,
      uniqueName: [32m'schools_accreditation_unique'[39m,
      uniqueType: [90mundefined[39m,
      dataType: [32m'string'[39m,
      columnType: [32m'PgText'[39m,
      enumValues: [90mundefined[39m,
      generated: [90mundefined[39m,
      generatedIdentity: [90mundefined[39m,
      config: [36m[Object][39m,
      table: [36m[Circular *1][39m
    },
    isActive: PgBoolean {
      name: [32m'is_active'[39m,
      keyAsName: [33mfalse[39m,
      primary: [33mfalse[39m,
      notNull: [33mtrue[39m,
      default: [33mtrue[39m,
      defaultFn: [90mundefined[39m,
      onUpdateFn: [90mundefined[39m,
      hasDefault: [33mtrue[39m,
      isUnique: [33mfalse[39m,
      uniqueName: [32m'schools_is_active_unique'[39m,
      uniqueType: [90mundefined[39m,
      dataType: [32m'boolean'[39m,
      columnType: [32m'PgBoolean'[39m,
      enumValues: [90mundefined[39m,
      generated: [90mundefined[39m,
      generatedIdentity: [90mundefined[39m,
      config: [36m[Object][39m,
      table: [36m[Circular *1][39m
    },
    adminId: PgText {
      name: [32m'admin_id'[39m,
      keyAsName: [33mfalse[39m,
      primary: [33mfalse[39m,
      notNull: [33mfalse[39m,
      default: [90mundefined[39m,
      defaultFn: [90mundefined[39m,
      onUpdateFn: [90mundefined[39m,
      hasDefault: [33mfalse[39m,
      isUnique: [33mfalse[39m,
      uniqueName: [32m'schools_admin_id_unique'[39m,
      uniqueType: [90mundefined[39m,
      dataType: [32m'string'[39m,
      columnType: [32m'PgText'[39m,
      enumValues: [90mundefined[39m,
      generated: [90mundefined[39m,
      generatedIdentity: [90mundefined[39m,
      config: [36m[Object][39m,
      table: [36m[Circular *1][39m
    },
    createdAt: PgTimestamp {
      name: [32m'created_at'[39m,
      keyAsName: [33mfalse[39m,
      primary: [33mfalse[39m,
      notNull: [33mtrue[39m,
      default: [90mundefined[39m,
      defaultFn: [36m[Function (anonymous)][39m,
      onUpdateFn: [90mundefined[39m,
      hasDefault: [33mtrue[39m,
      isUnique: [33mfalse[39m,
      uniqueName: [32m'schools_created_at_unique'[39m,
      uniqueType: [90mundefined[39m,
      dataType: [32m'date'[39m,
      columnType: [32m'PgTimestamp'[39m,
      enumValues: [90mundefined[39m,
      generated: [90mundefined[39m,
      generatedIdentity: [90mundefined[39m,
      config: [36m[Object][39m,
      table: [36m[Circular *1][39m,
      withTimezone: [33mfalse[39m,
      precision: [90mundefined[39m,
      mapFromDriverValue: [36m[Function: mapFromDriverValue][39m,
      mapToDriverValue: [36m[Function: mapToDriverValue][39m
    },
    updatedAt: PgTimestamp {
      name: [32m'updated_at'[39m,
      keyAsName: [33mfalse[39m,
      primary: [33mfalse[39m,
      notNull: [33mtrue[39m,
      default: [90mundefined[39m,
      defaultFn: [36m[Function (anonymous)][39m,
      onUpdateFn: [90mundefined[39m,
      hasDefault: [33mtrue[39m,
      isUnique: [33mfalse[39m,
      uniqueName: [32m'schools_updated_at_unique'[39m,
      uniqueType: [90mundefined[39m,
      dataType: [32m'date'[39m,
      columnType: [32m'PgTimestamp'[39m,
      enumValues: [90mundefined[39m,
      generated: [90mundefined[39m,
      generatedIdentity: [90mundefined[39m,
      config: [36m[Object][39m,
      table: [36m[Circular *1][39m,
      withTimezone: [33mfalse[39m,
      precision: [90mundefined[39m,
      mapFromDriverValue: [36m[Function: mapFromDriverValue][39m,
      mapToDriverValue: [36m[Function: mapToDriverValue][39m
    }
  },
  [32mSymbol(drizzle:ExtraConfigColumns)[39m: {
    id: ExtraConfigColumn {
      name: [32m'id'[39m,
      keyAsName: [33mfalse[39m,
      primary: [33mtrue[39m,
      notNull: [33mtrue[39m,
      default: [90mundefined[39m,
      defaultFn: [90mundefined[39m,
      onUpdateFn: [90mundefined[39m,
      hasDefault: [33mfalse[39m,
      isUnique: [33mfalse[39m,
      uniqueName: [32m'schools_id_unique'[39m,
      uniqueType: [90mundefined[39m,
      dataType: [32m'string'[39m,
      columnType: [32m'PgText'[39m,
      enumValues: [90mundefined[39m,
      generated: [90mundefined[39m,
      generatedIdentity: [90mundefined[39m,
      config: [36m[Object][39m,
      table: [36m[Circular *1][39m,
      indexConfig: [36m[Object][39m,
      defaultConfig: [36m[Object][39m
    },
    name: ExtraConfigColumn {
      name: [32m'name'[39m,
      keyAsName: [33mfalse[39m,
      primary: [33mfalse[39m,
      notNull: [33mtrue[39m,
      default: [90mundefined[39m,
      defaultFn: [90mundefined[39m,
      onUpdateFn: [90mundefined[39m,
      hasDefault: [33mfalse[39m,
      isUnique: [33mfalse[39m,
      uniqueName: [32m'schools_name_unique'[39m,
      uniqueType: [90mundefined[39m,
      dataType: [32m'string'[39m,
      columnType: [32m'PgText'[39m,
      enumValues: [90mundefined[39m,
      generated: [90mundefined[39m,
      generatedIdentity: [90mundefined[39m,
      config: [36m[Object][39m,
      table: [36m[Circular *1][39m,
      indexConfig: [36m[Object][39m,
      defaultConfig: [36m[Object][39m
    },
    address: ExtraConfigColumn {
      name: [32m'address'[39m,
      keyAsName: [33mfalse[39m,
      primary: [33mfalse[39m,
      notNull: [33mfalse[39m,
      default: [90mundefined[39m,
      defaultFn: [90mundefined[39m,
      onUpdateFn: [90mundefined[39m,
      hasDefault: [33mfalse[39m,
      isUnique: [33mfalse[39m,
      uniqueName: [32m'schools_address_unique'[39m,
      uniqueType: [90mundefined[39m,
      dataType: [32m'string'[39m,
      columnType: [32m'PgText'[39m,
      enumValues: [90mundefined[39m,
      generated: [90mundefined[39m,
      generatedIdentity: [90mundefined[39m,
      config: [36m[Object][39m,
      table: [36m[Circular *1][39m,
      indexConfig: [36m[Object][39m,
      defaultConfig: [36m[Object][39m
    },
    phone: ExtraConfigColumn {
      name: [32m'phone'[39m,
      keyAsName: [33mfalse[39m,
      primary: [33mfalse[39m,
      notNull: [33mfalse[39m,
      default: [90mundefined[39m,
      defaultFn: [90mundefined[39m,
      onUpdateFn: [90mundefined[39m,
      hasDefault: [33mfalse[39m,
      isUnique: [33mfalse[39m,
      uniqueName: [32m'schools_phone_unique'[39m,
      uniqueType: [90mundefined[39m,
      dataType: [32m'string'[39m,
      columnType: [32m'PgText'[39m,
      enumValues: [90mundefined[39m,
      generated: [90mundefined[39m,
      generatedIdentity: [90mundefined[39m,
      config: [36m[Object][39m,
      table: [36m[Circular *1][39m,
      indexConfig: [36m[Object][39m,
      defaultConfig: [36m[Object][39m
    },
    email: ExtraConfigColumn {
      name: [32m'email'[39m,
      keyAsName: [33mfalse[39m,
      primary: [33mfalse[39m,
      notNull: [33mfalse[39m,
      default: [90mundefined[39m,
      defaultFn: [90mundefined[39m,
      onUpdateFn: [90mundefined[39m,
      hasDefault: [33mfalse[39m,
      isUnique: [33mfalse[39m,
      uniqueName: [32m'schools_email_unique'[39m,
      uniqueType: [90mundefined[39m,
      dataType: [32m'string'[39m,
      columnType: [32m'PgText'[39m,
      enumValues: [90mundefined[39m,
      generated: [90mundefined[39m,
      generatedIdentity: [90mundefined[39m,
      config: [36m[Object][39m,
      table: [36m[Circular *1][39m,
      indexConfig: [36m[Object][39m,
      defaultConfig: [36m[Object][39m
    },
    website: ExtraConfigColumn {
      name: [32m'website'[39m,
      keyAsName: [33mfalse[39m,
      primary: [33mfalse[39m,
      notNull: [33mfalse[39m,
      default: [90mundefined[39m,
      defaultFn: [90mundefined[39m,
      onUpdateFn: [90mundefined[39m,
      hasDefault: [33mfalse[39m,
      isUnique: [33mfalse[39m,
      uniqueName: [32m'schools_website_unique'[39m,
      uniqueType: [90mundefined[39m,
      dataType: [32m'string'[39m,
      columnType: [32m'PgText'[39m,
      enumValues: [90mundefined[39m,
      generated: [90mundefined[39m,
      generatedIdentity: [90mundefined[39m,
      config: [36m[Object][39m,
      table: [36m[Circular *1][39m,
      indexConfig: [36m[Object][39m,
      defaultConfig: [36m[Object][39m
    },
    accreditation: ExtraConfigColumn {
      name: [32m'accreditation'[39m,
      keyAsName: [33mfalse[39m,
      primary: [33mfalse[39m,
      notNull: [33mfalse[39m,
      default: [90mundefined[39m,
      defaultFn: [90mundefined[39m,
      onUpdateFn: [90mundefined[39m,
      hasDefault: [33mfalse[39m,
      isUnique: [33mfalse[39m,
      uniqueName: [32m'schools_accreditation_unique'[39m,
      uniqueType: [90mundefined[39m,
      dataType: [32m'string'[39m,
      columnType: [32m'PgText'[39m,
      enumValues: [90mundefined[39m,
      generated: [90mundefined[39m,
      generatedIdentity: [90mundefined[39m,
      config: [36m[Object][39m,
      table: [36m[Circular *1][39m,
      indexConfig: [36m[Object][39m,
      defaultConfig: [36m[Object][39m
    },
    isActive: ExtraConfigColumn {
      name: [32m'is_active'[39m,
      keyAsName: [33mfalse[39m,
      primary: [33mfalse[39m,
      notNull: [33mtrue[39m,
      default: [33mtrue[39m,
      defaultFn: [90mundefined[39m,
      onUpdateFn: [90mundefined[39m,
      hasDefault: [33mtrue[39m,
      isUnique: [33mfalse[39m,
      uniqueName: [32m'schools_is_active_unique'[39m,
      uniqueType: [90mundefined[39m,
      dataType: [32m'boolean'[39m,
      columnType: [32m'PgBoolean'[39m,
      enumValues: [90mundefined[39m,
      generated: [90mundefined[39m,
      generatedIdentity: [90mundefined[39m,
      config: [36m[Object][39m,
      table: [36m[Circular *1][39m,
      indexConfig: [36m[Object][39m,
      defaultConfig: [36m[Object][39m
    },
    adminId: ExtraConfigColumn {
      name: [32m'admin_id'[39m,
      keyAsName: [33mfalse[39m,
      primary: [33mfalse[39m,
      notNull: [33mfalse[39m,
      default: [90mundefined[39m,
      defaultFn: [90mundefined[39m,
      onUpdateFn: [90mundefined[39m,
      hasDefault: [33mfalse[39m,
      isUnique: [33mfalse[39m,
      uniqueName: [32m'schools_admin_id_unique'[39m,
      uniqueType: [90mundefined[39m,
      dataType: [32m'string'[39m,
      columnType: [32m'PgText'[39m,
      enumValues: [90mundefined[39m,
      generated: [90mundefined[39m,
      generatedIdentity: [90mundefined[39m,
      config: [36m[Object][39m,
      table: [36m[Circular *1][39m,
      indexConfig: [36m[Object][39m,
      defaultConfig: [36m[Object][39m
    },
    createdAt: ExtraConfigColumn {
      name: [32m'created_at'[39m,
      keyAsName: [33mfalse[39m,
      primary: [33mfalse[39m,
      notNull: [33mtrue[39m,
      default: [90mundefined[39m,
      defaultFn: [36m[Function (anonymous)][39m,
      onUpdateFn: [90mundefined[39m,
      hasDefault: [33mtrue[39m,
      isUnique: [33mfalse[39m,
      uniqueName: [32m'schools_created_at_unique'[39m,
      uniqueType: [90mundefined[39m,
      dataType: [32m'date'[39m,
      columnType: [32m'PgTimestamp'[39m,
      enumValues: [90mundefined[39m,
      generated: [90mundefined[39m,
      generatedIdentity: [90mundefined[39m,
      config: [36m[Object][39m,
      table: [36m[Circular *1][39m,
      indexConfig: [36m[Object][39m,
      defaultConfig: [36m[Object][39m
    },
    updatedAt: ExtraConfigColumn {
      name: [32m'updated_at'[39m,
      keyAsName: [33mfalse[39m,
      primary: [33mfalse[39m,
      notNull: [33mtrue[39m,
      default: [90mundefined[39m,
      defaultFn: [36m[Function (anonymous)][39m,
      onUpdateFn: [90mundefined[39m,
      hasDefault: [33mtrue[39m,
      isUnique: [33mfalse[39m,
      uniqueName: [32m'schools_updated_at_unique'[39m,
      uniqueType: [90mundefined[39m,
      dataType: [32m'date'[39m,
      columnType: [32m'PgTimestamp'[39m,
      enumValues: [90mundefined[39m,
      generated: [90mundefined[39m,
      generatedIdentity: [90mundefined[39m,
      config: [36m[Object][39m,
      table: [36m[Circular *1][39m,
      indexConfig: [36m[Object][39m,
      defaultConfig: [36m[Object][39m
    }
  },
  [32mSymbol(drizzle:BaseName)[39m: [32m'schools'[39m,
  [32mSymbol(drizzle:IsAlias)[39m: [33mfalse[39m,
  [32mSymbol(drizzle:IsDrizzleTable)[39m: [33mtrue[39m,
  [32mSymbol(drizzle:ExtraConfigBuilder)[39m: [90mundefined[39m,
  [32mSymbol(drizzle:PgInlineForeignKeys)[39m: [
    ForeignKey {
      reference: [36m[Function (anonymous)][39m,
      onUpdate: [32m'no action'[39m,
      onDelete: [32m'no action'[39m,
      table: [36m[Circular *1][39m
    }
  ],
  [32mSymbol(drizzle:EnableRLS)[39m: [33mfalse[39m
}
[MockDB k5sbt9] Inserting into table: [object Object]

[90mstdout[2m | src/test/workflows/facility-management.test.ts[2m > [22m[2mFacility Management Workflow[2m > [22m[2mshould update an existing facility
[22m[39m[MockDB] getTableName called for: [36m<ref *1>[39m PgTable {
  id: PgText {
    name: [32m'id'[39m,
    keyAsName: [33mfalse[39m,
    primary: [33mtrue[39m,
    notNull: [33mtrue[39m,
    default: [90mundefined[39m,
    defaultFn: [36m[Function (anonymous)][39m,
    onUpdateFn: [90mundefined[39m,
    hasDefault: [33mtrue[39m,
    isUnique: [33mfalse[39m,
    uniqueName: [32m'facility_management_id_unique'[39m,
    uniqueType: [90mundefined[39m,
    dataType: [32m'string'[39m,
    columnType: [32m'PgText'[39m,
    enumValues: [90mundefined[39m,
    generated: [90mundefined[39m,
    generatedIdentity: [90mundefined[39m,
    config: {
      name: [32m'id'[39m,
      keyAsName: [33mfalse[39m,
      notNull: [33mtrue[39m,
      default: [90mundefined[39m,
      hasDefault: [33mtrue[39m,
      primaryKey: [33mtrue[39m,
      isUnique: [33mfalse[39m,
      uniqueName: [32m'facility_management_id_unique'[39m,
      uniqueType: [90mundefined[39m,
      dataType: [32m'string'[39m,
      columnType: [32m'PgText'[39m,
      generated: [90mundefined[39m,
      enumValues: [90mundefined[39m,
      defaultFn: [36m[Function (anonymous)][39m
    },
    table: [36m[Circular *1][39m
  },
  facilityName: PgText {
    name: [32m'facility_name'[39m,
    keyAsName: [33mfalse[39m,
    primary: [33mfalse[39m,
    notNull: [33mtrue[39m,
    default: [90mundefined[39m,
    defaultFn: [90mundefined[39m,
    onUpdateFn: [90mundefined[39m,
    hasDefault: [33mfalse[39m,
    isUnique: [33mfalse[39m,
    uniqueName: [32m'facility_management_facility_name_unique'[39m,
    uniqueType: [90mundefined[39m,
    dataType: [32m'string'[39m,
    columnType: [32m'PgText'[39m,
    enumValues: [90mundefined[39m,
    generated: [90mundefined[39m,
    generatedIdentity: [90mundefined[39m,
    config: {
      name: [32m'facility_name'[39m,
      keyAsName: [33mfalse[39m,
      notNull: [33mtrue[39m,
      default: [90mundefined[39m,
      hasDefault: [33mfalse[39m,
      primaryKey: [33mfalse[39m,
      isUnique: [33mfalse[39m,
      uniqueName: [32m'facility_management_facility_name_unique'[39m,
      uniqueType: [90mundefined[39m,
      dataType: [32m'string'[39m,
      columnType: [32m'PgText'[39m,
      generated: [90mundefined[39m,
      enumValues: [90mundefined[39m
    },
    table: [36m[Circular *1][39m
  },
  facilityType: PgText {
    name: [32m'facility_type'[39m,
    keyAsName: [33mfalse[39m,
    primary: [33mfalse[39m,
    notNull: [33mtrue[39m,
    default: [90mundefined[39m,
    defaultFn: [90mundefined[39m,
    onUpdateFn: [90mundefined[39m,
    hasDefault: [33mfalse[39m,
    isUnique: [33mfalse[39m,
    uniqueName: [32m'facility_management_facility_type_unique'[39m,
    uniqueType: [90mundefined[39m,
    dataType: [32m'string'[39m,
    columnType: [32m'PgText'[39m,
    enumValues: [
      [32m'hospital'[39m,
      [32m'clinic'[39m,
      [32m'nursing_home'[39m,
      [32m'outpatient'[39m,
      [32m'emergency'[39m,
      [32m'pharmacy'[39m,
      [32m'laboratory'[39m,
      [32m'other'[39m
    ],
    generated: [90mundefined[39m,
    generatedIdentity: [90mundefined[39m,
    config: {
      name: [32m'facility_type'[39m,
      keyAsName: [33mfalse[39m,
      notNull: [33mtrue[39m,
      default: [90mundefined[39m,
      hasDefault: [33mfalse[39m,
      primaryKey: [33mfalse[39m,
      isUnique: [33mfalse[39m,
      uniqueName: [32m'facility_management_facility_type_unique'[39m,
      uniqueType: [90mundefined[39m,
      dataType: [32m'string'[39m,
      columnType: [32m'PgText'[39m,
      generated: [90mundefined[39m,
      enumValues: [36m[Array][39m
    },
    table: [36m[Circular *1][39m
  },
  address: PgText {
    name: [32m'address'[39m,
    keyAsName: [33mfalse[39m,
    primary: [33mfalse[39m,
    notNull: [33mtrue[39m,
    default: [90mundefined[39m,
    defaultFn: [90mundefined[39m,
    onUpdateFn: [90mundefined[39m,
    hasDefault: [33mfalse[39m,
    isUnique: [33mfalse[39m,
    uniqueName: [32m'facility_management_address_unique'[39m,
    uniqueType: [90mundefined[39m,
    dataType: [32m'string'[39m,
    columnType: [32m'PgText'[39m,
    enumValues: [90mundefined[39m,
    generated: [90mundefined[39m,
    generatedIdentity: [90mundefined[39m,
    config: {
      name: [32m'address'[39m,
      keyAsName: [33mfalse[39m,
      notNull: [33mtrue[39m,
      default: [90mundefined[39m,
      hasDefault: [33mfalse[39m,
      primaryKey: [33mfalse[39m,
      isUnique: [33mfalse[39m,
      uniqueName: [32m'facility_management_address_unique'[39m,
      uniqueType: [90mundefined[39m,
      dataType: [32m'string'[39m,
      columnType: [32m'PgText'[39m,
      generated: [90mundefined[39m,
      enumValues: [90mundefined[39m
    },
    table: [36m[Circular *1][39m
  },
  latitude: PgNumeric {
    name: [32m'latitude'[39m,
    keyAsName: [33mfalse[39m,
    primary: [33mfalse[39m,
    notNull: [33mtrue[39m,
    default: [90mundefined[39m,
    defaultFn: [90mundefined[39m,
    onUpdateFn: [90mundefined[39m,
    hasDefault: [33mfalse[39m,
    isUnique: [33mfalse[39m,
    uniqueName: [32m'facility_management_latitude_unique'[39m,
    uniqueType: [90mundefined[39m,
    dataType: [32m'string'[39m,
    columnType: [32m'PgNumeric'[39m,
    enumValues: [90mundefined[39m,
    generated: [90mundefined[39m,
    generatedIdentity: [90mundefined[39m,
    config: {
      name: [32m'latitude'[39m,
      keyAsName: [33mfalse[39m,
      notNull: [33mtrue[39m,
      default: [90mundefined[39m,
      hasDefault: [33mfalse[39m,
      primaryKey: [33mfalse[39m,
      isUnique: [33mfalse[39m,
      uniqueName: [32m'facility_management_latitude_unique'[39m,
      uniqueType: [90mundefined[39m,
      dataType: [32m'string'[39m,
      columnType: [32m'PgNumeric'[39m,
      generated: [90mundefined[39m,
      precision: [33m10[39m,
      scale: [33m8[39m
    },
    table: [36m[Circular *1][39m,
    precision: [33m10[39m,
    scale: [33m8[39m
  },
  longitude: PgNumeric {
    name: [32m'longitude'[39m,
    keyAsName: [33mfalse[39m,
    primary: [33mfalse[39m,
    notNull: [33mtrue[39m,
    default: [90mundefined[39m,
    defaultFn: [90mundefined[39m,
    onUpdateFn: [90mundefined[39m,
    hasDefault: [33mfalse[39m,
    isUnique: [33mfalse[39m,
    uniqueName: [32m'facility_management_longitude_unique'[39m,
    uniqueType: [90mundefined[39m,
    dataType: [32m'string'[39m,
    columnType: [32m'PgNumeric'[39m,
    enumValues: [90mundefined[39m,
    generated: [90mundefined[39m,
    generatedIdentity: [90mundefined[39m,
    config: {
      name: [32m'longitude'[39m,
      keyAsName: [33mfalse[39m,
      notNull: [33mtrue[39m,
      default: [90mundefined[39m,
      hasDefault: [33mfalse[39m,
      primaryKey: [33mfalse[39m,
      isUnique: [33mfalse[39m,
      uniqueName: [32m'facility_management_longitude_unique'[39m,
      uniqueType: [90mundefined[39m,
      dataType: [32m'string'[39m,
      columnType: [32m'PgNumeric'[39m,
      generated: [90mundefined[39m,
      precision: [33m11[39m,
      scale: [33m8[39m
    },
    table: [36m[Circular *1][39m,
    precision: [33m11[39m,
    scale: [33m8[39m
  },
  geofenceRadius: PgInteger {
    name: [32m'geofence_radius'[39m,
    keyAsName: [33mfalse[39m,
    primary: [33mfalse[39m,
    notNull: [33mtrue[39m,
    default: [33m100[39m,
    defaultFn: [90mundefined[39m,
    onUpdateFn: [90mundefined[39m,
    hasDefault: [33mtrue[39m,
    isUnique: [33mfalse[39m,
    uniqueName: [32m'facility_management_geofence_radius_unique'[39m,
    uniqueType: [90mundefined[39m,
    dataType: [32m'number'[39m,
    columnType: [32m'PgInteger'[39m,
    enumValues: [90mundefined[39m,
    generated: [90mundefined[39m,
    generatedIdentity: [90mundefined[39m,
    config: {
      name: [32m'geofence_radius'[39m,
      keyAsName: [33mfalse[39m,
      notNull: [33mtrue[39m,
      default: [33m100[39m,
      hasDefault: [33mtrue[39m,
      primaryKey: [33mfalse[39m,
      isUnique: [33mfalse[39m,
      uniqueName: [32m'facility_management_geofence_radius_unique'[39m,
      uniqueType: [90mundefined[39m,
      dataType: [32m'number'[39m,
      columnType: [32m'PgInteger'[39m,
      generated: [90mundefined[39m
    },
    table: [36m[Circular *1][39m
  },
  strictGeofence: PgBoolean {
    name: [32m'strict_geofence'[39m,
    keyAsName: [33mfalse[39m,
    primary: [33mfalse[39m,
    notNull: [33mtrue[39m,
    default: [33mfalse[39m,
    defaultFn: [90mundefined[39m,
    onUpdateFn: [90mundefined[39m,
    hasDefault: [33mtrue[39m,
    isUnique: [33mfalse[39m,
    uniqueName: [32m'facility_management_strict_geofence_unique'[39m,
    uniqueType: [90mundefined[39m,
    dataType: [32m'boolean'[39m,
    columnType: [32m'PgBoolean'[39m,
    enumValues: [90mundefined[39m,
    generated: [90mundefined[39m,
    generatedIdentity: [90mundefined[39m,
    config: {
      name: [32m'strict_geofence'[39m,
      keyAsName: [33mfalse[39m,
      notNull: [33mtrue[39m,
      default: [33mfalse[39m,
      hasDefault: [33mtrue[39m,
      primaryKey: [33mfalse[39m,
      isUnique: [33mfalse[39m,
      uniqueName: [32m'facility_management_strict_geofence_unique'[39m,
      uniqueType: [90mundefined[39m,
      dataType: [32m'boolean'[39m,
      columnType: [32m'PgBoolean'[39m,
      generated: [90mundefined[39m
    },
    table: [36m[Circular *1][39m
  },
  isActive: PgBoolean {
    name: [32m'is_active'[39m,
    keyAsName: [33mfalse[39m,
    primary: [33mfalse[39m,
    notNull: [33mtrue[39m,
    default: [33mtrue[39m,
    defaultFn: [90mundefined[39m,
    onUpdateFn: [90mundefined[39m,
    hasDefault: [33mtrue[39m,
    isUnique: [33mfalse[39m,
    uniqueName: [32m'facility_management_is_active_unique'[39m,
    uniqueType: [90mundefined[39m,
    dataType: [32m'boolean'[39m,
    columnType: [32m'PgBoolean'[39m,
    enumValues: [90mundefined[39m,
    generated: [90mundefined[39m,
    generatedIdentity: [90mundefined[39m,
    config: {
      name: [32m'is_active'[39m,
      keyAsName: [33mfalse[39m,
      notNull: [33mtrue[39m,
      default: [33mtrue[39m,
      hasDefault: [33mtrue[39m,
      primaryKey: [33mfalse[39m,
      isUnique: [33mfalse[39m,
      uniqueName: [32m'facility_management_is_active_unique'[39m,
      uniqueType: [90mundefined[39m,
      dataType: [32m'boolean'[39m,
      columnType: [32m'PgBoolean'[39m,
      generated: [90mundefined[39m
    },
    table: [36m[Circular *1][39m
  },
  isCustom: PgBoolean {
    name: [32m'is_custom'[39m,
    keyAsName: [33mfalse[39m,
    primary: [33mfalse[39m,
    notNull: [33mtrue[39m,
    default: [33mfalse[39m,
    defaultFn: [90mundefined[39m,
    onUpdateFn: [90mundefined[39m,
    hasDefault: [33mtrue[39m,
    isUnique: [33mfalse[39m,
    uniqueName: [32m'facility_management_is_custom_unique'[39m,
    uniqueType: [90mundefined[39m,
    dataType: [32m'boolean'[39m,
    columnType: [32m'PgBoolean'[39m,
    enumValues: [90mundefined[39m,
    generated: [90mundefined[39m,
    generatedIdentity: [90mundefined[39m,
    config: {
      name: [32m'is_custom'[39m,
      keyAsName: [33mfalse[39m,
      notNull: [33mtrue[39m,
      default: [33mfalse[39m,
      hasDefault: [33mtrue[39m,
      primaryKey: [33mfalse[39m,
      isUnique: [33mfalse[39m,
      uniqueName: [32m'facility_management_is_custom_unique'[39m,
      uniqueType: [90mundefined[39m,
      dataType: [32m'boolean'[39m,
      columnType: [32m'PgBoolean'[39m,
      generated: [90mundefined[39m
    },
    table: [36m[Circular *1][39m
  },
  osmId: PgText {
    name: [32m'osm_id'[39m,
    keyAsName: [33mfalse[39m,
    primary: [33mfalse[39m,
    notNull: [33mfalse[39m,
    default: [90mundefined[39m,
    defaultFn: [90mundefined[39m,
    onUpdateFn: [90mundefined[39m,
    hasDefault: [33mfalse[39m,
    isUnique: [33mfalse[39m,
    uniqueName: [32m'facility_management_osm_id_unique'[39m,
    uniqueType: [90mundefined[39m,
    dataType: [32m'string'[39m,
    columnType: [32m'PgText'[39m,
    enumValues: [90mundefined[39m,
    generated: [90mundefined[39m,
    generatedIdentity: [90mundefined[39m,
    config: {
      name: [32m'osm_id'[39m,
      keyAsName: [33mfalse[39m,
      notNull: [33mfalse[39m,
      default: [90mundefined[39m,
      hasDefault: [33mfalse[39m,
      primaryKey: [33mfalse[39m,
      isUnique: [33mfalse[39m,
      uniqueName: [32m'facility_management_osm_id_unique'[39m,
      uniqueType: [90mundefined[39m,
      dataType: [32m'string'[39m,
      columnType: [32m'PgText'[39m,
      generated: [90mundefined[39m,
      enumValues: [90mundefined[39m
    },
    table: [36m[Circular *1][39m
  },
  priority: PgInteger {
    name: [32m'priority'[39m,
    keyAsName: [33mfalse[39m,
    primary: [33mfalse[39m,
    notNull: [33mtrue[39m,
    default: [33m0[39m,
    defaultFn: [90mundefined[39m,
    onUpdateFn: [90mundefined[39m,
    hasDefault: [33mtrue[39m,
    isUnique: [33mfalse[39m,
    uniqueName: [32m'facility_management_priority_unique'[39m,
    uniqueType: [90mundefined[39m,
    dataType: [32m'number'[39m,
    columnType: [32m'PgInteger'[39m,
    enumValues: [90mundefined[39m,
    generated: [90mundefined[39m,
    generatedIdentity: [90mundefined[39m,
    config: {
      name: [32m'priority'[39m,
      keyAsName: [33mfalse[39m,
      notNull: [33mtrue[39m,
      default: [33m0[39m,
      hasDefault: [33mtrue[39m,
      primaryKey: [33mfalse[39m,
      isUnique: [33mfalse[39m,
      uniqueName: [32m'facility_management_priority_unique'[39m,
      uniqueType: [90mundefined[39m,
      dataType: [32m'number'[39m,
      columnType: [32m'PgInteger'[39m,
      generated: [90mundefined[39m
    },
    table: [36m[Circular *1][39m
  },
  contactInfo: PgJsonb {
    name: [32m'contact_info'[39m,
    keyAsName: [33mfalse[39m,
    primary: [33mfalse[39m,
    notNull: [33mtrue[39m,
    default: {},
    defaultFn: [90mundefined[39m,
    onUpdateFn: [90mundefined[39m,
    hasDefault: [33mtrue[39m,
    isUnique: [33mfalse[39m,
    uniqueName: [32m'facility_management_contact_info_unique'[39m,
    uniqueType: [90mundefined[39m,
    dataType: [32m'json'[39m,
    columnType: [32m'PgJsonb'[39m,
    enumValues: [90mundefined[39m,
    generated: [90mundefined[39m,
    generatedIdentity: [90mundefined[39m,
    config: {
      name: [32m'contact_info'[39m,
      keyAsName: [33mfalse[39m,
      notNull: [33mtrue[39m,
      default: {},
      hasDefault: [33mtrue[39m,
      primaryKey: [33mfalse[39m,
      isUnique: [33mfalse[39m,
      uniqueName: [32m'facility_management_contact_info_unique'[39m,
      uniqueType: [90mundefined[39m,
      dataType: [32m'json'[39m,
      columnType: [32m'PgJsonb'[39m,
      generated: [90mundefined[39m
    },
    table: [36m[Circular *1][39m
  },
  operatingHours: PgJsonb {
    name: [32m'operating_hours'[39m,
    keyAsName: [33mfalse[39m,
    primary: [33mfalse[39m,
    notNull: [33mtrue[39m,
    default: {},
    defaultFn: [90mundefined[39m,
    onUpdateFn: [90mundefined[39m,
    hasDefault: [33mtrue[39m,
    isUnique: [33mfalse[39m,
    uniqueName: [32m'facility_management_operating_hours_unique'[39m,
    uniqueType: [90mundefined[39m,
    dataType: [32m'json'[39m,
    columnType: [32m'PgJsonb'[39m,
    enumValues: [90mundefined[39m,
    generated: [90mundefined[39m,
    generatedIdentity: [90mundefined[39m,
    config: {
      name: [32m'operating_hours'[39m,
      keyAsName: [33mfalse[39m,
      notNull: [33mtrue[39m,
      default: {},
      hasDefault: [33mtrue[39m,
      primaryKey: [33mfalse[39m,
      isUnique: [33mfalse[39m,
      uniqueName: [32m'facility_management_operating_hours_unique'[39m,
      uniqueType: [90mundefined[39m,
      dataType: [32m'json'[39m,
      columnType: [32m'PgJsonb'[39m,
      generated: [90mundefined[39m
    },
    table: [36m[Circular *1][39m
  },
  specialties: PgArray {
    name: [32m'specialties'[39m,
    keyAsName: [33mfalse[39m,
    primary: [33mfalse[39m,
    notNull: [33mtrue[39m,
    default: [],
    defaultFn: [90mundefined[39m,
    onUpdateFn: [90mundefined[39m,
    hasDefault: [33mtrue[39m,
    isUnique: [33mfalse[39m,
    uniqueName: [32m'facility_management_specialties_unique'[39m,
    uniqueType: [90mundefined[39m,
    dataType: [32m'array'[39m,
    columnType: [32m'PgArray'[39m,
    enumValues: [90mundefined[39m,
    generated: [90mundefined[39m,
    generatedIdentity: [90mundefined[39m,
    config: {
      name: [32m'specialties'[39m,
      keyAsName: [33mfalse[39m,
      notNull: [33mtrue[39m,
      default: [],
      hasDefault: [33mtrue[39m,
      primaryKey: [33mfalse[39m,
      isUnique: [33mfalse[39m,
      uniqueName: [32m'facility_management_specialties_unique'[39m,
      uniqueType: [90mundefined[39m,
      dataType: [32m'array'[39m,
      columnType: [32m'PgArray'[39m,
      generated: [90mundefined[39m,
      baseBuilder: [36m[PgTextBuilder][39m,
      size: [90mundefined[39m
    },
    table: [36m[Circular *1][39m,
    size: [90mundefined[39m,
    baseColumn: PgText {
      name: [32m'specialties'[39m,
      keyAsName: [33mfalse[39m,
      primary: [33mfalse[39m,
      notNull: [33mfalse[39m,
      default: [90mundefined[39m,
      defaultFn: [90mundefined[39m,
      onUpdateFn: [90mundefined[39m,
      hasDefault: [33mfalse[39m,
      isUnique: [33mfalse[39m,
      uniqueName: [32m'facility_management_specialties_unique'[39m,
      uniqueType: [90mundefined[39m,
      dataType: [32m'string'[39m,
      columnType: [32m'PgText'[39m,
      enumValues: [90mundefined[39m,
      generated: [90mundefined[39m,
      generatedIdentity: [90mundefined[39m,
      config: [36m[Object][39m,
      table: [36m[Circular *1][39m
    },
    range: [90mundefined[39m
  },
  notes: PgText {
    name: [32m'notes'[39m,
    keyAsName: [33mfalse[39m,
    primary: [33mfalse[39m,
    notNull: [33mfalse[39m,
    default: [90mundefined[39m,
    defaultFn: [90mundefined[39m,
    onUpdateFn: [90mundefined[39m,
    hasDefault: [33mfalse[39m,
    isUnique: [33mfalse[39m,
    uniqueName: [32m'facility_management_notes_unique'[39m,
    uniqueType: [90mundefined[39m,
    dataType: [32m'string'[39m,
    columnType: [32m'PgText'[39m,
    enumValues: [90mundefined[39m,
    generated: [90mundefined[39m,
    generatedIdentity: [90mundefined[39m,
    config: {
      name: [32m'notes'[39m,
      keyAsName: [33mfalse[39m,
      notNull: [33mfalse[39m,
      default: [90mundefined[39m,
      hasDefault: [33mfalse[39m,
      primaryKey: [33mfalse[39m,
      isUnique: [33mfalse[39m,
      uniqueName: [32m'facility_management_notes_unique'[39m,
      uniqueType: [90mundefined[39m,
      dataType: [32m'string'[39m,
      columnType: [32m'PgText'[39m,
      generated: [90mundefined[39m,
      enumValues: [90mundefined[39m
    },
    table: [36m[Circular *1][39m
  },
  schoolId: PgText {
    name: [32m'school_id'[39m,
    keyAsName: [33mfalse[39m,
    primary: [33mfalse[39m,
    notNull: [33mtrue[39m,
    default: [90mundefined[39m,
    defaultFn: [90mundefined[39m,
    onUpdateFn: [90mundefined[39m,
    hasDefault: [33mfalse[39m,
    isUnique: [33mfalse[39m,
    uniqueName: [32m'facility_management_school_id_unique'[39m,
    uniqueType: [90mundefined[39m,
    dataType: [32m'string'[39m,
    columnType: [32m'PgText'[39m,
    enumValues: [90mundefined[39m,
    generated: [90mundefined[39m,
    generatedIdentity: [90mundefined[39m,
    config: {
      name: [32m'school_id'[39m,
      keyAsName: [33mfalse[39m,
      notNull: [33mtrue[39m,
      default: [90mundefined[39m,
      hasDefault: [33mfalse[39m,
      primaryKey: [33mfalse[39m,
      isUnique: [33mfalse[39m,
      uniqueName: [32m'facility_management_school_id_unique'[39m,
      uniqueType: [90mundefined[39m,
      dataType: [32m'string'[39m,
      columnType: [32m'PgText'[39m,
      generated: [90mundefined[39m,
      enumValues: [90mundefined[39m
    },
    table: [36m[Circular *1][39m
  },
  createdBy: PgText {
    name: [32m'created_by'[39m,
    keyAsName: [33mfalse[39m,
    primary: [33mfalse[39m,
    notNull: [33mfalse[39m,
    default: [90mundefined[39m,
    defaultFn: [90mundefined[39m,
    onUpdateFn: [90mundefined[39m,
    hasDefault: [33mfalse[39m,
    isUnique: [33mfalse[39m,
    uniqueName: [32m'facility_management_created_by_unique'[39m,
    uniqueType: [90mundefined[39m,
    dataType: [32m'string'[39m,
    columnType: [32m'PgText'[39m,
    enumValues: [90mundefined[39m,
    generated: [90mundefined[39m,
    generatedIdentity: [90mundefined[39m,
    config: {
      name: [32m'created_by'[39m,
      keyAsName: [33mfalse[39m,
      notNull: [33mfalse[39m,
      default: [90mundefined[39m,
      hasDefault: [33mfalse[39m,
      primaryKey: [33mfalse[39m,
      isUnique: [33mfalse[39m,
      uniqueName: [32m'facility_management_created_by_unique'[39m,
      uniqueType: [90mundefined[39m,
      dataType: [32m'string'[39m,
      columnType: [32m'PgText'[39m,
      generated: [90mundefined[39m,
      enumValues: [90mundefined[39m
    },
    table: [36m[Circular *1][39m
  },
  clinicalSiteId: PgText {
    name: [32m'clinical_site_id'[39m,
    keyAsName: [33mfalse[39m,
    primary: [33mfalse[39m,
    notNull: [33mfalse[39m,
    default: [90mundefined[39m,
    defaultFn: [90mundefined[39m,
    onUpdateFn: [90mundefined[39m,
    hasDefault: [33mfalse[39m,
    isUnique: [33mfalse[39m,
    uniqueName: [32m'facility_management_clinical_site_id_unique'[39m,
    uniqueType: [90mundefined[39m,
    dataType: [32m'string'[39m,
    columnType: [32m'PgText'[39m,
    enumValues: [90mundefined[39m,
    generated: [90mundefined[39m,
    generatedIdentity: [90mundefined[39m,
    config: {
      name: [32m'clinical_site_id'[39m,
      keyAsName: [33mfalse[39m,
      notNull: [33mfalse[39m,
      default: [90mundefined[39m,
      hasDefault: [33mfalse[39m,
      primaryKey: [33mfalse[39m,
      isUnique: [33mfalse[39m,
      uniqueName: [32m'facility_management_clinical_site_id_unique'[39m,
      uniqueType: [90mundefined[39m,
      dataType: [32m'string'[39m,
      columnType: [32m'PgText'[39m,
      generated: [90mundefined[39m,
      enumValues: [90mundefined[39m
    },
    table: [36m[Circular *1][39m
  },
  createdAt: PgTimestamp {
    name: [32m'created_at'[39m,
    keyAsName: [33mfalse[39m,
    primary: [33mfalse[39m,
    notNull: [33mtrue[39m,
    default: SQL {
      decoder: [36m[Object][39m,
      shouldInlineParams: [33mfalse[39m,
      usedTables: [],
      queryChunks: [36m[Array][39m
    },
    defaultFn: [90mundefined[39m,
    onUpdateFn: [90mundefined[39m,
    hasDefault: [33mtrue[39m,
    isUnique: [33mfalse[39m,
    uniqueName: [32m'facility_management_created_at_unique'[39m,
    uniqueType: [90mundefined[39m,
    dataType: [32m'date'[39m,
    columnType: [32m'PgTimestamp'[39m,
    enumValues: [90mundefined[39m,
    generated: [90mundefined[39m,
    generatedIdentity: [90mundefined[39m,
    config: {
      name: [32m'created_at'[39m,
      keyAsName: [33mfalse[39m,
      notNull: [33mtrue[39m,
      default: [36m[SQL][39m,
      hasDefault: [33mtrue[39m,
      primaryKey: [33mfalse[39m,
      isUnique: [33mfalse[39m,
      uniqueName: [32m'facility_management_created_at_unique'[39m,
      uniqueType: [90mundefined[39m,
      dataType: [32m'date'[39m,
      columnType: [32m'PgTimestamp'[39m,
      generated: [90mundefined[39m,
      withTimezone: [33mtrue[39m,
      precision: [90mundefined[39m
    },
    table: [36m[Circular *1][39m,
    withTimezone: [33mtrue[39m,
    precision: [90mundefined[39m,
    mapFromDriverValue: [36m[Function: mapFromDriverValue][39m,
    mapToDriverValue: [36m[Function: mapToDriverValue][39m
  },
  updatedAt: PgTimestamp {
    name: [32m'updated_at'[39m,
    keyAsName: [33mfalse[39m,
    primary: [33mfalse[39m,
    notNull: [33mtrue[39m,
    default: SQL {
      decoder: [36m[Object][39m,
      shouldInlineParams: [33mfalse[39m,
      usedTables: [],
      queryChunks: [36m[Array][39m
    },
    defaultFn: [90mundefined[39m,
    onUpdateFn: [90mundefined[39m,
    hasDefault: [33mtrue[39m,
    isUnique: [33mfalse[39m,
    uniqueName: [32m'facility_management_updated_at_unique'[39m,
    uniqueType: [90mundefined[39m,
    dataType: [32m'date'[39m,
    columnType: [32m'PgTimestamp'[39m,
    enumValues: [90mundefined[39m,
    generated: [90mundefined[39m,
    generatedIdentity: [90mundefined[39m,
    config: {
      name: [32m'updated_at'[39m,
      keyAsName: [33mfalse[39m,
      notNull: [33mtrue[39m,
      default: [36m[SQL][39m,
      hasDefault: [33mtrue[39m,
      primaryKey: [33mfalse[39m,
      isUnique: [33mfalse[39m,
      uniqueName: [32m'facility_management_updated_at_unique'[39m,
      uniqueType: [90mundefined[39m,
      dataType: [32m'date'[39m,
      columnType: [32m'PgTimestamp'[39m,
      generated: [90mundefined[39m,
      withTimezone: [33mtrue[39m,
      precision: [90mundefined[39m
    },
    table: [36m[Circular *1][39m,
    withTimezone: [33mtrue[39m,
    precision: [90mundefined[39m,
    mapFromDriverValue: [36m[Function: mapFromDriverValue][39m,
    mapToDriverValue: [36m[Function: mapToDriverValue][39m
  },
  enableRLS: [36m[Function: enableRLS][39m,
  [32mSymbol(drizzle:Name)[39m: [32m'facility_management'[39m,
  [32mSymbol(drizzle:OriginalName)[39m: [32m'facility_management'[39m,
  [32mSymbol(drizzle:Schema)[39m: [90mundefined[39m,
  [32mSymbol(drizzle:Columns)[39m: {
    id: PgText {
      name: [32m'id'[39m,
      keyAsName: [33mfalse[39m,
      primary: [33mtrue[39m,
      notNull: [33mtrue[39m,
      default: [90mundefined[39m,
      defaultFn: [36m[Function (anonymous)][39m,
      onUpdateFn: [90mundefined[39m,
      hasDefault: [33mtrue[39m,
      isUnique: [33mfalse[39m,
      uniqueName: [32m'facility_management_id_unique'[39m,
      uniqueType: [90mundefined[39m,
      dataType: [32m'string'[39m,
      columnType: [32m'PgText'[39m,
      enumValues: [90mundefined[39m,
      generated: [90mundefined[39m,
      generatedIdentity: [90mundefined[39m,
      config: [36m[Object][39m,
      table: [36m[Circular *1][39m
    },
    facilityName: PgText {
      name: [32m'facility_name'[39m,
      keyAsName: [33mfalse[39m,
      primary: [33mfalse[39m,
      notNull: [33mtrue[39m,
      default: [90mundefined[39m,
      defaultFn: [90mundefined[39m,
      onUpdateFn: [90mundefined[39m,
      hasDefault: [33mfalse[39m,
      isUnique: [33mfalse[39m,
      uniqueName: [32m'facility_management_facility_name_unique'[39m,
      uniqueType: [90mundefined[39m,
      dataType: [32m'string'[39m,
      columnType: [32m'PgText'[39m,
      enumValues: [90mundefined[39m,
      generated: [90mundefined[39m,
      generatedIdentity: [90mundefined[39m,
      config: [36m[Object][39m,
      table: [36m[Circular *1][39m
    },
    facilityType: PgText {
      name: [32m'facility_type'[39m,
      keyAsName: [33mfalse[39m,
      primary: [33mfalse[39m,
      notNull: [33mtrue[39m,
      default: [90mundefined[39m,
      defaultFn: [90mundefined[39m,
      onUpdateFn: [90mundefined[39m,
      hasDefault: [33mfalse[39m,
      isUnique: [33mfalse[39m,
      uniqueName: [32m'facility_management_facility_type_unique'[39m,
      uniqueType: [90mundefined[39m,
      dataType: [32m'string'[39m,
      columnType: [32m'PgText'[39m,
      enumValues: [36m[Array][39m,
      generated: [90mundefined[39m,
      generatedIdentity: [90mundefined[39m,
      config: [36m[Object][39m,
      table: [36m[Circular *1][39m
    },
    address: PgText {
      name: [32m'address'[39m,
      keyAsName: [33mfalse[39m,
      primary: [33mfalse[39m,
      notNull: [33mtrue[39m,
      default: [90mundefined[39m,
      defaultFn: [90mundefined[39m,
      onUpdateFn: [90mundefined[39m,
      hasDefault: [33mfalse[39m,
      isUnique: [33mfalse[39m,
      uniqueName: [32m'facility_management_address_unique'[39m,
      uniqueType: [90mundefined[39m,
      dataType: [32m'string'[39m,
      columnType: [32m'PgText'[39m,
      enumValues: [90mundefined[39m,
      generated: [90mundefined[39m,
      generatedIdentity: [90mundefined[39m,
      config: [36m[Object][39m,
      table: [36m[Circular *1][39m
    },
    latitude: PgNumeric {
      name: [32m'latitude'[39m,
      keyAsName: [33mfalse[39m,
      primary: [33mfalse[39m,
      notNull: [33mtrue[39m,
      default: [90mundefined[39m,
      defaultFn: [90mundefined[39m,
      onUpdateFn: [90mundefined[39m,
      hasDefault: [33mfalse[39m,
      isUnique: [33mfalse[39m,
      uniqueName: [32m'facility_management_latitude_unique'[39m,
      uniqueType: [90mundefined[39m,
      dataType: [32m'string'[39m,
      columnType: [32m'PgNumeric'[39m,
      enumValues: [90mundefined[39m,
      generated: [90mundefined[39m,
      generatedIdentity: [90mundefined[39m,
      config: [36m[Object][39m,
      table: [36m[Circular *1][39m,
      precision: [33m10[39m,
      scale: [33m8[39m
    },
    longitude: PgNumeric {
      name: [32m'longitude'[39m,
      keyAsName: [33mfalse[39m,
      primary: [33mfalse[39m,
      notNull: [33mtrue[39m,
      default: [90mundefined[39m,
      defaultFn: [90mundefined[39m,
      onUpdateFn: [90mundefined[39m,
      hasDefault: [33mfalse[39m,
      isUnique: [33mfalse[39m,
      uniqueName: [32m'facility_management_longitude_unique'[39m,
      uniqueType: [90mundefined[39m,
      dataType: [32m'string'[39m,
      columnType: [32m'PgNumeric'[39m,
      enumValues: [90mundefined[39m,
      generated: [90mundefined[39m,
      generatedIdentity: [90mundefined[39m,
      config: [36m[Object][39m,
      table: [36m[Circular *1][39m,
      precision: [33m11[39m,
      scale: [33m8[39m
    },
    geofenceRadius: PgInteger {
      name: [32m'geofence_radius'[39m,
      keyAsName: [33mfalse[39m,
      primary: [33mfalse[39m,
      notNull: [33mtrue[39m,
      default: [33m100[39m,
      defaultFn: [90mundefined[39m,
      onUpdateFn: [90mundefined[39m,
      hasDefault: [33mtrue[39m,
      isUnique: [33mfalse[39m,
      uniqueName: [32m'facility_management_geofence_radius_unique'[39m,
      uniqueType: [90mundefined[39m,
      dataType: [32m'number'[39m,
      columnType: [32m'PgInteger'[39m,
      enumValues: [90mundefined[39m,
      generated: [90mundefined[39m,
      generatedIdentity: [90mundefined[39m,
      config: [36m[Object][39m,
      table: [36m[Circular *1][39m
    },
    strictGeofence: PgBoolean {
      name: [32m'strict_geofence'[39m,
      keyAsName: [33mfalse[39m,
      primary: [33mfalse[39m,
      notNull: [33mtrue[39m,
      default: [33mfalse[39m,
      defaultFn: [90mundefined[39m,
      onUpdateFn: [90mundefined[39m,
      hasDefault: [33mtrue[39m,
      isUnique: [33mfalse[39m,
      uniqueName: [32m'facility_management_strict_geofence_unique'[39m,
      uniqueType: [90mundefined[39m,
      dataType: [32m'boolean'[39m,
      columnType: [32m'PgBoolean'[39m,
      enumValues: [90mundefined[39m,
      generated: [90mundefined[39m,
      generatedIdentity: [90mundefined[39m,
      config: [36m[Object][39m,
      table: [36m[Circular *1][39m
    },
    isActive: PgBoolean {
      name: [32m'is_active'[39m,
      keyAsName: [33mfalse[39m,
      primary: [33mfalse[39m,
      notNull: [33mtrue[39m,
      default: [33mtrue[39m,
      defaultFn: [90mundefined[39m,
      onUpdateFn: [90mundefined[39m,
      hasDefault: [33mtrue[39m,
      isUnique: [33mfalse[39m,
      uniqueName: [32m'facility_management_is_active_unique'[39m,
      uniqueType: [90mundefined[39m,
      dataType: [32m'boolean'[39m,
      columnType: [32m'PgBoolean'[39m,
      enumValues: [90mundefined[39m,
      generated: [90mundefined[39m,
      generatedIdentity: [90mundefined[39m,
      config: [36m[Object][39m,
      table: [36m[Circular *1][39m
    },
    isCustom: PgBoolean {
      name: [32m'is_custom'[39m,
      keyAsName: [33mfalse[39m,
      primary: [33mfalse[39m,
      notNull: [33mtrue[39m,
      default: [33mfalse[39m,
      defaultFn: [90mundefined[39m,
      onUpdateFn: [90mundefined[39m,
      hasDefault: [33mtrue[39m,
      isUnique: [33mfalse[39m,
      uniqueName: [32m'facility_management_is_custom_unique'[39m,
      uniqueType: [90mundefined[39m,
      dataType: [32m'boolean'[39m,
      columnType: [32m'PgBoolean'[39m,
      enumValues: [90mundefined[39m,
      generated: [90mundefined[39m,
      generatedIdentity: [90mundefined[39m,
      config: [36m[Object][39m,
      table: [36m[Circular *1][39m
    },
    osmId: PgText {
      name: [32m'osm_id'[39m,
      keyAsName: [33mfalse[39m,
      primary: [33mfalse[39m,
      notNull: [33mfalse[39m,
      default: [90mundefined[39m,
      defaultFn: [90mundefined[39m,
      onUpdateFn: [90mundefined[39m,
      hasDefault: [33mfalse[39m,
      isUnique: [33mfalse[39m,
      uniqueName: [32m'facility_management_osm_id_unique'[39m,
      uniqueType: [90mundefined[39m,
      dataType: [32m'string'[39m,
      columnType: [32m'PgText'[39m,
      enumValues: [90mundefined[39m,
      generated: [90mundefined[39m,
      generatedIdentity: [90mundefined[39m,
      config: [36m[Object][39m,
      table: [36m[Circular *1][39m
    },
    priority: PgInteger {
      name: [32m'priority'[39m,
      keyAsName: [33mfalse[39m,
      primary: [33mfalse[39m,
      notNull: [33mtrue[39m,
      default: [33m0[39m,
      defaultFn: [90mundefined[39m,
      onUpdateFn: [90mundefined[39m,
      hasDefault: [33mtrue[39m,
      isUnique: [33mfalse[39m,
      uniqueName: [32m'facility_management_priority_unique'[39m,
      uniqueType: [90mundefined[39m,
      dataType: [32m'number'[39m,
      columnType: [32m'PgInteger'[39m,
      enumValues: [90mundefined[39m,
      generated: [90mundefined[39m,
      generatedIdentity: [90mundefined[39m,
      config: [36m[Object][39m,
      table: [36m[Circular *1][39m
    },
    contactInfo: PgJsonb {
      name: [32m'contact_info'[39m,
      keyAsName: [33mfalse[39m,
      primary: [33mfalse[39m,
      notNull: [33mtrue[39m,
      default: {},
      defaultFn: [90mundefined[39m,
      onUpdateFn: [90mundefined[39m,
      hasDefault: [33mtrue[39m,
      isUnique: [33mfalse[39m,
      uniqueName: [32m'facility_management_contact_info_unique'[39m,
      uniqueType: [90mundefined[39m,
      dataType: [32m'json'[39m,
      columnType: [32m'PgJsonb'[39m,
      enumValues: [90mundefined[39m,
      generated: [90mundefined[39m,
      generatedIdentity: [90mundefined[39m,
      config: [36m[Object][39m,
      table: [36m[Circular *1][39m
    },
    operatingHours: PgJsonb {
      name: [32m'operating_hours'[39m,
      keyAsName: [33mfalse[39m,
      primary: [33mfalse[39m,
      notNull: [33mtrue[39m,
      default: {},
      defaultFn: [90mundefined[39m,
      onUpdateFn: [90mundefined[39m,
      hasDefault: [33mtrue[39m,
      isUnique: [33mfalse[39m,
      uniqueName: [32m'facility_management_operating_hours_unique'[39m,
      uniqueType: [90mundefined[39m,
      dataType: [32m'json'[39m,
      columnType: [32m'PgJsonb'[39m,
      enumValues: [90mundefined[39m,
      generated: [90mundefined[39m,
      generatedIdentity: [90mundefined[39m,
      config: [36m[Object][39m,
      table: [36m[Circular *1][39m
    },
    specialties: PgArray {
      name: [32m'specialties'[39m,
      keyAsName: [33mfalse[39m,
      primary: [33mfalse[39m,
      notNull: [33mtrue[39m,
      default: [],
      defaultFn: [90mundefined[39m,
      onUpdateFn: [90mundefined[39m,
      hasDefault: [33mtrue[39m,
      isUnique: [33mfalse[39m,
      uniqueName: [32m'facility_management_specialties_unique'[39m,
      uniqueType: [90mundefined[39m,
      dataType: [32m'array'[39m,
      columnType: [32m'PgArray'[39m,
      enumValues: [90mundefined[39m,
      generated: [90mundefined[39m,
      generatedIdentity: [90mundefined[39m,
      config: [36m[Object][39m,
      table: [36m[Circular *1][39m,
      size: [90mundefined[39m,
      baseColumn: [36m[PgText][39m,
      range: [90mundefined[39m
    },
    notes: PgText {
      name: [32m'notes'[39m,
      keyAsName: [33mfalse[39m,
      primary: [33mfalse[39m,
      notNull: [33mfalse[39m,
      default: [90mundefined[39m,
      defaultFn: [90mundefined[39m,
      onUpdateFn: [90mundefined[39m,
      hasDefault: [33mfalse[39m,
      isUnique: [33mfalse[39m,
      uniqueName: [32m'facility_management_notes_unique'[39m,
      uniqueType: [90mundefined[39m,
      dataType: [32m'string'[39m,
      columnType: [32m'PgText'[39m,
      enumValues: [90mundefined[39m,
      generated: [90mundefined[39m,
      generatedIdentity: [90mundefined[39m,
      config: [36m[Object][39m,
      table: [36m[Circular *1][39m
    },
    schoolId: PgText {
      name: [32m'school_id'[39m,
      keyAsName: [33mfalse[39m,
      primary: [33mfalse[39m,
      notNull: [33mtrue[39m,
      default: [90mundefined[39m,
      defaultFn: [90mundefined[39m,
      onUpdateFn: [90mundefined[39m,
      hasDefault: [33mfalse[39m,
      isUnique: [33mfalse[39m,
      uniqueName: [32m'facility_management_school_id_unique'[39m,
      uniqueType: [90mundefined[39m,
      dataType: [32m'string'[39m,
      columnType: [32m'PgText'[39m,
      enumValues: [90mundefined[39m,
      generated: [90mundefined[39m,
      generatedIdentity: [90mundefined[39m,
      config: [36m[Object][39m,
      table: [36m[Circular *1][39m
    },
    createdBy: PgText {
      name: [32m'created_by'[39m,
      keyAsName: [33mfalse[39m,
      primary: [33mfalse[39m,
      notNull: [33mfalse[39m,
      default: [90mundefined[39m,
      defaultFn: [90mundefined[39m,
      onUpdateFn: [90mundefined[39m,
      hasDefault: [33mfalse[39m,
      isUnique: [33mfalse[39m,
      uniqueName: [32m'facility_management_created_by_unique'[39m,
      uniqueType: [90mundefined[39m,
      dataType: [32m'string'[39m,
      columnType: [32m'PgText'[39m,
      enumValues: [90mundefined[39m,
      generated: [90mundefined[39m,
      generatedIdentity: [90mundefined[39m,
      config: [36m[Object][39m,
      table: [36m[Circular *1][39m
    },
    clinicalSiteId: PgText {
      name: [32m'clinical_site_id'[39m,
      keyAsName: [33mfalse[39m,
      primary: [33mfalse[39m,
      notNull: [33mfalse[39m,
      default: [90mundefined[39m,
      defaultFn: [90mundefined[39m,
      onUpdateFn: [90mundefined[39m,
      hasDefault: [33mfalse[39m,
      isUnique: [33mfalse[39m,
      uniqueName: [32m'facility_management_clinical_site_id_unique'[39m,
      uniqueType: [90mundefined[39m,
      dataType: [32m'string'[39m,
      columnType: [32m'PgText'[39m,
      enumValues: [90mundefined[39m,
      generated: [90mundefined[39m,
      generatedIdentity: [90mundefined[39m,
      config: [36m[Object][39m,
      table: [36m[Circular *1][39m
    },
    createdAt: PgTimestamp {
      name: [32m'created_at'[39m,
      keyAsName: [33mfalse[39m,
      primary: [33mfalse[39m,
      notNull: [33mtrue[39m,
      default: [36m[SQL][39m,
      defaultFn: [90mundefined[39m,
      onUpdateFn: [90mundefined[39m,
      hasDefault: [33mtrue[39m,
      isUnique: [33mfalse[39m,
      uniqueName: [32m'facility_management_created_at_unique'[39m,
      uniqueType: [90mundefined[39m,
      dataType: [32m'date'[39m,
      columnType: [32m'PgTimestamp'[39m,
      enumValues: [90mundefined[39m,
      generated: [90mundefined[39m,
      generatedIdentity: [90mundefined[39m,
      config: [36m[Object][39m,
      table: [36m[Circular *1][39m,
      withTimezone: [33mtrue[39m,
      precision: [90mundefined[39m,
      mapFromDriverValue: [36m[Function: mapFromDriverValue][39m,
      mapToDriverValue: [36m[Function: mapToDriverValue][39m
    },
    updatedAt: PgTimestamp {
      name: [32m'updated_at'[39m,
      keyAsName: [33mfalse[39m,
      primary: [33mfalse[39m,
      notNull: [33mtrue[39m,
      default: [36m[SQL][39m,
      defaultFn: [90mundefined[39m,
      onUpdateFn: [90mundefined[39m,
      hasDefault: [33mtrue[39m,
      isUnique: [33mfalse[39m,
      uniqueName: [32m'facility_management_updated_at_unique'[39m,
      uniqueType: [90mundefined[39m,
      dataType: [32m'date'[39m,
      columnType: [32m'PgTimestamp'[39m,
      enumValues: [90mundefined[39m,
      generated: [90mundefined[39m,
      generatedIdentity: [90mundefined[39m,
      config: [36m[Object][39m,
      table: [36m[Circular *1][39m,
      withTimezone: [33mtrue[39m,
      precision: [90mundefined[39m,
      mapFromDriverValue: [36m[Function: mapFromDriverValue][39m,
      mapToDriverValue: [36m[Function: mapToDriverValue][39m
    }
  },
  [32mSymbol(drizzle:ExtraConfigColumns)[39m: {
    id: ExtraConfigColumn {
      name: [32m'id'[39m,
      keyAsName: [33mfalse[39m,
      primary: [33mtrue[39m,
      notNull: [33mtrue[39m,
      default: [90mundefined[39m,
      defaultFn: [36m[Function (anonymous)][39m,
      onUpdateFn: [90mundefined[39m,
      hasDefault: [33mtrue[39m,
      isUnique: [33mfalse[39m,
      uniqueName: [32m'facility_management_id_unique'[39m,
      uniqueType: [90mundefined[39m,
      dataType: [32m'string'[39m,
      columnType: [32m'PgText'[39m,
      enumValues: [90mundefined[39m,
      generated: [90mundefined[39m,
      generatedIdentity: [90mundefined[39m,
      config: [36m[Object][39m,
      table: [36m[Circular *1][39m,
      indexConfig: [36m[Object][39m,
      defaultConfig: [36m[Object][39m
    },
    facilityName: ExtraConfigColumn {
      name: [32m'facility_name'[39m,
      keyAsName: [33mfalse[39m,
      primary: [33mfalse[39m,
      notNull: [33mtrue[39m,
      default: [90mundefined[39m,
      defaultFn: [90mundefined[39m,
      onUpdateFn: [90mundefined[39m,
      hasDefault: [33mfalse[39m,
      isUnique: [33mfalse[39m,
      uniqueName: [32m'facility_management_facility_name_unique'[39m,
      uniqueType: [90mundefined[39m,
      dataType: [32m'string'[39m,
      columnType: [32m'PgText'[39m,
      enumValues: [90mundefined[39m,
      generated: [90mundefined[39m,
      generatedIdentity: [90mundefined[39m,
      config: [36m[Object][39m,
      table: [36m[Circular *1][39m,
      indexConfig: [36m[Object][39m,
      defaultConfig: [36m[Object][39m
    },
    facilityType: ExtraConfigColumn {
      name: [32m'facility_type'[39m,
      keyAsName: [33mfalse[39m,
      primary: [33mfalse[39m,
      notNull: [33mtrue[39m,
      default: [90mundefined[39m,
      defaultFn: [90mundefined[39m,
      onUpdateFn: [90mundefined[39m,
      hasDefault: [33mfalse[39m,
      isUnique: [33mfalse[39m,
      uniqueName: [32m'facility_management_facility_type_unique'[39m,
      uniqueType: [90mundefined[39m,
      dataType: [32m'string'[39m,
      columnType: [32m'PgText'[39m,
      enumValues: [90mundefined[39m,
      generated: [90mundefined[39m,
      generatedIdentity: [90mundefined[39m,
      config: [36m[Object][39m,
      table: [36m[Circular *1][39m,
      indexConfig: [36m[Object][39m,
      defaultConfig: [36m[Object][39m
    },
    address: ExtraConfigColumn {
      name: [32m'address'[39m,
      keyAsName: [33mfalse[39m,
      primary: [33mfalse[39m,
      notNull: [33mtrue[39m,
      default: [90mundefined[39m,
      defaultFn: [90mundefined[39m,
      onUpdateFn: [90mundefined[39m,
      hasDefault: [33mfalse[39m,
      isUnique: [33mfalse[39m,
      uniqueName: [32m'facility_management_address_unique'[39m,
      uniqueType: [90mundefined[39m,
      dataType: [32m'string'[39m,
      columnType: [32m'PgText'[39m,
      enumValues: [90mundefined[39m,
      generated: [90mundefined[39m,
      generatedIdentity: [90mundefined[39m,
      config: [36m[Object][39m,
      table: [36m[Circular *1][39m,
      indexConfig: [36m[Object][39m,
      defaultConfig: [36m[Object][39m
    },
    latitude: ExtraConfigColumn {
      name: [32m'latitude'[39m,
      keyAsName: [33mfalse[39m,
      primary: [33mfalse[39m,
      notNull: [33mtrue[39m,
      default: [90mundefined[39m,
      defaultFn: [90mundefined[39m,
      onUpdateFn: [90mundefined[39m,
      hasDefault: [33mfalse[39m,
      isUnique: [33mfalse[39m,
      uniqueName: [32m'facility_management_latitude_unique'[39m,
      uniqueType: [90mundefined[39m,
      dataType: [32m'string'[39m,
      columnType: [32m'PgNumeric'[39m,
      enumValues: [90mundefined[39m,
      generated: [90mundefined[39m,
      generatedIdentity: [90mundefined[39m,
      config: [36m[Object][39m,
      table: [36m[Circular *1][39m,
      indexConfig: [36m[Object][39m,
      defaultConfig: [36m[Object][39m
    },
    longitude: ExtraConfigColumn {
      name: [32m'longitude'[39m,
      keyAsName: [33mfalse[39m,
      primary: [33mfalse[39m,
      notNull: [33mtrue[39m,
      default: [90mundefined[39m,
      defaultFn: [90mundefined[39m,
      onUpdateFn: [90mundefined[39m,
      hasDefault: [33mfalse[39m,
      isUnique: [33mfalse[39m,
      uniqueName: [32m'facility_management_longitude_unique'[39m,
      uniqueType: [90mundefined[39m,
      dataType: [32m'string'[39m,
      columnType: [32m'PgNumeric'[39m,
      enumValues: [90mundefined[39m,
      generated: [90mundefined[39m,
      generatedIdentity: [90mundefined[39m,
      config: [36m[Object][39m,
      table: [36m[Circular *1][39m,
      indexConfig: [36m[Object][39m,
      defaultConfig: [36m[Object][39m
    },
    geofenceRadius: ExtraConfigColumn {
      name: [32m'geofence_radius'[39m,
      keyAsName: [33mfalse[39m,
      primary: [33mfalse[39m,
      notNull: [33mtrue[39m,
      default: [33m100[39m,
      defaultFn: [90mundefined[39m,
      onUpdateFn: [90mundefined[39m,
      hasDefault: [33mtrue[39m,
      isUnique: [33mfalse[39m,
      uniqueName: [32m'facility_management_geofence_radius_unique'[39m,
      uniqueType: [90mundefined[39m,
      dataType: [32m'number'[39m,
      columnType: [32m'PgInteger'[39m,
      enumValues: [90mundefined[39m,
      generated: [90mundefined[39m,
      generatedIdentity: [90mundefined[39m,
      config: [36m[Object][39m,
      table: [36m[Circular *1][39m,
      indexConfig: [36m[Object][39m,
      defaultConfig: [36m[Object][39m
    },
    strictGeofence: ExtraConfigColumn {
      name: [32m'strict_geofence'[39m,
      keyAsName: [33mfalse[39m,
      primary: [33mfalse[39m,
      notNull: [33mtrue[39m,
      default: [33mfalse[39m,
      defaultFn: [90mundefined[39m,
      onUpdateFn: [90mundefined[39m,
      hasDefault: [33mtrue[39m,
      isUnique: [33mfalse[39m,
      uniqueName: [32m'facility_management_strict_geofence_unique'[39m,
      uniqueType: [90mundefined[39m,
      dataType: [32m'boolean'[39m,
      columnType: [32m'PgBoolean'[39m,
      enumValues: [90mundefined[39m,
      generated: [90mundefined[39m,
      generatedIdentity: [90mundefined[39m,
      config: [36m[Object][39m,
      table: [36m[Circular *1][39m,
      indexConfig: [36m[Object][39m,
      defaultConfig: [36m[Object][39m
    },
    isActive: ExtraConfigColumn {
      name: [32m'is_active'[39m,
      keyAsName: [33mfalse[39m,
      primary: [33mfalse[39m,
      notNull: [33mtrue[39m,
      default: [33mtrue[39m,
      defaultFn: [90mundefined[39m,
      onUpdateFn: [90mundefined[39m,
      hasDefault: [33mtrue[39m,
      isUnique: [33mfalse[39m,
      uniqueName: [32m'facility_management_is_active_unique'[39m,
      uniqueType: [90mundefined[39m,
      dataType: [32m'boolean'[39m,
      columnType: [32m'PgBoolean'[39m,
      enumValues: [90mundefined[39m,
      generated: [90mundefined[39m,
      generatedIdentity: [90mundefined[39m,
      config: [36m[Object][39m,
      table: [36m[Circular *1][39m,
      indexConfig: [36m[Object][39m,
      defaultConfig: [36m[Object][39m
    },
    isCustom: ExtraConfigColumn {
      name: [32m'is_custom'[39m,
      keyAsName: [33mfalse[39m,
      primary: [33mfalse[39m,
      notNull: [33mtrue[39m,
      default: [33mfalse[39m,
      defaultFn: [90mundefined[39m,
      onUpdateFn: [90mundefined[39m,
      hasDefault: [33mtrue[39m,
      isUnique: [33mfalse[39m,
      uniqueName: [32m'facility_management_is_custom_unique'[39m,
      uniqueType: [90mundefined[39m,
      dataType: [32m'boolean'[39m,
      columnType: [32m'PgBoolean'[39m,
      enumValues: [90mundefined[39m,
      generated: [90mundefined[39m,
      generatedIdentity: [90mundefined[39m,
      config: [36m[Object][39m,
      table: [36m[Circular *1][39m,
      indexConfig: [36m[Object][39m,
      defaultConfig: [36m[Object][39m
    },
    osmId: ExtraConfigColumn {
      name: [32m'osm_id'[39m,
      keyAsName: [33mfalse[39m,
      primary: [33mfalse[39m,
      notNull: [33mfalse[39m,
      default: [90mundefined[39m,
      defaultFn: [90mundefined[39m,
      onUpdateFn: [90mundefined[39m,
      hasDefault: [33mfalse[39m,
      isUnique: [33mfalse[39m,
      uniqueName: [32m'facility_management_osm_id_unique'[39m,
      uniqueType: [90mundefined[39m,
      dataType: [32m'string'[39m,
      columnType: [32m'PgText'[39m,
      enumValues: [90mundefined[39m,
      generated: [90mundefined[39m,
      generatedIdentity: [90mundefined[39m,
      config: [36m[Object][39m,
      table: [36m[Circular *1][39m,
      indexConfig: [36m[Object][39m,
      defaultConfig: [36m[Object][39m
    },
    priority: ExtraConfigColumn {
      name: [32m'priority'[39m,
      keyAsName: [33mfalse[39m,
      primary: [33mfalse[39m,
      notNull: [33mtrue[39m,
      default: [33m0[39m,
      defaultFn: [90mundefined[39m,
      onUpdateFn: [90mundefined[39m,
      hasDefault: [33mtrue[39m,
      isUnique: [33mfalse[39m,
      uniqueName: [32m'facility_management_priority_unique'[39m,
      uniqueType: [90mundefined[39m,
      dataType: [32m'number'[39m,
      columnType: [32m'PgInteger'[39m,
      enumValues: [90mundefined[39m,
      generated: [90mundefined[39m,
      generatedIdentity: [90mundefined[39m,
      config: [36m[Object][39m,
      table: [36m[Circular *1][39m,
      indexConfig: [36m[Object][39m,
      defaultConfig: [36m[Object][39m
    },
    contactInfo: ExtraConfigColumn {
      name: [32m'contact_info'[39m,
      keyAsName: [33mfalse[39m,
      primary: [33mfalse[39m,
      notNull: [33mtrue[39m,
      default: {},
      defaultFn: [90mundefined[39m,
      onUpdateFn: [90mundefined[39m,
      hasDefault: [33mtrue[39m,
      isUnique: [33mfalse[39m,
      uniqueName: [32m'facility_management_contact_info_unique'[39m,
      uniqueType: [90mundefined[39m,
      dataType: [32m'json'[39m,
      columnType: [32m'PgJsonb'[39m,
      enumValues: [90mundefined[39m,
      generated: [90mundefined[39m,
      generatedIdentity: [90mundefined[39m,
      config: [36m[Object][39m,
      table: [36m[Circular *1][39m,
      indexConfig: [36m[Object][39m,
      defaultConfig: [36m[Object][39m
    },
    operatingHours: ExtraConfigColumn {
      name: [32m'operating_hours'[39m,
      keyAsName: [33mfalse[39m,
      primary: [33mfalse[39m,
      notNull: [33mtrue[39m,
      default: {},
      defaultFn: [90mundefined[39m,
      onUpdateFn: [90mundefined[39m,
      hasDefault: [33mtrue[39m,
      isUnique: [33mfalse[39m,
      uniqueName: [32m'facility_management_operating_hours_unique'[39m,
      uniqueType: [90mundefined[39m,
      dataType: [32m'json'[39m,
      columnType: [32m'PgJsonb'[39m,
      enumValues: [90mundefined[39m,
      generated: [90mundefined[39m,
      generatedIdentity: [90mundefined[39m,
      config: [36m[Object][39m,
      table: [36m[Circular *1][39m,
      indexConfig: [36m[Object][39m,
      defaultConfig: [36m[Object][39m
    },
    specialties: ExtraConfigColumn {
      name: [32m'specialties'[39m,
      keyAsName: [33mfalse[39m,
      primary: [33mfalse[39m,
      notNull: [33mtrue[39m,
      default: [],
      defaultFn: [90mundefined[39m,
      onUpdateFn: [90mundefined[39m,
      hasDefault: [33mtrue[39m,
      isUnique: [33mfalse[39m,
      uniqueName: [32m'facility_management_specialties_unique'[39m,
      uniqueType: [90mundefined[39m,
      dataType: [32m'array'[39m,
      columnType: [32m'PgArray'[39m,
      enumValues: [90mundefined[39m,
      generated: [90mundefined[39m,
      generatedIdentity: [90mundefined[39m,
      config: [36m[Object][39m,
      table: [36m[Circular *1][39m,
      indexConfig: [36m[Object][39m,
      defaultConfig: [36m[Object][39m
    },
    notes: ExtraConfigColumn {
      name: [32m'notes'[39m,
      keyAsName: [33mfalse[39m,
      primary: [33mfalse[39m,
      notNull: [33mfalse[39m,
      default: [90mundefined[39m,
      defaultFn: [90mundefined[39m,
      onUpdateFn: [90mundefined[39m,
      hasDefault: [33mfalse[39m,
      isUnique: [33mfalse[39m,
      uniqueName: [32m'facility_management_notes_unique'[39m,
      uniqueType: [90mundefined[39m,
      dataType: [32m'string'[39m,
      columnType: [32m'PgText'[39m,
      enumValues: [90mundefined[39m,
      generated: [90mundefined[39m,
      generatedIdentity: [90mundefined[39m,
      config: [36m[Object][39m,
      table: [36m[Circular *1][39m,
      indexConfig: [36m[Object][39m,
      defaultConfig: [36m[Object][39m
    },
    schoolId: ExtraConfigColumn {
      name: [32m'school_id'[39m,
      keyAsName: [33mfalse[39m,
      primary: [33mfalse[39m,
      notNull: [33mtrue[39m,
      default: [90mundefined[39m,
      defaultFn: [90mundefined[39m,
      onUpdateFn: [90mundefined[39m,
      hasDefault: [33mfalse[39m,
      isUnique: [33mfalse[39m,
      uniqueName: [32m'facility_management_school_id_unique'[39m,
      uniqueType: [90mundefined[39m,
      dataType: [32m'string'[39m,
      columnType: [32m'PgText'[39m,
      enumValues: [90mundefined[39m,
      generated: [90mundefined[39m,
      generatedIdentity: [90mundefined[39m,
      config: [36m[Object][39m,
      table: [36m[Circular *1][39m,
      indexConfig: [36m[Object][39m,
      defaultConfig: [36m[Object][39m
    },
    createdBy: ExtraConfigColumn {
      name: [32m'created_by'[39m,
      keyAsName: [33mfalse[39m,
      primary: [33mfalse[39m,
      notNull: [33mfalse[39m,
      default: [90mundefined[39m,
      defaultFn: [90mundefined[39m,
      onUpdateFn: [90mundefined[39m,
      hasDefault: [33mfalse[39m,
      isUnique: [33mfalse[39m,
      uniqueName: [32m'facility_management_created_by_unique'[39m,
      uniqueType: [90mundefined[39m,
      dataType: [32m'string'[39m,
      columnType: [32m'PgText'[39m,
      enumValues: [90mundefined[39m,
      generated: [90mundefined[39m,
      generatedIdentity: [90mundefined[39m,
      config: [36m[Object][39m,
      table: [36m[Circular *1][39m,
      indexConfig: [36m[Object][39m,
      defaultConfig: [36m[Object][39m
    },
    clinicalSiteId: ExtraConfigColumn {
      name: [32m'clinical_site_id'[39m,
      keyAsName: [33mfalse[39m,
      primary: [33mfalse[39m,
      notNull: [33mfalse[39m,
      default: [90mundefined[39m,
      defaultFn: [90mundefined[39m,
      onUpdateFn: [90mundefined[39m,
      hasDefault: [33mfalse[39m,
      isUnique: [33mfalse[39m,
      uniqueName: [32m'facility_management_clinical_site_id_unique'[39m,
      uniqueType: [90mundefined[39m,
      dataType: [32m'string'[39m,
      columnType: [32m'PgText'[39m,
      enumValues: [90mundefined[39m,
      generated: [90mundefined[39m,
      generatedIdentity: [90mundefined[39m,
      config: [36m[Object][39m,
      table: [36m[Circular *1][39m,
      indexConfig: [36m[Object][39m,
      defaultConfig: [36m[Object][39m
    },
    createdAt: ExtraConfigColumn {
      name: [32m'created_at'[39m,
      keyAsName: [33mfalse[39m,
      primary: [33mfalse[39m,
      notNull: [33mtrue[39m,
      default: [36m[SQL][39m,
      defaultFn: [90mundefined[39m,
      onUpdateFn: [90mundefined[39m,
      hasDefault: [33mtrue[39m,
      isUnique: [33mfalse[39m,
      uniqueName: [32m'facility_management_created_at_unique'[39m,
      uniqueType: [90mundefined[39m,
      dataType: [32m'date'[39m,
      columnType: [32m'PgTimestamp'[39m,
      enumValues: [90mundefined[39m,
      generated: [90mundefined[39m,
      generatedIdentity: [90mundefined[39m,
      config: [36m[Object][39m,
      table: [36m[Circular *1][39m,
      indexConfig: [36m[Object][39m,
      defaultConfig: [36m[Object][39m
    },
    updatedAt: ExtraConfigColumn {
      name: [32m'updated_at'[39m,
      keyAsName: [33mfalse[39m,
      primary: [33mfalse[39m,
      notNull: [33mtrue[39m,
      default: [36m[SQL][39m,
      defaultFn: [90mundefined[39m,
      onUpdateFn: [90mundefined[39m,
      hasDefault: [33mtrue[39m,
      isUnique: [33mfalse[39m,
      uniqueName: [32m'facility_management_updated_at_unique'[39m,
      uniqueType: [90mundefined[39m,
      dataType: [32m'date'[39m,
      columnType: [32m'PgTimestamp'[39m,
      enumValues: [90mundefined[39m,
      generated: [90mundefined[39m,
      generatedIdentity: [90mundefined[39m,
      config: [36m[Object][39m,
      table: [36m[Circular *1][39m,
      indexConfig: [36m[Object][39m,
      defaultConfig: [36m[Object][39m
    }
  },
  [32mSymbol(drizzle:BaseName)[39m: [32m'facility_management'[39m,
  [32mSymbol(drizzle:IsAlias)[39m: [33mfalse[39m,
  [32mSymbol(drizzle:IsDrizzleTable)[39m: [33mtrue[39m,
  [32mSymbol(drizzle:ExtraConfigBuilder)[39m: [90mundefined[39m,
  [32mSymbol(drizzle:PgInlineForeignKeys)[39m: [
    ForeignKey {
      reference: [36m[Function (anonymous)][39m,
      onUpdate: [32m'no action'[39m,
      onDelete: [32m'cascade'[39m,
      table: [36m[Circular *1][39m
    },
    ForeignKey {
      reference: [36m[Function (anonymous)][39m,
      onUpdate: [32m'no action'[39m,
      onDelete: [32m'set null'[39m,
      table: [36m[Circular *1][39m
    },
    ForeignKey {
      reference: [36m[Function (anonymous)][39m,
      onUpdate: [32m'no action'[39m,
      onDelete: [32m'set null'[39m,
      table: [36m[Circular *1][39m
    }
  ],
  [32mSymbol(drizzle:EnableRLS)[39m: [33mfalse[39m
}
[MockDB k5sbt9] Inserting into table: facility_management

[90mstdout[2m | src/test/workflows/facility-management.test.ts[2m > [22m[2mFacility Management Workflow[2m > [22m[2mshould update an existing facility
[22m[39m[MockDB] getTableName called for: [36m<ref *1>[39m PgTable {
  id: PgText {
    name: [32m'id'[39m,
    keyAsName: [33mfalse[39m,
    primary: [33mtrue[39m,
    notNull: [33mtrue[39m,
    default: [90mundefined[39m,
    defaultFn: [36m[Function (anonymous)][39m,
    onUpdateFn: [90mundefined[39m,
    hasDefault: [33mtrue[39m,
    isUnique: [33mfalse[39m,
    uniqueName: [32m'clinical_site_locations_id_unique'[39m,
    uniqueType: [90mundefined[39m,
    dataType: [32m'string'[39m,
    columnType: [32m'PgText'[39m,
    enumValues: [90mundefined[39m,
    generated: [90mundefined[39m,
    generatedIdentity: [90mundefined[39m,
    config: {
      name: [32m'id'[39m,
      keyAsName: [33mfalse[39m,
      notNull: [33mtrue[39m,
      default: [90mundefined[39m,
      hasDefault: [33mtrue[39m,
      primaryKey: [33mtrue[39m,
      isUnique: [33mfalse[39m,
      uniqueName: [32m'clinical_site_locations_id_unique'[39m,
      uniqueType: [90mundefined[39m,
      dataType: [32m'string'[39m,
      columnType: [32m'PgText'[39m,
      generated: [90mundefined[39m,
      enumValues: [90mundefined[39m,
      defaultFn: [36m[Function (anonymous)][39m
    },
    table: [36m[Circular *1][39m
  },
  clinicalSiteId: PgText {
    name: [32m'clinical_site_id'[39m,
    keyAsName: [33mfalse[39m,
    primary: [33mfalse[39m,
    notNull: [33mtrue[39m,
    default: [90mundefined[39m,
    defaultFn: [90mundefined[39m,
    onUpdateFn: [90mundefined[39m,
    hasDefault: [33mfalse[39m,
    isUnique: [33mfalse[39m,
    uniqueName: [32m'clinical_site_locations_clinical_site_id_unique'[39m,
    uniqueType: [90mundefined[39m,
    dataType: [32m'string'[39m,
    columnType: [32m'PgText'[39m,
    enumValues: [90mundefined[39m,
    generated: [90mundefined[39m,
    generatedIdentity: [90mundefined[39m,
    config: {
      name: [32m'clinical_site_id'[39m,
      keyAsName: [33mfalse[39m,
      notNull: [33mtrue[39m,
      default: [90mundefined[39m,
      hasDefault: [33mfalse[39m,
      primaryKey: [33mfalse[39m,
      isUnique: [33mfalse[39m,
      uniqueName: [32m'clinical_site_locations_clinical_site_id_unique'[39m,
      uniqueType: [90mundefined[39m,
      dataType: [32m'string'[39m,
      columnType: [32m'PgText'[39m,
      generated: [90mundefined[39m,
      enumValues: [90mundefined[39m
    },
    table: [36m[Circular *1][39m
  },
  name: PgText {
    name: [32m'name'[39m,
    keyAsName: [33mfalse[39m,
    primary: [33mfalse[39m,
    notNull: [33mtrue[39m,
    default: [90mundefined[39m,
    defaultFn: [90mundefined[39m,
    onUpdateFn: [90mundefined[39m,
    hasDefault: [33mfalse[39m,
    isUnique: [33mfalse[39m,
    uniqueName: [32m'clinical_site_locations_name_unique'[39m,
    uniqueType: [90mundefined[39m,
    dataType: [32m'string'[39m,
    columnType: [32m'PgText'[39m,
    enumValues: [90mundefined[39m,
    generated: [90mundefined[39m,
    generatedIdentity: [90mundefined[39m,
    config: {
      name: [32m'name'[39m,
      keyAsName: [33mfalse[39m,
      notNull: [33mtrue[39m,
      default: [90mundefined[39m,
      hasDefault: [33mfalse[39m,
      primaryKey: [33mfalse[39m,
      isUnique: [33mfalse[39m,
      uniqueName: [32m'clinical_site_locations_name_unique'[39m,
      uniqueType: [90mundefined[39m,
      dataType: [32m'string'[39m,
      columnType: [32m'PgText'[39m,
      generated: [90mundefined[39m,
      enumValues: [90mundefined[39m
    },
    table: [36m[Circular *1][39m
  },
  latitude: PgNumeric {
    name: [32m'latitude'[39m,
    keyAsName: [33mfalse[39m,
    primary: [33mfalse[39m,
    notNull: [33mtrue[39m,
    default: [90mundefined[39m,
    defaultFn: [90mundefined[39m,
    onUpdateFn: [90mundefined[39m,
    hasDefault: [33mfalse[39m,
    isUnique: [33mfalse[39m,
    uniqueName: [32m'clinical_site_locations_latitude_unique'[39m,
    uniqueType: [90mundefined[39m,
    dataType: [32m'string'[39m,
    columnType: [32m'PgNumeric'[39m,
    enumValues: [90mundefined[39m,
    generated: [90mundefined[39m,
    generatedIdentity: [90mundefined[39m,
    config: {
      name: [32m'latitude'[39m,
      keyAsName: [33mfalse[39m,
      notNull: [33mtrue[39m,
      default: [90mundefined[39m,
      hasDefault: [33mfalse[39m,
      primaryKey: [33mfalse[39m,
      isUnique: [33mfalse[39m,
      uniqueName: [32m'clinical_site_locations_latitude_unique'[39m,
      uniqueType: [90mundefined[39m,
      dataType: [32m'string'[39m,
      columnType: [32m'PgNumeric'[39m,
      generated: [90mundefined[39m,
      precision: [33m10[39m,
      scale: [33m8[39m
    },
    table: [36m[Circular *1][39m,
    precision: [33m10[39m,
    scale: [33m8[39m
  },
  longitude: PgNumeric {
    name: [32m'longitude'[39m,
    keyAsName: [33mfalse[39m,
    primary: [33mfalse[39m,
    notNull: [33mtrue[39m,
    default: [90mundefined[39m,
    defaultFn: [90mundefined[39m,
    onUpdateFn: [90mundefined[39m,
    hasDefault: [33mfalse[39m,
    isUnique: [33mfalse[39m,
    uniqueName: [32m'clinical_site_locations_longitude_unique'[39m,
    uniqueType: [90mundefined[39m,
    dataType: [32m'string'[39m,
    columnType: [32m'PgNumeric'[39m,
    enumValues: [90mundefined[39m,
    generated: [90mundefined[39m,
    generatedIdentity: [90mundefined[39m,
    config: {
      name: [32m'longitude'[39m,
      keyAsName: [33mfalse[39m,
      notNull: [33mtrue[39m,
      default: [90mundefined[39m,
      hasDefault: [33mfalse[39m,
      primaryKey: [33mfalse[39m,
      isUnique: [33mfalse[39m,
      uniqueName: [32m'clinical_site_locations_longitude_unique'[39m,
      uniqueType: [90mundefined[39m,
      dataType: [32m'string'[39m,
      columnType: [32m'PgNumeric'[39m,
      generated: [90mundefined[39m,
      precision: [33m11[39m,
      scale: [33m8[39m
    },
    table: [36m[Circular *1][39m,
    precision: [33m11[39m,
    scale: [33m8[39m
  },
  radius: PgInteger {
    name: [32m'radius'[39m,
    keyAsName: [33mfalse[39m,
    primary: [33mfalse[39m,
    notNull: [33mtrue[39m,
    default: [33m100[39m,
    defaultFn: [90mundefined[39m,
    onUpdateFn: [90mundefined[39m,
    hasDefault: [33mtrue[39m,
    isUnique: [33mfalse[39m,
    uniqueName: [32m'clinical_site_locations_radius_unique'[39m,
    uniqueType: [90mundefined[39m,
    dataType: [32m'number'[39m,
    columnType: [32m'PgInteger'[39m,
    enumValues: [90mundefined[39m,
    generated: [90mundefined[39m,
    generatedIdentity: [90mundefined[39m,
    config: {
      name: [32m'radius'[39m,
      keyAsName: [33mfalse[39m,
      notNull: [33mtrue[39m,
      default: [33m100[39m,
      hasDefault: [33mtrue[39m,
      primaryKey: [33mfalse[39m,
      isUnique: [33mfalse[39m,
      uniqueName: [32m'clinical_site_locations_radius_unique'[39m,
      uniqueType: [90mundefined[39m,
      dataType: [32m'number'[39m,
      columnType: [32m'PgInteger'[39m,
      generated: [90mundefined[39m
    },
    table: [36m[Circular *1][39m
  },
  strictGeofence: PgBoolean {
    name: [32m'strict_geofence'[39m,
    keyAsName: [33mfalse[39m,
    primary: [33mfalse[39m,
    notNull: [33mtrue[39m,
    default: [33mfalse[39m,
    defaultFn: [90mundefined[39m,
    onUpdateFn: [90mundefined[39m,
    hasDefault: [33mtrue[39m,
    isUnique: [33mfalse[39m,
    uniqueName: [32m'clinical_site_locations_strict_geofence_unique'[39m,
    uniqueType: [90mundefined[39m,
    dataType: [32m'boolean'[39m,
    columnType: [32m'PgBoolean'[39m,
    enumValues: [90mundefined[39m,
    generated: [90mundefined[39m,
    generatedIdentity: [90mundefined[39m,
    config: {
      name: [32m'strict_geofence'[39m,
      keyAsName: [33mfalse[39m,
      notNull: [33mtrue[39m,
      default: [33mfalse[39m,
      hasDefault: [33mtrue[39m,
      primaryKey: [33mfalse[39m,
      isUnique: [33mfalse[39m,
      uniqueName: [32m'clinical_site_locations_strict_geofence_unique'[39m,
      uniqueType: [90mundefined[39m,
      dataType: [32m'boolean'[39m,
      columnType: [32m'PgBoolean'[39m,
      generated: [90mundefined[39m
    },
    table: [36m[Circular *1][39m
  },
  isActive: PgBoolean {
    name: [32m'is_active'[39m,
    keyAsName: [33mfalse[39m,
    primary: [33mfalse[39m,
    notNull: [33mtrue[39m,
    default: [33mtrue[39m,
    defaultFn: [90mundefined[39m,
    onUpdateFn: [90mundefined[39m,
    hasDefault: [33mtrue[39m,
    isUnique: [33mfalse[39m,
    uniqueName: [32m'clinical_site_locations_is_active_unique'[39m,
    uniqueType: [90mundefined[39m,
    dataType: [32m'boolean'[39m,
    columnType: [32m'PgBoolean'[39m,
    enumValues: [90mundefined[39m,
    generated: [90mundefined[39m,
    generatedIdentity: [90mundefined[39m,
    config: {
      name: [32m'is_active'[39m,
      keyAsName: [33mfalse[39m,
      notNull: [33mtrue[39m,
      default: [33mtrue[39m,
      hasDefault: [33mtrue[39m,
      primaryKey: [33mfalse[39m,
      isUnique: [33mfalse[39m,
      uniqueName: [32m'clinical_site_locations_is_active_unique'[39m,
      uniqueType: [90mundefined[39m,
      dataType: [32m'boolean'[39m,
      columnType: [32m'PgBoolean'[39m,
      generated: [90mundefined[39m
    },
    table: [36m[Circular *1][39m
  },
  isPrimary: PgBoolean {
    name: [32m'is_primary'[39m,
    keyAsName: [33mfalse[39m,
    primary: [33mfalse[39m,
    notNull: [33mtrue[39m,
    default: [33mfalse[39m,
    defaultFn: [90mundefined[39m,
    onUpdateFn: [90mundefined[39m,
    hasDefault: [33mtrue[39m,
    isUnique: [33mfalse[39m,
    uniqueName: [32m'clinical_site_locations_is_primary_unique'[39m,
    uniqueType: [90mundefined[39m,
    dataType: [32m'boolean'[39m,
    columnType: [32m'PgBoolean'[39m,
    enumValues: [90mundefined[39m,
    generated: [90mundefined[39m,
    generatedIdentity: [90mundefined[39m,
    config: {
      name: [32m'is_primary'[39m,
      keyAsName: [33mfalse[39m,
      notNull: [33mtrue[39m,
      default: [33mfalse[39m,
      hasDefault: [33mtrue[39m,
      primaryKey: [33mfalse[39m,
      isUnique: [33mfalse[39m,
      uniqueName: [32m'clinical_site_locations_is_primary_unique'[39m,
      uniqueType: [90mundefined[39m,
      dataType: [32m'boolean'[39m,
      columnType: [32m'PgBoolean'[39m,
      generated: [90mundefined[39m
    },
    table: [36m[Circular *1][39m
  },
  description: PgText {
    name: [32m'description'[39m,
    keyAsName: [33mfalse[39m,
    primary: [33mfalse[39m,
    notNull: [33mfalse[39m,
    default: [90mundefined[39m,
    defaultFn: [90mundefined[39m,
    onUpdateFn: [90mundefined[39m,
    hasDefault: [33mfalse[39m,
    isUnique: [33mfalse[39m,
    uniqueName: [32m'clinical_site_locations_description_unique'[39m,
    uniqueType: [90mundefined[39m,
    dataType: [32m'string'[39m,
    columnType: [32m'PgText'[39m,
    enumValues: [90mundefined[39m,
    generated: [90mundefined[39m,
    generatedIdentity: [90mundefined[39m,
    config: {
      name: [32m'description'[39m,
      keyAsName: [33mfalse[39m,
      notNull: [33mfalse[39m,
      default: [90mundefined[39m,
      hasDefault: [33mfalse[39m,
      primaryKey: [33mfalse[39m,
      isUnique: [33mfalse[39m,
      uniqueName: [32m'clinical_site_locations_description_unique'[39m,
      uniqueType: [90mundefined[39m,
      dataType: [32m'string'[39m,
      columnType: [32m'PgText'[39m,
      generated: [90mundefined[39m,
      enumValues: [90mundefined[39m
    },
    table: [36m[Circular *1][39m
  },
  floor: PgText {
    name: [32m'floor'[39m,
    keyAsName: [33mfalse[39m,
    primary: [33mfalse[39m,
    notNull: [33mfalse[39m,
    default: [90mundefined[39m,
    defaultFn: [90mundefined[39m,
    onUpdateFn: [90mundefined[39m,
    hasDefault: [33mfalse[39m,
    isUnique: [33mfalse[39m,
    uniqueName: [32m'clinical_site_locations_floor_unique'[39m,
    uniqueType: [90mundefined[39m,
    dataType: [32m'string'[39m,
    columnType: [32m'PgText'[39m,
    enumValues: [90mundefined[39m,
    generated: [90mundefined[39m,
    generatedIdentity: [90mundefined[39m,
    config: {
      name: [32m'floor'[39m,
      keyAsName: [33mfalse[39m,
      notNull: [33mfalse[39m,
      default: [90mundefined[39m,
      hasDefault: [33mfalse[39m,
      primaryKey: [33mfalse[39m,
      isUnique: [33mfalse[39m,
      uniqueName: [32m'clinical_site_locations_floor_unique'[39m,
      uniqueType: [90mundefined[39m,
      dataType: [32m'string'[39m,
      columnType: [32m'PgText'[39m,
      generated: [90mundefined[39m,
      enumValues: [90mundefined[39m
    },
    table: [36m[Circular *1][39m
  },
  department: PgText {
    name: [32m'department'[39m,
    keyAsName: [33mfalse[39m,
    primary: [33mfalse[39m,
    notNull: [33mfalse[39m,
    default: [90mundefined[39m,
    defaultFn: [90mundefined[39m,
    onUpdateFn: [90mundefined[39m,
    hasDefault: [33mfalse[39m,
    isUnique: [33mfalse[39m,
    uniqueName: [32m'clinical_site_locations_department_unique'[39m,
    uniqueType: [90mundefined[39m,
    dataType: [32m'string'[39m,
    columnType: [32m'PgText'[39m,
    enumValues: [90mundefined[39m,
    generated: [90mundefined[39m,
    generatedIdentity: [90mundefined[39m,
    config: {
      name: [32m'department'[39m,
      keyAsName: [33mfalse[39m,
      notNull: [33mfalse[39m,
      default: [90mundefined[39m,
      hasDefault: [33mfalse[39m,
      primaryKey: [33mfalse[39m,
      isUnique: [33mfalse[39m,
      uniqueName: [32m'clinical_site_locations_department_unique'[39m,
      uniqueType: [90mundefined[39m,
      dataType: [32m'string'[39m,
      columnType: [32m'PgText'[39m,
      generated: [90mundefined[39m,
      enumValues: [90mundefined[39m
    },
    table: [36m[Circular *1][39m
  },
  createdAt: PgTimestamp {
    name: [32m'created_at'[39m,
    keyAsName: [33mfalse[39m,
    primary: [33mfalse[39m,
    notNull: [33mtrue[39m,
    default: SQL {
      decoder: [36m[Object][39m,
      shouldInlineParams: [33mfalse[39m,
      usedTables: [],
      queryChunks: [36m[Array][39m
    },
    defaultFn: [90mundefined[39m,
    onUpdateFn: [90mundefined[39m,
    hasDefault: [33mtrue[39m,
    isUnique: [33mfalse[39m,
    uniqueName: [32m'clinical_site_locations_created_at_unique'[39m,
    uniqueType: [90mundefined[39m,
    dataType: [32m'date'[39m,
    columnType: [32m'PgTimestamp'[39m,
    enumValues: [90mundefined[39m,
    generated: [90mundefined[39m,
    generatedIdentity: [90mundefined[39m,
    config: {
      name: [32m'created_at'[39m,
      keyAsName: [33mfalse[39m,
      notNull: [33mtrue[39m,
      default: [36m[SQL][39m,
      hasDefault: [33mtrue[39m,
      primaryKey: [33mfalse[39m,
      isUnique: [33mfalse[39m,
      uniqueName: [32m'clinical_site_locations_created_at_unique'[39m,
      uniqueType: [90mundefined[39m,
      dataType: [32m'date'[39m,
      columnType: [32m'PgTimestamp'[39m,
      generated: [90mundefined[39m,
      withTimezone: [33mtrue[39m,
      precision: [90mundefined[39m
    },
    table: [36m[Circular *1][39m,
    withTimezone: [33mtrue[39m,
    precision: [90mundefined[39m,
    mapFromDriverValue: [36m[Function: mapFromDriverValue][39m,
    mapToDriverValue: [36m[Function: mapToDriverValue][39m
  },
  updatedAt: PgTimestamp {
    name: [32m'updated_at'[39m,
    keyAsName: [33mfalse[39m,
    primary: [33mfalse[39m,
    notNull: [33mtrue[39m,
    default: SQL {
      decoder: [36m[Object][39m,
      shouldInlineParams: [33mfalse[39m,
      usedTables: [],
      queryChunks: [36m[Array][39m
    },
    defaultFn: [90mundefined[39m,
    onUpdateFn: [90mundefined[39m,
    hasDefault: [33mtrue[39m,
    isUnique: [33mfalse[39m,
    uniqueName: [32m'clinical_site_locations_updated_at_unique'[39m,
    uniqueType: [90mundefined[39m,
    dataType: [32m'date'[39m,
    columnType: [32m'PgTimestamp'[39m,
    enumValues: [90mundefined[39m,
    generated: [90mundefined[39m,
    generatedIdentity: [90mundefined[39m,
    config: {
      name: [32m'updated_at'[39m,
      keyAsName: [33mfalse[39m,
      notNull: [33mtrue[39m,
      default: [36m[SQL][39m,
      hasDefault: [33mtrue[39m,
      primaryKey: [33mfalse[39m,
      isUnique: [33mfalse[39m,
      uniqueName: [32m'clinical_site_locations_updated_at_unique'[39m,
      uniqueType: [90mundefined[39m,
      dataType: [32m'date'[39m,
      columnType: [32m'PgTimestamp'[39m,
      generated: [90mundefined[39m,
      withTimezone: [33mtrue[39m,
      precision: [90mundefined[39m
    },
    table: [36m[Circular *1][39m,
    withTimezone: [33mtrue[39m,
    precision: [90mundefined[39m,
    mapFromDriverValue: [36m[Function: mapFromDriverValue][39m,
    mapToDriverValue: [36m[Function: mapToDriverValue][39m
  },
  enableRLS: [36m[Function: enableRLS][39m,
  [32mSymbol(drizzle:Name)[39m: [32m'clinical_site_locations'[39m,
  [32mSymbol(drizzle:OriginalName)[39m: [32m'clinical_site_locations'[39m,
  [32mSymbol(drizzle:Schema)[39m: [90mundefined[39m,
  [32mSymbol(drizzle:Columns)[39m: {
    id: PgText {
      name: [32m'id'[39m,
      keyAsName: [33mfalse[39m,
      primary: [33mtrue[39m,
      notNull: [33mtrue[39m,
      default: [90mundefined[39m,
      defaultFn: [36m[Function (anonymous)][39m,
      onUpdateFn: [90mundefined[39m,
      hasDefault: [33mtrue[39m,
      isUnique: [33mfalse[39m,
      uniqueName: [32m'clinical_site_locations_id_unique'[39m,
      uniqueType: [90mundefined[39m,
      dataType: [32m'string'[39m,
      columnType: [32m'PgText'[39m,
      enumValues: [90mundefined[39m,
      generated: [90mundefined[39m,
      generatedIdentity: [90mundefined[39m,
      config: [36m[Object][39m,
      table: [36m[Circular *1][39m
    },
    clinicalSiteId: PgText {
      name: [32m'clinical_site_id'[39m,
      keyAsName: [33mfalse[39m,
      primary: [33mfalse[39m,
      notNull: [33mtrue[39m,
      default: [90mundefined[39m,
      defaultFn: [90mundefined[39m,
      onUpdateFn: [90mundefined[39m,
      hasDefault: [33mfalse[39m,
      isUnique: [33mfalse[39m,
      uniqueName: [32m'clinical_site_locations_clinical_site_id_unique'[39m,
      uniqueType: [90mundefined[39m,
      dataType: [32m'string'[39m,
      columnType: [32m'PgText'[39m,
      enumValues: [90mundefined[39m,
      generated: [90mundefined[39m,
      generatedIdentity: [90mundefined[39m,
      config: [36m[Object][39m,
      table: [36m[Circular *1][39m
    },
    name: PgText {
      name: [32m'name'[39m,
      keyAsName: [33mfalse[39m,
      primary: [33mfalse[39m,
      notNull: [33mtrue[39m,
      default: [90mundefined[39m,
      defaultFn: [90mundefined[39m,
      onUpdateFn: [90mundefined[39m,
      hasDefault: [33mfalse[39m,
      isUnique: [33mfalse[39m,
      uniqueName: [32m'clinical_site_locations_name_unique'[39m,
      uniqueType: [90mundefined[39m,
      dataType: [32m'string'[39m,
      columnType: [32m'PgText'[39m,
      enumValues: [90mundefined[39m,
      generated: [90mundefined[39m,
      generatedIdentity: [90mundefined[39m,
      config: [36m[Object][39m,
      table: [36m[Circular *1][39m
    },
    latitude: PgNumeric {
      name: [32m'latitude'[39m,
      keyAsName: [33mfalse[39m,
      primary: [33mfalse[39m,
      notNull: [33mtrue[39m,
      default: [90mundefined[39m,
      defaultFn: [90mundefined[39m,
      onUpdateFn: [90mundefined[39m,
      hasDefault: [33mfalse[39m,
      isUnique: [33mfalse[39m,
      uniqueName: [32m'clinical_site_locations_latitude_unique'[39m,
      uniqueType: [90mundefined[39m,
      dataType: [32m'string'[39m,
      columnType: [32m'PgNumeric'[39m,
      enumValues: [90mundefined[39m,
      generated: [90mundefined[39m,
      generatedIdentity: [90mundefined[39m,
      config: [36m[Object][39m,
      table: [36m[Circular *1][39m,
      precision: [33m10[39m,
      scale: [33m8[39m
    },
    longitude: PgNumeric {
      name: [32m'longitude'[39m,
      keyAsName: [33mfalse[39m,
      primary: [33mfalse[39m,
      notNull: [33mtrue[39m,
      default: [90mundefined[39m,
      defaultFn: [90mundefined[39m,
      onUpdateFn: [90mundefined[39m,
      hasDefault: [33mfalse[39m,
      isUnique: [33mfalse[39m,
      uniqueName: [32m'clinical_site_locations_longitude_unique'[39m,
      uniqueType: [90mundefined[39m,
      dataType: [32m'string'[39m,
      columnType: [32m'PgNumeric'[39m,
      enumValues: [90mundefined[39m,
      generated: [90mundefined[39m,
      generatedIdentity: [90mundefined[39m,
      config: [36m[Object][39m,
      table: [36m[Circular *1][39m,
      precision: [33m11[39m,
      scale: [33m8[39m
    },
    radius: PgInteger {
      name: [32m'radius'[39m,
      keyAsName: [33mfalse[39m,
      primary: [33mfalse[39m,
      notNull: [33mtrue[39m,
      default: [33m100[39m,
      defaultFn: [90mundefined[39m,
      onUpdateFn: [90mundefined[39m,
      hasDefault: [33mtrue[39m,
      isUnique: [33mfalse[39m,
      uniqueName: [32m'clinical_site_locations_radius_unique'[39m,
      uniqueType: [90mundefined[39m,
      dataType: [32m'number'[39m,
      columnType: [32m'PgInteger'[39m,
      enumValues: [90mundefined[39m,
      generated: [90mundefined[39m,
      generatedIdentity: [90mundefined[39m,
      config: [36m[Object][39m,
      table: [36m[Circular *1][39m
    },
    strictGeofence: PgBoolean {
      name: [32m'strict_geofence'[39m,
      keyAsName: [33mfalse[39m,
      primary: [33mfalse[39m,
      notNull: [33mtrue[39m,
      default: [33mfalse[39m,
      defaultFn: [90mundefined[39m,
      onUpdateFn: [90mundefined[39m,
      hasDefault: [33mtrue[39m,
      isUnique: [33mfalse[39m,
      uniqueName: [32m'clinical_site_locations_strict_geofence_unique'[39m,
      uniqueType: [90mundefined[39m,
      dataType: [32m'boolean'[39m,
      columnType: [32m'PgBoolean'[39m,
      enumValues: [90mundefined[39m,
      generated: [90mundefined[39m,
      generatedIdentity: [90mundefined[39m,
      config: [36m[Object][39m,
      table: [36m[Circular *1][39m
    },
    isActive: PgBoolean {
      name: [32m'is_active'[39m,
      keyAsName: [33mfalse[39m,
      primary: [33mfalse[39m,
      notNull: [33mtrue[39m,
      default: [33mtrue[39m,
      defaultFn: [90mundefined[39m,
      onUpdateFn: [90mundefined[39m,
      hasDefault: [33mtrue[39m,
      isUnique: [33mfalse[39m,
      uniqueName: [32m'clinical_site_locations_is_active_unique'[39m,
      uniqueType: [90mundefined[39m,
      dataType: [32m'boolean'[39m,
      columnType: [32m'PgBoolean'[39m,
      enumValues: [90mundefined[39m,
      generated: [90mundefined[39m,
      generatedIdentity: [90mundefined[39m,
      config: [36m[Object][39m,
      table: [36m[Circular *1][39m
    },
    isPrimary: PgBoolean {
      name: [32m'is_primary'[39m,
      keyAsName: [33mfalse[39m,
      primary: [33mfalse[39m,
      notNull: [33mtrue[39m,
      default: [33mfalse[39m,
      defaultFn: [90mundefined[39m,
      onUpdateFn: [90mundefined[39m,
      hasDefault: [33mtrue[39m,
      isUnique: [33mfalse[39m,
      uniqueName: [32m'clinical_site_locations_is_primary_unique'[39m,
      uniqueType: [90mundefined[39m,
      dataType: [32m'boolean'[39m,
      columnType: [32m'PgBoolean'[39m,
      enumValues: [90mundefined[39m,
      generated: [90mundefined[39m,
      generatedIdentity: [90mundefined[39m,
      config: [36m[Object][39m,
      table: [36m[Circular *1][39m
    },
    description: PgText {
      name: [32m'description'[39m,
      keyAsName: [33mfalse[39m,
      primary: [33mfalse[39m,
      notNull: [33mfalse[39m,
      default: [90mundefined[39m,
      defaultFn: [90mundefined[39m,
      onUpdateFn: [90mundefined[39m,
      hasDefault: [33mfalse[39m,
      isUnique: [33mfalse[39m,
      uniqueName: [32m'clinical_site_locations_description_unique'[39m,
      uniqueType: [90mundefined[39m,
      dataType: [32m'string'[39m,
      columnType: [32m'PgText'[39m,
      enumValues: [90mundefined[39m,
      generated: [90mundefined[39m,
      generatedIdentity: [90mundefined[39m,
      config: [36m[Object][39m,
      table: [36m[Circular *1][39m
    },
    floor: PgText {
      name: [32m'floor'[39m,
      keyAsName: [33mfalse[39m,
      primary: [33mfalse[39m,
      notNull: [33mfalse[39m,
      default: [90mundefined[39m,
      defaultFn: [90mundefined[39m,
      onUpdateFn: [90mundefined[39m,
      hasDefault: [33mfalse[39m,
      isUnique: [33mfalse[39m,
      uniqueName: [32m'clinical_site_locations_floor_unique'[39m,
      uniqueType: [90mundefined[39m,
      dataType: [32m'string'[39m,
      columnType: [32m'PgText'[39m,
      enumValues: [90mundefined[39m,
      generated: [90mundefined[39m,
      generatedIdentity: [90mundefined[39m,
      config: [36m[Object][39m,
      table: [36m[Circular *1][39m
    },
    department: PgText {
      name: [32m'department'[39m,
      keyAsName: [33mfalse[39m,
      primary: [33mfalse[39m,
      notNull: [33mfalse[39m,
      default: [90mundefined[39m,
      defaultFn: [90mundefined[39m,
      onUpdateFn: [90mundefined[39m,
      hasDefault: [33mfalse[39m,
      isUnique: [33mfalse[39m,
      uniqueName: [32m'clinical_site_locations_department_unique'[39m,
      uniqueType: [90mundefined[39m,
      dataType: [32m'string'[39m,
      columnType: [32m'PgText'[39m,
      enumValues: [90mundefined[39m,
      generated: [90mundefined[39m,
      generatedIdentity: [90mundefined[39m,
      config: [36m[Object][39m,
      table: [36m[Circular *1][39m
    },
    createdAt: PgTimestamp {
      name: [32m'created_at'[39m,
      keyAsName: [33mfalse[39m,
      primary: [33mfalse[39m,
      notNull: [33mtrue[39m,
      default: [36m[SQL][39m,
      defaultFn: [90mundefined[39m,
      onUpdateFn: [90mundefined[39m,
      hasDefault: [33mtrue[39m,
      isUnique: [33mfalse[39m,
      uniqueName: [32m'clinical_site_locations_created_at_unique'[39m,
      uniqueType: [90mundefined[39m,
      dataType: [32m'date'[39m,
      columnType: [32m'PgTimestamp'[39m,
      enumValues: [90mundefined[39m,
      generated: [90mundefined[39m,
      generatedIdentity: [90mundefined[39m,
      config: [36m[Object][39m,
      table: [36m[Circular *1][39m,
      withTimezone: [33mtrue[39m,
      precision: [90mundefined[39m,
      mapFromDriverValue: [36m[Function: mapFromDriverValue][39m,
      mapToDriverValue: [36m[Function: mapToDriverValue][39m
    },
    updatedAt: PgTimestamp {
      name: [32m'updated_at'[39m,
      keyAsName: [33mfalse[39m,
      primary: [33mfalse[39m,
      notNull: [33mtrue[39m,
      default: [36m[SQL][39m,
      defaultFn: [90mundefined[39m,
      onUpdateFn: [90mundefined[39m,
      hasDefault: [33mtrue[39m,
      isUnique: [33mfalse[39m,
      uniqueName: [32m'clinical_site_locations_updated_at_unique'[39m,
      uniqueType: [90mundefined[39m,
      dataType: [32m'date'[39m,
      columnType: [32m'PgTimestamp'[39m,
      enumValues: [90mundefined[39m,
      generated: [90mundefined[39m,
      generatedIdentity: [90mundefined[39m,
      config: [36m[Object][39m,
      table: [36m[Circular *1][39m,
      withTimezone: [33mtrue[39m,
      precision: [90mundefined[39m,
      mapFromDriverValue: [36m[Function: mapFromDriverValue][39m,
      mapToDriverValue: [36m[Function: mapToDriverValue][39m
    }
  },
  [32mSymbol(drizzle:ExtraConfigColumns)[39m: {
    id: ExtraConfigColumn {
      name: [32m'id'[39m,
      keyAsName: [33mfalse[39m,
      primary: [33mtrue[39m,
      notNull: [33mtrue[39m,
      default: [90mundefined[39m,
      defaultFn: [36m[Function (anonymous)][39m,
      onUpdateFn: [90mundefined[39m,
      hasDefault: [33mtrue[39m,
      isUnique: [33mfalse[39m,
      uniqueName: [32m'clinical_site_locations_id_unique'[39m,
      uniqueType: [90mundefined[39m,
      dataType: [32m'string'[39m,
      columnType: [32m'PgText'[39m,
      enumValues: [90mundefined[39m,
      generated: [90mundefined[39m,
      generatedIdentity: [90mundefined[39m,
      config: [36m[Object][39m,
      table: [36m[Circular *1][39m,
      indexConfig: [36m[Object][39m,
      defaultConfig: [36m[Object][39m
    },
    clinicalSiteId: ExtraConfigColumn {
      name: [32m'clinical_site_id'[39m,
      keyAsName: [33mfalse[39m,
      primary: [33mfalse[39m,
      notNull: [33mtrue[39m,
      default: [90mundefined[39m,
      defaultFn: [90mundefined[39m,
      onUpdateFn: [90mundefined[39m,
      hasDefault: [33mfalse[39m,
      isUnique: [33mfalse[39m,
      uniqueName: [32m'clinical_site_locations_clinical_site_id_unique'[39m,
      uniqueType: [90mundefined[39m,
      dataType: [32m'string'[39m,
      columnType: [32m'PgText'[39m,
      enumValues: [90mundefined[39m,
      generated: [90mundefined[39m,
      generatedIdentity: [90mundefined[39m,
      config: [36m[Object][39m,
      table: [36m[Circular *1][39m,
      indexConfig: [36m[Object][39m,
      defaultConfig: [36m[Object][39m
    },
    name: ExtraConfigColumn {
      name: [32m'name'[39m,
      keyAsName: [33mfalse[39m,
      primary: [33mfalse[39m,
      notNull: [33mtrue[39m,
      default: [90mundefined[39m,
      defaultFn: [90mundefined[39m,
      onUpdateFn: [90mundefined[39m,
      hasDefault: [33mfalse[39m,
      isUnique: [33mfalse[39m,
      uniqueName: [32m'clinical_site_locations_name_unique'[39m,
      uniqueType: [90mundefined[39m,
      dataType: [32m'string'[39m,
      columnType: [32m'PgText'[39m,
      enumValues: [90mundefined[39m,
      generated: [90mundefined[39m,
      generatedIdentity: [90mundefined[39m,
      config: [36m[Object][39m,
      table: [36m[Circular *1][39m,
      indexConfig: [36m[Object][39m,
      defaultConfig: [36m[Object][39m
    },
    latitude: ExtraConfigColumn {
      name: [32m'latitude'[39m,
      keyAsName: [33mfalse[39m,
      primary: [33mfalse[39m,
      notNull: [33mtrue[39m,
      default: [90mundefined[39m,
      defaultFn: [90mundefined[39m,
      onUpdateFn: [90mundefined[39m,
      hasDefault: [33mfalse[39m,
      isUnique: [33mfalse[39m,
      uniqueName: [32m'clinical_site_locations_latitude_unique'[39m,
      uniqueType: [90mundefined[39m,
      dataType: [32m'string'[39m,
      columnType: [32m'PgNumeric'[39m,
      enumValues: [90mundefined[39m,
      generated: [90mundefined[39m,
      generatedIdentity: [90mundefined[39m,
      config: [36m[Object][39m,
      table: [36m[Circular *1][39m,
      indexConfig: [36m[Object][39m,
      defaultConfig: [36m[Object][39m
    },
    longitude: ExtraConfigColumn {
      name: [32m'longitude'[39m,
      keyAsName: [33mfalse[39m,
      primary: [33mfalse[39m,
      notNull: [33mtrue[39m,
      default: [90mundefined[39m,
      defaultFn: [90mundefined[39m,
      onUpdateFn: [90mundefined[39m,
      hasDefault: [33mfalse[39m,
      isUnique: [33mfalse[39m,
      uniqueName: [32m'clinical_site_locations_longitude_unique'[39m,
      uniqueType: [90mundefined[39m,
      dataType: [32m'string'[39m,
      columnType: [32m'PgNumeric'[39m,
      enumValues: [90mundefined[39m,
      generated: [90mundefined[39m,
      generatedIdentity: [90mundefined[39m,
      config: [36m[Object][39m,
      table: [36m[Circular *1][39m,
      indexConfig: [36m[Object][39m,
      defaultConfig: [36m[Object][39m
    },
    radius: ExtraConfigColumn {
      name: [32m'radius'[39m,
      keyAsName: [33mfalse[39m,
      primary: [33mfalse[39m,
      notNull: [33mtrue[39m,
      default: [33m100[39m,
      defaultFn: [90mundefined[39m,
      onUpdateFn: [90mundefined[39m,
      hasDefault: [33mtrue[39m,
      isUnique: [33mfalse[39m,
      uniqueName: [32m'clinical_site_locations_radius_unique'[39m,
      uniqueType: [90mundefined[39m,
      dataType: [32m'number'[39m,
      columnType: [32m'PgInteger'[39m,
      enumValues: [90mundefined[39m,
      generated: [90mundefined[39m,
      generatedIdentity: [90mundefined[39m,
      config: [36m[Object][39m,
      table: [36m[Circular *1][39m,
      indexConfig: [36m[Object][39m,
      defaultConfig: [36m[Object][39m
    },
    strictGeofence: ExtraConfigColumn {
      name: [32m'strict_geofence'[39m,
      keyAsName: [33mfalse[39m,
      primary: [33mfalse[39m,
      notNull: [33mtrue[39m,
      default: [33mfalse[39m,
      defaultFn: [90mundefined[39m,
      onUpdateFn: [90mundefined[39m,
      hasDefault: [33mtrue[39m,
      isUnique: [33mfalse[39m,
      uniqueName: [32m'clinical_site_locations_strict_geofence_unique'[39m,
      uniqueType: [90mundefined[39m,
      dataType: [32m'boolean'[39m,
      columnType: [32m'PgBoolean'[39m,
      enumValues: [90mundefined[39m,
      generated: [90mundefined[39m,
      generatedIdentity: [90mundefined[39m,
      config: [36m[Object][39m,
      table: [36m[Circular *1][39m,
      indexConfig: [36m[Object][39m,
      defaultConfig: [36m[Object][39m
    },
    isActive: ExtraConfigColumn {
      name: [32m'is_active'[39m,
      keyAsName: [33mfalse[39m,
      primary: [33mfalse[39m,
      notNull: [33mtrue[39m,
      default: [33mtrue[39m,
      defaultFn: [90mundefined[39m,
      onUpdateFn: [90mundefined[39m,
      hasDefault: [33mtrue[39m,
      isUnique: [33mfalse[39m,
      uniqueName: [32m'clinical_site_locations_is_active_unique'[39m,
      uniqueType: [90mundefined[39m,
      dataType: [32m'boolean'[39m,
      columnType: [32m'PgBoolean'[39m,
      enumValues: [90mundefined[39m,
      generated: [90mundefined[39m,
      generatedIdentity: [90mundefined[39m,
      config: [36m[Object][39m,
      table: [36m[Circular *1][39m,
      indexConfig: [36m[Object][39m,
      defaultConfig: [36m[Object][39m
    },
    isPrimary: ExtraConfigColumn {
      name: [32m'is_primary'[39m,
      keyAsName: [33mfalse[39m,
      primary: [33mfalse[39m,
      notNull: [33mtrue[39m,
      default: [33mfalse[39m,
      defaultFn: [90mundefined[39m,
      onUpdateFn: [90mundefined[39m,
      hasDefault: [33mtrue[39m,
      isUnique: [33mfalse[39m,
      uniqueName: [32m'clinical_site_locations_is_primary_unique'[39m,
      uniqueType: [90mundefined[39m,
      dataType: [32m'boolean'[39m,
      columnType: [32m'PgBoolean'[39m,
      enumValues: [90mundefined[39m,
      generated: [90mundefined[39m,
      generatedIdentity: [90mundefined[39m,
      config: [36m[Object][39m,
      table: [36m[Circular *1][39m,
      indexConfig: [36m[Object][39m,
      defaultConfig: [36m[Object][39m
    },
    description: ExtraConfigColumn {
      name: [32m'description'[39m,
      keyAsName: [33mfalse[39m,
      primary: [33mfalse[39m,
      notNull: [33mfalse[39m,
      default: [90mundefined[39m,
      defaultFn: [90mundefined[39m,
      onUpdateFn: [90mundefined[39m,
      hasDefault: [33mfalse[39m,
      isUnique: [33mfalse[39m,
      uniqueName: [32m'clinical_site_locations_description_unique'[39m,
      uniqueType: [90mundefined[39m,
      dataType: [32m'string'[39m,
      columnType: [32m'PgText'[39m,
      enumValues: [90mundefined[39m,
      generated: [90mundefined[39m,
      generatedIdentity: [90mundefined[39m,
      config: [36m[Object][39m,
      table: [36m[Circular *1][39m,
      indexConfig: [36m[Object][39m,
      defaultConfig: [36m[Object][39m
    },
    floor: ExtraConfigColumn {
      name: [32m'floor'[39m,
      keyAsName: [33mfalse[39m,
      primary: [33mfalse[39m,
      notNull: [33mfalse[39m,
      default: [90mundefined[39m,
node.exe : [90mstderr[2m | src/test/workflows/facility-management.test.ts[2m > [22m[2mFacility Management Workflow[2m > 
[22m[2mshould update an existing facility
At line:1 char:1
+ & "C:\Program Files\nodejs/node.exe" "C:\Program Files\nodejs/node_mo ...
+ ~~~~~~~~~~~~~~~~~~~~~~~~~~~~~~~~~~~~~~~~~~~~~~~~~~~~~~~~~~~~~~~~~~~~~
    + CategoryInfo          : NotSpecified: ([90mstderr[2m...isting facility:String) [], RemoteException
    + FullyQualifiedErrorId : NativeCommandError
 
[22m[39m[MockDB] Could not resolve table name for: [36m<ref *1>[39m PgTable {
  id: PgText {
    name: [32m'id'[39m,
    keyAsName: [33mfalse[39m,
    primary: [33mtrue[39m,
    notNull: [33mtrue[39m,
    default: [90mundefined[39m,
    defaultFn: [36m[Function (anonymous)][39m,
    onUpdateFn: [90mundefined[39m,
    hasDefault: [33mtrue[39m,
    isUnique: [33mfalse[39m,
    uniqueName: [32m'facility_management_id_unique'[39m,
    uniqueType: [90mundefined[39m,
    dataType: [32m'string'[39m,
    columnType: [32m'PgText'[39m,
    enumValues: [90mundefined[39m,
    generated: [90mundefined[39m,
    generatedIdentity: [90mundefined[39m,
    config: {
      name: [32m'id'[39m,
      keyAsName: [33mfalse[39m,
      notNull: [33mtrue[39m,
      default: [90mundefined[39m,
      hasDefault: [33mtrue[39m,
      primaryKey: [33mtrue[39m,
      isUnique: [33mfalse[39m,
      uniqueName: [32m'facility_management_id_unique'[39m,
      uniqueType: [90mundefined[39m,
      dataType: [32m'string'[39m,
      columnType: [32m'PgText'[39m,
      generated: [90mundefined[39m,
      enumValues: [90mundefined[39m,
      defaultFn: [36m[Function (anonymous)][39m
    },
    table: [36m[Circular *1][39m
  },
  facilityName: PgText {
    name: [32m'facility_name'[39m,
    keyAsName: [33mfalse[39m,
    primary: [33mfalse[39m,
    notNull: [33mtrue[39m,
    default: [90mundefined[39m,
    defaultFn: [90mundefined[39m,
    onUpdateFn: [90mundefined[39m,
      defaultFn: [90mundefined[39m,
      onUpdateFn: [90mundefined[39m,
      hasDefault: [33mfalse[39m,
      isUnique: [33mfalse[39m,
      uniqueName: [32m'clinical_site_locations_floor_unique'[39m,
      uniqueType: [90mundefined[39m,
      dataType: [32m'string'[39m,
      columnType: [32m'PgText'[39m,
      enumValues: [90mundefined[39m,
      generated: [90mundefined[39m,
      generatedIdentity: [90mundefined[39m,
      config: [36m[Object][39m,
      table: [36m[Circular *1][39m,
      indexConfig: [36m[Object][39m,
      defaultConfig: [36m[Object][39m
    },
    department: ExtraConfigColumn {
      name: [32m'department'[39m,
      keyAsName: [33mfalse[39m,
      primary: [33mfalse[39m,
      notNull: [33mfalse[39m,
      default: [90mundefined[39m,
      defaultFn: [90mundefined[39m,
      onUpdateFn: [90mundefined[39m,
      hasDefault: [33mfalse[39m,
      isUnique: [33mfalse[39m,
      uniqueName: [32m'clinical_site_locations_department_unique'[39m,
      uniqueType: [90mundefined[39m,
      dataType: [32m'string'[39m,
      columnType: [32m'PgText'[39m,
      enumValues: [90mundefined[39m,
      generated: [90mundefined[39m,
      generatedIdentity: [90mundefined[39m,
      config: [36m[Object][39m,
      table: [36m[Circular *1][39m,
      indexConfig: [36m[Object][39m,
      defaultConfig: [36m[Object][39m
    },
    createdAt: ExtraConfigColumn {
      name: [32m'created_at'[39m,
      keyAsName: [33mfalse[39m,
      primary: [33mfalse[39m,
      notNull: [33mtrue[39m,
      default: [36m[SQL][39m,
      defaultFn: [90mundefined[39m,
      onUpdateFn: [90mundefined[39m,
      hasDefault: [33mtrue[39m,
      isUnique: [33mfalse[39m,
      uniqueName: [32m'clinical_site_locations_created_at_unique'[39m,
      uniqueType: [90mundefined[39m,
      dataType: [32m'date'[39m,
      columnType: [32m'PgTimestamp'[39m,
      enumValues: [90mundefined[39m,
      generated: [90mundefined[39m,
      generatedIdentity: [90mundefined[39m,
      config: [36m[Object][39m,
      table: [36m[Circular *1][39m,
      indexConfig: [36m[Object][39m,
      defaultConfig: [36m[Object][39m
    },
    updatedAt: ExtraConfigColumn {
      name: [32m'updated_at'[39m,
      keyAsName: [33mfalse[39m,
      primary: [33mfalse[39m,
      notNull: [33mtrue[39m,
      default: [36m[SQL][39m,
      defaultFn: [90mundefined[39m,
      onUpdateFn: [90mundefined[39m,
      hasDefault: [33mtrue[39m,
      isUnique: [33mfalse[39m,
      uniqueName: [32m'clinical_site_locations_updated_at_unique'[39m,
      uniqueType: [90mundefined[39m,
      dataType: [32m'date'[39m,
      columnType: [32m'PgTimestamp'[39m,
      enumValues: [90mundefined[39m,
      generated: [90mundefined[39m,
      generatedIdentity: [90mundefined[39m,
      config: [36m[Object][39m,
      table: [36m[Circular *1][39m,
      indexConfig: [36m[Object][39m,
      defaultConfig: [36m[Object][39m
    }
  },
  [32mSymbol(drizzle:BaseName)[39m: [32m'clinical_site_locations'[39m,
  [32mSymbol(drizzle:IsAlias)[39m: [33mfalse[39m,
    hasDefault: [33mfalse[39m,
    isUnique: [33mfalse[39m,
    uniqueName: [32m'facility_management_facility_name_unique'[39m,
    uniqueType: [90mundefined[39m,
    dataType: [32m'string'[39m,
    columnType: [32m'PgText'[39m,
    enumValues: [90mundefined[39m,
    generated: [90mundefined[39m,
    generatedIdentity: [90mundefined[39m,
    config: {
      name: [32m'facility_name'[39m,
      keyAsName: [33mfalse[39m,
      notNull: [33mtrue[39m,
      default: [90mundefined[39m,
      hasDefault: [33mfalse[39m,
      primaryKey: [33mfalse[39m,
      isUnique: [33mfalse[39m,
      uniqueName: [32m'facility_management_facility_name_unique'[39m,
      uniqueType: [90mundefined[39m,
  [32mSymbol(drizzle:IsDrizzleTable)[39m: [33mtrue[39m,
  [32mSymbol(drizzle:ExtraConfigBuilder)[39m: [90mundefined[39m,
  [32mSymbol(drizzle:PgInlineForeignKeys)[39m: [
    ForeignKey {
      reference: [36m[Function (anonymous)][39m,
      onUpdate: [32m'no action'[39m,
      onDelete: [32m'cascade'[39m,
      table: [36m[Circular *1][39m
    }
  ],
  [32mSymbol(drizzle:EnableRLS)[39m: [33mfalse[39m
}
[MockDB k5sbt9] Inserting into table: clinical_site_locations

      dataType: [32m'string'[39m,
      columnType: [32m'PgText'[39m,
      generated: [90mundefined[39m,
      enumValues: [90mundefined[39m
    },
    table: [36m[Circular *1][39m
  },
  facilityType: PgText {
    name: [32m'facility_type'[39m,
    keyAsName: [33mfalse[39m,
    primary: [33mfalse[39m,
    notNull: [33mtrue[39m,
    default: [90mundefined[39m,
    defaultFn: [90mundefined[39m,
    onUpdateFn: [90mundefined[39m,
    hasDefault: [33mfalse[39m,
    isUnique: [33mfalse[39m,
    uniqueName: [32m'facility_management_facility_type_unique'[39m,
    uniqueType: [90mundefined[39m,
    dataType: [32m'string'[39m,
    columnType: [32m'PgText'[39m,
    enumValues: [
      [32m'hospital'[39m,
      [32m'clinic'[39m,
      [32m'nursing_home'[39m,
      [32m'outpatient'[39m,
      [32m'emergency'[39m,
      [32m'pharmacy'[39m,
      [32m'laboratory'[39m,
      [32m'other'[39m
    ],
    generated: [90mundefined[39m,
    generatedIdentity: [90mundefined[39m,
    config: {
      name: [32m'facility_type'[39m,
      keyAsName: [33mfalse[39m,
      notNull: [33mtrue[39m,
      default: [90mundefined[39m,
      hasDefault: [33mfalse[39m,
      primaryKey: [33mfalse[39m,
      isUnique: [33mfalse[39m,
      uniqueName: [32m'facility_management_facility_type_unique'[39m,
      uniqueType: [90mundefined[39m,
      dataType: [32m'string'[39m,
      columnType: [32m'PgText'[39m,
      generated: [90mundefined[39m,
      enumValues: [36m[Array][39m
    },
    table: [36m[Circular *1][39m
  },
  address: PgText {
    name: [32m'address'[39m,
    keyAsName: [33mfalse[39m,
    primary: [33mfalse[39m,
    notNull: [33mtrue[39m,
    default: [90mundefined[39m,
    defaultFn: [90mundefined[39m,
    onUpdateFn: [90mundefined[39m,
    hasDefault: [33mfalse[39m,
    isUnique: [33mfalse[39m,
    uniqueName: [32m'facility_management_address_unique'[39m,
    uniqueType: [90mundefined[39m,
    dataType: [32m'string'[39m,
    columnType: [32m'PgText'[39m,
    enumValues: [90mundefined[39m,
    generated: [90mundefined[39m,
    generatedIdentity: [90mundefined[39m,
    config: {
      name: [32m'address'[39m,
      keyAsName: [33mfalse[39m,
      notNull: [33mtrue[39m,
      default: [90mundefined[39m,
      hasDefault: [33mfalse[39m,
      primaryKey: [33mfalse[39m,
      isUnique: [33mfalse[39m,
      uniqueName: [32m'facility_management_address_unique'[39m,
      uniqueType: [90mundefined[39m,
      dataType: [32m'string'[39m,
      columnType: [32m'PgText'[39m,
      generated: [90mundefined[39m,
      enumValues: [90mundefined[39m
    },
    table: [36m[Circular *1][39m
  },
  latitude: PgNumeric {
    name: [32m'latitude'[39m,
    keyAsName: [33mfalse[39m,
    primary: [33mfalse[39m,
    notNull: [33mtrue[39m,
    default: [90mundefined[39m,
    defaultFn: [90mundefined[39m,
    onUpdateFn: [90mundefined[39m,
    hasDefault: [33mfalse[39m,
    isUnique: [33mfalse[39m,
    uniqueName: [32m'facility_management_latitude_unique'[39m,
    uniqueType: [90mundefined[39m,
    dataType: [32m'string'[39m,
    columnType: [32m'PgNumeric'[39m,
    enumValues: [90mundefined[39m,
    generated: [90mundefined[39m,
    generatedIdentity: [90mundefined[39m,
    config: {
      name: [32m'latitude'[39m,
      keyAsName: [33mfalse[39m,
      notNull: [33mtrue[39m,
      default: [90mundefined[39m,
      hasDefault: [33mfalse[39m,
      primaryKey: [33mfalse[39m,
      isUnique: [33mfalse[39m,
      uniqueName: [32m'facility_management_latitude_unique'[39m,
      uniqueType: [90mundefined[39m,
      dataType: [32m'string'[39m,
      columnType: [32m'PgNumeric'[39m,
      generated: [90mundefined[39m,
      precision: [33m10[39m,
      scale: [33m8[39m
    },
    table: [36m[Circular *1][39m,
    precision: [33m10[39m,
    scale: [33m8[39m
  },
  longitude: PgNumeric {
    name: [32m'longitude'[39m,
    keyAsName: [33mfalse[39m,
    primary: [33mfalse[39m,
    notNull: [33mtrue[39m,
    default: [90mundefined[39m,
    defaultFn: [90mundefined[39m,
    onUpdateFn: [90mundefined[39m,
    hasDefault: [33mfalse[39m,
    isUnique: [33mfalse[39m,
    uniqueName: [32m'facility_management_longitude_unique'[39m,
    uniqueType: [90mundefined[39m,
    dataType: [32m'string'[39m,
    columnType: [32m'PgNumeric'[39m,
    enumValues: [90mundefined[39m,
    generated: [90mundefined[39m,
    generatedIdentity: [90mundefined[39m,
    config: {
      name: [32m'longitude'[39m,
      keyAsName: [33mfalse[39m,
      notNull: [33mtrue[39m,
      default: [90mundefined[39m,
      hasDefault: [33mfalse[39m,
      primaryKey: [33mfalse[39m,
      isUnique: [33mfalse[39m,
      uniqueName: [32m'facility_management_longitude_unique'[39m,
      uniqueType: [90mundefined[39m,
      dataType: [32m'string'[39m,
      columnType: [32m'PgNumeric'[39m,
      generated: [90mundefined[39m,
      precision: [33m11[39m,
      scale: [33m8[39m
    },
    table: [36m[Circular *1][39m,
    precision: [33m11[39m,
    scale: [33m8[39m
  },
  geofenceRadius: PgInteger {
    name: [32m'geofence_radius'[39m,
    keyAsName: [33mfalse[39m,
    primary: [33mfalse[39m,
    notNull: [33mtrue[39m,
    default: [33m100[39m,
    defaultFn: [90mundefined[39m,
    onUpdateFn: [90mundefined[39m,
    hasDefault: [33mtrue[39m,
    isUnique: [33mfalse[39m,
    uniqueName: [32m'facility_management_geofence_radius_unique'[39m,
    uniqueType: [90mundefined[39m,
    dataType: [32m'number'[39m,
    columnType: [32m'PgInteger'[39m,
    enumValues: [90mundefined[39m,
    generated: [90mundefined[39m,
    generatedIdentity: [90mundefined[39m,
    config: {
      name: [32m'geofence_radius'[39m,
      keyAsName: [33mfalse[39m,
      notNull: [33mtrue[39m,
      default: [33m100[39m,
      hasDefault: [33mtrue[39m,
      primaryKey: [33mfalse[39m,
      isUnique: [33mfalse[39m,
      uniqueName: [32m'facility_management_geofence_radius_unique'[39m,
      uniqueType: [90mundefined[39m,
      dataType: [32m'number'[39m,
      columnType: [32m'PgInteger'[39m,
      generated: [90mundefined[39m
    },
    table: [36m[Circular *1][39m
  },
  strictGeofence: PgBoolean {
    name: [32m'strict_geofence'[39m,
    keyAsName: [33mfalse[39m,
    primary: [33mfalse[39m,
    notNull: [33mtrue[39m,
    default: [33mfalse[39m,
    defaultFn: [90mundefined[39m,
    onUpdateFn: [90mundefined[39m,
    hasDefault: [33mtrue[39m,
    isUnique: [33mfalse[39m,
    uniqueName: [32m'facility_management_strict_geofence_unique'[39m,
    uniqueType: [90mundefined[39m,
    dataType: [32m'boolean'[39m,
    columnType: [32m'PgBoolean'[39m,
    enumValues: [90mundefined[39m,
    generated: [90mundefined[39m,
    generatedIdentity: [90mundefined[39m,
    config: {
      name: [32m'strict_geofence'[39m,
      keyAsName: [33mfalse[39m,
      notNull: [33mtrue[39m,
      default: [33mfalse[39m,
      hasDefault: [33mtrue[39m,
      primaryKey: [33mfalse[39m,
      isUnique: [33mfalse[39m,
      uniqueName: [32m'facility_management_strict_geofence_unique'[39m,
      uniqueType: [90mundefined[39m,
      dataType: [32m'boolean'[39m,
      columnType: [32m'PgBoolean'[39m,
      generated: [90mundefined[39m
    },
    table: [36m[Circular *1][39m
  },
  isActive: PgBoolean {
    name: [32m'is_active'[39m,
    keyAsName: [33mfalse[39m,
    primary: [33mfalse[39m,
    notNull: [33mtrue[39m,
    default: [33mtrue[39m,
    defaultFn: [90mundefined[39m,
    onUpdateFn: [90mundefined[39m,
    hasDefault: [33mtrue[39m,
    isUnique: [33mfalse[39m,
    uniqueName: [32m'facility_management_is_active_unique'[39m,
    uniqueType: [90mundefined[39m,
    dataType: [32m'boolean'[39m,
    columnType: [32m'PgBoolean'[39m,
    enumValues: [90mundefined[39m,
    generated: [90mundefined[39m,
    generatedIdentity: [90mundefined[39m,
    config: {
      name: [32m'is_active'[39m,
      keyAsName: [33mfalse[39m,
      notNull: [33mtrue[39m,
      default: [33mtrue[39m,
      hasDefault: [33mtrue[39m,
      primaryKey: [33mfalse[39m,
      isUnique: [33mfalse[39m,
      uniqueName: [32m'facility_management_is_active_unique'[39m,
      uniqueType: [90mundefined[39m,
      dataType: [32m'boolean'[39m,
      columnType: [32m'PgBoolean'[39m,
      generated: [90mundefined[39m
    },
    table: [36m[Circular *1][39m
  },
  isCustom: PgBoolean {
    name: [32m'is_custom'[39m,
    keyAsName: [33mfalse[39m,
    primary: [33mfalse[39m,
    notNull: [33mtrue[39m,
    default: [33mfalse[39m,
    defaultFn: [90mundefined[39m,
    onUpdateFn: [90mundefined[39m,
    hasDefault: [33mtrue[39m,
    isUnique: [33mfalse[39m,
    uniqueName: [32m'facility_management_is_custom_unique'[39m,
    uniqueType: [90mundefined[39m,
    dataType: [32m'boolean'[39m,
    columnType: [32m'PgBoolean'[39m,
    enumValues: [90mundefined[39m,
    generated: [90mundefined[39m,
    generatedIdentity: [90mundefined[39m,
    config: {
      name: [32m'is_custom'[39m,
      keyAsName: [33mfalse[39m,
      notNull: [33mtrue[39m,
      default: [33mfalse[39m,
      hasDefault: [33mtrue[39m,
      primaryKey: [33mfalse[39m,
      isUnique: [33mfalse[39m,
      uniqueName: [32m'facility_management_is_custom_unique'[39m,
      uniqueType: [90mundefined[39m,
      dataType: [32m'boolean'[39m,
      columnType: [32m'PgBoolean'[39m,
      generated: [90mundefined[39m
    },
    table: [36m[Circular *1][39m
  },
  osmId: PgText {
    name: [32m'osm_id'[39m,
    keyAsName: [33mfalse[39m,
    primary: [33mfalse[39m,
    notNull: [33mfalse[39m,
    default: [90mundefined[39m,
    defaultFn: [90mundefined[39m,
    onUpdateFn: [90mundefined[39m,
    hasDefault: [33mfalse[39m,
    isUnique: [33mfalse[39m,
    uniqueName: [32m'facility_management_osm_id_unique'[39m,
    uniqueType: [90mundefined[39m,
    dataType: [32m'string'[39m,
    columnType: [32m'PgText'[39m,
    enumValues: [90mundefined[39m,
    generated: [90mundefined[39m,
    generatedIdentity: [90mundefined[39m,
    config: {
      name: [32m'osm_id'[39m,
      keyAsName: [33mfalse[39m,
      notNull: [33mfalse[39m,
      default: [90mundefined[39m,
      hasDefault: [33mfalse[39m,
      primaryKey: [33mfalse[39m,
      isUnique: [33mfalse[39m,
      uniqueName: [32m'facility_management_osm_id_unique'[39m,
      uniqueType: [90mundefined[39m,
      dataType: [32m'string'[39m,
      columnType: [32m'PgText'[39m,
      generated: [90mundefined[39m,
      enumValues: [90mundefined[39m
    },
    table: [36m[Circular *1][39m
  },
  priority: PgInteger {
    name: [32m'priority'[39m,
    keyAsName: [33mfalse[39m,
    primary: [33mfalse[39m,
    notNull: [33mtrue[39m,
    default: [33m0[39m,
    defaultFn: [90mundefined[39m,
    onUpdateFn: [90mundefined[39m,
    hasDefault: [33mtrue[39m,
    isUnique: [33mfalse[39m,
    uniqueName: [32m'facility_management_priority_unique'[39m,
    uniqueType: [90mundefined[39m,
    dataType: [32m'number'[39m,
    columnType: [32m'PgInteger'[39m,
    enumValues: [90mundefined[39m,
    generated: [90mundefined[39m,
    generatedIdentity: [90mundefined[39m,
    config: {
      name: [32m'priority'[39m,
      keyAsName: [33mfalse[39m,
      notNull: [33mtrue[39m,
      default: [33m0[39m,
      hasDefault: [33mtrue[39m,
      primaryKey: [33mfalse[39m,
      isUnique: [33mfalse[39m,
      uniqueName: [32m'facility_management_priority_unique'[39m,
      uniqueType: [90mundefined[39m,
      dataType: [32m'number'[39m,
      columnType: [32m'PgInteger'[39m,
      generated: [90mundefined[39m
    },
    table: [36m[Circular *1][39m
  },
  contactInfo: PgJsonb {
    name: [32m'contact_info'[39m,
    keyAsName: [33mfalse[39m,
    primary: [33mfalse[39m,
    notNull: [33mtrue[39m,
    default: {},
    defaultFn: [90mundefined[39m,
    onUpdateFn: [90mundefined[39m,
    hasDefault: [33mtrue[39m,
    isUnique: [33mfalse[39m,
    uniqueName: [32m'facility_management_contact_info_unique'[39m,
    uniqueType: [90mundefined[39m,
    dataType: [32m'json'[39m,
    columnType: [32m'PgJsonb'[39m,
    enumValues: [90mundefined[39m,
    generated: [90mundefined[39m,
    generatedIdentity: [90mundefined[39m,
    config: {
      name: [32m'contact_info'[39m,
      keyAsName: [33mfalse[39m,
      notNull: [33mtrue[39m,
      default: {},
      hasDefault: [33mtrue[39m,
      primaryKey: [33mfalse[39m,
      isUnique: [33mfalse[39m,
      uniqueName: [32m'facility_management_contact_info_unique'[39m,
      uniqueType: [90mundefined[39m,
      dataType: [32m'json'[39m,
      columnType: [32m'PgJsonb'[39m,
      generated: [90mundefined[39m
    },
    table: [36m[Circular *1][39m
  },
  operatingHours: PgJsonb {
    name: [32m'operating_hours'[39m,
    keyAsName: [33mfalse[39m,
    primary: [33mfalse[39m,
    notNull: [33mtrue[39m,
    default: {},
    defaultFn: [90mundefined[39m,
    onUpdateFn: [90mundefined[39m,
    hasDefault: [33mtrue[39m,
    isUnique: [33mfalse[39m,
    uniqueName: [32m'facility_management_operating_hours_unique'[39m,
    uniqueType: [90mundefined[39m,
    dataType: [32m'json'[39m,
    columnType: [32m'PgJsonb'[39m,
    enumValues: [90mundefined[39m,
    generated: [90mundefined[39m,
    generatedIdentity: [90mundefined[39m,
    config: {
      name: [32m'operating_hours'[39m,
      keyAsName: [33mfalse[39m,
      notNull: [33mtrue[39m,
      default: {},
      hasDefault: [33mtrue[39m,
      primaryKey: [33mfalse[39m,
      isUnique: [33mfalse[39m,
      uniqueName: [32m'facility_management_operating_hours_unique'[39m,
      uniqueType: [90mundefined[39m,
      dataType: [32m'json'[39m,
      columnType: [32m'PgJsonb'[39m,
      generated: [90mundefined[39m
    },
    table: [36m[Circular *1][39m
  },
  specialties: PgArray {
    name: [32m'specialties'[39m,
    keyAsName: [33mfalse[39m,
    primary: [33mfalse[39m,
    notNull: [33mtrue[39m,
    default: [],
    defaultFn: [90mundefined[39m,
    onUpdateFn: [90mundefined[39m,
    hasDefault: [33mtrue[39m,
    isUnique: [33mfalse[39m,
    uniqueName: [32m'facility_management_specialties_unique'[39m,
    uniqueType: [90mundefined[39m,
    dataType: [32m'array'[39m,
    columnType: [32m'PgArray'[39m,
    enumValues: [90mundefined[39m,
    generated: [90mundefined[39m,
    generatedIdentity: [90mundefined[39m,
    config: {
      name: [32m'specialties'[39m,
      keyAsName: [33mfalse[39m,
      notNull: [33mtrue[39m,
      default: [],
      hasDefault: [33mtrue[39m,
      primaryKey: [33mfalse[39m,
      isUnique: [33mfalse[39m,
      uniqueName: [32m'facility_management_specialties_unique'[39m,
      uniqueType: [90mundefined[39m,
      dataType: [32m'array'[39m,
      columnType: [32m'PgArray'[39m,
      generated: [90mundefined[39m,
      baseBuilder: [36m[PgTextBuilder][39m,
      size: [90mundefined[39m
    },
    table: [36m[Circular *1][39m,
    size: [90mundefined[39m,
    baseColumn: PgText {
      name: [32m'specialties'[39m,
      keyAsName: [33mfalse[39m,
      primary: [33mfalse[39m,
      notNull: [33mfalse[39m,
      default: [90mundefined[39m,
      defaultFn: [90mundefined[39m,
      onUpdateFn: [90mundefined[39m,
      hasDefault: [33mfalse[39m,
      isUnique: [33mfalse[39m,
      uniqueName: [32m'facility_management_specialties_unique'[39m,
      uniqueType: [90mundefined[39m,
      dataType: [32m'string'[39m,
      columnType: [32m'PgText'[39m,
      enumValues: [90mundefined[39m,
      generated: [90mundefined[39m,
      generatedIdentity: [90mundefined[39m,
      config: [36m[Object][39m,
      table: [36m[Circular *1][39m
    },
    range: [90mundefined[39m
  },
  notes: PgText {
    name: [32m'notes'[39m,
    keyAsName: [33mfalse[39m,
    primary: [33mfalse[39m,
    notNull: [33mfalse[39m,
    default: [90mundefined[39m,
    defaultFn: [90mundefined[39m,
    onUpdateFn: [90mundefined[39m,
    hasDefault: [33mfalse[39m,
    isUnique: [33mfalse[39m,
    uniqueName: [32m'facility_management_notes_unique'[39m,
    uniqueType: [90mundefined[39m,
    dataType: [32m'string'[39m,
    columnType: [32m'PgText'[39m,
    enumValues: [90mundefined[39m,
    generated: [90mundefined[39m,
    generatedIdentity: [90mundefined[39m,
    config: {
      name: [32m'notes'[39m,
      keyAsName: [33mfalse[39m,
      notNull: [33mfalse[39m,
      default: [90mundefined[39m,
      hasDefault: [33mfalse[39m,
      primaryKey: [33mfalse[39m,
      isUnique: [33mfalse[39m,
      uniqueName: [32m'facility_management_notes_unique'[39m,
      uniqueType: [90mundefined[39m,
      dataType: [32m'string'[39m,
      columnType: [32m'PgText'[39m,
      generated: [90mundefined[39m,
      enumValues: [90mundefined[39m
    },
    table: [36m[Circular *1][39m
  },
  schoolId: PgText {
    name: [32m'school_id'[39m,
    keyAsName: [33mfalse[39m,
    primary: [33mfalse[39m,
    notNull: [33mtrue[39m,
    default: [90mundefined[39m,
    defaultFn: [90mundefined[39m,
    onUpdateFn: [90mundefined[39m,
    hasDefault: [33mfalse[39m,
    isUnique: [33mfalse[39m,
    uniqueName: [32m'facility_management_school_id_unique'[39m,
    uniqueType: [90mundefined[39m,
    dataType: [32m'string'[39m,
    columnType: [32m'PgText'[39m,
    enumValues: [90mundefined[39m,
    generated: [90mundefined[39m,
    generatedIdentity: [90mundefined[39m,
    config: {
      name: [32m'school_id'[39m,
      keyAsName: [33mfalse[39m,
      notNull: [33mtrue[39m,
      default: [90mundefined[39m,
      hasDefault: [33mfalse[39m,
      primaryKey: [33mfalse[39m,
      isUnique: [33mfalse[39m,
      uniqueName: [32m'facility_management_school_id_unique'[39m,
      uniqueType: [90mundefined[39m,
      dataType: [32m'string'[39m,
      columnType: [32m'PgText'[39m,
      generated: [90mundefined[39m,
      enumValues: [90mundefined[39m
    },
    table: [36m[Circular *1][39m
  },
  createdBy: PgText {
    name: [32m'created_by'[39m,
    keyAsName: [33mfalse[39m,
    primary: [33mfalse[39m,
    notNull: [33mfalse[39m,
    default: [90mundefined[39m,
    defaultFn: [90mundefined[39m,
    onUpdateFn: [90mundefined[39m,
    hasDefault: [33mfalse[39m,
    isUnique: [33mfalse[39m,
    uniqueName: [32m'facility_management_created_by_unique'[39m,
    uniqueType: [90mundefined[39m,
    dataType: [32m'string'[39m,
    columnType: [32m'PgText'[39m,
    enumValues: [90mundefined[39m,
    generated: [90mundefined[39m,
    generatedIdentity: [90mundefined[39m,
    config: {
      name: [32m'created_by'[39m,
      keyAsName: [33mfalse[39m,
      notNull: [33mfalse[39m,
      default: [90mundefined[39m,
      hasDefault: [33mfalse[39m,
      primaryKey: [33mfalse[39m,
      isUnique: [33mfalse[39m,
      uniqueName: [32m'facility_management_created_by_unique'[39m,
      uniqueType: [90mundefined[39m,
      dataType: [32m'string'[39m,
      columnType: [32m'PgText'[39m,
      generated: [90mundefined[39m,
      enumValues: [90mundefined[39m
    },
    table: [36m[Circular *1][39m
  },
  clinicalSiteId: PgText {
    name: [32m'clinical_site_id'[39m,
    keyAsName: [33mfalse[39m,
    primary: [33mfalse[39m,
    notNull: [33mfalse[39m,
    default: [90mundefined[39m,
    defaultFn: [90mundefined[39m,
    onUpdateFn: [90mundefined[39m,
    hasDefault: [33mfalse[39m,
    isUnique: [33mfalse[39m,
    uniqueName: [32m'facility_management_clinical_site_id_unique'[39m,
    uniqueType: [90mundefined[39m,
    dataType: [32m'string'[39m,
    columnType: [32m'PgText'[39m,
    enumValues: [90mundefined[39m,
    generated: [90mundefined[39m,
    generatedIdentity: [90mundefined[39m,
    config: {
      name: [32m'clinical_site_id'[39m,
      keyAsName: [33mfalse[39m,
      notNull: [33mfalse[39m,
      default: [90mundefined[39m,
      hasDefault: [33mfalse[39m,
      primaryKey: [33mfalse[39m,
      isUnique: [33mfalse[39m,
      uniqueName: [32m'facility_management_clinical_site_id_unique'[39m,
      uniqueType: [90mundefined[39m,
      dataType: [32m'string'[39m,
      columnType: [32m'PgText'[39m,
      generated: [90mundefined[39m,
      enumValues: [90mundefined[39m
    },
    table: [36m[Circular *1][39m
  },
  createdAt: PgTimestamp {
    name: [32m'created_at'[39m,
    keyAsName: [33mfalse[39m,
    primary: [33mfalse[39m,
    notNull: [33mtrue[39m,
    default: SQL {
      decoder: [36m[Object][39m,
      shouldInlineParams: [33mfalse[39m,
      usedTables: [],
      queryChunks: [36m[Array][39m
    },
    defaultFn: [90mundefined[39m,
    onUpdateFn: [90mundefined[39m,
    hasDefault: [33mtrue[39m,
    isUnique: [33mfalse[39m,
    uniqueName: [32m'facility_management_created_at_unique'[39m,
    uniqueType: [90mundefined[39m,
    dataType: [32m'date'[39m,
    columnType: [32m'PgTimestamp'[39m,
    enumValues: [90mundefined[39m,
    generated: [90mundefined[39m,
    generatedIdentity: [90mundefined[39m,
    config: {
      name: [32m'created_at'[39m,
      keyAsName: [33mfalse[39m,
      notNull: [33mtrue[39m,
      default: [36m[SQL][39m,
      hasDefault: [33mtrue[39m,
      primaryKey: [33mfalse[39m,
      isUnique: [33mfalse[39m,
      uniqueName: [32m'facility_management_created_at_unique'[39m,
      uniqueType: [90mundefined[39m,
      dataType: [32m'date'[39m,
      columnType: [32m'PgTimestamp'[39m,
      generated: [90mundefined[39m,
      withTimezone: [33mtrue[39m,
      precision: [90mundefined[39m
    },
    table: [36m[Circular *1][39m,
    withTimezone: [33mtrue[39m,
    precision: [90mundefined[39m,
    mapFromDriverValue: [36m[Function: mapFromDriverValue][39m,
    mapToDriverValue: [36m[Function: mapToDriverValue][39m
  },
  updatedAt: PgTimestamp {
    name: [32m'updated_at'[39m,
    keyAsName: [33mfalse[39m,
    primary: [33mfalse[39m,
    notNull: [33mtrue[39m,
    default: SQL {
      decoder: [36m[Object][39m,
      shouldInlineParams: [33mfalse[39m,
      usedTables: [],
      queryChunks: [36m[Array][39m
    },
    defaultFn: [90mundefined[39m,
    onUpdateFn: [90mundefined[39m,
    hasDefault: [33mtrue[39m,
    isUnique: [33mfalse[39m,
    uniqueName: [32m'facility_management_updated_at_unique'[39m,
    uniqueType: [90mundefined[39m,
    dataType: [32m'date'[39m,
    columnType: [32m'PgTimestamp'[39m,
    enumValues: [90mundefined[39m,
    generated: [90mundefined[39m,
    generatedIdentity: [90mundefined[39m,
    config: {
      name: [32m'updated_at'[39m,
      keyAsName: [33mfalse[39m,
      notNull: [33mtrue[39m,
      default: [36m[SQL][39m,
      hasDefault: [33mtrue[39m,
      primaryKey: [33mfalse[39m,
      isUnique: [33mfalse[39m,
      uniqueName: [32m'facility_management_updated_at_unique'[39m,
      uniqueType: [90mundefined[39m,
      dataType: [32m'date'[39m,
      columnType: [32m'PgTimestamp'[39m,
      generated: [90mundefined[39m,
      withTimezone: [33mtrue[39m,
      precision: [90mundefined[39m
    },
    table: [36m[Circular *1][39m,
    withTimezone: [33mtrue[39m,
    precision: [90mundefined[39m,
    mapFromDriverValue: [36m[Function: mapFromDriverValue][39m,
    mapToDriverValue: [36m[Function: mapToDriverValue][39m
  },
  enableRLS: [36m[Function: enableRLS][39m,
  [32mSymbol(drizzle:Name)[39m: [32m'facility_management'[39m,
  [32mSymbol(drizzle:OriginalName)[39m: [32m'facility_management'[39m,
  [32mSymbol(drizzle:Schema)[39m: [90mundefined[39m,
  [32mSymbol(drizzle:Columns)[39m: {
    id: PgText {
      name: [32m'id'[39m,
      keyAsName: [33mfalse[39m,
      primary: [33mtrue[39m,
      notNull: [33mtrue[39m,
      default: [90mundefined[39m,
      defaultFn: [36m[Function (anonymous)][39m,
      onUpdateFn: [90mundefined[39m,
      hasDefault: [33mtrue[39m,
      isUnique: [33mfalse[39m,
      uniqueName: [32m'facility_management_id_unique'[39m,
      uniqueType: [90mundefined[39m,
      dataType: [32m'string'[39m,
      columnType: [32m'PgText'[39m,
      enumValues: [90mundefined[39m,
      generated: [90mundefined[39m,
      generatedIdentity: [90mundefined[39m,
      config: [36m[Object][39m,
      table: [36m[Circular *1][39m
    },
    facilityName: PgText {
      name: [32m'facility_name'[39m,
      keyAsName: [33mfalse[39m,
      primary: [33mfalse[39m,
      notNull: [33mtrue[39m,
      default: [90mundefined[39m,
      defaultFn: [90mundefined[39m,
      onUpdateFn: [90mundefined[39m,
      hasDefault: [33mfalse[39m,
      isUnique: [33mfalse[39m,
      uniqueName: [32m'facility_management_facility_name_unique'[39m,
      uniqueType: [90mundefined[39m,
      dataType: [32m'string'[39m,
      columnType: [32m'PgText'[39m,
      enumValues: [90mundefined[39m,
      generated: [90mundefined[39m,
      generatedIdentity: [90mundefined[39m,
      config: [36m[Object][39m,
      table: [36m[Circular *1][39m
    },
    facilityType: PgText {
      name: [32m'facility_type'[39m,
      keyAsName: [33mfalse[39m,
      primary: [33mfalse[39m,
      notNull: [33mtrue[39m,
      default: [90mundefined[39m,
      defaultFn: [90mundefined[39m,
      onUpdateFn: [90mundefined[39m,
      hasDefault: [33mfalse[39m,
      isUnique: [33mfalse[39m,
      uniqueName: [32m'facility_management_facility_type_unique'[39m,
      uniqueType: [90mundefined[39m,
      dataType: [32m'string'[39m,
      columnType: [32m'PgText'[39m,
      enumValues: [36m[Array][39m,
      generated: [90mundefined[39m,
      generatedIdentity: [90mundefined[39m,
      config: [36m[Object][39m,
      table: [36m[Circular *1][39m
    },
    address: PgText {
      name: [32m'address'[39m,
      keyAsName: [33mfalse[39m,
      primary: [33mfalse[39m,
      notNull: [33mtrue[39m,
      default: [90mundefined[39m,
      defaultFn: [90mundefined[39m,
      onUpdateFn: [90mundefined[39m,
      hasDefault: [33mfalse[39m,
      isUnique: [33mfalse[39m,
      uniqueName: [32m'facility_management_address_unique'[39m,
      uniqueType: [90mundefined[39m,
      dataType: [32m'string'[39m,
      columnType: [32m'PgText'[39m,
      enumValues: [90mundefined[39m,
      generated: [90mundefined[39m,
      generatedIdentity: [90mundefined[39m,
      config: [36m[Object][39m,
      table: [36m[Circular *1][39m
    },
    latitude: PgNumeric {
      name: [32m'latitude'[39m,
      keyAsName: [33mfalse[39m,
      primary: [33mfalse[39m,
      notNull: [33mtrue[39m,
      default: [90mundefined[39m,
      defaultFn: [90mundefined[39m,
      onUpdateFn: [90mundefined[39m,
      hasDefault: [33mfalse[39m,
      isUnique: [33mfalse[39m,
      uniqueName: [32m'facility_management_latitude_unique'[39m,
      uniqueType: [90mundefined[39m,
      dataType: [32m'string'[39m,
      columnType: [32m'PgNumeric'[39m,
      enumValues: [90mundefined[39m,
      generated: [90mundefined[39m,
      generatedIdentity: [90mundefined[39m,
      config: [36m[Object][39m,
      table: [36m[Circular *1][39m,
      precision: [33m10[39m,
      scale: [33m8[39m
    },
    longitude: PgNumeric {
      name: [32m'longitude'[39m,
      keyAsName: [33mfalse[39m,
      primary: [33mfalse[39m,
      notNull: [33mtrue[39m,
      default: [90mundefined[39m,
      defaultFn: [90mundefined[39m,
      onUpdateFn: [90mundefined[39m,
      hasDefault: [33mfalse[39m,
      isUnique: [33mfalse[39m,
      uniqueName: [32m'facility_management_longitude_unique'[39m,
      uniqueType: [90mundefined[39m,
      dataType: [32m'string'[39m,
      columnType: [32m'PgNumeric'[39m,
      enumValues: [90mundefined[39m,
      generated: [90mundefined[39m,
      generatedIdentity: [90mundefined[39m,
      config: [36m[Object][39m,
      table: [36m[Circular *1][39m,
      precision: [33m11[39m,
      scale: [33m8[39m
    },
    geofenceRadius: PgInteger {
      name: [32m'geofence_radius'[39m,
      keyAsName: [33mfalse[39m,
      primary: [33mfalse[39m,
      notNull: [33mtrue[39m,
      default: [33m100[39m,
      defaultFn: [90mundefined[39m,
      onUpdateFn: [90mundefined[39m,
      hasDefault: [33mtrue[39m,
      isUnique: [33mfalse[39m,
      uniqueName: [32m'facility_management_geofence_radius_unique'[39m,
      uniqueType: [90mundefined[39m,
      dataType: [32m'number'[39m,
      columnType: [32m'PgInteger'[39m,
      enumValues: [90mundefined[39m,
      generated: [90mundefined[39m,
      generatedIdentity: [90mundefined[39m,
      config: [36m[Object][39m,
      table: [36m[Circular *1][39m
    },
    strictGeofence: PgBoolean {
      name: [32m'strict_geofence'[39m,
      keyAsName: [33mfalse[39m,
      primary: [33mfalse[39m,
      notNull: [33mtrue[39m,
      default: [33mfalse[39m,
      defaultFn: [90mundefined[39m,
      onUpdateFn: [90mundefined[39m,
      hasDefault: [33mtrue[39m,
      isUnique: [33mfalse[39m,
      uniqueName: [32m'facility_management_strict_geofence_unique'[39m,
      uniqueType: [90mundefined[39m,
      dataType: [32m'boolean'[39m,
      columnType: [32m'PgBoolean'[39m,
      enumValues: [90mundefined[39m,
      generated: [90mundefined[39m,
      generatedIdentity: [90mundefined[39m,
      config: [36m[Object][39m,
      table: [36m[Circular *1][39m
    },
    isActive: PgBoolean {
      name: [32m'is_active'[39m,
      keyAsName: [33mfalse[39m,
      primary: [33mfalse[39m,
      notNull: [33mtrue[39m,
      default: [33mtrue[39m,
      defaultFn: [90mundefined[39m,
      onUpdateFn: [90mundefined[39m,
      hasDefault: [33mtrue[39m,
      isUnique: [33mfalse[39m,
      uniqueName: [32m'facility_management_is_active_unique'[39m,
      uniqueType: [90mundefined[39m,
      dataType: [32m'boolean'[39m,
      columnType: [32m'PgBoolean'[39m,
      enumValues: [90mundefined[39m,
      generated: [90mundefined[39m,
      generatedIdentity: [90mundefined[39m,
      config: [36m[Object][39m,
      table: [36m[Circular *1][39m
    },
    isCustom: PgBoolean {
      name: [32m'is_custom'[39m,
      keyAsName: [33mfalse[39m,
      primary: [33mfalse[39m,
      notNull: [33mtrue[39m,
      default: [33mfalse[39m,
      defaultFn: [90mundefined[39m,
      onUpdateFn: [90mundefined[39m,
      hasDefault: [33mtrue[39m,
      isUnique: [33mfalse[39m,
      uniqueName: [32m'facility_management_is_custom_unique'[39m,
      uniqueType: [90mundefined[39m,
      dataType: [32m'boolean'[39m,
      columnType: [32m'PgBoolean'[39m,
      enumValues: [90mundefined[39m,
      generated: [90mundefined[39m,
      generatedIdentity: [90mundefined[39m,
      config: [36m[Object][39m,
      table: [36m[Circular *1][39m
    },
    osmId: PgText {
      name: [32m'osm_id'[39m,
      keyAsName: [33mfalse[39m,
      primary: [33mfalse[39m,
      notNull: [33mfalse[39m,
      default: [90mundefined[39m,
      defaultFn: [90mundefined[39m,
      onUpdateFn: [90mundefined[39m,
      hasDefault: [33mfalse[39m,
      isUnique: [33mfalse[39m,
      uniqueName: [32m'facility_management_osm_id_unique'[39m,
      uniqueType: [90mundefined[39m,
      dataType: [32m'string'[39m,
      columnType: [32m'PgText'[39m,
      enumValues: [90mundefined[39m,
      generated: [90mundefined[39m,
      generatedIdentity: [90mundefined[39m,
      config: [36m[Object][39m,
      table: [36m[Circular *1][39m
    },
    priority: PgInteger {
      name: [32m'priority'[39m,
      keyAsName: [33mfalse[39m,
      primary: [33mfalse[39m,
      notNull: [33mtrue[39m,
      default: [33m0[39m,
      defaultFn: [90mundefined[39m,
      onUpdateFn: [90mundefined[39m,
      hasDefault: [33mtrue[39m,
      isUnique: [33mfalse[39m,
      uniqueName: [32m'facility_management_priority_unique'[39m,
      uniqueType: [90mundefined[39m,
      dataType: [32m'number'[39m,
      columnType: [32m'PgInteger'[39m,
      enumValues: [90mundefined[39m,
      generated: [90mundefined[39m,
      generatedIdentity: [90mundefined[39m,
      config: [36m[Object][39m,
      table: [36m[Circular *1][39m
    },
    contactInfo: PgJsonb {
      name: [32m'contact_info'[39m,
      keyAsName: [33mfalse[39m,
      primary: [33mfalse[39m,
      notNull: [33mtrue[39m,
      default: {},
      defaultFn: [90mundefined[39m,
      onUpdateFn: [90mundefined[39m,
      hasDefault: [33mtrue[39m,
      isUnique: [33mfalse[39m,
      uniqueName: [32m'facility_management_contact_info_unique'[39m,
      uniqueType: [90mundefined[39m,
      dataType: [32m'json'[39m,
      columnType: [32m'PgJsonb'[39m,
      enumValues: [90mundefined[39m,
      generated: [90mundefined[39m,
      generatedIdentity: [90mundefined[39m,
      config: [36m[Object][39m,
      table: [36m[Circular *1][39m
    },
    operatingHours: PgJsonb {
      name: [32m'operating_hours'[39m,
      keyAsName: [33mfalse[39m,
      primary: [33mfalse[39m,
      notNull: [33mtrue[39m,
      default: {},
      defaultFn: [90mundefined[39m,
      onUpdateFn: [90mundefined[39m,
      hasDefault: [33mtrue[39m,
      isUnique: [33mfalse[39m,
      uniqueName: [32m'facility_management_operating_hours_unique'[39m,
      uniqueType: [90mundefined[39m,
      dataType: [32m'json'[39m,
      columnType: [32m'PgJsonb'[39m,
      enumValues: [90mundefined[39m,
      generated: [90mundefined[39m,
      generatedIdentity: [90mundefined[39m,
      config: [36m[Object][39m,
      table: [36m[Circular *1][39m
    },
    specialties: PgArray {
      name: [32m'specialties'[39m,
      keyAsName: [33mfalse[39m,
      primary: [33mfalse[39m,
      notNull: [33mtrue[39m,
      default: [],
      defaultFn: [90mundefined[39m,
      onUpdateFn: [90mundefined[39m,
      hasDefault: [33mtrue[39m,
      isUnique: [33mfalse[39m,
      uniqueName: [32m'facility_management_specialties_unique'[39m,
      uniqueType: [90mundefined[39m,
      dataType: [32m'array'[39m,
      columnType: [32m'PgArray'[39m,
      enumValues: [90mundefined[39m,
      generated: [90mundefined[39m,
      generatedIdentity: [90mundefined[39m,
      config: [36m[Object][39m,
      table: [36m[Circular *1][39m,
      size: [90mundefined[39m,
      baseColumn: [36m[PgText][39m,
      range: [90mundefined[39m
    },
    notes: PgText {
      name: [32m'notes'[39m,
      keyAsName: [33mfalse[39m,
      primary: [33mfalse[39m,
      notNull: [33mfalse[39m,
      default: [90mundefined[39m,
      defaultFn: [90mundefined[39m,
      onUpdateFn: [90mundefined[39m,
      hasDefault: [33mfalse[39m,
      isUnique: [33mfalse[39m,
      uniqueName: [32m'facility_management_notes_unique'[39m,
      uniqueType: [90mundefined[39m,
      dataType: [32m'string'[39m,
      columnType: [32m'PgText'[39m,
      enumValues: [90mundefined[39m,
      generated: [90mundefined[39m,
      generatedIdentity: [90mundefined[39m,
      config: [36m[Object][39m,
      table: [36m[Circular *1][39m
    },
    schoolId: PgText {
      name: [32m'school_id'[39m,
      keyAsName: [33mfalse[39m,
      primary: [33mfalse[39m,
      notNull: [33mtrue[39m,
      default: [90mundefined[39m,
      defaultFn: [90mundefined[39m,
      onUpdateFn: [90mundefined[39m,
      hasDefault: [33mfalse[39m,
      isUnique: [33mfalse[39m,
      uniqueName: [32m'facility_management_school_id_unique'[39m,
      uniqueType: [90mundefined[39m,
      dataType: [32m'string'[39m,
      columnType: [32m'PgText'[39m,
      enumValues: [90mundefined[39m,
      generated: [90mundefined[39m,
      generatedIdentity: [90mundefined[39m,
      config: [36m[Object][39m,
      table: [36m[Circular *1][39m
    },
    createdBy: PgText {
      name: [32m'created_by'[39m,
      keyAsName: [33mfalse[39m,
      primary: [33mfalse[39m,
      notNull: [33mfalse[39m,
      default: [90mundefined[39m,
      defaultFn: [90mundefined[39m,
      onUpdateFn: [90mundefined[39m,
      hasDefault: [33mfalse[39m,
      isUnique: [33mfalse[39m,
      uniqueName: [32m'facility_management_created_by_unique'[39m,
      uniqueType: [90mundefined[39m,
      dataType: [32m'string'[39m,
      columnType: [32m'PgText'[39m,
      enumValues: [90mundefined[39m,
      generated: [90mundefined[39m,
      generatedIdentity: [90mundefined[39m,
      config: [36m[Object][39m,
      table: [36m[Circular *1][39m
    },
    clinicalSiteId: PgText {
      name: [32m'clinical_site_id'[39m,
      keyAsName: [33mfalse[39m,
      primary: [33mfalse[39m,
      notNull: [33mfalse[39m,
      default: [90mundefined[39m,
      defaultFn: [90mundefined[39m,
      onUpdateFn: [90mundefined[39m,
      hasDefault: [33mfalse[39m,
      isUnique: [33mfalse[39m,
      uniqueName: [32m'facility_management_clinical_site_id_unique'[39m,
      uniqueType: [90mundefined[39m,
      dataType: [32m'string'[39m,
      columnType: [32m'PgText'[39m,
      enumValues: [90mundefined[39m,
      generated: [90mundefined[39m,
      generatedIdentity: [90mundefined[39m,
      config: [36m[Object][39m,
      table: [36m[Circular *1][39m
    },
    createdAt: PgTimestamp {
      name: [32m'created_at'[39m,
      keyAsName: [33mfalse[39m,
      primary: [33mfalse[39m,
      notNull: [33mtrue[39m,
      default: [36m[SQL][39m,
      defaultFn: [90mundefined[39m,
      onUpdateFn: [90mundefined[39m,
      hasDefault: [33mtrue[39m,
      isUnique: [33mfalse[39m,
      uniqueName: [32m'facility_management_created_at_unique'[39m,
      uniqueType: [90mundefined[39m,
      dataType: [32m'date'[39m,
      columnType: [32m'PgTimestamp'[39m,
      enumValues: [90mundefined[39m,
      generated: [90mundefined[39m,
      generatedIdentity: [90mundefined[39m,
      config: [36m[Object][39m,
      table: [36m[Circular *1][39m,
      withTimezone: [33mtrue[39m,
      precision: [90mundefined[39m,
      mapFromDriverValue: [36m[Function: mapFromDriverValue][39m,
      mapToDriverValue: [36m[Function: mapToDriverValue][39m
    },
    updatedAt: PgTimestamp {
      name: [32m'updated_at'[39m,
      keyAsName: [33mfalse[39m,
      primary: [33mfalse[39m,
      notNull: [33mtrue[39m,
      default: [36m[SQL][39m,
      defaultFn: [90mundefined[39m,
      onUpdateFn: [90mundefined[39m,
      hasDefault: [33mtrue[39m,
      isUnique: [33mfalse[39m,
      uniqueName: [32m'facility_management_updated_at_unique'[39m,
      uniqueType: [90mundefined[39m,
      dataType: [32m'date'[39m,
      columnType: [32m'PgTimestamp'[39m,
      enumValues: [90mundefined[39m,
      generated: [90mundefined[39m,
      generatedIdentity: [90mundefined[39m,
      config: [36m[Object][39m,
      table: [36m[Circular *1][39m,
      withTimezone: [33mtrue[39m,
      precision: [90mundefined[39m,
      mapFromDriverValue: [36m[Function: mapFromDriverValue][39m,
      mapToDriverValue: [36m[Function: mapToDriverValue][39m
    }
  },
  [32mSymbol(drizzle:ExtraConfigColumns)[39m: {
    id: ExtraConfigColumn {
      name: [32m'id'[39m,
      keyAsName: [33mfalse[39m,
      primary: [33mtrue[39m,
      notNull: [33mtrue[39m,
      default: [90mundefined[39m,
      defaultFn: [36m[Function (anonymous)][39m,
      onUpdateFn: [90mundefined[39m,
      hasDefault: [33mtrue[39m,
      isUnique: [33mfalse[39m,
      uniqueName: [32m'facility_management_id_unique'[39m,
      uniqueType: [90mundefined[39m,
      dataType: [32m'string'[39m,
      columnType: [32m'PgText'[39m,
      enumValues: [90mundefined[39m,
      generated: [90mundefined[39m,
      generatedIdentity: [90mundefined[39m,
      config: [36m[Object][39m,
      table: [36m[Circular *1][39m,
      indexConfig: [36m[Object][39m,
      defaultConfig: [36m[Object][39m
    },
    facilityName: ExtraConfigColumn {
      name: [32m'facility_name'[39m,
      keyAsName: [33mfalse[39m,
      primary: [33mfalse[39m,
      notNull: [33mtrue[39m,
      default: [90mundefined[39m,
      defaultFn: [90mundefined[39m,
      onUpdateFn: [90mundefined[39m,
      hasDefault: [33mfalse[39m,
      isUnique: [33mfalse[39m,
      uniqueName: [32m'facility_management_facility_name_unique'[39m,
      uniqueType: [90mundefined[39m,
      dataType: [32m'string'[39m,
      columnType: [32m'PgText'[39m,
      enumValues: [90mundefined[39m,
      generated: [90mundefined[39m,
      generatedIdentity: [90mundefined[39m,
      config: [36m[Object][39m,
      table: [36m[Circular *1][39m,
      indexConfig: [36m[Object][39m,
      defaultConfig: [36m[Object][39m
    },
    facilityType: ExtraConfigColumn {
      name: [32m'facility_type'[39m,
      keyAsName: [33mfalse[39m,
      primary: [33mfalse[39m,
      notNull: [33mtrue[39m,
      default: [90mundefined[39m,
      defaultFn: [90mundefined[39m,
      onUpdateFn: [90mundefined[39m,
      hasDefault: [33mfalse[39m,
      isUnique: [33mfalse[39m,
      uniqueName: [32m'facility_management_facility_type_unique'[39m,
      uniqueType: [90mundefined[39m,
      dataType: [32m'string'[39m,
      columnType: [32m'PgText'[39m,
      enumValues: [90mundefined[39m,
      generated: [90mundefined[39m,
      generatedIdentity: [90mundefined[39m,
      config: [36m[Object][39m,
      table: [36m[Circular *1][39m,
      indexConfig: [36m[Object][39m,
      defaultConfig: [36m[Object][39m
    },
    address: ExtraConfigColumn {
      name: [32m'address'[39m,
      keyAsName: [33mfalse[39m,
      primary: [33mfalse[39m,
      notNull: [33mtrue[39m,
      default: [90mundefined[39m,
      defaultFn: [90mundefined[39m,
      onUpdateFn: [90mundefined[39m,
      hasDefault: [33mfalse[39m,
      isUnique: [33mfalse[39m,
      uniqueName: [32m'facility_management_address_unique'[39m,
      uniqueType: [90mundefined[39m,
      dataType: [32m'string'[39m,
      columnType: [32m'PgText'[39m,
      enumValues: [90mundefined[39m,
      generated: [90mundefined[39m,
      generatedIdentity: [90mundefined[39m,
      config: [36m[Object][39m,
      table: [36m[Circular *1][39m,
      indexConfig: [36m[Object][39m,
      defaultConfig: [36m[Object][39m
    },
    latitude: ExtraConfigColumn {
      name: [32m'latitude'[39m,
      keyAsName: [33mfalse[39m,
      primary: [33mfalse[39m,
      notNull: [33mtrue[39m,
      default: [90mundefined[39m,
      defaultFn: [90mundefined[39m,
      onUpdateFn: [90mundefined[39m,
      hasDefault: [33mfalse[39m,
      isUnique: [33mfalse[39m,
      uniqueName: [32m'facility_management_latitude_unique'[39m,
      uniqueType: [90mundefined[39m,
      dataType: [32m'string'[39m,
      columnType: [32m'PgNumeric'[39m,
      enumValues: [90mundefined[39m,
      generated: [90mundefined[39m,
      generatedIdentity: [90mundefined[39m,
      config: [36m[Object][39m,
      table: [36m[Circular *1][39m,
      indexConfig: [36m[Object][39m,
      defaultConfig: [36m[Object][39m
    },
    longitude: ExtraConfigColumn {
      name: [32m'longitude'[39m,
      keyAsName: [33mfalse[39m,
      primary: [33mfalse[39m,
      notNull: [33mtrue[39m,
      default: [90mundefined[39m,
      defaultFn: [90mundefined[39m,
      onUpdateFn: [90mundefined[39m,
      hasDefault: [33mfalse[39m,
      isUnique: [33mfalse[39m,
      uniqueName: [32m'facility_management_longitude_unique'[39m,
      uniqueType: [90mundefined[39m,
      dataType: [32m'string'[39m,
      columnType: [32m'PgNumeric'[39m,
      enumValues: [90mundefined[39m,
      generated: [90mundefined[39m,
      generatedIdentity: [90mundefined[39m,
      config: [36m[Object][39m,
      table: [36m[Circular *1][39m,
      indexConfig: [36m[Object][39m,
      defaultConfig: [36m[Object][39m
    },
    geofenceRadius: ExtraConfigColumn {
      name: [32m'geofence_radius'[39m,
      keyAsName: [33mfalse[39m,
      primary: [33mfalse[39m,
      notNull: [33mtrue[39m,
      default: [33m100[39m,
      defaultFn: [90mundefined[39m,
      onUpdateFn: [90mundefined[39m,
      hasDefault: [33mtrue[39m,
      isUnique: [33mfalse[39m,
      uniqueName: [32m'facility_management_geofence_radius_unique'[39m,
      uniqueType: [90mundefined[39m,
      dataType: [32m'number'[39m,
      columnType: [32m'PgInteger'[39m,
      enumValues: [90mundefined[39m,
      generated: [90mundefined[39m,
      generatedIdentity: [90mundefined[39m,
      config: [36m[Object][39m,
      table: [36m[Circular *1][39m,
      indexConfig: [36m[Object][39m,
      defaultConfig: [36m[Object][39m
    },
    strictGeofence: ExtraConfigColumn {
      name: [32m'strict_geofence'[39m,
      keyAsName: [33mfalse[39m,
      primary: [33mfalse[39m,
      notNull: [33mtrue[39m,
      default: [33mfalse[39m,
      defaultFn: [90mundefined[39m,
      onUpdateFn: [90mundefined[39m,
      hasDefault: [33mtrue[39m,
      isUnique: [33mfalse[39m,
      uniqueName: [32m'facility_management_strict_geofence_unique'[39m,
      uniqueType: [90mundefined[39m,
      dataType: [32m'boolean'[39m,
      columnType: [32m'PgBoolean'[39m,
      enumValues: [90mundefined[39m,
      generated: [90mundefined[39m,
      generatedIdentity: [90mundefined[39m,
      config: [36m[Object][39m,
      table: [36m[Circular *1][39m,
      indexConfig: [36m[Object][39m,
      defaultConfig: [36m[Object][39m
    },
    isActive: ExtraConfigColumn {
      name: [32m'is_active'[39m,
      keyAsName: [33mfalse[39m,
      primary: [33mfalse[39m,
      notNull: [33mtrue[39m,
      default: [33mtrue[39m,
      defaultFn: [90mundefined[39m,
      onUpdateFn: [90mundefined[39m,
      hasDefault: [33mtrue[39m,
      isUnique: [33mfalse[39m,
      uniqueName: [32m'facility_management_is_active_unique'[39m,
      uniqueType: [90mundefined[39m,
      dataType: [32m'boolean'[39m,
      columnType: [32m'PgBoolean'[39m,
      enumValues: [90mundefined[39m,
      generated: [90mundefined[39m,
      generatedIdentity: [90mundefined[39m,
      config: [36m[Object][39m,
      table: [36m[Circular *1][39m,
      indexConfig: [36m[Object][39m,
      defaultConfig: [36m[Object][39m
    },
    isCustom: ExtraConfigColumn {
      name: [32m'is_custom'[39m,
      keyAsName: [33mfalse[39m,
      primary: [33mfalse[39m,
      notNull: [33mtrue[39m,
      default: [33mfalse[39m,
      defaultFn: [90mundefined[39m,
      onUpdateFn: [90mundefined[39m,
      hasDefault: [33mtrue[39m,
      isUnique: [33mfalse[39m,
      uniqueName: [32m'facility_management_is_custom_unique'[39m,
      uniqueType: [90mundefined[39m,
      dataType: [32m'boolean'[39m,
      columnType: [32m'PgBoolean'[39m,
      enumValues: [90mundefined[39m,
      generated: [90mundefined[39m,
      generatedIdentity: [90mundefined[39m,
      config: [36m[Object][39m,
      table: [36m[Circular *1][39m,
      indexConfig: [36m[Object][39m,
      defaultConfig: [36m[Object][39m
    },
    osmId: ExtraConfigColumn {
      name: [32m'osm_id'[39m,
      keyAsName: [33mfalse[39m,
      primary: [33mfalse[39m,
      notNull: [33mfalse[39m,
      default: [90mundefined[39m,
      defaultFn: [90mundefined[39m,
      onUpdateFn: [90mundefined[39m,
      hasDefault: [33mfalse[39m,
      isUnique: [33mfalse[39m,
      uniqueName: [32m'facility_management_osm_id_unique'[39m,
      uniqueType: [90mundefined[39m,
      dataType: [32m'string'[39m,
      columnType: [32m'PgText'[39m,
      enumValues: [90mundefined[39m,
      generated: [90mundefined[39m,
      generatedIdentity: [90mundefined[39m,
      config: [36m[Object][39m,
      table: [36m[Circular *1][39m,
      indexConfig: [36m[Object][39m,
      defaultConfig: [36m[Object][39m
    },
    priority: ExtraConfigColumn {
      name: [32m'priority'[39m,
      keyAsName: [33mfalse[39m,
      primary: [33mfalse[39m,
      notNull: [33mtrue[39m,
      default: [33m0[39m,
      defaultFn: [90mundefined[39m,
      onUpdateFn: [90mundefined[39m,
      hasDefault: [33mtrue[39m,
      isUnique: [33mfalse[39m,
      uniqueName: [32m'facility_management_priority_unique'[39m,
      uniqueType: [90mundefined[39m,
      dataType: [32m'number'[39m,
      columnType: [32m'PgInteger'[39m,
      enumValues: [90mundefined[39m,
      generated: [90mundefined[39m,
      generatedIdentity: [90mundefined[39m,
      config: [36m[Object][39m,
      table: [36m[Circular *1][39m,
      indexConfig: [36m[Object][39m,
      defaultConfig: [36m[Object][39m
    },
    contactInfo: ExtraConfigColumn {
      name: [32m'contact_info'[39m,
      keyAsName: [33mfalse[39m,
      primary: [33mfalse[39m,
      notNull: [33mtrue[39m,
      default: {},
      defaultFn: [90mundefined[39m,
      onUpdateFn: [90mundefined[39m,
      hasDefault: [33mtrue[39m,
      isUnique: [33mfalse[39m,
      uniqueName: [32m'facility_management_contact_info_unique'[39m,
      uniqueType: [90mundefined[39m,
      dataType: [32m'json'[39m,
      columnType: [32m'PgJsonb'[39m,
      enumValues: [90mundefined[39m,
      generated: [90mundefined[39m,
      generatedIdentity: [90mundefined[39m,
      config: [36m[Object][39m,
      table: [36m[Circular *1][39m,
      indexConfig: [36m[Object][39m,
      defaultConfig: [36m[Object][39m
    },
    operatingHours: ExtraConfigColumn {
      name: [32m'operating_hours'[39m,
      keyAsName: [33mfalse[39m,
      primary: [33mfalse[39m,
      notNull: [33mtrue[39m,
      default: {},
      defaultFn: [90mundefined[39m,
      onUpdateFn: [90mundefined[39m,
      hasDefault: [33mtrue[39m,
      isUnique: [33mfalse[39m,
      uniqueName: [32m'facility_management_operating_hours_unique'[39m,
      uniqueType: [90mundefined[39m,
      dataType: [32m'json'[39m,
      columnType: [32m'PgJsonb'[39m,
      enumValues: [90mundefined[39m,
      generated: [90mundefined[39m,
      generatedIdentity: [90mundefined[39m,
      config: [36m[Object][39m,
      table: [36m[Circular *1][39m,
      indexConfig: [36m[Object][39m,
      defaultConfig: [36m[Object][39m
    },
    specialties: ExtraConfigColumn {
      name: [32m'specialties'[39m,
      keyAsName: [33mfalse[39m,
      primary: [33mfalse[39m,
      notNull: [33mtrue[39m,
      default: [],
      defaultFn: [90mundefined[39m,
      onUpdateFn: [90mundefined[39m,
      hasDefault: [33mtrue[39m,
      isUnique: [33mfalse[39m,
[90mstdout[2m | src/test/workflows/facility-management.test.ts[2m > [22m[2mFacility Management Workflow[2m > [22m[2mshould update an existing facility
[22m[39m[MockDB] getTableName called for: [36m<ref *1>[39m PgTable {
  id: PgText {
    name: [32m'id'[39m,
    keyAsName: [33mfalse[39m,
    primary: [33mtrue[39m,
    notNull: [33mtrue[39m,
    default: [90mundefined[39m,
    defaultFn: [36m[Function (anonymous)][39m,
    onUpdateFn: [90mundefined[39m,
    hasDefault: [33mtrue[39m,
      uniqueName: [32m'facility_management_specialties_unique'[39m,
      uniqueType: [90mundefined[39m,
      dataType: [32m'array'[39m,
      columnType: [32m'PgArray'[39m,
      enumValues: [90mundefined[39m,
      generated: [90mundefined[39m,
      generatedIdentity: [90mundefined[39m,
      config: [36m[Object][39m,
      table: [36m[Circular *1][39m,
      indexConfig: [36m[Object][39m,
      defaultConfig: [36m[Object][39m
    },
    notes: ExtraConfigColumn {
      name: [32m'notes'[39m,
      keyAsName: [33mfalse[39m,
      primary: [33mfalse[39m,
      notNull: [33mfalse[39m,
      default: [90mundefined[39m,
      defaultFn: [90mundefined[39m,
      onUpdateFn: [90mundefined[39m,
      hasDefault: [33mfalse[39m,
      isUnique: [33mfalse[39m,
      uniqueName: [32m'facility_management_notes_unique'[39m,
      uniqueType: [90mundefined[39m,
      dataType: [32m'string'[39m,
      columnType: [32m'PgText'[39m,
      enumValues: [90mundefined[39m,
      generated: [90mundefined[39m,
      generatedIdentity: [90mundefined[39m,
      config: [36m[Object][39m,
      table: [36m[Circular *1][39m,
      indexConfig: [36m[Object][39m,
      defaultConfig: [36m[Object][39m
    },
    schoolId: ExtraConfigColumn {
      name: [32m'school_id'[39m,
      keyAsName: [33mfalse[39m,
      primary: [33mfalse[39m,
    isUnique: [33mfalse[39m,
    uniqueName: [32m'facility_management_id_unique'[39m,
    uniqueType: [90mundefined[39m,
    dataType: [32m'string'[39m,
    columnType: [32m'PgText'[39m,
    enumValues: [90mundefined[39m,
    generated: [90mundefined[39m,
    generatedIdentity: [90mundefined[39m,
    config: {
      name: [32m'id'[39m,
      keyAsName: [33mfalse[39m,
      notNull: [33mtrue[39m,
      default: [90mundefined[39m,
      hasDefault: [33mtrue[39m,
      primaryKey: [33mtrue[39m,
      isUnique: [33mfalse[39m,
      uniqueName: [32m'facility_management_id_unique'[39m,
      uniqueType: [90mundefined[39m,
      dataType: [32m'string'[39m,
      columnType: [32m'PgText'[39m,
      generated: [90mundefined[39m,
      enumValues: [90mundefined[39m,
      defaultFn: [36m[Function (anonymous)][39m
    },
    table: [36m[Circular *1][39m
  },
  facilityName: PgText {
    name: [32m'facility_name'[39m,
    keyAsName: [33mfalse[39m,
    primary: [33mfalse[39m,
    notNull: [33mtrue[39m,
    default: [90mundefined[39m,
    defaultFn: [90mundefined[39m,
    onUpdateFn: [90mundefined[39m,
    hasDefault: [33mfalse[39m,
    isUnique: [33mfalse[39m,
    uniqueName: [32m'facility_management_facility_name_unique'[39m,
    uniqueType: [90mundefined[39m,
    dataType: [32m'string'[39m,
    columnType: [32m'PgText'[39m,
    enumValues: [90mundefined[39m,
    generated: [90mundefined[39m,
    generatedIdentity: [90mundefined[39m,
    config: {
      name: [32m'facility_name'[39m,
      keyAsName: [33mfalse[39m,
      notNull: [33mtrue[39m,
      default: [90mundefined[39m,
      hasDefault: [33mfalse[39m,
      primaryKey: [33mfalse[39m,
      isUnique: [33mfalse[39m,
      uniqueName: [32m'facility_management_facility_name_unique'[39m,
      uniqueType: [90mundefined[39m,
      dataType: [32m'string'[39m,
      columnType: [32m'PgText'[39m,
      generated: [90mundefined[39m,
      enumValues: [90mundefined[39m
    },
    table: [36m[Circular *1][39m
  },
  facilityType: PgText {
    name: [32m'facility_type'[39m,
    keyAsName: [33mfalse[39m,
    primary: [33mfalse[39m,
    notNull: [33mtrue[39m,
    default: [90mundefined[39m,
    defaultFn: [90mundefined[39m,
    onUpdateFn: [90mundefined[39m,
    hasDefault: [33mfalse[39m,
    isUnique: [33mfalse[39m,
    uniqueName: [32m'facility_management_facility_type_unique'[39m,
    uniqueType: [90mundefined[39m,
    dataType: [32m'string'[39m,
    columnType: [32m'PgText'[39m,
    enumValues: [
      [32m'hospital'[39m,
      [32m'clinic'[39m,
      [32m'nursing_home'[39m,
      [32m'outpatient'[39m,
      [32m'emergency'[39m,
      [32m'pharmacy'[39m,
      [32m'laboratory'[39m,
      [32m'other'[39m
    ],
    generated: [90mundefined[39m,
    generatedIdentity: [90mundefined[39m,
    config: {
      name: [32m'facility_type'[39m,
      keyAsName: [33mfalse[39m,
      notNull: [33mtrue[39m,
      default: [90mundefined[39m,
      hasDefault: [33mfalse[39m,
      primaryKey: [33mfalse[39m,
      isUnique: [33mfalse[39m,
      uniqueName: [32m'facility_management_facility_type_unique'[39m,
      uniqueType: [90mundefined[39m,
      dataType: [32m'string'[39m,
      columnType: [32m'PgText'[39m,
      generated: [90mundefined[39m,
      notNull: [33mtrue[39m,
      default: [90mundefined[39m,
      defaultFn: [90mundefined[39m,
      onUpdateFn: [90mundefined[39m,
      hasDefault: [33mfalse[39m,
      isUnique: [33mfalse[39m,
      uniqueName: [32m'facility_management_school_id_unique'[39m,
      uniqueType: [90mundefined[39m,
      dataType: [32m'string'[39m,
      columnType: [32m'PgText'[39m,
      enumValues: [90mundefined[39m,
      generated: [90mundefined[39m,
      generatedIdentity: [90mundefined[39m,
      config: [36m[Object][39m,
      table: [36m[Circular *1][39m,
      indexConfig: [36m[Object][39m,
      defaultConfig: [36m[Object][39m
    },
    createdBy: ExtraConfigColumn {
      name: [32m'created_by'[39m,
      keyAsName: [33mfalse[39m,
      primary: [33mfalse[39m,
      notNull: [33mfalse[39m,
      default: [90mundefined[39m,
      defaultFn: [90mundefined[39m,
      onUpdateFn: [90mundefined[39m,
      hasDefault: [33mfalse[39m,
      isUnique: [33mfalse[39m,
      uniqueName: [32m'facility_management_created_by_unique'[39m,
      uniqueType: [90mundefined[39m,
      dataType: [32m'string'[39m,
      columnType: [32m'PgText'[39m,
      enumValues: [90mundefined[39m,
      generated: [90mundefined[39m,
      generatedIdentity: [90mundefined[39m,
      config: [36m[Object][39m,
      table: [36m[Circular *1][39m,
      indexConfig: [36m[Object][39m,
      defaultConfig: [36m[Object][39m
    },
    clinicalSiteId: ExtraConfigColumn {
      name: [32m'clinical_site_id'[39m,
      keyAsName: [33mfalse[39m,
      primary: [33mfalse[39m,
      notNull: [33mfalse[39m,
      default: [90mundefined[39m,
      defaultFn: [90mundefined[39m,
      onUpdateFn: [90mundefined[39m,
      hasDefault: [33mfalse[39m,
      isUnique: [33mfalse[39m,
      uniqueName: [32m'facility_management_clinical_site_id_unique'[39m,
      uniqueType: [90mundefined[39m,
      dataType: [32m'string'[39m,
      columnType: [32m'PgText'[39m,
      enumValues: [90mundefined[39m,
      generated: [90mundefined[39m,
      generatedIdentity: [90mundefined[39m,
      config: [36m[Object][39m,
      table: [36m[Circular *1][39m,
      indexConfig: [36m[Object][39m,
      defaultConfig: [36m[Object][39m
    },
    createdAt: ExtraConfigColumn {
      name: [32m'created_at'[39m,
      keyAsName: [33mfalse[39m,
      primary: [33mfalse[39m,
      notNull: [33mtrue[39m,
      default: [36m[SQL][39m,
      defaultFn: [90mundefined[39m,
      onUpdateFn: [90mundefined[39m,
      hasDefault: [33mtrue[39m,
      isUnique: [33mfalse[39m,
      uniqueName: [32m'facility_management_created_at_unique'[39m,
      uniqueType: [90mundefined[39m,
      dataType: [32m'date'[39m,
      columnType: [32m'PgTimestamp'[39m,
      enumValues: [90mundefined[39m,
      generated: [90mundefined[39m,
      generatedIdentity: [90mundefined[39m,
      config: [36m[Object][39m,
      table: [36m[Circular *1][39m,
      indexConfig: [36m[Object][39m,
      defaultConfig: [36m[Object][39m
    },
    updatedAt: ExtraConfigColumn {
      name: [32m'updated_at'[39m,
      keyAsName: [33mfalse[39m,
      primary: [33mfalse[39m,
      notNull: [33mtrue[39m,
      default: [36m[SQL][39m,
      defaultFn: [90mundefined[39m,
      onUpdateFn: [90mundefined[39m,
      hasDefault: [33mtrue[39m,
      isUnique: [33mfalse[39m,
      uniqueName: [32m'facility_management_updated_at_unique'[39m,
      uniqueType: [90mundefined[39m,
      dataType: [32m'date'[39m,
      columnType: [32m'PgTimestamp'[39m,
      enumValues: [90mundefined[39m,
      generated: [90mundefined[39m,
      generatedIdentity: [90mundefined[39m,
      config: [36m[Object][39m,
      table: [36m[Circular *1][39m,
      indexConfig: [36m[Object][39m,
      defaultConfig: [36m[Object][39m
    }
  },
  [32mSymbol(drizzle:BaseName)[39m: [32m'facility_management'[39m,
  [32mSymbol(drizzle:IsAlias)[39m: [33mfalse[39m,
  [32mSymbol(drizzle:IsDrizzleTable)[39m: [33mtrue[39m,
  [32mSymbol(drizzle:ExtraConfigBuilder)[39m: [90mundefined[39m,
  [32mSymbol(drizzle:PgInlineForeignKeys)[39m: [
    ForeignKey {
      reference: [36m[Function (anonymous)][39m,
      onUpdate: [32m'no action'[39m,
      onDelete: [32m'cascade'[39m,
      table: [36m[Circular *1][39m
    },
    ForeignKey {
      reference: [36m[Function (anonymous)][39m,
      onUpdate: [32m'no action'[39m,
      onDelete: [32m'set null'[39m,
      table: [36m[Circular *1][39m
    },
    ForeignKey {
      reference: [36m[Function (anonymous)][39m,
      onUpdate: [32m'no action'[39m,
      onDelete: [32m'set null'[39m,
      table: [36m[Circular *1][39m
    }
  ],
  [32mSymbol(drizzle:EnableRLS)[39m: [33mfalse[39m
}

      enumValues: [36m[Array][39m
    },
    table: [36m[Circular *1][39m
  },
  address: PgText {
    name: [32m'address'[39m,
    keyAsName: [33mfalse[39m,
    primary: [33mfalse[39m,
    notNull: [33mtrue[39m,
    default: [90mundefined[39m,
    defaultFn: [90mundefined[39m,
    onUpdateFn: [90mundefined[39m,
    hasDefault: [33mfalse[39m,
    isUnique: [33mfalse[39m,
    uniqueName: [32m'facility_management_address_unique'[39m,
    uniqueType: [90mundefined[39m,
    dataType: [32m'string'[39m,
    columnType: [32m'PgText'[39m,
    enumValues: [90mundefined[39m,
    generated: [90mundefined[39m,
    generatedIdentity: [90mundefined[39m,
    config: {
      name: [32m'address'[39m,
      keyAsName: [33mfalse[39m,
      notNull: [33mtrue[39m,
      default: [90mundefined[39m,
      hasDefault: [33mfalse[39m,
      primaryKey: [33mfalse[39m,
      isUnique: [33mfalse[39m,
      uniqueName: [32m'facility_management_address_unique'[39m,
      uniqueType: [90mundefined[39m,
      dataType: [32m'string'[39m,
      columnType: [32m'PgText'[39m,
      generated: [90mundefined[39m,
      enumValues: [90mundefined[39m
    },
    table: [36m[Circular *1][39m
  },
  latitude: PgNumeric {
    name: [32m'latitude'[39m,
    keyAsName: [33mfalse[39m,
    primary: [33mfalse[39m,
    notNull: [33mtrue[39m,
    default: [90mundefined[39m,
    defaultFn: [90mundefined[39m,
    onUpdateFn: [90mundefined[39m,
    hasDefault: [33mfalse[39m,
    isUnique: [33mfalse[39m,
    uniqueName: [32m'facility_management_latitude_unique'[39m,
    uniqueType: [90mundefined[39m,
    dataType: [32m'string'[39m,
    columnType: [32m'PgNumeric'[39m,
    enumValues: [90mundefined[39m,
    generated: [90mundefined[39m,
    generatedIdentity: [90mundefined[39m,
    config: {
      name: [32m'latitude'[39m,
      keyAsName: [33mfalse[39m,
      notNull: [33mtrue[39m,
      default: [90mundefined[39m,
      hasDefault: [33mfalse[39m,
      primaryKey: [33mfalse[39m,
      isUnique: [33mfalse[39m,
      uniqueName: [32m'facility_management_latitude_unique'[39m,
      uniqueType: [90mundefined[39m,
      dataType: [32m'string'[39m,
      columnType: [32m'PgNumeric'[39m,
      generated: [90mundefined[39m,
      precision: [33m10[39m,
      scale: [33m8[39m
    },
    table: [36m[Circular *1][39m,
    precision: [33m10[39m,
    scale: [33m8[39m
  },
  longitude: PgNumeric {
    name: [32m'longitude'[39m,
    keyAsName: [33mfalse[39m,
    primary: [33mfalse[39m,
    notNull: [33mtrue[39m,
    default: [90mundefined[39m,
    defaultFn: [90mundefined[39m,
    onUpdateFn: [90mundefined[39m,
    hasDefault: [33mfalse[39m,
    isUnique: [33mfalse[39m,
    uniqueName: [32m'facility_management_longitude_unique'[39m,
    uniqueType: [90mundefined[39m,
    dataType: [32m'string'[39m,
    columnType: [32m'PgNumeric'[39m,
    enumValues: [90mundefined[39m,
    generated: [90mundefined[39m,
    generatedIdentity: [90mundefined[39m,
    config: {
      name: [32m'longitude'[39m,
      keyAsName: [33mfalse[39m,
      notNull: [33mtrue[39m,
      default: [90mundefined[39m,
      hasDefault: [33mfalse[39m,
      primaryKey: [33mfalse[39m,
      isUnique: [33mfalse[39m,
      uniqueName: [32m'facility_management_longitude_unique'[39m,
      uniqueType: [90mundefined[39m,
      dataType: [32m'string'[39m,
      columnType: [32m'PgNumeric'[39m,
      generated: [90mundefined[39m,
      precision: [33m11[39m,
      scale: [33m8[39m
    },
    table: [36m[Circular *1][39m,
    precision: [33m11[39m,
    scale: [33m8[39m
  },
  geofenceRadius: PgInteger {
    name: [32m'geofence_radius'[39m,
    keyAsName: [33mfalse[39m,
    primary: [33mfalse[39m,
    notNull: [33mtrue[39m,
    default: [33m100[39m,
    defaultFn: [90mundefined[39m,
    onUpdateFn: [90mundefined[39m,
    hasDefault: [33mtrue[39m,
    isUnique: [33mfalse[39m,
    uniqueName: [32m'facility_management_geofence_radius_unique'[39m,
    uniqueType: [90mundefined[39m,
    dataType: [32m'number'[39m,
    columnType: [32m'PgInteger'[39m,
    enumValues: [90mundefined[39m,
    generated: [90mundefined[39m,
    generatedIdentity: [90mundefined[39m,
    config: {
      name: [32m'geofence_radius'[39m,
      keyAsName: [33mfalse[39m,
      notNull: [33mtrue[39m,
      default: [33m100[39m,
      hasDefault: [33mtrue[39m,
      primaryKey: [33mfalse[39m,
      isUnique: [33mfalse[39m,
      uniqueName: [32m'facility_management_geofence_radius_unique'[39m,
      uniqueType: [90mundefined[39m,
      dataType: [32m'number'[39m,
      columnType: [32m'PgInteger'[39m,
      generated: [90mundefined[39m
    },
    table: [36m[Circular *1][39m
  },
  strictGeofence: PgBoolean {
    name: [32m'strict_geofence'[39m,
    keyAsName: [33mfalse[39m,
    primary: [33mfalse[39m,
    notNull: [33mtrue[39m,
    default: [33mfalse[39m,
    defaultFn: [90mundefined[39m,
    onUpdateFn: [90mundefined[39m,
    hasDefault: [33mtrue[39m,
    isUnique: [33mfalse[39m,
    uniqueName: [32m'facility_management_strict_geofence_unique'[39m,
    uniqueType: [90mundefined[39m,
    dataType: [32m'boolean'[39m,
    columnType: [32m'PgBoolean'[39m,
    enumValues: [90mundefined[39m,
    generated: [90mundefined[39m,
    generatedIdentity: [90mundefined[39m,
    config: {
      name: [32m'strict_geofence'[39m,
      keyAsName: [33mfalse[39m,
      notNull: [33mtrue[39m,
      default: [33mfalse[39m,
      hasDefault: [33mtrue[39m,
      primaryKey: [33mfalse[39m,
      isUnique: [33mfalse[39m,
      uniqueName: [32m'facility_management_strict_geofence_unique'[39m,
      uniqueType: [90mundefined[39m,
      dataType: [32m'boolean'[39m,
      columnType: [32m'PgBoolean'[39m,
      generated: [90mundefined[39m
    },
    table: [36m[Circular *1][39m
  },
  isActive: PgBoolean {
    name: [32m'is_active'[39m,
    keyAsName: [33mfalse[39m,
    primary: [33mfalse[39m,
    notNull: [33mtrue[39m,
    default: [33mtrue[39m,
    defaultFn: [90mundefined[39m,
    onUpdateFn: [90mundefined[39m,
    hasDefault: [33mtrue[39m,
    isUnique: [33mfalse[39m,
    uniqueName: [32m'facility_management_is_active_unique'[39m,
    uniqueType: [90mundefined[39m,
    dataType: [32m'boolean'[39m,
    columnType: [32m'PgBoolean'[39m,
    enumValues: [90mundefined[39m,
    generated: [90mundefined[39m,
    generatedIdentity: [90mundefined[39m,
    config: {
      name: [32m'is_active'[39m,
      keyAsName: [33mfalse[39m,
      notNull: [33mtrue[39m,
      default: [33mtrue[39m,
      hasDefault: [33mtrue[39m,
      primaryKey: [33mfalse[39m,
      isUnique: [33mfalse[39m,
      uniqueName: [32m'facility_management_is_active_unique'[39m,
      uniqueType: [90mundefined[39m,
      dataType: [32m'boolean'[39m,
      columnType: [32m'PgBoolean'[39m,
      generated: [90mundefined[39m
    },
    table: [36m[Circular *1][39m
  },
  isCustom: PgBoolean {
    name: [32m'is_custom'[39m,
    keyAsName: [33mfalse[39m,
    primary: [33mfalse[39m,
    notNull: [33mtrue[39m,
    default: [33mfalse[39m,
    defaultFn: [90mundefined[39m,
    onUpdateFn: [90mundefined[39m,
    hasDefault: [33mtrue[39m,
    isUnique: [33mfalse[39m,
    uniqueName: [32m'facility_management_is_custom_unique'[39m,
    uniqueType: [90mundefined[39m,
    dataType: [32m'boolean'[39m,
    columnType: [32m'PgBoolean'[39m,
    enumValues: [90mundefined[39m,
    generated: [90mundefined[39m,
    generatedIdentity: [90mundefined[39m,
    config: {
      name: [32m'is_custom'[39m,
      keyAsName: [33mfalse[39m,
      notNull: [33mtrue[39m,
      default: [33mfalse[39m,
      hasDefault: [33mtrue[39m,
      primaryKey: [33mfalse[39m,
      isUnique: [33mfalse[39m,
      uniqueName: [32m'facility_management_is_custom_unique'[39m,
      uniqueType: [90mundefined[39m,
      dataType: [32m'boolean'[39m,
      columnType: [32m'PgBoolean'[39m,
      generated: [90mundefined[39m
    },
    table: [36m[Circular *1][39m
  },
  osmId: PgText {
    name: [32m'osm_id'[39m,
    keyAsName: [33mfalse[39m,
    primary: [33mfalse[39m,
    notNull: [33mfalse[39m,
    default: [90mundefined[39m,
    defaultFn: [90mundefined[39m,
    onUpdateFn: [90mundefined[39m,
    hasDefault: [33mfalse[39m,
    isUnique: [33mfalse[39m,
    uniqueName: [32m'facility_management_osm_id_unique'[39m,
    uniqueType: [90mundefined[39m,
    dataType: [32m'string'[39m,
    columnType: [32m'PgText'[39m,
    enumValues: [90mundefined[39m,
    generated: [90mundefined[39m,
    generatedIdentity: [90mundefined[39m,
    config: {
      name: [32m'osm_id'[39m,
      keyAsName: [33mfalse[39m,
      notNull: [33mfalse[39m,
      default: [90mundefined[39m,
      hasDefault: [33mfalse[39m,
      primaryKey: [33mfalse[39m,
      isUnique: [33mfalse[39m,
      uniqueName: [32m'facility_management_osm_id_unique'[39m,
      uniqueType: [90mundefined[39m,
      dataType: [32m'string'[39m,
      columnType: [32m'PgText'[39m,
      generated: [90mundefined[39m,
      enumValues: [90mundefined[39m
    },
    table: [36m[Circular *1][39m
  },
  priority: PgInteger {
    name: [32m'priority'[39m,
    keyAsName: [33mfalse[39m,
    primary: [33mfalse[39m,
    notNull: [33mtrue[39m,
    default: [33m0[39m,
    defaultFn: [90mundefined[39m,
    onUpdateFn: [90mundefined[39m,
    hasDefault: [33mtrue[39m,
    isUnique: [33mfalse[39m,
    uniqueName: [32m'facility_management_priority_unique'[39m,
    uniqueType: [90mundefined[39m,
    dataType: [32m'number'[39m,
    columnType: [32m'PgInteger'[39m,
    enumValues: [90mundefined[39m,
    generated: [90mundefined[39m,
    generatedIdentity: [90mundefined[39m,
    config: {
      name: [32m'priority'[39m,
      keyAsName: [33mfalse[39m,
      notNull: [33mtrue[39m,
      default: [33m0[39m,
      hasDefault: [33mtrue[39m,
      primaryKey: [33mfalse[39m,
      isUnique: [33mfalse[39m,
      uniqueName: [32m'facility_management_priority_unique'[39m,
      uniqueType: [90mundefined[39m,
      dataType: [32m'number'[39m,
      columnType: [32m'PgInteger'[39m,
      generated: [90mundefined[39m
    },
    table: [36m[Circular *1][39m
  },
  contactInfo: PgJsonb {
    name: [32m'contact_info'[39m,
    keyAsName: [33mfalse[39m,
    primary: [33mfalse[39m,
    notNull: [33mtrue[39m,
    default: {},
    defaultFn: [90mundefined[39m,
    onUpdateFn: [90mundefined[39m,
    hasDefault: [33mtrue[39m,
    isUnique: [33mfalse[39m,
    uniqueName: [32m'facility_management_contact_info_unique'[39m,
    uniqueType: [90mundefined[39m,
    dataType: [32m'json'[39m,
    columnType: [32m'PgJsonb'[39m,
    enumValues: [90mundefined[39m,
    generated: [90mundefined[39m,
    generatedIdentity: [90mundefined[39m,
    config: {
      name: [32m'contact_info'[39m,
      keyAsName: [33mfalse[39m,
      notNull: [33mtrue[39m,
      default: {},
      hasDefault: [33mtrue[39m,
      primaryKey: [33mfalse[39m,
      isUnique: [33mfalse[39m,
      uniqueName: [32m'facility_management_contact_info_unique'[39m,
      uniqueType: [90mundefined[39m,
      dataType: [32m'json'[39m,
      columnType: [32m'PgJsonb'[39m,
      generated: [90mundefined[39m
    },
    table: [36m[Circular *1][39m
  },
  operatingHours: PgJsonb {
    name: [32m'operating_hours'[39m,
    keyAsName: [33mfalse[39m,
    primary: [33mfalse[39m,
    notNull: [33mtrue[39m,
    default: {},
    defaultFn: [90mundefined[39m,
    onUpdateFn: [90mundefined[39m,
    hasDefault: [33mtrue[39m,
    isUnique: [33mfalse[39m,
    uniqueName: [32m'facility_management_operating_hours_unique'[39m,
    uniqueType: [90mundefined[39m,
    dataType: [32m'json'[39m,
    columnType: [32m'PgJsonb'[39m,
    enumValues: [90mundefined[39m,
    generated: [90mundefined[39m,
    generatedIdentity: [90mundefined[39m,
    config: {
      name: [32m'operating_hours'[39m,
      keyAsName: [33mfalse[39m,
      notNull: [33mtrue[39m,
      default: {},
      hasDefault: [33mtrue[39m,
      primaryKey: [33mfalse[39m,
      isUnique: [33mfalse[39m,
      uniqueName: [32m'facility_management_operating_hours_unique'[39m,
      uniqueType: [90mundefined[39m,
      dataType: [32m'json'[39m,
      columnType: [32m'PgJsonb'[39m,
      generated: [90mundefined[39m
    },
    table: [36m[Circular *1][39m
  },
  specialties: PgArray {
    name: [32m'specialties'[39m,
    keyAsName: [33mfalse[39m,
    primary: [33mfalse[39m,
    notNull: [33mtrue[39m,
    default: [],
    defaultFn: [90mundefined[39m,
    onUpdateFn: [90mundefined[39m,
    hasDefault: [33mtrue[39m,
    isUnique: [33mfalse[39m,
    uniqueName: [32m'facility_management_specialties_unique'[39m,
    uniqueType: [90mundefined[39m,
    dataType: [32m'array'[39m,
    columnType: [32m'PgArray'[39m,
    enumValues: [90mundefined[39m,
    generated: [90mundefined[39m,
    generatedIdentity: [90mundefined[39m,
    config: {
      name: [32m'specialties'[39m,
      keyAsName: [33mfalse[39m,
      notNull: [33mtrue[39m,
      default: [],
      hasDefault: [33mtrue[39m,
      primaryKey: [33mfalse[39m,
      isUnique: [33mfalse[39m,
      uniqueName: [32m'facility_management_specialties_unique'[39m,
      uniqueType: [90mundefined[39m,
      dataType: [32m'array'[39m,
      columnType: [32m'PgArray'[39m,
      generated: [90mundefined[39m,
      baseBuilder: [36m[PgTextBuilder][39m,
      size: [90mundefined[39m
    },
    table: [36m[Circular *1][39m,
    size: [90mundefined[39m,
    baseColumn: PgText {
      name: [32m'specialties'[39m,
      keyAsName: [33mfalse[39m,
      primary: [33mfalse[39m,
      notNull: [33mfalse[39m,
      default: [90mundefined[39m,
      defaultFn: [90mundefined[39m,
      onUpdateFn: [90mundefined[39m,
      hasDefault: [33mfalse[39m,
      isUnique: [33mfalse[39m,
      uniqueName: [32m'facility_management_specialties_unique'[39m,
      uniqueType: [90mundefined[39m,
      dataType: [32m'string'[39m,
      columnType: [32m'PgText'[39m,
      enumValues: [90mundefined[39m,
      generated: [90mundefined[39m,
      generatedIdentity: [90mundefined[39m,
      config: [36m[Object][39m,
      table: [36m[Circular *1][39m
    },
    range: [90mundefined[39m
  },
  notes: PgText {
    name: [32m'notes'[39m,
    keyAsName: [33mfalse[39m,
    primary: [33mfalse[39m,
    notNull: [33mfalse[39m,
    default: [90mundefined[39m,
    defaultFn: [90mundefined[39m,
    onUpdateFn: [90mundefined[39m,
    hasDefault: [33mfalse[39m,
    isUnique: [33mfalse[39m,
    uniqueName: [32m'facility_management_notes_unique'[39m,
    uniqueType: [90mundefined[39m,
    dataType: [32m'string'[39m,
    columnType: [32m'PgText'[39m,
    enumValues: [90mundefined[39m,
    generated: [90mundefined[39m,
    generatedIdentity: [90mundefined[39m,
    config: {
      name: [32m'notes'[39m,
      keyAsName: [33mfalse[39m,
      notNull: [33mfalse[39m,
      default: [90mundefined[39m,
      hasDefault: [33mfalse[39m,
      primaryKey: [33mfalse[39m,
      isUnique: [33mfalse[39m,
      uniqueName: [32m'facility_management_notes_unique'[39m,
      uniqueType: [90mundefined[39m,
      dataType: [32m'string'[39m,
      columnType: [32m'PgText'[39m,
      generated: [90mundefined[39m,
      enumValues: [90mundefined[39m
    },
    table: [36m[Circular *1][39m
  },
  schoolId: PgText {
    name: [32m'school_id'[39m,
    keyAsName: [33mfalse[39m,
    primary: [33mfalse[39m,
    notNull: [33mtrue[39m,
    default: [90mundefined[39m,
    defaultFn: [90mundefined[39m,
    onUpdateFn: [90mundefined[39m,
    hasDefault: [33mfalse[39m,
    isUnique: [33mfalse[39m,
    uniqueName: [32m'facility_management_school_id_unique'[39m,
    uniqueType: [90mundefined[39m,
    dataType: [32m'string'[39m,
    columnType: [32m'PgText'[39m,
    enumValues: [90mundefined[39m,
    generated: [90mundefined[39m,
    generatedIdentity: [90mundefined[39m,
    config: {
      name: [32m'school_id'[39m,
      keyAsName: [33mfalse[39m,
      notNull: [33mtrue[39m,
      default: [90mundefined[39m,
      hasDefault: [33mfalse[39m,
      primaryKey: [33mfalse[39m,
      isUnique: [33mfalse[39m,
      uniqueName: [32m'facility_management_school_id_unique'[39m,
      uniqueType: [90mundefined[39m,
      dataType: [32m'string'[39m,
      columnType: [32m'PgText'[39m,
      generated: [90mundefined[39m,
      enumValues: [90mundefined[39m
    },
    table: [36m[Circular *1][39m
  },
  createdBy: PgText {
    name: [32m'created_by'[39m,
    keyAsName: [33mfalse[39m,
    primary: [33mfalse[39m,
    notNull: [33mfalse[39m,
    default: [90mundefined[39m,
    defaultFn: [90mundefined[39m,
    onUpdateFn: [90mundefined[39m,
    hasDefault: [33mfalse[39m,
    isUnique: [33mfalse[39m,
    uniqueName: [32m'facility_management_created_by_unique'[39m,
    uniqueType: [90mundefined[39m,
    dataType: [32m'string'[39m,
    columnType: [32m'PgText'[39m,
    enumValues: [90mundefined[39m,
    generated: [90mundefined[39m,
    generatedIdentity: [90mundefined[39m,
    config: {
      name: [32m'created_by'[39m,
      keyAsName: [33mfalse[39m,
      notNull: [33mfalse[39m,
      default: [90mundefined[39m,
      hasDefault: [33mfalse[39m,
      primaryKey: [33mfalse[39m,
      isUnique: [33mfalse[39m,
      uniqueName: [32m'facility_management_created_by_unique'[39m,
      uniqueType: [90mundefined[39m,
      dataType: [32m'string'[39m,
      columnType: [32m'PgText'[39m,
      generated: [90mundefined[39m,
      enumValues: [90mundefined[39m
    },
    table: [36m[Circular *1][39m
  },
  clinicalSiteId: PgText {
    name: [32m'clinical_site_id'[39m,
    keyAsName: [33mfalse[39m,
    primary: [33mfalse[39m,
    notNull: [33mfalse[39m,
    default: [90mundefined[39m,
    defaultFn: [90mundefined[39m,
    onUpdateFn: [90mundefined[39m,
    hasDefault: [33mfalse[39m,
    isUnique: [33mfalse[39m,
    uniqueName: [32m'facility_management_clinical_site_id_unique'[39m,
    uniqueType: [90mundefined[39m,
    dataType: [32m'string'[39m,
    columnType: [32m'PgText'[39m,
    enumValues: [90mundefined[39m,
    generated: [90mundefined[39m,
    generatedIdentity: [90mundefined[39m,
    config: {
      name: [32m'clinical_site_id'[39m,
      keyAsName: [33mfalse[39m,
      notNull: [33mfalse[39m,
      default: [90mundefined[39m,
      hasDefault: [33mfalse[39m,
      primaryKey: [33mfalse[39m,
      isUnique: [33mfalse[39m,
      uniqueName: [32m'facility_management_clinical_site_id_unique'[39m,
      uniqueType: [90mundefined[39m,
      dataType: [32m'string'[39m,
      columnType: [32m'PgText'[39m,
      generated: [90mundefined[39m,
      enumValues: [90mundefined[39m
    },
    table: [36m[Circular *1][39m
  },
  createdAt: PgTimestamp {
    name: [32m'created_at'[39m,
    keyAsName: [33mfalse[39m,
    primary: [33mfalse[39m,
    notNull: [33mtrue[39m,
    default: SQL {
      decoder: [36m[Object][39m,
      shouldInlineParams: [33mfalse[39m,
      usedTables: [],
      queryChunks: [36m[Array][39m
    },
    defaultFn: [90mundefined[39m,
    onUpdateFn: [90mundefined[39m,
    hasDefault: [33mtrue[39m,
    isUnique: [33mfalse[39m,
    uniqueName: [32m'facility_management_created_at_unique'[39m,
    uniqueType: [90mundefined[39m,
    dataType: [32m'date'[39m,
    columnType: [32m'PgTimestamp'[39m,
    enumValues: [90mundefined[39m,
    generated: [90mundefined[39m,
    generatedIdentity: [90mundefined[39m,
    config: {
      name: [32m'created_at'[39m,
      keyAsName: [33mfalse[39m,
      notNull: [33mtrue[39m,
      default: [36m[SQL][39m,
      hasDefault: [33mtrue[39m,
      primaryKey: [33mfalse[39m,
      isUnique: [33mfalse[39m,
      uniqueName: [32m'facility_management_created_at_unique'[39m,
      uniqueType: [90mundefined[39m,
      dataType: [32m'date'[39m,
      columnType: [32m'PgTimestamp'[39m,
      generated: [90mundefined[39m,
      withTimezone: [33mtrue[39m,
      precision: [90mundefined[39m
    },
    table: [36m[Circular *1][39m,
    withTimezone: [33mtrue[39m,
    precision: [90mundefined[39m,
    mapFromDriverValue: [36m[Function: mapFromDriverValue][39m,
    mapToDriverValue: [36m[Function: mapToDriverValue][39m
  },
  updatedAt: PgTimestamp {
    name: [32m'updated_at'[39m,
    keyAsName: [33mfalse[39m,
    primary: [33mfalse[39m,
    notNull: [33mtrue[39m,
    default: SQL {
      decoder: [36m[Object][39m,
      shouldInlineParams: [33mfalse[39m,
      usedTables: [],
      queryChunks: [36m[Array][39m
    },
    defaultFn: [90mundefined[39m,
    onUpdateFn: [90mundefined[39m,
    hasDefault: [33mtrue[39m,
    isUnique: [33mfalse[39m,
    uniqueName: [32m'facility_management_updated_at_unique'[39m,
    uniqueType: [90mundefined[39m,
    dataType: [32m'date'[39m,
    columnType: [32m'PgTimestamp'[39m,
    enumValues: [90mundefined[39m,
    generated: [90mundefined[39m,
    generatedIdentity: [90mundefined[39m,
    config: {
      name: [32m'updated_at'[39m,
      keyAsName: [33mfalse[39m,
      notNull: [33mtrue[39m,
      default: [36m[SQL][39m,
      hasDefault: [33mtrue[39m,
      primaryKey: [33mfalse[39m,
      isUnique: [33mfalse[39m,
      uniqueName: [32m'facility_management_updated_at_unique'[39m,
      uniqueType: [90mundefined[39m,
      dataType: [32m'date'[39m,
      columnType: [32m'PgTimestamp'[39m,
      generated: [90mundefined[39m,
      withTimezone: [33mtrue[39m,
      precision: [90mundefined[39m
    },
    table: [36m[Circular *1][39m,
    withTimezone: [33mtrue[39m,
    precision: [90mundefined[39m,
    mapFromDriverValue: [36m[Function: mapFromDriverValue][39m,
    mapToDriverValue: [36m[Function: mapToDriverValue][39m
  },
  enableRLS: [36m[Function: enableRLS][39m,
  [32mSymbol(drizzle:Name)[39m: [32m'facility_management'[39m,
  [32mSymbol(drizzle:OriginalName)[39m: [32m'facility_management'[39m,
  [32mSymbol(drizzle:Schema)[39m: [90mundefined[39m,
  [32mSymbol(drizzle:Columns)[39m: {
    id: PgText {
      name: [32m'id'[39m,
      keyAsName: [33mfalse[39m,
      primary: [33mtrue[39m,
      notNull: [33mtrue[39m,
      default: [90mundefined[39m,
      defaultFn: [36m[Function (anonymous)][39m,
      onUpdateFn: [90mundefined[39m,
      hasDefault: [33mtrue[39m,
      isUnique: [33mfalse[39m,
      uniqueName: [32m'facility_management_id_unique'[39m,
      uniqueType: [90mundefined[39m,
      dataType: [32m'string'[39m,
      columnType: [32m'PgText'[39m,
      enumValues: [90mundefined[39m,
      generated: [90mundefined[39m,
      generatedIdentity: [90mundefined[39m,
      config: [36m[Object][39m,
      table: [36m[Circular *1][39m
    },
    facilityName: PgText {
      name: [32m'facility_name'[39m,
      keyAsName: [33mfalse[39m,
      primary: [33mfalse[39m,
      notNull: [33mtrue[39m,
      default: [90mundefined[39m,
      defaultFn: [90mundefined[39m,
      onUpdateFn: [90mundefined[39m,
      hasDefault: [33mfalse[39m,
      isUnique: [33mfalse[39m,
      uniqueName: [32m'facility_management_facility_name_unique'[39m,
      uniqueType: [90mundefined[39m,
      dataType: [32m'string'[39m,
      columnType: [32m'PgText'[39m,
      enumValues: [90mundefined[39m,
      generated: [90mundefined[39m,
      generatedIdentity: [90mundefined[39m,
      config: [36m[Object][39m,
      table: [36m[Circular *1][39m
    },
    facilityType: PgText {
      name: [32m'facility_type'[39m,
      keyAsName: [33mfalse[39m,
      primary: [33mfalse[39m,
      notNull: [33mtrue[39m,
      default: [90mundefined[39m,
      defaultFn: [90mundefined[39m,
      onUpdateFn: [90mundefined[39m,
      hasDefault: [33mfalse[39m,
      isUnique: [33mfalse[39m,
      uniqueName: [32m'facility_management_facility_type_unique'[39m,
      uniqueType: [90mundefined[39m,
      dataType: [32m'string'[39m,
      columnType: [32m'PgText'[39m,
      enumValues: [36m[Array][39m,
      generated: [90mundefined[39m,
      generatedIdentity: [90mundefined[39m,
      config: [36m[Object][39m,
      table: [36m[Circular *1][39m
    },
    address: PgText {
      name: [32m'address'[39m,
      keyAsName: [33mfalse[39m,
      primary: [33mfalse[39m,
      notNull: [33mtrue[39m,
      default: [90mundefined[39m,
      defaultFn: [90mundefined[39m,
      onUpdateFn: [90mundefined[39m,
      hasDefault: [33mfalse[39m,
      isUnique: [33mfalse[39m,
      uniqueName: [32m'facility_management_address_unique'[39m,
      uniqueType: [90mundefined[39m,
      dataType: [32m'string'[39m,
      columnType: [32m'PgText'[39m,
      enumValues: [90mundefined[39m,
      generated: [90mundefined[39m,
      generatedIdentity: [90mundefined[39m,
      config: [36m[Object][39m,
      table: [36m[Circular *1][39m
    },
    latitude: PgNumeric {
      name: [32m'latitude'[39m,
      keyAsName: [33mfalse[39m,
      primary: [33mfalse[39m,
      notNull: [33mtrue[39m,
      default: [90mundefined[39m,
      defaultFn: [90mundefined[39m,
      onUpdateFn: [90mundefined[39m,
      hasDefault: [33mfalse[39m,
      isUnique: [33mfalse[39m,
      uniqueName: [32m'facility_management_latitude_unique'[39m,
      uniqueType: [90mundefined[39m,
      dataType: [32m'string'[39m,
      columnType: [32m'PgNumeric'[39m,
      enumValues: [90mundefined[39m,
      generated: [90mundefined[39m,
      generatedIdentity: [90mundefined[39m,
      config: [36m[Object][39m,
      table: [36m[Circular *1][39m,
      precision: [33m10[39m,
      scale: [33m8[39m
    },
    longitude: PgNumeric {
      name: [32m'longitude'[39m,
      keyAsName: [33mfalse[39m,
      primary: [33mfalse[39m,
      notNull: [33mtrue[39m,
      default: [90mundefined[39m,
      defaultFn: [90mundefined[39m,
      onUpdateFn: [90mundefined[39m,
      hasDefault: [33mfalse[39m,
      isUnique: [33mfalse[39m,
      uniqueName: [32m'facility_management_longitude_unique'[39m,
      uniqueType: [90mundefined[39m,
      dataType: [32m'string'[39m,
      columnType: [32m'PgNumeric'[39m,
      enumValues: [90mundefined[39m,
      generated: [90mundefined[39m,
      generatedIdentity: [90mundefined[39m,
      config: [36m[Object][39m,
      table: [36m[Circular *1][39m,
      precision: [33m11[39m,
      scale: [33m8[39m
    },
    geofenceRadius: PgInteger {
      name: [32m'geofence_radius'[39m,
      keyAsName: [33mfalse[39m,
      primary: [33mfalse[39m,
      notNull: [33mtrue[39m,
      default: [33m100[39m,
      defaultFn: [90mundefined[39m,
      onUpdateFn: [90mundefined[39m,
      hasDefault: [33mtrue[39m,
      isUnique: [33mfalse[39m,
      uniqueName: [32m'facility_management_geofence_radius_unique'[39m,
      uniqueType: [90mundefined[39m,
      dataType: [32m'number'[39m,
      columnType: [32m'PgInteger'[39m,
      enumValues: [90mundefined[39m,
      generated: [90mundefined[39m,
      generatedIdentity: [90mundefined[39m,
      config: [36m[Object][39m,
      table: [36m[Circular *1][39m
    },
    strictGeofence: PgBoolean {
      name: [32m'strict_geofence'[39m,
      keyAsName: [33mfalse[39m,
      primary: [33mfalse[39m,
      notNull: [33mtrue[39m,
      default: [33mfalse[39m,
      defaultFn: [90mundefined[39m,
      onUpdateFn: [90mundefined[39m,
      hasDefault: [33mtrue[39m,
      isUnique: [33mfalse[39m,
      uniqueName: [32m'facility_management_strict_geofence_unique'[39m,
      uniqueType: [90mundefined[39m,
      dataType: [32m'boolean'[39m,
      columnType: [32m'PgBoolean'[39m,
      enumValues: [90mundefined[39m,
      generated: [90mundefined[39m,
      generatedIdentity: [90mundefined[39m,
      config: [36m[Object][39m,
      table: [36m[Circular *1][39m
    },
    isActive: PgBoolean {
      name: [32m'is_active'[39m,
      keyAsName: [33mfalse[39m,
      primary: [33mfalse[39m,
      notNull: [33mtrue[39m,
      default: [33mtrue[39m,
      defaultFn: [90mundefined[39m,
      onUpdateFn: [90mundefined[39m,
      hasDefault: [33mtrue[39m,
      isUnique: [33mfalse[39m,
      uniqueName: [32m'facility_management_is_active_unique'[39m,
      uniqueType: [90mundefined[39m,
      dataType: [32m'boolean'[39m,
      columnType: [32m'PgBoolean'[39m,
      enumValues: [90mundefined[39m,
      generated: [90mundefined[39m,
      generatedIdentity: [90mundefined[39m,
      config: [36m[Object][39m,
      table: [36m[Circular *1][39m
    },
    isCustom: PgBoolean {
      name: [32m'is_custom'[39m,
      keyAsName: [33mfalse[39m,
      primary: [33mfalse[39m,
      notNull: [33mtrue[39m,
      default: [33mfalse[39m,
      defaultFn: [90mundefined[39m,
      onUpdateFn: [90mundefined[39m,
      hasDefault: [33mtrue[39m,
      isUnique: [33mfalse[39m,
      uniqueName: [32m'facility_management_is_custom_unique'[39m,
      uniqueType: [90mundefined[39m,
      dataType: [32m'boolean'[39m,
      columnType: [32m'PgBoolean'[39m,
      enumValues: [90mundefined[39m,
      generated: [90mundefined[39m,
      generatedIdentity: [90mundefined[39m,
      config: [36m[Object][39m,
      table: [36m[Circular *1][39m
    },
    osmId: PgText {
      name: [32m'osm_id'[39m,
      keyAsName: [33mfalse[39m,
      primary: [33mfalse[39m,
      notNull: [33mfalse[39m,
      default: [90mundefined[39m,
      defaultFn: [90mundefined[39m,
      onUpdateFn: [90mundefined[39m,
      hasDefault: [33mfalse[39m,
      isUnique: [33mfalse[39m,
      uniqueName: [32m'facility_management_osm_id_unique'[39m,
      uniqueType: [90mundefined[39m,
      dataType: [32m'string'[39m,
      columnType: [32m'PgText'[39m,
      enumValues: [90mundefined[39m,
      generated: [90mundefined[39m,
      generatedIdentity: [90mundefined[39m,
      config: [36m[Object][39m,
      table: [36m[Circular *1][39m
    },
    priority: PgInteger {
      name: [32m'priority'[39m,
      keyAsName: [33mfalse[39m,
      primary: [33mfalse[39m,
      notNull: [33mtrue[39m,
      default: [33m0[39m,
      defaultFn: [90mundefined[39m,
      onUpdateFn: [90mundefined[39m,
      hasDefault: [33mtrue[39m,
      isUnique: [33mfalse[39m,
      uniqueName: [32m'facility_management_priority_unique'[39m,
      uniqueType: [90mundefined[39m,
      dataType: [32m'number'[39m,
      columnType: [32m'PgInteger'[39m,
      enumValues: [90mundefined[39m,
      generated: [90mundefined[39m,
      generatedIdentity: [90mundefined[39m,
      config: [36m[Object][39m,
      table: [36m[Circular *1][39m
    },
    contactInfo: PgJsonb {
      name: [32m'contact_info'[39m,
      keyAsName: [33mfalse[39m,
      primary: [33mfalse[39m,
      notNull: [33mtrue[39m,
      default: {},
      defaultFn: [90mundefined[39m,
      onUpdateFn: [90mundefined[39m,
      hasDefault: [33mtrue[39m,
      isUnique: [33mfalse[39m,
      uniqueName: [32m'facility_management_contact_info_unique'[39m,
      uniqueType: [90mundefined[39m,
      dataType: [32m'json'[39m,
      columnType: [32m'PgJsonb'[39m,
      enumValues: [90mundefined[39m,
      generated: [90mundefined[39m,
      generatedIdentity: [90mundefined[39m,
      config: [36m[Object][39m,
      table: [36m[Circular *1][39m
    },
    operatingHours: PgJsonb {
      name: [32m'operating_hours'[39m,
      keyAsName: [33mfalse[39m,
      primary: [33mfalse[39m,
      notNull: [33mtrue[39m,
      default: {},
      defaultFn: [90mundefined[39m,
      onUpdateFn: [90mundefined[39m,
      hasDefault: [33mtrue[39m,
      isUnique: [33mfalse[39m,
      uniqueName: [32m'facility_management_operating_hours_unique'[39m,
      uniqueType: [90mundefined[39m,
      dataType: [32m'json'[39m,
      columnType: [32m'PgJsonb'[39m,
      enumValues: [90mundefined[39m,
      generated: [90mundefined[39m,
      generatedIdentity: [90mundefined[39m,
      config: [36m[Object][39m,
      table: [36m[Circular *1][39m
    },
    specialties: PgArray {
      name: [32m'specialties'[39m,
      keyAsName: [33mfalse[39m,
      primary: [33mfalse[39m,
      notNull: [33mtrue[39m,
      default: [],
      defaultFn: [90mundefined[39m,
      onUpdateFn: [90mundefined[39m,
      hasDefault: [33mtrue[39m,
      isUnique: [33mfalse[39m,
      uniqueName: [32m'facility_management_specialties_unique'[39m,
      uniqueType: [90mundefined[39m,
      dataType: [32m'array'[39m,
      columnType: [32m'PgArray'[39m,
      enumValues: [90mundefined[39m,
      generated: [90mundefined[39m,
      generatedIdentity: [90mundefined[39m,
      config: [36m[Object][39m,
      table: [36m[Circular *1][39m,
      size: [90mundefined[39m,
      baseColumn: [36m[PgText][39m,
      range: [90mundefined[39m
    },
    notes: PgText {
      name: [32m'notes'[39m,
      keyAsName: [33mfalse[39m,
      primary: [33mfalse[39m,
      notNull: [33mfalse[39m,
      default: [90mundefined[39m,
      defaultFn: [90mundefined[39m,
      onUpdateFn: [90mundefined[39m,
      hasDefault: [33mfalse[39m,
      isUnique: [33mfalse[39m,
      uniqueName: [32m'facility_management_notes_unique'[39m,
      uniqueType: [90mundefined[39m,
      dataType: [32m'string'[39m,
      columnType: [32m'PgText'[39m,
      enumValues: [90mundefined[39m,
      generated: [90mundefined[39m,
      generatedIdentity: [90mundefined[39m,
      config: [36m[Object][39m,
      table: [36m[Circular *1][39m
    },
    schoolId: PgText {
      name: [32m'school_id'[39m,
      keyAsName: [33mfalse[39m,
      primary: [33mfalse[39m,
      notNull: [33mtrue[39m,
      default: [90mundefined[39m,
      defaultFn: [90mundefined[39m,
      onUpdateFn: [90mundefined[39m,
      hasDefault: [33mfalse[39m,
      isUnique: [33mfalse[39m,
      uniqueName: [32m'facility_management_school_id_unique'[39m,
      uniqueType: [90mundefined[39m,
      dataType: [32m'string'[39m,
      columnType: [32m'PgText'[39m,
      enumValues: [90mundefined[39m,
      generated: [90mundefined[39m,
      generatedIdentity: [90mundefined[39m,
      config: [36m[Object][39m,
      table: [36m[Circular *1][39m
    },
    createdBy: PgText {
      name: [32m'created_by'[39m,
      keyAsName: [33mfalse[39m,
      primary: [33mfalse[39m,
      notNull: [33mfalse[39m,
      default: [90mundefined[39m,
      defaultFn: [90mundefined[39m,
      onUpdateFn: [90mundefined[39m,
      hasDefault: [33mfalse[39m,
      isUnique: [33mfalse[39m,
      uniqueName: [32m'facility_management_created_by_unique'[39m,
      uniqueType: [90mundefined[39m,
      dataType: [32m'string'[39m,
      columnType: [32m'PgText'[39m,
      enumValues: [90mundefined[39m,
      generated: [90mundefined[39m,
      generatedIdentity: [90mundefined[39m,
      config: [36m[Object][39m,
      table: [36m[Circular *1][39m
    },
    clinicalSiteId: PgText {
      name: [32m'clinical_site_id'[39m,
      keyAsName: [33mfalse[39m,
      primary: [33mfalse[39m,
      notNull: [33mfalse[39m,
      default: [90mundefined[39m,
      defaultFn: [90mundefined[39m,
      onUpdateFn: [90mundefined[39m,
      hasDefault: [33mfalse[39m,
      isUnique: [33mfalse[39m,
      uniqueName: [32m'facility_management_clinical_site_id_unique'[39m,
      uniqueType: [90mundefined[39m,
      dataType: [32m'string'[39m,
      columnType: [32m'PgText'[39m,
      enumValues: [90mundefined[39m,
      generated: [90mundefined[39m,
      generatedIdentity: [90mundefined[39m,
      config: [36m[Object][39m,
      table: [36m[Circular *1][39m
    },
    createdAt: PgTimestamp {
      name: [32m'created_at'[39m,
      keyAsName: [33mfalse[39m,
      primary: [33mfalse[39m,
      notNull: [33mtrue[39m,
      default: [36m[SQL][39m,
      defaultFn: [90mundefined[39m,
      onUpdateFn: [90mundefined[39m,
      hasDefault: [33mtrue[39m,
      isUnique: [33mfalse[39m,
      uniqueName: [32m'facility_management_created_at_unique'[39m,
      uniqueType: [90mundefined[39m,
      dataType: [32m'date'[39m,
      columnType: [32m'PgTimestamp'[39m,
      enumValues: [90mundefined[39m,
      generated: [90mundefined[39m,
      generatedIdentity: [90mundefined[39m,
      config: [36m[Object][39m,
      table: [36m[Circular *1][39m,
      withTimezone: [33mtrue[39m,
      precision: [90mundefined[39m,
      mapFromDriverValue: [36m[Function: mapFromDriverValue][39m,
      mapToDriverValue: [36m[Function: mapToDriverValue][39m
    },
    updatedAt: PgTimestamp {
      name: [32m'updated_at'[39m,
      keyAsName: [33mfalse[39m,
      primary: [33mfalse[39m,
      notNull: [33mtrue[39m,
      default: [36m[SQL][39m,
      defaultFn: [90mundefined[39m,
      onUpdateFn: [90mundefined[39m,
      hasDefault: [33mtrue[39m,
      isUnique: [33mfalse[39m,
      uniqueName: [32m'facility_management_updated_at_unique'[39m,
      uniqueType: [90mundefined[39m,
      dataType: [32m'date'[39m,
      columnType: [32m'PgTimestamp'[39m,
      enumValues: [90mundefined[39m,
      generated: [90mundefined[39m,
      generatedIdentity: [90mundefined[39m,
      config: [36m[Object][39m,
      table: [36m[Circular *1][39m,
      withTimezone: [33mtrue[39m,
      precision: [90mundefined[39m,
      mapFromDriverValue: [36m[Function: mapFromDriverValue][39m,
      mapToDriverValue: [36m[Function: mapToDriverValue][39m
    }
  },
  [32mSymbol(drizzle:ExtraConfigColumns)[39m: {
    id: ExtraConfigColumn {
      name: [32m'id'[39m,
      keyAsName: [33mfalse[39m,
      primary: [33mtrue[39m,
      notNull: [33mtrue[39m,
      default: [90mundefined[39m,
      defaultFn: [36m[Function (anonymous)][39m,
      onUpdateFn: [90mundefined[39m,
      hasDefault: [33mtrue[39m,
      isUnique: [33mfalse[39m,
      uniqueName: [32m'facility_management_id_unique'[39m,
      uniqueType: [90mundefined[39m,
      dataType: [32m'string'[39m,
      columnType: [32m'PgText'[39m,
      enumValues: [90mundefined[39m,
      generated: [90mundefined[39m,
      generatedIdentity: [90mundefined[39m,
      config: [36m[Object][39m,
      table: [36m[Circular *1][39m,
      indexConfig: [36m[Object][39m,
      defaultConfig: [36m[Object][39m
    },
    facilityName: ExtraConfigColumn {
      name: [32m'facility_name'[39m,
      keyAsName: [33mfalse[39m,
      primary: [33mfalse[39m,
      notNull: [33mtrue[39m,
      default: [90mundefined[39m,
      defaultFn: [90mundefined[39m,
      onUpdateFn: [90mundefined[39m,
      hasDefault: [33mfalse[39m,
      isUnique: [33mfalse[39m,
      uniqueName: [32m'facility_management_facility_name_unique'[39m,
      uniqueType: [90mundefined[39m,
      dataType: [32m'string'[39m,
      columnType: [32m'PgText'[39m,
      enumValues: [90mundefined[39m,
      generated: [90mundefined[39m,
      generatedIdentity: [90mundefined[39m,
      config: [36m[Object][39m,
      table: [36m[Circular *1][39m,
      indexConfig: [36m[Object][39m,
      defaultConfig: [36m[Object][39m
    },
    facilityType: ExtraConfigColumn {
      name: [32m'facility_type'[39m,
      keyAsName: [33mfalse[39m,
      primary: [33mfalse[39m,
      notNull: [33mtrue[39m,
      default: [90mundefined[39m,
      defaultFn: [90mundefined[39m,
      onUpdateFn: [90mundefined[39m,
      hasDefault: [33mfalse[39m,
      isUnique: [33mfalse[39m,
      uniqueName: [32m'facility_management_facility_type_unique'[39m,
      uniqueType: [90mundefined[39m,
      dataType: [32m'string'[39m,
      columnType: [32m'PgText'[39m,
      enumValues: [90mundefined[39m,
      generated: [90mundefined[39m,
      generatedIdentity: [90mundefined[39m,
      config: [36m[Object][39m,
      table: [36m[Circular *1][39m,
      indexConfig: [36m[Object][39m,
      defaultConfig: [36m[Object][39m
    },
    address: ExtraConfigColumn {
      name: [32m'address'[39m,
      keyAsName: [33mfalse[39m,
      primary: [33mfalse[39m,
      notNull: [33mtrue[39m,
      default: [90mundefined[39m,
      defaultFn: [90mundefined[39m,
      onUpdateFn: [90mundefined[39m,
      hasDefault: [33mfalse[39m,
      isUnique: [33mfalse[39m,
      uniqueName: [32m'facility_management_address_unique'[39m,
      uniqueType: [90mundefined[39m,
      dataType: [32m'string'[39m,
      columnType: [32m'PgText'[39m,
      enumValues: [90mundefined[39m,
      generated: [90mundefined[39m,
      generatedIdentity: [90mundefined[39m,
      config: [36m[Object][39m,
      table: [36m[Circular *1][39m,
      indexConfig: [36m[Object][39m,
      defaultConfig: [36m[Object][39m
    },
    latitude: ExtraConfigColumn {
      name: [32m'latitude'[39m,
      keyAsName: [33mfalse[39m,
      primary: [33mfalse[39m,
      notNull: [33mtrue[39m,
      default: [90mundefined[39m,
      defaultFn: [90mundefined[39m,
      onUpdateFn: [90mundefined[39m,
      hasDefault: [33mfalse[39m,
      isUnique: [33mfalse[39m,
      uniqueName: [32m'facility_management_latitude_unique'[39m,
      uniqueType: [90mundefined[39m,
      dataType: [32m'string'[39m,
      columnType: [32m'PgNumeric'[39m,
      enumValues: [90mundefined[39m,
      generated: [90mundefined[39m,
      generatedIdentity: [90mundefined[39m,
      config: [36m[Object][39m,
      table: [36m[Circular *1][39m,
      indexConfig: [36m[Object][39m,
      defaultConfig: [36m[Object][39m
    },
    longitude: ExtraConfigColumn {
      name: [32m'longitude'[39m,
      keyAsName: [33mfalse[39m,
      primary: [33mfalse[39m,
      notNull: [33mtrue[39m,
      default: [90mundefined[39m,
      defaultFn: [90mundefined[39m,
      onUpdateFn: [90mundefined[39m,
      hasDefault: [33mfalse[39m,
      isUnique: [33mfalse[39m,
      uniqueName: [32m'facility_management_longitude_unique'[39m,
      uniqueType: [90mundefined[39m,
      dataType: [32m'string'[39m,
      columnType: [32m'PgNumeric'[39m,
      enumValues: [90mundefined[39m,
      generated: [90mundefined[39m,
      generatedIdentity: [90mundefined[39m,
      config: [36m[Object][39m,
      table: [36m[Circular *1][39m,
      indexConfig: [36m[Object][39m,
      defaultConfig: [36m[Object][39m
    },
    geofenceRadius: ExtraConfigColumn {
      name: [32m'geofence_radius'[39m,
      keyAsName: [33mfalse[39m,
      primary: [33mfalse[39m,
      notNull: [33mtrue[39m,
      default: [33m100[39m,
      defaultFn: [90mundefined[39m,
      onUpdateFn: [90mundefined[39m,
      hasDefault: [33mtrue[39m,
      isUnique: [33mfalse[39m,
      uniqueName: [32m'facility_management_geofence_radius_unique'[39m,
      uniqueType: [90mundefined[39m,
      dataType: [32m'number'[39m,
      columnType: [32m'PgInteger'[39m,
      enumValues: [90mundefined[39m,
      generated: [90mundefined[39m,
      generatedIdentity: [90mundefined[39m,
      config: [36m[Object][39m,
      table: [36m[Circular *1][39m,
      indexConfig: [36m[Object][39m,
      defaultConfig: [36m[Object][39m
    },
    strictGeofence: ExtraConfigColumn {
      name: [32m'strict_geofence'[39m,
      keyAsName: [33mfalse[39m,
      primary: [33mfalse[39m,
      notNull: [33mtrue[39m,
      default: [33mfalse[39m,
      defaultFn: [90mundefined[39m,
      onUpdateFn: [90mundefined[39m,
      hasDefault: [33mtrue[39m,
      isUnique: [33mfalse[39m,
      uniqueName: [32m'facility_management_strict_geofence_unique'[39m,
      uniqueType: [90mundefined[39m,
      dataType: [32m'boolean'[39m,
      columnType: [32m'PgBoolean'[39m,
      enumValues: [90mundefined[39m,
      generated: [90mundefined[39m,
      generatedIdentity: [90mundefined[39m,
      config: [36m[Object][39m,
      table: [36m[Circular *1][39m,
      indexConfig: [36m[Object][39m,
      defaultConfig: [36m[Object][39m
    },
    isActive: ExtraConfigColumn {
      name: [32m'is_active'[39m,
      keyAsName: [33mfalse[39m,
      primary: [33mfalse[39m,
      notNull: [33mtrue[39m,
      default: [33mtrue[39m,
      defaultFn: [90mundefined[39m,
      onUpdateFn: [90mundefined[39m,
      hasDefault: [33mtrue[39m,
      isUnique: [33mfalse[39m,
      uniqueName: [32m'facility_management_is_active_unique'[39m,
      uniqueType: [90mundefined[39m,
      dataType: [32m'boolean'[39m,
      columnType: [32m'PgBoolean'[39m,
      enumValues: [90mundefined[39m,
      generated: [90mundefined[39m,
      generatedIdentity: [90mundefined[39m,
      config: [36m[Object][39m,
      table: [36m[Circular *1][39m,
      indexConfig: [36m[Object][39m,
      defaultConfig: [36m[Object][39m
    },
    isCustom: ExtraConfigColumn {
      name: [32m'is_custom'[39m,
      keyAsName: [33mfalse[39m,
      primary: [33mfalse[39m,
      notNull: [33mtrue[39m,
      default: [33mfalse[39m,
      defaultFn: [90mundefined[39m,
      onUpdateFn: [90mundefined[39m,
      hasDefault: [33mtrue[39m,
      isUnique: [33mfalse[39m,
      uniqueName: [32m'facility_management_is_custom_unique'[39m,
      uniqueType: [90mundefined[39m,
      dataType: [32m'boolean'[39m,
      columnType: [32m'PgBoolean'[39m,
      enumValues: [90mundefined[39m,
      generated: [90mundefined[39m,
      generatedIdentity: [90mundefined[39m,
      config: [36m[Object][39m,
      table: [36m[Circular *1][39m,
      indexConfig: [36m[Object][39m,
      defaultConfig: [36m[Object][39m
    },
    osmId: ExtraConfigColumn {
      name: [32m'osm_id'[39m,
      keyAsName: [33mfalse[39m,
      primary: [33mfalse[39m,
      notNull: [33mfalse[39m,
      default: [90mundefined[39m,
      defaultFn: [90mundefined[39m,
      onUpdateFn: [90mundefined[39m,
      hasDefault: [33mfalse[39m,
      isUnique: [33mfalse[39m,
      uniqueName: [32m'facility_management_osm_id_unique'[39m,
      uniqueType: [90mundefined[39m,
      dataType: [32m'string'[39m,
      columnType: [32m'PgText'[39m,
      enumValues: [90mundefined[39m,
      generated: [90mundefined[39m,
      generatedIdentity: [90mundefined[39m,
      config: [36m[Object][39m,
      table: [36m[Circular *1][39m,
      indexConfig: [36m[Object][39m,
      defaultConfig: [36m[Object][39m
    },
    priority: ExtraConfigColumn {
      name: [32m'priority'[39m,
      keyAsName: [33mfalse[39m,
      primary: [33mfalse[39m,
      notNull: [33mtrue[39m,
      default: [33m0[39m,
      defaultFn: [90mundefined[39m,
      onUpdateFn: [90mundefined[39m,
      hasDefault: [33mtrue[39m,
      isUnique: [33mfalse[39m,
      uniqueName: [32m'facility_management_priority_unique'[39m,
      uniqueType: [90mundefined[39m,
      dataType: [32m'number'[39m,
      columnType: [32m'PgInteger'[39m,
      enumValues: [90mundefined[39m,
      generated: [90mundefined[39m,
      generatedIdentity: [90mundefined[39m,
      config: [36m[Object][39m,
      table: [36m[Circular *1][39m,
      indexConfig: [36m[Object][39m,
      defaultConfig: [36m[Object][39m
    },
    contactInfo: ExtraConfigColumn {
      name: [32m'contact_info'[39m,
      keyAsName: [33mfalse[39m,
      primary: [33mfalse[39m,
      notNull: [33mtrue[39m,
      default: {},
      defaultFn: [90mundefined[39m,
      onUpdateFn: [90mundefined[39m,
      hasDefault: [33mtrue[39m,
      isUnique: [33mfalse[39m,
      uniqueName: [32m'facility_management_contact_info_unique'[39m,
      uniqueType: [90mundefined[39m,
      dataType: [32m'json'[39m,
      columnType: [32m'PgJsonb'[39m,
      enumValues: [90mundefined[39m,
      generated: [90mundefined[39m,
      generatedIdentity: [90mundefined[39m,
      config: [36m[Object][39m,
      table: [36m[Circular *1][39m,
      indexConfig: [36m[Object][39m,
      defaultConfig: [36m[Object][39m
    },
    operatingHours: ExtraConfigColumn {
      name: [32m'operating_hours'[39m,
      keyAsName: [33mfalse[39m,
      primary: [33mfalse[39m,
      notNull: [33mtrue[39m,
      default: {},
      defaultFn: [90mundefined[39m,
      onUpdateFn: [90mundefined[39m,
      hasDefault: [33mtrue[39m,
      isUnique: [33mfalse[39m,
      uniqueName: [32m'facility_management_operating_hours_unique'[39m,
      uniqueType: [90mundefined[39m,
      dataType: [32m'json'[39m,
      columnType: [32m'PgJsonb'[39m,
      enumValues: [90mundefined[39m,
      generated: [90mundefined[39m,
      generatedIdentity: [90mundefined[39m,
      config: [36m[Object][39m,
      table: [36m[Circular *1][39m,
      indexConfig: [36m[Object][39m,
      defaultConfig: [36m[Object][39m
    },
    specialties: ExtraConfigColumn {
      name: [32m'specialties'[39m,
      keyAsName: [33mfalse[39m,
      primary: [33mfalse[39m,
      notNull: [33mtrue[39m,
      default: [],
      defaultFn: [90mundefined[39m,
      onUpdateFn: [90mundefined[39m,
      hasDefault: [33mtrue[39m,
      isUnique: [33mfalse[39m,
      uniqueName: [32m'facility_management_specialties_unique'[39m,
      uniqueType: [90mundefined[39m,
      dataType: [32m'array'[39m,
      columnType: [32m'PgArray'[39m,
      enumValues: [90mundefined[39m,
      generated: [90mundefined[39m,
      generatedIdentity: [90mundefined[39m,
      config: [36m[Object][39m,
      table: [36m[Circular *1][39m,
      indexConfig: [36m[Object][39m,
      defaultConfig: [36m[Object][39m
    },
    notes: ExtraConfigColumn {
      name: [32m'notes'[39m,
      keyAsName: [33mfalse[39m,
      primary: [33mfalse[39m,
      notNull: [33mfalse[39m,
      default: [90mundefined[39m,
      defaultFn: [90mundefined[39m,
      onUpdateFn: [90mundefined[39m,
      hasDefault: [33mfalse[39m,
      isUnique: [33mfalse[39m,
      uniqueName: [32m'facility_management_notes_unique'[39m,
      uniqueType: [90mundefined[39m,
      dataType: [32m'string'[39m,
      columnType: [32m'PgText'[39m,
      enumValues: [90mundefined[39m,
      generated: [90mundefined[39m,
      generatedIdentity: [90mundefined[39m,
      config: [36m[Object][39m,
      table: [36m[Circular *1][39m,
      indexConfig: [36m[Object][39m,
      defaultConfig: [36m[Object][39m
    },
    schoolId: ExtraConfigColumn {
      name: [32m'school_id'[39m,
      keyAsName: [33mfalse[39m,
      primary: [33mfalse[39m,
      notNull: [33mtrue[39m,
      default: [90mundefined[39m,
      defaultFn: [90mundefined[39m,
      onUpdateFn: [90mundefined[39m,
      hasDefault: [33mfalse[39m,
      isUnique: [33mfalse[39m,
      uniqueName: [32m'facility_management_school_id_unique'[39m,
      uniqueType: [90mundefined[39m,
      dataType: [32m'string'[39m,
      columnType: [32m'PgText'[39m,
      enumValues: [90mundefined[39m,
      generated: [90mundefined[39m,
      generatedIdentity: [90mundefined[39m,
      config: [36m[Object][39m,
      table: [36m[Circular *1][39m,
      indexConfig: [36m[Object][39m,
      defaultConfig: [36m[Object][39m
    },
    createdBy: ExtraConfigColumn {
      name: [32m'created_by'[39m,
      keyAsName: [33mfalse[39m,
      primary: [33mfalse[39m,
      notNull: [33mfalse[39m,
      default: [90mundefined[39m,
      defaultFn: [90mundefined[39m,
      onUpdateFn: [90mundefined[39m,
      hasDefault: [33mfalse[39m,
      isUnique: [33mfalse[39m,
      uniqueName: [32m'facility_management_created_by_unique'[39m,
      uniqueType: [90mundefined[39m,
      dataType: [32m'string'[39m,
      columnType: [32m'PgText'[39m,
      enumValues: [90mundefined[39m,
      generated: [90mundefined[39m,
      generatedIdentity: [90mundefined[39m,
      config: [36m[Object][39m,
      table: [36m[Circular *1][39m,
      indexConfig: [36m[Object][39m,
      defaultConfig: [36m[Object][39m
    },
    clinicalSiteId: ExtraConfigColumn {
      name: [32m'clinical_site_id'[39m,
      keyAsName: [33mfalse[39m,
      primary: [33mfalse[39m,
      notNull: [33mfalse[39m,
      default: [90mundefined[39m,
      defaultFn: [90mundefined[39m,
      onUpdateFn: [90mundefined[39m,
      hasDefault: [33mfalse[39m,
      isUnique: [33mfalse[39m,
      uniqueName: [32m'facility_management_clinical_site_id_unique'[39m,
      uniqueType: [90mundefined[39m,
      dataType: [32m'string'[39m,
      columnType: [32m'PgText'[39m,
      enumValues: [90mundefined[39m,
      generated: [90mundefined[39m,
      generatedIdentity: [90mundefined[39m,
      config: [36m[Object][39m,
      table: [36m[Circular *1][39m,
      indexConfig: [36m[Object][39m,
      defaultConfig: [36m[Object][39m
    },
    createdAt: ExtraConfigColumn {
      name: [32m'created_at'[39m,
      keyAsName: [33mfalse[39m,
      primary: [33mfalse[39m,
      notNull: [33mtrue[39m,
      default: [36m[SQL][39m,
      defaultFn: [90mundefined[39m,
      onUpdateFn: [90mundefined[39m,
      hasDefault: [33mtrue[39m,
      isUnique: [33mfalse[39m,
      uniqueName: [32m'facility_management_created_at_unique'[39m,
      uniqueType: [90mundefined[39m,
      dataType: [32m'date'[39m,
      columnType: [32m'PgTimestamp'[39m,
      enumValues: [90mundefined[39m,
      generated: [90mundefined[39m,
      generatedIdentity: [90mundefined[39m,
      config: [36m[Object][39m,
      table: [36m[Circular *1][39m,
      indexConfig: [36m[Object][39m,
      defaultConfig: [36m[Object][39m
    },
    updatedAt: ExtraConfigColumn {
      name: [32m'updated_at'[39m,
      keyAsName: [33mfalse[39m,
      primary: [33mfalse[39m,
      notNull: [33mtrue[39m,
      default: [36m[SQL][39m,
      defaultFn: [90mundefined[39m,
      onUpdateFn: [90mundefined[39m,
      hasDefault: [33mtrue[39m,
      isUnique: [33mfalse[39m,
      uniqueName: [32m'facility_management_updated_at_unique'[39m,
      uniqueType: [90mundefined[39m,
      dataType: [32m'date'[39m,
      columnType: [32m'PgTimestamp'[39m,
      enumValues: [90mundefined[39m,
      generated: [90mundefined[39m,
      generatedIdentity: [90mundefined[39m,
      config: [36m[Object][39m,
      table: [36m[Circular *1][39m,
      indexConfig: [36m[Object][39m,
      defaultConfig: [36m[Object][39m
    }
  },
  [32mSymbol(drizzle:BaseName)[39m: [32m'facility_management'[39m,
  [32mSymbol(drizzle:IsAlias)[39m: [33mfalse[39m,
  [32mSymbol(drizzle:IsDrizzleTable)[39m: [33mtrue[39m,
  [32mSymbol(drizzle:ExtraConfigBuilder)[39m: [90mundefined[39m,
  [32mSymbol(drizzle:PgInlineForeignKeys)[39m: [
    ForeignKey {
      reference: [36m[Function (anonymous)][39m,
      onUpdate: [32m'no action'[39m,
      onDelete: [32m'cascade'[39m,
      table: [36m[Circular *1][39m
    },
    ForeignKey {
      reference: [36m[Function (anonymous)][39m,
      onUpdate: [32m'no action'[39m,
      onDelete: [32m'set null'[39m,
      table: [36m[Circular *1][39m
    },
    ForeignKey {
      reference: [36m[Function (anonymous)][39m,
      onUpdate: [32m'no action'[39m,
      onDelete: [32m'set null'[39m,
      table: [36m[Circular *1][39m
    }
  ],
  [32mSymbol(drizzle:EnableRLS)[39m: [33mfalse[39m
}
[MockDB] Updating table: unknown_table

 [31mΓ¥»[39m src/test/workflows/facility-management.test.ts [2m([22m[2m2 tests[22m[2m | [22m[31m2 failed[39m[2m)[22m[33m 409[2mms[22m[39m
[31m     [31m├ù[31m should create a new facility with strict geofencing[39m[33m 332[2mms[22m[39m
[31m     [31m├ù[31m should update an existing facility[39m[32m 73[2mms[22m[39m

[31mΓÄ»ΓÄ»ΓÄ»ΓÄ»ΓÄ»ΓÄ»ΓÄ»[39m[1m[41m Failed Tests 2 [49m[22m[31mΓÄ»ΓÄ»ΓÄ»ΓÄ»ΓÄ»ΓÄ»ΓÄ»[39m

[41m[1m FAIL [22m[49m src/test/workflows/facility-management.test.ts[2m > [22mFacility Management Workflow[2m > 
[22mshould create a new facility with strict geofencing
[31m[1mAssertionError[22m: expected 400 to be 200 // Object.is equality[39m

[32m- Expected[39m
[31m+ Received[39m

[32m- 200[39m
[31m+ 400[39m

[36m [2mΓ¥»[22m src/test/workflows/facility-management.test.ts:[2m93:33[22m[39m
    [90m 91| [39m        [35mconst[39m data [33m=[39m [35mawait[39m response[33m.[39m[34mjson[39m()
    [90m 92| [39m
    [90m 93| [39m        [34mexpect[39m(response[33m.[39mstatus)[33m.[39m[34mtoBe[39m([34m200[39m)
    [90m   | [39m                                [31m^[39m
    [90m 94| [39m        
[34mexpect[39m(data[33m.[39mdata[33m.[39mname)[33m.[39m[34mtoBe[39m(newFacility[33m.[39mname)
    [90m 95| [39m        
[34mexpect[39m(data[33m.[39mdata[33m.[39mstrictGeofence)[33m.[39m[34mtoBe[39m([35mtrue[39m)

[31m[2mΓÄ»ΓÄ»ΓÄ»ΓÄ»ΓÄ»ΓÄ»ΓÄ»ΓÄ»ΓÄ»ΓÄ»ΓÄ»ΓÄ»ΓÄ»ΓÄ»ΓÄ»ΓÄ»ΓÄ»ΓÄ»ΓÄ»ΓÄ»ΓÄ»ΓÄ»ΓÄ»ΓÄ»[1/2]ΓÄ»[22m[39m

[41m[1m FAIL [22m[49m src/test/workflows/facility-management.test.ts[2m > [22mFacility Management Workflow[2m > 
[22mshould update an existing facility
[31m[1mAssertionError[22m: expected 404 to be 200 // Object.is equality[39m

[32m- Expected[39m
[31m+ Received[39m

[32m- 200[39m
[31m+ 404[39m

[36m [2mΓ¥»[22m src/test/workflows/facility-management.test.ts:[2m160:33[22m[39m
    [90m158| [39m        [35mconst[39m data [33m=[39m [35mawait[39m response[33m.[39m[34mjson[39m()
    [90m159| [39m
    [90m160| [39m        [34mexpect[39m(response[33m.[39mstatus)[33m.[39m[34mtoBe[39m([34m200[39m)
    [90m   | [39m                                [31m^[39m
    [90m161| [39m        [34mexpect[39m(data[33m.[39mdata[33m.[39mname)[33m.[39m[34mtoBe[39m([32m'Updated 
Clinic'[39m)
    [90m162| [39m        
[34mexpect[39m(data[33m.[39mdata[33m.[39mstrictGeofence)[33m.[39m[34mtoBe[39m([35mtrue[39m)

[31m[2mΓÄ»ΓÄ»ΓÄ»ΓÄ»ΓÄ»ΓÄ»ΓÄ»ΓÄ»ΓÄ»ΓÄ»ΓÄ»ΓÄ»ΓÄ»ΓÄ»ΓÄ»ΓÄ»ΓÄ»ΓÄ»ΓÄ»ΓÄ»ΓÄ»ΓÄ»ΓÄ»ΓÄ»[2/2]ΓÄ»[22m[39m


[2m Test Files [22m [1m[31m1 failed[39m[22m[90m (1)[39m
[2m      Tests [22m [1m[31m2 failed[39m[22m[90m (2)[39m
[2m   Start at [22m 10:45:19
[2m   Duration [22m 4.72s[2m (transform 482ms, setup 365ms, import 1.20s, tests 409ms, environment 1.67s)[22m

